{"level":"info","logDir":"logs","message":"🚀 Winston logger initialized","nodeVersion":"v24.13.0","platform":"win32","timestamp":"2026-03-05 01:56:38"}
{"level":"info","logDir":"logs","message":"🚀 Winston logger initialized","nodeVersion":"v24.13.0","platform":"win32","timestamp":"2026-03-05 02:11:06"}
{"level":"info","message":"📅 Getting current business date...","timestamp":"2026-03-05 02:34:12"}
{"count":0,"level":"info","limit":10,"message":"Fetched organizations","page":1,"timestamp":"2026-03-05 02:34:12","totalCount":0}
{"count":0,"level":"info","limit":10,"message":"Fetched organizations","page":1,"timestamp":"2026-03-05 02:34:12","totalCount":0}
{"level":"info","message":"📅 Getting current business date...","timestamp":"2026-03-05 02:34:12"}
{"count":0,"level":"info","limit":10,"message":"Fetched organizations","page":1,"timestamp":"2026-03-05 02:35:28","totalCount":0}
{"count":0,"level":"info","limit":10,"message":"Fetched organizations","page":1,"timestamp":"2026-03-05 02:35:30","totalCount":0}
{"count":0,"level":"info","limit":10,"message":"Fetched organizations","page":1,"timestamp":"2026-03-05 02:35:32","totalCount":0}
{"count":0,"level":"info","limit":10,"message":"Fetched organizations","page":1,"timestamp":"2026-03-05 02:35:33","totalCount":0}
{"count":0,"level":"info","limit":10,"message":"Fetched organizations","page":1,"timestamp":"2026-03-05 02:35:33","totalCount":0}
{"level":"info","message":"📅 Getting current business date...","timestamp":"2026-03-05 02:35:33"}
{"errors":["Role 28: Permission undefined not found in REPORT","Role 28: Permission undefined not found in REPORT"],"level":"warn","message":"Permission validation errors","timestamp":"2026-03-05 02:35:58"}
{"level":"debug","message":"Fetching all branches","timestamp":"2026-03-05 02:36:05"}
{"level":"debug","message":"Fetching all branches","timestamp":"2026-03-05 02:36:05"}
{"count":3,"level":"debug","message":"All branches fetched successfully","timestamp":"2026-03-05 02:36:05"}
{"count":3,"level":"debug","message":"All branches fetched successfully","timestamp":"2026-03-05 02:36:05"}
{"level":"info","logDir":"logs","message":"🚀 Winston logger initialized","nodeVersion":"v24.13.0","platform":"win32","timestamp":"2026-03-05 02:55:09"}
{"level":"info","logDir":"logs","message":"🚀 Winston logger initialized","nodeVersion":"v24.13.0","platform":"win32","timestamp":"2026-03-05 03:07:24"}
{"level":"info","logDir":"logs","message":"🚀 Winston logger initialized","nodeVersion":"v24.13.0","platform":"win32","timestamp":"2026-03-05 03:10:41"}
{"errors":["Role 28: Permission undefined not found in REPORT","Role 28: Permission undefined not found in REPORT"],"level":"warn","message":"Permission validation errors","timestamp":"2026-03-05 03:15:06"}
{"level":"info","logDir":"logs","message":"🚀 Winston logger initialized","nodeVersion":"v24.13.0","platform":"win32","timestamp":"2026-03-05 03:39:14"}
{"errors":["Role 28: Permission undefined not found in REPORT","Role 28: Permission undefined not found in REPORT"],"level":"warn","message":"Permission validation errors","timestamp":"2026-03-05 03:39:24"}
{"level":"info","message":"📅 Getting current business date...","timestamp":"2026-03-05 04:37:25"}
{"count":0,"level":"info","limit":10,"message":"Fetched organizations","page":1,"timestamp":"2026-03-05 04:37:25","totalCount":0}
{"count":0,"level":"info","limit":10,"message":"Fetched organizations","page":1,"timestamp":"2026-03-05 04:37:25","totalCount":0}
{"level":"info","message":"📅 Getting current business date...","timestamp":"2026-03-05 04:37:25"}
{"level":"info","message":"📅 Getting current business date...","timestamp":"2026-03-05 04:40:08"}
{"count":0,"level":"info","limit":10,"message":"Fetched organizations","page":1,"timestamp":"2026-03-05 04:40:08","totalCount":0}
{"count":0,"level":"info","limit":10,"message":"Fetched organizations","page":1,"timestamp":"2026-03-05 04:40:09","totalCount":0}
{"level":"info","message":"📅 Getting current business date...","timestamp":"2026-03-05 04:40:10"}
{"level":"info","message":"📅 Getting current business date...","timestamp":"2026-03-05 05:39:52"}
{"count":0,"level":"info","limit":10,"message":"Fetched organizations","page":1,"timestamp":"2026-03-05 05:39:52","totalCount":0}
{"count":0,"level":"info","limit":10,"message":"Fetched organizations","page":1,"timestamp":"2026-03-05 05:39:52","totalCount":0}
{"level":"info","message":"📅 Getting current business date...","timestamp":"2026-03-05 05:39:53"}
