{"level":"info","logDir":"logs","message":"🚀 Winston logger initialized","nodeVersion":"v24.13.0","platform":"win32","timestamp":"2026-01-29 01:53:00"}
{"errors":["Role 28: Permission undefined not found in REPORT","Role 28: Permission undefined not found in REPORT","Role 38: Permission undefined not found in VAULT"],"level":"warn","message":"Permission validation errors","timestamp":"2026-01-29 01:53:10"}
{"level":"info","message":"Server time initialized (WAT): 2026-01-29T10:53:16.021Z","timestamp":"2026-01-29 01:53:16"}
{"error":"auditLogger.info(...).catch is not a function","level":"warn","message":"Could not log startup audit","timestamp":"2026-01-29 01:53:16"}
{"errors":["Role 28: Permission undefined not found in REPORT","Role 28: Permission undefined not found in REPORT","Role 38: Permission undefined not found in VAULT"],"level":"warn","message":"Permission validation errors","timestamp":"2026-01-29 01:53:16"}
{"level":"info","logDir":"logs","message":"🚀 Winston logger initialized","nodeVersion":"v24.13.0","platform":"win32","timestamp":"2026-01-29 01:58:05"}
{"errors":["Role 28: Permission undefined not found in REPORT","Role 28: Permission undefined not found in REPORT","Role 38: Permission undefined not found in VAULT"],"level":"warn","message":"Permission validation errors","timestamp":"2026-01-29 01:58:09"}
{"level":"info","message":"Server time initialized (WAT): 2026-01-29T10:58:12.019Z","timestamp":"2026-01-29 01:58:12"}
{"error":"auditLogger.info(...).catch is not a function","level":"warn","message":"Could not log startup audit","timestamp":"2026-01-29 01:58:12"}
{"errors":["Role 28: Permission undefined not found in REPORT","Role 28: Permission undefined not found in REPORT","Role 38: Permission undefined not found in VAULT"],"level":"warn","message":"Permission validation errors","timestamp":"2026-01-29 01:58:12"}
{"level":"info","logDir":"logs","message":"🚀 Winston logger initialized","nodeVersion":"v24.13.0","platform":"win32","timestamp":"2026-01-29 02:06:55"}
{"errors":["Role 28: Permission undefined not found in REPORT","Role 28: Permission undefined not found in REPORT","Role 38: Permission undefined not found in VAULT"],"level":"warn","message":"Permission validation errors","timestamp":"2026-01-29 02:07:00"}
{"level":"info","message":"Server time initialized (WAT): 2026-01-29T11:07:03.568Z","timestamp":"2026-01-29 02:07:03"}
{"error":"auditLogger.info(...).catch is not a function","level":"warn","message":"Could not log startup audit","timestamp":"2026-01-29 02:07:03"}
{"errors":["Role 28: Permission undefined not found in REPORT","Role 28: Permission undefined not found in REPORT","Role 38: Permission undefined not found in VAULT"],"level":"warn","message":"Permission validation errors","timestamp":"2026-01-29 02:07:03"}
{"level":"info","logDir":"logs","message":"🚀 Winston logger initialized","nodeVersion":"v24.13.0","platform":"win32","timestamp":"2026-01-29 02:10:42"}
{"errors":["Role 28: Permission undefined not found in REPORT","Role 28: Permission undefined not found in REPORT","Role 38: Permission undefined not found in VAULT"],"level":"warn","message":"Permission validation errors","timestamp":"2026-01-29 02:10:45"}
{"level":"info","message":"Server time initialized (WAT): 2026-01-29T11:10:46.722Z","timestamp":"2026-01-29 02:10:46"}
{"error":"auditLogger.info(...).catch is not a function","level":"warn","message":"Could not log startup audit","timestamp":"2026-01-29 02:10:46"}
{"errors":["Role 28: Permission undefined not found in REPORT","Role 28: Permission undefined not found in REPORT","Role 38: Permission undefined not found in VAULT"],"level":"warn","message":"Permission validation errors","timestamp":"2026-01-29 02:10:46"}
{"level":"info","logDir":"logs","message":"🚀 Winston logger initialized","nodeVersion":"v24.13.0","platform":"win32","timestamp":"2026-01-29 02:15:58"}
{"errors":["Role 28: Permission undefined not found in REPORT","Role 28: Permission undefined not found in REPORT","Role 38: Permission undefined not found in VAULT"],"level":"warn","message":"Permission validation errors","timestamp":"2026-01-29 02:16:03"}
{"level":"info","message":"Server time initialized (WAT): 2026-01-29T11:16:05.409Z","timestamp":"2026-01-29 02:16:05"}
{"error":"auditLogger.info(...).catch is not a function","level":"warn","message":"Could not log startup audit","timestamp":"2026-01-29 02:16:05"}
{"errors":["Role 28: Permission undefined not found in REPORT","Role 28: Permission undefined not found in REPORT","Role 38: Permission undefined not found in VAULT"],"level":"warn","message":"Permission validation errors","timestamp":"2026-01-29 02:16:05"}
{"level":"info","logDir":"logs","message":"🚀 Winston logger initialized","nodeVersion":"v24.13.0","platform":"win32","timestamp":"2026-01-29 02:21:51"}
{"errors":["Role 28: Permission undefined not found in REPORT","Role 28: Permission undefined not found in REPORT","Role 38: Permission undefined not found in VAULT"],"level":"warn","message":"Permission validation errors","timestamp":"2026-01-29 02:21:57"}
{"level":"info","message":"Server time initialized (WAT): 2026-01-29T11:22:00.871Z","timestamp":"2026-01-29 02:22:00"}
{"error":"auditLogger.info(...).catch is not a function","level":"warn","message":"Could not log startup audit","timestamp":"2026-01-29 02:22:00"}
{"errors":["Role 28: Permission undefined not found in REPORT","Role 28: Permission undefined not found in REPORT","Role 38: Permission undefined not found in VAULT"],"level":"warn","message":"Permission validation errors","timestamp":"2026-01-29 02:22:00"}
{"level":"info","logDir":"logs","message":"🚀 Winston logger initialized","nodeVersion":"v24.13.0","platform":"win32","timestamp":"2026-01-29 03:01:23"}
{"errors":["Role 28: Permission undefined not found in REPORT","Role 28: Permission undefined not found in REPORT","Role 38: Permission undefined not found in VAULT"],"level":"warn","message":"Permission validation errors","timestamp":"2026-01-29 03:01:33"}
{"level":"info","message":"Server time initialized (WAT): 2026-01-29T12:01:37.538Z","timestamp":"2026-01-29 03:01:37"}
{"error":"auditLogger.info(...).catch is not a function","level":"warn","message":"Could not log startup audit","timestamp":"2026-01-29 03:01:37"}
{"errors":["Role 28: Permission undefined not found in REPORT","Role 28: Permission undefined not found in REPORT","Role 38: Permission undefined not found in VAULT"],"level":"warn","message":"Permission validation errors","timestamp":"2026-01-29 03:01:37"}
{"level":"info","logDir":"logs","message":"🚀 Winston logger initialized","nodeVersion":"v24.13.0","platform":"win32","timestamp":"2026-01-29 03:13:07"}
{"errors":["Role 28: Permission undefined not found in REPORT","Role 28: Permission undefined not found in REPORT","Role 38: Permission undefined not found in VAULT"],"level":"warn","message":"Permission validation errors","timestamp":"2026-01-29 03:13:10"}
{"level":"info","message":"Server time initialized (WAT): 2026-01-29T12:13:12.026Z","timestamp":"2026-01-29 03:13:12"}
{"error":"auditLogger.info(...).catch is not a function","level":"warn","message":"Could not log startup audit","timestamp":"2026-01-29 03:13:12"}
{"errors":["Role 28: Permission undefined not found in REPORT","Role 28: Permission undefined not found in REPORT","Role 38: Permission undefined not found in VAULT"],"level":"warn","message":"Permission validation errors","timestamp":"2026-01-29 03:13:12"}
{"level":"info","logDir":"logs","message":"🚀 Winston logger initialized","nodeVersion":"v24.13.0","platform":"win32","timestamp":"2026-01-29 03:25:05"}
{"errors":["Role 28: Permission undefined not found in REPORT","Role 28: Permission undefined not found in REPORT","Role 38: Permission undefined not found in VAULT"],"level":"warn","message":"Permission validation errors","timestamp":"2026-01-29 03:25:15"}
{"level":"info","message":"Server time initialized (WAT): 2026-01-29T12:25:20.945Z","timestamp":"2026-01-29 03:25:20"}
{"error":"auditLogger.info(...).catch is not a function","level":"warn","message":"Could not log startup audit","timestamp":"2026-01-29 03:25:20"}
{"errors":["Role 28: Permission undefined not found in REPORT","Role 28: Permission undefined not found in REPORT","Role 38: Permission undefined not found in VAULT"],"level":"warn","message":"Permission validation errors","timestamp":"2026-01-29 03:25:21"}
{"level":"info","message":"📅 Getting current business date...","timestamp":"2026-01-29 04:07:23"}
{"level":"info","message":"📅 Getting current business date...","timestamp":"2026-01-29 04:07:23"}
{"level":"info","message":"📅 Getting current business date...","timestamp":"2026-01-29 04:18:36"}
{"level":"info","message":"📅 Getting current business date...","timestamp":"2026-01-29 04:18:37"}
{"level":"info","logDir":"logs","message":"🚀 Winston logger initialized","nodeVersion":"v24.13.0","platform":"win32","timestamp":"2026-01-29 04:34:20"}
{"errors":["Role 28: Permission undefined not found in REPORT","Role 28: Permission undefined not found in REPORT","Role 38: Permission undefined not found in VAULT"],"level":"warn","message":"Permission validation errors","timestamp":"2026-01-29 04:34:30"}
{"level":"info","message":"Server time initialized (WAT): 2026-01-29T13:34:34.937Z","timestamp":"2026-01-29 04:34:34"}
{"error":"auditLogger.info(...).catch is not a function","level":"warn","message":"Could not log startup audit","timestamp":"2026-01-29 04:34:34"}
{"errors":["Role 28: Permission undefined not found in REPORT","Role 28: Permission undefined not found in REPORT","Role 38: Permission undefined not found in VAULT"],"level":"warn","message":"Permission validation errors","timestamp":"2026-01-29 04:34:34"}
{"level":"info","logDir":"logs","message":"🚀 Winston logger initialized","nodeVersion":"v24.13.0","platform":"win32","timestamp":"2026-01-29 04:45:04"}
{"errors":["Role 28: Permission undefined not found in REPORT","Role 28: Permission undefined not found in REPORT","Role 38: Permission undefined not found in VAULT"],"level":"warn","message":"Permission validation errors","timestamp":"2026-01-29 04:45:10"}
{"level":"info","message":"Server time initialized (WAT): 2026-01-29T13:45:12.698Z","timestamp":"2026-01-29 04:45:12"}
{"error":"auditLogger.info(...).catch is not a function","level":"warn","message":"Could not log startup audit","timestamp":"2026-01-29 04:45:12"}
{"errors":["Role 28: Permission undefined not found in REPORT","Role 28: Permission undefined not found in REPORT","Role 38: Permission undefined not found in VAULT"],"level":"warn","message":"Permission validation errors","timestamp":"2026-01-29 04:45:12"}
{"level":"info","logDir":"logs","message":"🚀 Winston logger initialized","nodeVersion":"v24.13.0","platform":"win32","timestamp":"2026-01-29 04:49:39"}
{"errors":["Role 28: Permission undefined not found in REPORT","Role 28: Permission undefined not found in REPORT","Role 38: Permission undefined not found in VAULT"],"level":"warn","message":"Permission validation errors","timestamp":"2026-01-29 04:49:44"}
{"level":"info","message":"Server time initialized (WAT): 2026-01-29T13:49:47.007Z","timestamp":"2026-01-29 04:49:47"}
{"error":"auditLogger.info(...).catch is not a function","level":"warn","message":"Could not log startup audit","timestamp":"2026-01-29 04:49:47"}
{"errors":["Role 28: Permission undefined not found in REPORT","Role 28: Permission undefined not found in REPORT","Role 38: Permission undefined not found in VAULT"],"level":"warn","message":"Permission validation errors","timestamp":"2026-01-29 04:49:47"}
{"level":"info","message":"📅 Getting current business date...","timestamp":"2026-01-29 05:10:17"}
{"level":"info","message":"📅 Getting current business date...","timestamp":"2026-01-29 05:10:18"}
{"level":"info","message":"📅 Getting current business date...","timestamp":"2026-01-29 05:13:16"}
{"level":"info","message":"📅 Getting current business date...","timestamp":"2026-01-29 05:13:16"}
{"level":"info","message":"📅 Getting current business date...","timestamp":"2026-01-29 05:15:17"}
{"level":"info","message":"📅 Getting current business date...","timestamp":"2026-01-29 05:15:18"}
{"level":"info","message":"📅 Getting current business date...","timestamp":"2026-01-29 05:17:38"}
{"level":"info","message":"📅 Getting current business date...","timestamp":"2026-01-29 05:17:38"}
{"level":"info","message":"📅 Getting current business date...","timestamp":"2026-01-29 05:19:28"}
{"level":"info","message":"📅 Getting current business date...","timestamp":"2026-01-29 05:19:28"}
{"level":"info","message":"📅 Getting current business date...","timestamp":"2026-01-29 05:22:42"}
{"level":"info","message":"📅 Getting current business date...","timestamp":"2026-01-29 05:22:43"}
{"date":"Thu Jan 29 2026 05:27:12 GMT-0800 (Pacific Standard Time)","error":{},"level":"error","message":"unhandledRejection: isValidGLAcctNo is not defined\nReferenceError: isValidGLAcctNo is not defined\n    at createDepositTransaction (file:///F:/WORKON/CODE/PCO_BANKING/EVOLUTION%20BANKING%20BACKEND/src/controllers/DepositTransactionController.js:83:3)\n    at Layer.handle [as handle_request] (F:\\WORKON\\CODE\\PCO_BANKING\\EVOLUTION BANKING BACKEND\\node_modules\\express\\lib\\router\\layer.js:95:5)\n    at next (F:\\WORKON\\CODE\\PCO_BANKING\\EVOLUTION BANKING BACKEND\\node_modules\\express\\lib\\router\\route.js:149:13)\n    at Route.dispatch (F:\\WORKON\\CODE\\PCO_BANKING\\EVOLUTION BANKING BACKEND\\node_modules\\express\\lib\\router\\route.js:119:3)\n    at Layer.handle [as handle_request] (F:\\WORKON\\CODE\\PCO_BANKING\\EVOLUTION BANKING BACKEND\\node_modules\\express\\lib\\router\\layer.js:95:5)\n    at F:\\WORKON\\CODE\\PCO_BANKING\\EVOLUTION BANKING BACKEND\\node_modules\\express\\lib\\router\\index.js:284:15\n    at router.process_params (F:\\WORKON\\CODE\\PCO_BANKING\\EVOLUTION BANKING BACKEND\\node_modules\\express\\lib\\router\\index.js:346:12)\n    at next (F:\\WORKON\\CODE\\PCO_BANKING\\EVOLUTION BANKING BACKEND\\node_modules\\express\\lib\\router\\index.js:280:10)\n    at router.handle (F:\\WORKON\\CODE\\PCO_BANKING\\EVOLUTION BANKING BACKEND\\node_modules\\express\\lib\\router\\index.js:175:3)\n    at router (F:\\WORKON\\CODE\\PCO_BANKING\\EVOLUTION BANKING BACKEND\\node_modules\\express\\lib\\router\\index.js:47:12)","os":{"loadavg":[0,0,0],"uptime":190143.375},"process":{"argv":["C:\\Program Files\\nodejs\\node.exe","F:\\WORKON\\CODE\\PCO_BANKING\\EVOLUTION BANKING BACKEND\\server"],"cwd":"F:\\WORKON\\CODE\\PCO_BANKING\\EVOLUTION BANKING BACKEND","execPath":"C:\\Program Files\\nodejs\\node.exe","gid":null,"memoryUsage":{"arrayBuffers":3498012,"external":7407385,"heapTotal":88080384,"heapUsed":77521880,"rss":30990336},"pid":16076,"uid":null,"version":"v24.13.0"},"rejection":true,"stack":"ReferenceError: isValidGLAcctNo is not defined\n    at createDepositTransaction (file:///F:/WORKON/CODE/PCO_BANKING/EVOLUTION%20BANKING%20BACKEND/src/controllers/DepositTransactionController.js:83:3)\n    at Layer.handle [as handle_request] (F:\\WORKON\\CODE\\PCO_BANKING\\EVOLUTION BANKING BACKEND\\node_modules\\express\\lib\\router\\layer.js:95:5)\n    at next (F:\\WORKON\\CODE\\PCO_BANKING\\EVOLUTION BANKING BACKEND\\node_modules\\express\\lib\\router\\route.js:149:13)\n    at Route.dispatch (F:\\WORKON\\CODE\\PCO_BANKING\\EVOLUTION BANKING BACKEND\\node_modules\\express\\lib\\router\\route.js:119:3)\n    at Layer.handle [as handle_request] (F:\\WORKON\\CODE\\PCO_BANKING\\EVOLUTION BANKING BACKEND\\node_modules\\express\\lib\\router\\layer.js:95:5)\n    at F:\\WORKON\\CODE\\PCO_BANKING\\EVOLUTION BANKING BACKEND\\node_modules\\express\\lib\\router\\index.js:284:15\n    at router.process_params (F:\\WORKON\\CODE\\PCO_BANKING\\EVOLUTION BANKING BACKEND\\node_modules\\express\\lib\\router\\index.js:346:12)\n    at next (F:\\WORKON\\CODE\\PCO_BANKING\\EVOLUTION BANKING BACKEND\\node_modules\\express\\lib\\router\\index.js:280:10)\n    at router.handle (F:\\WORKON\\CODE\\PCO_BANKING\\EVOLUTION BANKING BACKEND\\node_modules\\express\\lib\\router\\index.js:175:3)\n    at router (F:\\WORKON\\CODE\\PCO_BANKING\\EVOLUTION BANKING BACKEND\\node_modules\\express\\lib\\router\\index.js:47:12)","timestamp":"2026-01-29 05:27:12","trace":[{"column":3,"file":"file:///F:/WORKON/CODE/PCO_BANKING/EVOLUTION%20BANKING%20BACKEND/src/controllers/DepositTransactionController.js","function":"createDepositTransaction","line":83,"method":null,"native":false},{"column":5,"file":"F:\\WORKON\\CODE\\PCO_BANKING\\EVOLUTION BANKING BACKEND\\node_modules\\express\\lib\\router\\layer.js","function":"Layer.handle [as handle_request]","line":95,"method":"handle [as handle_request]","native":false},{"column":13,"file":"F:\\WORKON\\CODE\\PCO_BANKING\\EVOLUTION BANKING BACKEND\\node_modules\\express\\lib\\router\\route.js","function":"next","line":149,"method":null,"native":false},{"column":3,"file":"F:\\WORKON\\CODE\\PCO_BANKING\\EVOLUTION BANKING BACKEND\\node_modules\\express\\lib\\router\\route.js","function":"Route.dispatch","line":119,"method":"dispatch","native":false},{"column":5,"file":"F:\\WORKON\\CODE\\PCO_BANKING\\EVOLUTION BANKING BACKEND\\node_modules\\express\\lib\\router\\layer.js","function":"Layer.handle [as handle_request]","line":95,"method":"handle [as handle_request]","native":false},{"column":15,"file":"F:\\WORKON\\CODE\\PCO_BANKING\\EVOLUTION BANKING BACKEND\\node_modules\\express\\lib\\router\\index.js","function":null,"line":284,"method":null,"native":false},{"column":12,"file":"F:\\WORKON\\CODE\\PCO_BANKING\\EVOLUTION BANKING BACKEND\\node_modules\\express\\lib\\router\\index.js","function":"router.process_params","line":346,"method":"process_params","native":false},{"column":10,"file":"F:\\WORKON\\CODE\\PCO_BANKING\\EVOLUTION BANKING BACKEND\\node_modules\\express\\lib\\router\\index.js","function":"next","line":280,"method":null,"native":false},{"column":3,"file":"F:\\WORKON\\CODE\\PCO_BANKING\\EVOLUTION BANKING BACKEND\\node_modules\\express\\lib\\router\\index.js","function":"router.handle","line":175,"method":"handle","native":false},{"column":12,"file":"F:\\WORKON\\CODE\\PCO_BANKING\\EVOLUTION BANKING BACKEND\\node_modules\\express\\lib\\router\\index.js","function":"router","line":47,"method":null,"native":false}]}
{"level":"info","logDir":"logs","message":"🚀 Winston logger initialized","nodeVersion":"v24.13.0","platform":"win32","timestamp":"2026-01-29 05:39:42"}
{"errors":["Role 28: Permission undefined not found in REPORT","Role 28: Permission undefined not found in REPORT","Role 38: Permission undefined not found in VAULT"],"level":"warn","message":"Permission validation errors","timestamp":"2026-01-29 05:39:51"}
{"level":"info","message":"Server time initialized (WAT): 2026-01-29T14:39:56.239Z","timestamp":"2026-01-29 05:39:56"}
{"error":"auditLogger.info(...).catch is not a function","level":"warn","message":"Could not log startup audit","timestamp":"2026-01-29 05:39:56"}
{"errors":["Role 28: Permission undefined not found in REPORT","Role 28: Permission undefined not found in REPORT","Role 38: Permission undefined not found in VAULT"],"level":"warn","message":"Permission validation errors","timestamp":"2026-01-29 05:39:56"}
{"level":"info","message":"📅 Getting current business date...","timestamp":"2026-01-29 05:48:08"}
{"level":"info","message":"📅 Getting current business date...","timestamp":"2026-01-29 05:48:09"}
{"level":"info","logDir":"logs","message":"🚀 Winston logger initialized","nodeVersion":"v24.13.0","platform":"win32","timestamp":"2026-01-29 06:00:47"}
{"errors":["Role 28: Permission undefined not found in REPORT","Role 28: Permission undefined not found in REPORT","Role 38: Permission undefined not found in VAULT"],"level":"warn","message":"Permission validation errors","timestamp":"2026-01-29 06:00:50"}
{"level":"info","message":"Server time initialized (WAT): 2026-01-29T15:00:52.677Z","timestamp":"2026-01-29 06:00:52"}
{"error":"auditLogger.info(...).catch is not a function","level":"warn","message":"Could not log startup audit","timestamp":"2026-01-29 06:00:52"}
{"errors":["Role 28: Permission undefined not found in REPORT","Role 28: Permission undefined not found in REPORT","Role 38: Permission undefined not found in VAULT"],"level":"warn","message":"Permission validation errors","timestamp":"2026-01-29 06:00:52"}
{"level":"info","logDir":"logs","message":"🚀 Winston logger initialized","nodeVersion":"v24.13.0","platform":"win32","timestamp":"2026-01-29 06:12:54"}
{"errors":["Role 28: Permission undefined not found in REPORT","Role 28: Permission undefined not found in REPORT","Role 38: Permission undefined not found in VAULT"],"level":"warn","message":"Permission validation errors","timestamp":"2026-01-29 06:13:04"}
{"level":"info","message":"Server time initialized (WAT): 2026-01-29T15:13:09.714Z","timestamp":"2026-01-29 06:13:09"}
{"error":"auditLogger.info(...).catch is not a function","level":"warn","message":"Could not log startup audit","timestamp":"2026-01-29 06:13:09"}
{"errors":["Role 28: Permission undefined not found in REPORT","Role 28: Permission undefined not found in REPORT","Role 38: Permission undefined not found in VAULT"],"level":"warn","message":"Permission validation errors","timestamp":"2026-01-29 06:13:09"}
{"level":"info","logDir":"logs","message":"🚀 Winston logger initialized","nodeVersion":"v24.13.0","platform":"win32","timestamp":"2026-01-29 06:32:46"}
{"errors":["Role 28: Permission undefined not found in REPORT","Role 28: Permission undefined not found in REPORT","Role 38: Permission undefined not found in VAULT"],"level":"warn","message":"Permission validation errors","timestamp":"2026-01-29 06:32:52"}
{"level":"info","message":"Server time initialized (WAT): 2026-01-29T15:32:55.213Z","timestamp":"2026-01-29 06:32:55"}
{"error":"auditLogger.info(...).catch is not a function","level":"warn","message":"Could not log startup audit","timestamp":"2026-01-29 06:32:55"}
{"errors":["Role 28: Permission undefined not found in REPORT","Role 28: Permission undefined not found in REPORT","Role 38: Permission undefined not found in VAULT"],"level":"warn","message":"Permission validation errors","timestamp":"2026-01-29 06:32:55"}
{"level":"info","message":"📅 Getting current business date...","timestamp":"2026-01-29 07:37:41"}
{"level":"info","message":"📅 Getting current business date...","timestamp":"2026-01-29 07:37:42"}
{"level":"info","message":"📅 Getting current business date...","timestamp":"2026-01-29 08:27:38"}
{"level":"info","message":"📅 Getting current business date...","timestamp":"2026-01-29 08:27:44"}
{"level":"info","logDir":"logs","message":"🚀 Winston logger initialized","nodeVersion":"v24.13.0","platform":"win32","timestamp":"2026-01-29 08:40:32"}
{"errors":["Role 28: Permission undefined not found in REPORT","Role 28: Permission undefined not found in REPORT","Role 38: Permission undefined not found in VAULT"],"level":"warn","message":"Permission validation errors","timestamp":"2026-01-29 08:40:58"}
{"level":"info","message":"Server time initialized (WAT): 2026-01-29T17:41:07.886Z","timestamp":"2026-01-29 08:41:07"}
{"error":"auditLogger.info(...).catch is not a function","level":"warn","message":"Could not log startup audit","timestamp":"2026-01-29 08:41:07"}
{"errors":["Role 28: Permission undefined not found in REPORT","Role 28: Permission undefined not found in REPORT","Role 38: Permission undefined not found in VAULT"],"level":"warn","message":"Permission validation errors","timestamp":"2026-01-29 08:41:07"}
{"level":"info","message":"📅 Getting current business date...","timestamp":"2026-01-29 08:46:56"}
{"level":"info","message":"📅 Getting current business date...","timestamp":"2026-01-29 08:46:56"}
{"level":"info","message":"📅 Getting current business date...","timestamp":"2026-01-29 09:20:58"}
{"level":"info","message":"📅 Getting current business date...","timestamp":"2026-01-29 09:20:58"}
{"level":"info","message":"📅 Getting current business date...","timestamp":"2026-01-29 09:22:44"}
{"level":"info","message":"📅 Getting current business date...","timestamp":"2026-01-29 09:22:44"}
{"level":"info","logDir":"logs","message":"🚀 Winston logger initialized","nodeVersion":"v24.13.0","platform":"win32","timestamp":"2026-01-29 09:47:08"}
{"errors":["Role 28: Permission undefined not found in REPORT","Role 28: Permission undefined not found in REPORT","Role 38: Permission undefined not found in VAULT"],"level":"warn","message":"Permission validation errors","timestamp":"2026-01-29 09:47:20"}
{"level":"info","message":"Server time initialized (WAT): 2026-01-29T18:47:26.246Z","timestamp":"2026-01-29 09:47:26"}
{"error":"auditLogger.info(...).catch is not a function","level":"warn","message":"Could not log startup audit","timestamp":"2026-01-29 09:47:26"}
{"errors":["Role 28: Permission undefined not found in REPORT","Role 28: Permission undefined not found in REPORT","Role 38: Permission undefined not found in VAULT"],"level":"warn","message":"Permission validation errors","timestamp":"2026-01-29 09:47:26"}
{"hasRefreshToken":false,"ipAddress":"127.0.0.1","level":"info","logoutTime":"2026-01-29T18:52:08.857Z","message":"Authenticated user logged out","timestamp":"2026-01-29 10:52:08","userAgent":"Mozilla/5.0 (Windows NT 10.0; Win64; x64) AppleWebKit/537.36 (KHTML, like Gecko) Chrome/144.0.0.0 Safari/537.36 Edg/144.0.0.0","userId":3,"username":"PCO01"}
{"hasRefreshToken":false,"ipAddress":"127.0.0.1","level":"info","logoutTime":"2026-01-29T18:52:08.997Z","message":"Authenticated user logged out","timestamp":"2026-01-29 10:52:08","userAgent":"Mozilla/5.0 (Windows NT 10.0; Win64; x64) AppleWebKit/537.36 (KHTML, like Gecko) Chrome/144.0.0.0 Safari/537.36 Edg/144.0.0.0","userId":3,"username":"PCO01"}
{"level":"info","logDir":"logs","message":"🚀 Winston logger initialized","nodeVersion":"v24.13.0","platform":"win32","timestamp":"2026-01-29 23:28:10"}
{"errors":["Role 28: Permission undefined not found in REPORT","Role 28: Permission undefined not found in REPORT","Role 38: Permission undefined not found in VAULT"],"level":"warn","message":"Permission validation errors","timestamp":"2026-01-29 23:29:04"}
{"level":"info","message":"Server time initialized (WAT): 2026-01-30T08:29:13.013Z","timestamp":"2026-01-29 23:29:13"}
{"error":"auditLogger.info(...).catch is not a function","level":"warn","message":"Could not log startup audit","timestamp":"2026-01-29 23:29:13"}
{"errors":["Role 28: Permission undefined not found in REPORT","Role 28: Permission undefined not found in REPORT","Role 38: Permission undefined not found in VAULT"],"level":"warn","message":"Permission validation errors","timestamp":"2026-01-29 23:29:13"}
{"level":"info","logDir":"logs","message":"🚀 Winston logger initialized","nodeVersion":"v24.13.0","platform":"win32","timestamp":"2026-01-29 23:39:09"}
{"errors":["Role 28: Permission undefined not found in REPORT","Role 28: Permission undefined not found in REPORT","Role 38: Permission undefined not found in VAULT"],"level":"warn","message":"Permission validation errors","timestamp":"2026-01-29 23:39:17"}
{"level":"info","message":"Server time initialized (WAT): 2026-01-30T08:39:21.352Z","timestamp":"2026-01-29 23:39:21"}
{"error":"auditLogger.info(...).catch is not a function","level":"warn","message":"Could not log startup audit","timestamp":"2026-01-29 23:39:21"}
{"errors":["Role 28: Permission undefined not found in REPORT","Role 28: Permission undefined not found in REPORT","Role 38: Permission undefined not found in VAULT"],"level":"warn","message":"Permission validation errors","timestamp":"2026-01-29 23:39:21"}
{"level":"info","logDir":"logs","message":"🚀 Winston logger initialized","nodeVersion":"v24.13.0","platform":"win32","timestamp":"2026-01-29 23:40:39"}
{"errors":["Role 28: Permission undefined not found in REPORT","Role 28: Permission undefined not found in REPORT","Role 38: Permission undefined not found in VAULT"],"level":"warn","message":"Permission validation errors","timestamp":"2026-01-29 23:40:41"}
{"level":"info","message":"Server time initialized (WAT): 2026-01-30T08:40:41.953Z","timestamp":"2026-01-29 23:40:41"}
{"error":"auditLogger.info(...).catch is not a function","level":"warn","message":"Could not log startup audit","timestamp":"2026-01-29 23:40:41"}
{"errors":["Role 28: Permission undefined not found in REPORT","Role 28: Permission undefined not found in REPORT","Role 38: Permission undefined not found in VAULT"],"level":"warn","message":"Permission validation errors","timestamp":"2026-01-29 23:40:41"}
{"level":"info","logDir":"logs","message":"🚀 Winston logger initialized","nodeVersion":"v24.13.0","platform":"win32","timestamp":"2026-01-29 23:52:59"}
{"errors":["Role 28: Permission undefined not found in REPORT","Role 28: Permission undefined not found in REPORT","Role 38: Permission undefined not found in VAULT"],"level":"warn","message":"Permission validation errors","timestamp":"2026-01-29 23:53:02"}
{"level":"info","message":"Server time initialized (WAT): 2026-01-30T08:53:03.650Z","timestamp":"2026-01-29 23:53:03"}
{"error":"auditLogger.info(...).catch is not a function","level":"warn","message":"Could not log startup audit","timestamp":"2026-01-29 23:53:03"}
{"errors":["Role 28: Permission undefined not found in REPORT","Role 28: Permission undefined not found in REPORT","Role 38: Permission undefined not found in VAULT"],"level":"warn","message":"Permission validation errors","timestamp":"2026-01-29 23:53:03"}
