{"level":"info","logDir":"logs","message":"🚀 Winston logger initialized","nodeVersion":"v24.13.0","platform":"win32","timestamp":"2026-01-28 03:59:03"}
{"errors":["Role 28: Permission undefined not found in REPORT","Role 28: Permission undefined not found in REPORT","Role 38: Permission undefined not found in VAULT"],"level":"warn","message":"Permission validation errors","timestamp":"2026-01-28 03:59:17"}
{"level":"info","message":"Server time initialized (WAT): 2026-01-28T12:59:25.706Z","timestamp":"2026-01-28 03:59:25"}
{"error":"auditLogger.info(...).catch is not a function","level":"warn","message":"Could not log startup audit","timestamp":"2026-01-28 03:59:25"}
{"errors":["Role 28: Permission undefined not found in REPORT","Role 28: Permission undefined not found in REPORT","Role 38: Permission undefined not found in VAULT"],"level":"warn","message":"Permission validation errors","timestamp":"2026-01-28 03:59:25"}
{"level":"info","logDir":"logs","message":"🚀 Winston logger initialized","nodeVersion":"v24.13.0","platform":"win32","timestamp":"2026-01-28 04:27:05"}
{"errors":["Role 28: Permission undefined not found in REPORT","Role 28: Permission undefined not found in REPORT","Role 38: Permission undefined not found in VAULT"],"level":"warn","message":"Permission validation errors","timestamp":"2026-01-28 04:27:14"}
{"level":"info","logDir":"logs","message":"🚀 Winston logger initialized","nodeVersion":"v24.13.0","platform":"win32","timestamp":"2026-01-28 04:52:21"}
{"errors":["Role 28: Permission undefined not found in REPORT","Role 28: Permission undefined not found in REPORT","Role 38: Permission undefined not found in VAULT"],"level":"warn","message":"Permission validation errors","timestamp":"2026-01-28 04:52:28"}
{"level":"info","message":"Server time initialized (WAT): 2026-01-28T13:52:35.292Z","timestamp":"2026-01-28 04:52:35"}
{"error":"auditLogger.info(...).catch is not a function","level":"warn","message":"Could not log startup audit","timestamp":"2026-01-28 04:52:35"}
{"errors":["Role 28: Permission undefined not found in REPORT","Role 28: Permission undefined not found in REPORT","Role 38: Permission undefined not found in VAULT"],"level":"warn","message":"Permission validation errors","timestamp":"2026-01-28 04:52:36"}
{"level":"info","logDir":"logs","message":"🚀 Winston logger initialized","nodeVersion":"v24.13.0","platform":"win32","timestamp":"2026-01-28 05:08:59"}
{"errors":["Role 28: Permission undefined not found in REPORT","Role 28: Permission undefined not found in REPORT","Role 38: Permission undefined not found in VAULT"],"level":"warn","message":"Permission validation errors","timestamp":"2026-01-28 05:09:06"}
{"level":"info","message":"Server time initialized (WAT): 2026-01-28T14:09:10.346Z","timestamp":"2026-01-28 05:09:10"}
{"error":"auditLogger.info(...).catch is not a function","level":"warn","message":"Could not log startup audit","timestamp":"2026-01-28 05:09:10"}
{"errors":["Role 28: Permission undefined not found in REPORT","Role 28: Permission undefined not found in REPORT","Role 38: Permission undefined not found in VAULT"],"level":"warn","message":"Permission validation errors","timestamp":"2026-01-28 05:09:10"}
{"level":"info","message":"📅 Getting current business date...","timestamp":"2026-01-28 10:27:24"}
{"level":"info","message":"📅 Getting current business date...","timestamp":"2026-01-28 10:27:25"}
{"level":"info","message":"📅 Getting current business date...","timestamp":"2026-01-28 10:29:10"}
{"level":"info","message":"📅 Getting current business date...","timestamp":"2026-01-28 10:29:10"}
{"level":"info","message":"📅 Getting current business date...","timestamp":"2026-01-28 10:33:41"}
{"level":"info","message":"📅 Getting current business date...","timestamp":"2026-01-28 10:33:41"}
{"level":"info","message":"📅 Getting current business date...","timestamp":"2026-01-28 10:39:50"}
{"level":"info","message":"📅 Getting current business date...","timestamp":"2026-01-28 10:39:50"}
{"level":"info","logDir":"logs","message":"🚀 Winston logger initialized","nodeVersion":"v24.13.0","platform":"win32","timestamp":"2026-01-28 10:57:13"}
{"errors":["Role 28: Permission undefined not found in REPORT","Role 28: Permission undefined not found in REPORT","Role 38: Permission undefined not found in VAULT"],"level":"warn","message":"Permission validation errors","timestamp":"2026-01-28 10:57:23"}
{"level":"info","message":"Server time initialized (WAT): 2026-01-28T19:57:28.034Z","timestamp":"2026-01-28 10:57:28"}
{"error":"auditLogger.info(...).catch is not a function","level":"warn","message":"Could not log startup audit","timestamp":"2026-01-28 10:57:28"}
{"errors":["Role 28: Permission undefined not found in REPORT","Role 28: Permission undefined not found in REPORT","Role 38: Permission undefined not found in VAULT"],"level":"warn","message":"Permission validation errors","timestamp":"2026-01-28 10:57:28"}
{"level":"info","message":"📅 Getting current business date...","timestamp":"2026-01-28 11:15:46"}
{"level":"info","message":"📅 Getting current business date...","timestamp":"2026-01-28 11:15:46"}
{"hasRefreshToken":false,"ipAddress":"127.0.0.1","level":"info","logoutTime":"2026-01-29T07:31:25.580Z","message":"Authenticated user logged out","timestamp":"2026-01-28 23:31:25","userAgent":"Mozilla/5.0 (Windows NT 10.0; Win64; x64) AppleWebKit/537.36 (KHTML, like Gecko) Chrome/144.0.0.0 Safari/537.36 Edg/144.0.0.0","userId":4,"username":"PCO04"}
