{"level":"info","logDir":"logs","message":"🚀 Winston logger initialized","nodeVersion":"v24.13.0","platform":"win32","timestamp":"2026-02-08 00:21:50"}
{"errors":["Role 28: Permission undefined not found in REPORT","Role 28: Permission undefined not found in REPORT","Role 38: Permission undefined not found in VAULT"],"level":"warn","message":"Permission validation errors","timestamp":"2026-02-08 00:21:56"}
{"level":"info","message":"Server time initialized (WAT): 2026-02-08T09:22:00.319Z","timestamp":"2026-02-08 00:22:00"}
{"error":"auditLogger.info(...).catch is not a function","level":"warn","message":"Could not log startup audit","timestamp":"2026-02-08 00:22:00"}
{"errors":["Role 28: Permission undefined not found in REPORT","Role 28: Permission undefined not found in REPORT","Role 38: Permission undefined not found in VAULT"],"level":"warn","message":"Permission validation errors","timestamp":"2026-02-08 00:22:00"}
{"level":"info","logDir":"logs","message":"🚀 Winston logger initialized","nodeVersion":"v24.13.0","platform":"win32","timestamp":"2026-02-08 00:34:46"}
{"errors":["Role 28: Permission undefined not found in REPORT","Role 28: Permission undefined not found in REPORT","Role 38: Permission undefined not found in VAULT"],"level":"warn","message":"Permission validation errors","timestamp":"2026-02-08 00:34:49"}
{"level":"info","message":"Server time initialized (WAT): 2026-02-08T09:34:50.375Z","timestamp":"2026-02-08 00:34:50"}
{"error":"auditLogger.info(...).catch is not a function","level":"warn","message":"Could not log startup audit","timestamp":"2026-02-08 00:34:50"}
{"errors":["Role 28: Permission undefined not found in REPORT","Role 28: Permission undefined not found in REPORT","Role 38: Permission undefined not found in VAULT"],"level":"warn","message":"Permission validation errors","timestamp":"2026-02-08 00:34:50"}
{"level":"info","message":"📅 Getting current business date...","timestamp":"2026-02-08 01:20:31"}
{"count":1,"level":"info","limit":10,"message":"Fetched organizations","page":1,"timestamp":"2026-02-08 01:20:31","totalCount":1}
{"count":1,"level":"info","limit":10,"message":"Fetched organizations","page":1,"timestamp":"2026-02-08 01:20:31","totalCount":1}
{"level":"info","message":"📅 Getting current business date...","timestamp":"2026-02-08 01:20:31"}
{"level":"info","message":"📅 Getting current business date...","timestamp":"2026-02-08 01:34:04"}
{"count":1,"level":"info","limit":10,"message":"Fetched organizations","page":1,"timestamp":"2026-02-08 01:34:04","totalCount":1}
{"count":1,"level":"info","limit":10,"message":"Fetched organizations","page":1,"timestamp":"2026-02-08 01:34:04","totalCount":1}
{"level":"info","message":"📅 Getting current business date...","timestamp":"2026-02-08 01:34:04"}
{"level":"info","message":"📅 Getting current business date...","timestamp":"2026-02-08 01:35:01"}
{"count":1,"level":"info","limit":10,"message":"Fetched organizations","page":1,"timestamp":"2026-02-08 01:35:01","totalCount":1}
{"level":"info","message":"📅 Getting current business date...","timestamp":"2026-02-08 01:35:01"}
{"count":1,"level":"info","limit":10,"message":"Fetched organizations","page":1,"timestamp":"2026-02-08 01:35:02","totalCount":1}
{"level":"info","message":"📅 Getting current business date...","timestamp":"2026-02-08 01:44:21"}
{"count":1,"level":"info","limit":10,"message":"Fetched organizations","page":1,"timestamp":"2026-02-08 01:44:22","totalCount":1}
{"count":1,"level":"info","limit":10,"message":"Fetched organizations","page":1,"timestamp":"2026-02-08 01:44:22","totalCount":1}
{"level":"info","message":"📅 Getting current business date...","timestamp":"2026-02-08 01:44:22"}
{"level":"info","logDir":"logs","message":"🚀 Winston logger initialized","nodeVersion":"v24.13.0","platform":"win32","timestamp":"2026-02-08 02:05:43"}
{"errors":["Role 28: Permission undefined not found in REPORT","Role 28: Permission undefined not found in REPORT","Role 38: Permission undefined not found in VAULT"],"level":"warn","message":"Permission validation errors","timestamp":"2026-02-08 02:05:54"}
{"level":"info","message":"Server time initialized (WAT): 2026-02-08T11:05:59.679Z","timestamp":"2026-02-08 02:05:59"}
{"error":"auditLogger.info(...).catch is not a function","level":"warn","message":"Could not log startup audit","timestamp":"2026-02-08 02:05:59"}
{"errors":["Role 28: Permission undefined not found in REPORT","Role 28: Permission undefined not found in REPORT","Role 38: Permission undefined not found in VAULT"],"level":"warn","message":"Permission validation errors","timestamp":"2026-02-08 02:05:59"}
{"level":"info","message":"📅 Getting current business date...","timestamp":"2026-02-08 02:06:43"}
{"count":1,"level":"info","limit":10,"message":"Fetched organizations","page":1,"timestamp":"2026-02-08 02:06:43","totalCount":1}
{"count":1,"level":"info","limit":10,"message":"Fetched organizations","page":1,"timestamp":"2026-02-08 02:06:43","totalCount":1}
{"level":"info","message":"📅 Getting current business date...","timestamp":"2026-02-08 02:06:43"}
{"count":1,"level":"info","limit":10,"message":"Fetched organizations","page":1,"timestamp":"2026-02-08 02:11:54","totalCount":1}
{"level":"info","message":"📅 Getting current business date...","timestamp":"2026-02-08 02:11:54"}
{"count":1,"level":"info","limit":10,"message":"Fetched organizations","page":1,"timestamp":"2026-02-08 02:11:54","totalCount":1}
{"level":"info","message":"📅 Getting current business date...","timestamp":"2026-02-08 02:11:54"}
{"count":1,"level":"info","limit":10,"message":"Fetched organizations","page":1,"timestamp":"2026-02-08 02:11:54","totalCount":1}
{"level":"info","message":"📅 Getting current business date...","timestamp":"2026-02-08 02:11:54"}
{"count":1,"level":"info","limit":10,"message":"Fetched organizations","page":1,"timestamp":"2026-02-08 02:11:54","totalCount":1}
{"level":"info","message":"📅 Getting current business date...","timestamp":"2026-02-08 02:11:54"}
{"level":"info","logDir":"logs","message":"🚀 Winston logger initialized","nodeVersion":"v24.13.0","platform":"win32","timestamp":"2026-02-08 02:21:12"}
{"errors":["Role 28: Permission undefined not found in REPORT","Role 28: Permission undefined not found in REPORT","Role 38: Permission undefined not found in VAULT"],"level":"warn","message":"Permission validation errors","timestamp":"2026-02-08 02:21:14"}
{"level":"info","message":"Server time initialized (WAT): 2026-02-08T11:21:16.111Z","timestamp":"2026-02-08 02:21:16"}
{"error":"auditLogger.info(...).catch is not a function","level":"warn","message":"Could not log startup audit","timestamp":"2026-02-08 02:21:16"}
{"errors":["Role 28: Permission undefined not found in REPORT","Role 28: Permission undefined not found in REPORT","Role 38: Permission undefined not found in VAULT"],"level":"warn","message":"Permission validation errors","timestamp":"2026-02-08 02:21:16"}
{"hasRefreshToken":false,"ipAddress":"127.0.0.1","level":"info","logoutTime":"2026-02-08T10:24:20.157Z","message":"Authenticated user logged out","timestamp":"2026-02-08 02:24:20","userAgent":"Mozilla/5.0 (Windows NT 10.0; Win64; x64) AppleWebKit/537.36 (KHTML, like Gecko) Chrome/144.0.0.0 Safari/537.36 Edg/144.0.0.0","userId":6,"username":"PCO03"}
{"hasRefreshToken":false,"ipAddress":"127.0.0.1","level":"info","logoutTime":"2026-02-08T10:24:20.165Z","message":"Authenticated user logged out","timestamp":"2026-02-08 02:24:20","userAgent":"Mozilla/5.0 (Windows NT 10.0; Win64; x64) AppleWebKit/537.36 (KHTML, like Gecko) Chrome/144.0.0.0 Safari/537.36 Edg/144.0.0.0","userId":6,"username":"PCO03"}
{"level":"info","message":"📅 Getting current business date...","timestamp":"2026-02-08 02:24:23"}
{"count":1,"level":"info","limit":10,"message":"Fetched organizations","page":1,"timestamp":"2026-02-08 02:24:23","totalCount":1}
{"count":1,"level":"info","limit":10,"message":"Fetched organizations","page":1,"timestamp":"2026-02-08 02:24:23","totalCount":1}
{"level":"info","message":"📅 Getting current business date...","timestamp":"2026-02-08 02:24:23"}
{"level":"info","message":"📅 Getting current business date...","timestamp":"2026-02-08 02:24:24"}
{"count":1,"level":"info","limit":10,"message":"Fetched organizations","page":1,"timestamp":"2026-02-08 02:24:24","totalCount":1}
{"count":1,"level":"info","limit":10,"message":"Fetched organizations","page":1,"timestamp":"2026-02-08 02:24:24","totalCount":1}
{"level":"info","message":"📅 Getting current business date...","timestamp":"2026-02-08 02:24:24"}
{"level":"info","logDir":"logs","message":"🚀 Winston logger initialized","nodeVersion":"v24.13.0","platform":"win32","timestamp":"2026-02-08 03:08:58"}
{"errors":["Role 28: Permission undefined not found in REPORT","Role 28: Permission undefined not found in REPORT","Role 38: Permission undefined not found in VAULT"],"level":"warn","message":"Permission validation errors","timestamp":"2026-02-08 03:09:07"}
{"level":"info","message":"Server time initialized (WAT): 2026-02-08T12:09:11.066Z","timestamp":"2026-02-08 03:09:11"}
{"error":"auditLogger.info(...).catch is not a function","level":"warn","message":"Could not log startup audit","timestamp":"2026-02-08 03:09:11"}
{"errors":["Role 28: Permission undefined not found in REPORT","Role 28: Permission undefined not found in REPORT","Role 38: Permission undefined not found in VAULT"],"level":"warn","message":"Permission validation errors","timestamp":"2026-02-08 03:09:11"}
{"level":"info","logDir":"logs","message":"🚀 Winston logger initialized","nodeVersion":"v24.13.0","platform":"win32","timestamp":"2026-02-08 03:12:02"}
{"errors":["Role 28: Permission undefined not found in REPORT","Role 28: Permission undefined not found in REPORT","Role 38: Permission undefined not found in VAULT"],"level":"warn","message":"Permission validation errors","timestamp":"2026-02-08 03:12:04"}
{"level":"info","message":"Server time initialized (WAT): 2026-02-08T12:12:05.956Z","timestamp":"2026-02-08 03:12:05"}
{"error":"auditLogger.info(...).catch is not a function","level":"warn","message":"Could not log startup audit","timestamp":"2026-02-08 03:12:05"}
{"errors":["Role 28: Permission undefined not found in REPORT","Role 28: Permission undefined not found in REPORT","Role 38: Permission undefined not found in VAULT"],"level":"warn","message":"Permission validation errors","timestamp":"2026-02-08 03:12:05"}
{"level":"info","logDir":"logs","message":"🚀 Winston logger initialized","nodeVersion":"v24.13.0","platform":"win32","timestamp":"2026-02-08 03:15:48"}
{"errors":["Role 28: Permission undefined not found in REPORT","Role 28: Permission undefined not found in REPORT","Role 38: Permission undefined not found in VAULT"],"level":"warn","message":"Permission validation errors","timestamp":"2026-02-08 03:15:50"}
{"level":"info","message":"Server time initialized (WAT): 2026-02-08T12:15:51.901Z","timestamp":"2026-02-08 03:15:51"}
{"error":"auditLogger.info(...).catch is not a function","level":"warn","message":"Could not log startup audit","timestamp":"2026-02-08 03:15:51"}
{"errors":["Role 28: Permission undefined not found in REPORT","Role 28: Permission undefined not found in REPORT","Role 38: Permission undefined not found in VAULT"],"level":"warn","message":"Permission validation errors","timestamp":"2026-02-08 03:15:51"}
{"level":"info","logDir":"logs","message":"🚀 Winston logger initialized","nodeVersion":"v24.13.0","platform":"win32","timestamp":"2026-02-08 03:18:24"}
{"errors":["Role 28: Permission undefined not found in REPORT","Role 28: Permission undefined not found in REPORT","Role 38: Permission undefined not found in VAULT"],"level":"warn","message":"Permission validation errors","timestamp":"2026-02-08 03:18:25"}
{"level":"info","message":"Server time initialized (WAT): 2026-02-08T12:18:26.576Z","timestamp":"2026-02-08 03:18:26"}
{"error":"auditLogger.info(...).catch is not a function","level":"warn","message":"Could not log startup audit","timestamp":"2026-02-08 03:18:26"}
{"errors":["Role 28: Permission undefined not found in REPORT","Role 28: Permission undefined not found in REPORT","Role 38: Permission undefined not found in VAULT"],"level":"warn","message":"Permission validation errors","timestamp":"2026-02-08 03:18:26"}
{"hasRefreshToken":false,"ipAddress":"127.0.0.1","level":"info","logoutTime":"2026-02-08T15:12:27.057Z","message":"Authenticated user logged out","timestamp":"2026-02-08 07:12:27","userAgent":"Mozilla/5.0 (Windows NT 10.0; Win64; x64) AppleWebKit/537.36 (KHTML, like Gecko) Chrome/144.0.0.0 Safari/537.36 Edg/144.0.0.0","userId":4,"username":"PCO04"}
{"hasRefreshToken":false,"ipAddress":"127.0.0.1","level":"info","logoutTime":"2026-02-08T15:12:27.079Z","message":"Authenticated user logged out","timestamp":"2026-02-08 07:12:27","userAgent":"Mozilla/5.0 (Windows NT 10.0; Win64; x64) AppleWebKit/537.36 (KHTML, like Gecko) Chrome/144.0.0.0 Safari/537.36 Edg/144.0.0.0","userId":4,"username":"PCO04"}
{"level":"info","message":"📅 Getting current business date...","timestamp":"2026-02-08 07:12:33"}
{"count":1,"level":"info","limit":10,"message":"Fetched organizations","page":1,"timestamp":"2026-02-08 07:12:33","totalCount":1}
{"count":1,"level":"info","limit":10,"message":"Fetched organizations","page":1,"timestamp":"2026-02-08 07:12:34","totalCount":1}
{"level":"info","message":"📅 Getting current business date...","timestamp":"2026-02-08 07:12:34"}
{"level":"info","message":"📅 Getting current business date...","timestamp":"2026-02-08 07:12:34"}
{"count":1,"level":"info","limit":10,"message":"Fetched organizations","page":1,"timestamp":"2026-02-08 07:12:34","totalCount":1}
{"level":"info","message":"📅 Getting current business date...","timestamp":"2026-02-08 07:12:34"}
{"count":1,"level":"info","limit":10,"message":"Fetched organizations","page":1,"timestamp":"2026-02-08 07:12:34","totalCount":1}
{"level":"info","logDir":"logs","message":"🚀 Winston logger initialized","nodeVersion":"v24.13.0","platform":"win32","timestamp":"2026-02-08 07:26:02"}
{"errors":["Role 28: Permission undefined not found in REPORT","Role 28: Permission undefined not found in REPORT","Role 38: Permission undefined not found in VAULT"],"level":"warn","message":"Permission validation errors","timestamp":"2026-02-08 07:26:10"}
{"level":"info","message":"Server time initialized (WAT): 2026-02-08T16:26:15.419Z","timestamp":"2026-02-08 07:26:15"}
{"error":"auditLogger.info(...).catch is not a function","level":"warn","message":"Could not log startup audit","timestamp":"2026-02-08 07:26:15"}
{"errors":["Role 28: Permission undefined not found in REPORT","Role 28: Permission undefined not found in REPORT","Role 38: Permission undefined not found in VAULT"],"level":"warn","message":"Permission validation errors","timestamp":"2026-02-08 07:26:15"}
{"level":"info","logDir":"logs","message":"🚀 Winston logger initialized","nodeVersion":"v24.13.0","platform":"win32","timestamp":"2026-02-08 07:29:07"}
{"errors":["Role 28: Permission undefined not found in REPORT","Role 28: Permission undefined not found in REPORT","Role 38: Permission undefined not found in VAULT"],"level":"warn","message":"Permission validation errors","timestamp":"2026-02-08 07:29:09"}
{"level":"info","message":"Server time initialized (WAT): 2026-02-08T16:29:11.351Z","timestamp":"2026-02-08 07:29:11"}
{"error":"auditLogger.info(...).catch is not a function","level":"warn","message":"Could not log startup audit","timestamp":"2026-02-08 07:29:11"}
{"errors":["Role 28: Permission undefined not found in REPORT","Role 28: Permission undefined not found in REPORT","Role 38: Permission undefined not found in VAULT"],"level":"warn","message":"Permission validation errors","timestamp":"2026-02-08 07:29:11"}
{"level":"info","logDir":"logs","message":"🚀 Winston logger initialized","nodeVersion":"v24.13.0","platform":"win32","timestamp":"2026-02-08 07:30:52"}
{"errors":["Role 28: Permission undefined not found in REPORT","Role 28: Permission undefined not found in REPORT","Role 38: Permission undefined not found in VAULT"],"level":"warn","message":"Permission validation errors","timestamp":"2026-02-08 07:30:54"}
{"level":"info","message":"Server time initialized (WAT): 2026-02-08T16:30:54.908Z","timestamp":"2026-02-08 07:30:54"}
{"error":"auditLogger.info(...).catch is not a function","level":"warn","message":"Could not log startup audit","timestamp":"2026-02-08 07:30:54"}
{"errors":["Role 28: Permission undefined not found in REPORT","Role 28: Permission undefined not found in REPORT","Role 38: Permission undefined not found in VAULT"],"level":"warn","message":"Permission validation errors","timestamp":"2026-02-08 07:30:54"}
{"level":"info","logDir":"logs","message":"🚀 Winston logger initialized","nodeVersion":"v24.13.0","platform":"win32","timestamp":"2026-02-08 07:34:11"}
{"errors":["Role 28: Permission undefined not found in REPORT","Role 28: Permission undefined not found in REPORT","Role 38: Permission undefined not found in VAULT"],"level":"warn","message":"Permission validation errors","timestamp":"2026-02-08 07:34:15"}
{"level":"info","message":"Server time initialized (WAT): 2026-02-08T16:34:17.498Z","timestamp":"2026-02-08 07:34:17"}
{"error":"auditLogger.info(...).catch is not a function","level":"warn","message":"Could not log startup audit","timestamp":"2026-02-08 07:34:17"}
{"errors":["Role 28: Permission undefined not found in REPORT","Role 28: Permission undefined not found in REPORT","Role 38: Permission undefined not found in VAULT"],"level":"warn","message":"Permission validation errors","timestamp":"2026-02-08 07:34:17"}
{"level":"info","logDir":"logs","message":"🚀 Winston logger initialized","nodeVersion":"v24.13.0","platform":"win32","timestamp":"2026-02-08 07:38:34"}
{"errors":["Role 28: Permission undefined not found in REPORT","Role 28: Permission undefined not found in REPORT","Role 38: Permission undefined not found in VAULT"],"level":"warn","message":"Permission validation errors","timestamp":"2026-02-08 07:38:37"}
{"level":"info","message":"Server time initialized (WAT): 2026-02-08T16:38:38.928Z","timestamp":"2026-02-08 07:38:38"}
{"error":"auditLogger.info(...).catch is not a function","level":"warn","message":"Could not log startup audit","timestamp":"2026-02-08 07:38:38"}
{"errors":["Role 28: Permission undefined not found in REPORT","Role 28: Permission undefined not found in REPORT","Role 38: Permission undefined not found in VAULT"],"level":"warn","message":"Permission validation errors","timestamp":"2026-02-08 07:38:38"}
{"level":"info","logDir":"logs","message":"🚀 Winston logger initialized","nodeVersion":"v24.13.0","platform":"win32","timestamp":"2026-02-08 07:44:39"}
{"errors":["Role 28: Permission undefined not found in REPORT","Role 28: Permission undefined not found in REPORT","Role 38: Permission undefined not found in VAULT"],"level":"warn","message":"Permission validation errors","timestamp":"2026-02-08 07:44:40"}
{"level":"info","message":"Server time initialized (WAT): 2026-02-08T16:44:41.188Z","timestamp":"2026-02-08 07:44:41"}
{"error":"auditLogger.info(...).catch is not a function","level":"warn","message":"Could not log startup audit","timestamp":"2026-02-08 07:44:41"}
{"errors":["Role 28: Permission undefined not found in REPORT","Role 28: Permission undefined not found in REPORT","Role 38: Permission undefined not found in VAULT"],"level":"warn","message":"Permission validation errors","timestamp":"2026-02-08 07:44:41"}
{"level":"info","logDir":"logs","message":"🚀 Winston logger initialized","nodeVersion":"v24.13.0","platform":"win32","timestamp":"2026-02-08 07:46:25"}
{"errors":["Role 28: Permission undefined not found in REPORT","Role 28: Permission undefined not found in REPORT","Role 38: Permission undefined not found in VAULT"],"level":"warn","message":"Permission validation errors","timestamp":"2026-02-08 07:46:26"}
{"level":"info","message":"Server time initialized (WAT): 2026-02-08T16:46:27.028Z","timestamp":"2026-02-08 07:46:27"}
{"error":"auditLogger.info(...).catch is not a function","level":"warn","message":"Could not log startup audit","timestamp":"2026-02-08 07:46:27"}
{"errors":["Role 28: Permission undefined not found in REPORT","Role 28: Permission undefined not found in REPORT","Role 38: Permission undefined not found in VAULT"],"level":"warn","message":"Permission validation errors","timestamp":"2026-02-08 07:46:27"}
{"level":"info","logDir":"logs","message":"🚀 Winston logger initialized","nodeVersion":"v24.13.0","platform":"win32","timestamp":"2026-02-08 07:48:44"}
{"errors":["Role 28: Permission undefined not found in REPORT","Role 28: Permission undefined not found in REPORT","Role 38: Permission undefined not found in VAULT"],"level":"warn","message":"Permission validation errors","timestamp":"2026-02-08 07:48:45"}
{"level":"info","message":"Server time initialized (WAT): 2026-02-08T16:48:45.939Z","timestamp":"2026-02-08 07:48:45"}
{"error":"auditLogger.info(...).catch is not a function","level":"warn","message":"Could not log startup audit","timestamp":"2026-02-08 07:48:45"}
{"errors":["Role 28: Permission undefined not found in REPORT","Role 28: Permission undefined not found in REPORT","Role 38: Permission undefined not found in VAULT"],"level":"warn","message":"Permission validation errors","timestamp":"2026-02-08 07:48:45"}
{"level":"info","logDir":"logs","message":"🚀 Winston logger initialized","nodeVersion":"v24.13.0","platform":"win32","timestamp":"2026-02-08 07:52:33"}
{"errors":["Role 28: Permission undefined not found in REPORT","Role 28: Permission undefined not found in REPORT","Role 38: Permission undefined not found in VAULT"],"level":"warn","message":"Permission validation errors","timestamp":"2026-02-08 07:52:35"}
{"level":"info","message":"Server time initialized (WAT): 2026-02-08T16:52:35.788Z","timestamp":"2026-02-08 07:52:35"}
{"error":"auditLogger.info(...).catch is not a function","level":"warn","message":"Could not log startup audit","timestamp":"2026-02-08 07:52:35"}
{"errors":["Role 28: Permission undefined not found in REPORT","Role 28: Permission undefined not found in REPORT","Role 38: Permission undefined not found in VAULT"],"level":"warn","message":"Permission validation errors","timestamp":"2026-02-08 07:52:35"}
{"level":"info","logDir":"logs","message":"🚀 Winston logger initialized","nodeVersion":"v24.13.0","platform":"win32","timestamp":"2026-02-08 07:55:36"}
{"errors":["Role 28: Permission undefined not found in REPORT","Role 28: Permission undefined not found in REPORT","Role 38: Permission undefined not found in VAULT"],"level":"warn","message":"Permission validation errors","timestamp":"2026-02-08 07:55:37"}
{"level":"info","message":"Server time initialized (WAT): 2026-02-08T16:55:38.362Z","timestamp":"2026-02-08 07:55:38"}
{"error":"auditLogger.info(...).catch is not a function","level":"warn","message":"Could not log startup audit","timestamp":"2026-02-08 07:55:38"}
{"errors":["Role 28: Permission undefined not found in REPORT","Role 28: Permission undefined not found in REPORT","Role 38: Permission undefined not found in VAULT"],"level":"warn","message":"Permission validation errors","timestamp":"2026-02-08 07:55:38"}
{"level":"info","logDir":"logs","message":"🚀 Winston logger initialized","nodeVersion":"v24.13.0","platform":"win32","timestamp":"2026-02-08 07:59:50"}
{"errors":["Role 28: Permission undefined not found in REPORT","Role 28: Permission undefined not found in REPORT","Role 38: Permission undefined not found in VAULT"],"level":"warn","message":"Permission validation errors","timestamp":"2026-02-08 07:59:51"}
{"level":"info","message":"Server time initialized (WAT): 2026-02-08T16:59:52.102Z","timestamp":"2026-02-08 07:59:52"}
{"error":"auditLogger.info(...).catch is not a function","level":"warn","message":"Could not log startup audit","timestamp":"2026-02-08 07:59:52"}
{"errors":["Role 28: Permission undefined not found in REPORT","Role 28: Permission undefined not found in REPORT","Role 38: Permission undefined not found in VAULT"],"level":"warn","message":"Permission validation errors","timestamp":"2026-02-08 07:59:52"}
{"level":"info","logDir":"logs","message":"🚀 Winston logger initialized","nodeVersion":"v24.13.0","platform":"win32","timestamp":"2026-02-08 08:16:22"}
{"errors":["Role 28: Permission undefined not found in REPORT","Role 28: Permission undefined not found in REPORT","Role 38: Permission undefined not found in VAULT"],"level":"warn","message":"Permission validation errors","timestamp":"2026-02-08 08:16:24"}
{"level":"info","message":"Server time initialized (WAT): 2026-02-08T17:16:25.667Z","timestamp":"2026-02-08 08:16:25"}
{"error":"auditLogger.info(...).catch is not a function","level":"warn","message":"Could not log startup audit","timestamp":"2026-02-08 08:16:25"}
{"errors":["Role 28: Permission undefined not found in REPORT","Role 28: Permission undefined not found in REPORT","Role 38: Permission undefined not found in VAULT"],"level":"warn","message":"Permission validation errors","timestamp":"2026-02-08 08:16:25"}
{"level":"info","logDir":"logs","message":"🚀 Winston logger initialized","nodeVersion":"v24.13.0","platform":"win32","timestamp":"2026-02-08 08:28:42"}
{"errors":["Role 28: Permission undefined not found in REPORT","Role 28: Permission undefined not found in REPORT","Role 38: Permission undefined not found in VAULT"],"level":"warn","message":"Permission validation errors","timestamp":"2026-02-08 08:28:51"}
{"level":"info","message":"Server time initialized (WAT): 2026-02-08T17:28:55.112Z","timestamp":"2026-02-08 08:28:55"}
{"error":"auditLogger.info(...).catch is not a function","level":"warn","message":"Could not log startup audit","timestamp":"2026-02-08 08:28:55"}
{"errors":["Role 28: Permission undefined not found in REPORT","Role 28: Permission undefined not found in REPORT","Role 38: Permission undefined not found in VAULT"],"level":"warn","message":"Permission validation errors","timestamp":"2026-02-08 08:28:55"}
{"level":"info","logDir":"logs","message":"🚀 Winston logger initialized","nodeVersion":"v24.13.0","platform":"win32","timestamp":"2026-02-08 08:33:30"}
{"errors":["Role 28: Permission undefined not found in REPORT","Role 28: Permission undefined not found in REPORT","Role 38: Permission undefined not found in VAULT"],"level":"warn","message":"Permission validation errors","timestamp":"2026-02-08 08:33:36"}
{"level":"info","message":"Server time initialized (WAT): 2026-02-08T17:33:39.436Z","timestamp":"2026-02-08 08:33:39"}
{"error":"auditLogger.info(...).catch is not a function","level":"warn","message":"Could not log startup audit","timestamp":"2026-02-08 08:33:39"}
{"errors":["Role 28: Permission undefined not found in REPORT","Role 28: Permission undefined not found in REPORT","Role 38: Permission undefined not found in VAULT"],"level":"warn","message":"Permission validation errors","timestamp":"2026-02-08 08:33:39"}
{"level":"info","logDir":"logs","message":"🚀 Winston logger initialized","nodeVersion":"v24.13.0","platform":"win32","timestamp":"2026-02-08 08:40:33"}
{"errors":["Role 28: Permission undefined not found in REPORT","Role 28: Permission undefined not found in REPORT","Role 38: Permission undefined not found in VAULT"],"level":"warn","message":"Permission validation errors","timestamp":"2026-02-08 08:40:36"}
{"level":"info","message":"Server time initialized (WAT): 2026-02-08T17:40:38.333Z","timestamp":"2026-02-08 08:40:38"}
{"error":"auditLogger.info(...).catch is not a function","level":"warn","message":"Could not log startup audit","timestamp":"2026-02-08 08:40:38"}
{"errors":["Role 28: Permission undefined not found in REPORT","Role 28: Permission undefined not found in REPORT","Role 38: Permission undefined not found in VAULT"],"level":"warn","message":"Permission validation errors","timestamp":"2026-02-08 08:40:38"}
{"level":"info","logDir":"logs","message":"🚀 Winston logger initialized","nodeVersion":"v24.13.0","platform":"win32","timestamp":"2026-02-08 09:14:08"}
{"errors":["Role 28: Permission undefined not found in REPORT","Role 28: Permission undefined not found in REPORT","Role 38: Permission undefined not found in VAULT"],"level":"warn","message":"Permission validation errors","timestamp":"2026-02-08 09:14:18"}
{"level":"info","message":"Server time initialized (WAT): 2026-02-08T18:14:22.042Z","timestamp":"2026-02-08 09:14:22"}
{"error":"auditLogger.info(...).catch is not a function","level":"warn","message":"Could not log startup audit","timestamp":"2026-02-08 09:14:22"}
{"errors":["Role 28: Permission undefined not found in REPORT","Role 28: Permission undefined not found in REPORT","Role 38: Permission undefined not found in VAULT"],"level":"warn","message":"Permission validation errors","timestamp":"2026-02-08 09:14:22"}
{"level":"info","logDir":"logs","message":"🚀 Winston logger initialized","nodeVersion":"v24.13.0","platform":"win32","timestamp":"2026-02-08 09:32:56"}
{"errors":["Role 28: Permission undefined not found in REPORT","Role 28: Permission undefined not found in REPORT","Role 38: Permission undefined not found in VAULT"],"level":"warn","message":"Permission validation errors","timestamp":"2026-02-08 09:33:02"}
{"level":"info","message":"Server time initialized (WAT): 2026-02-08T18:33:04.512Z","timestamp":"2026-02-08 09:33:04"}
{"error":"auditLogger.info(...).catch is not a function","level":"warn","message":"Could not log startup audit","timestamp":"2026-02-08 09:33:04"}
{"errors":["Role 28: Permission undefined not found in REPORT","Role 28: Permission undefined not found in REPORT","Role 38: Permission undefined not found in VAULT"],"level":"warn","message":"Permission validation errors","timestamp":"2026-02-08 09:33:04"}
{"level":"info","logDir":"logs","message":"🚀 Winston logger initialized","nodeVersion":"v24.13.0","platform":"win32","timestamp":"2026-02-08 09:44:28"}
{"errors":["Role 28: Permission undefined not found in REPORT","Role 28: Permission undefined not found in REPORT","Role 38: Permission undefined not found in VAULT"],"level":"warn","message":"Permission validation errors","timestamp":"2026-02-08 09:44:31"}
{"level":"info","message":"Server time initialized (WAT): 2026-02-08T18:44:32.653Z","timestamp":"2026-02-08 09:44:32"}
{"error":"auditLogger.info(...).catch is not a function","level":"warn","message":"Could not log startup audit","timestamp":"2026-02-08 09:44:32"}
{"errors":["Role 28: Permission undefined not found in REPORT","Role 28: Permission undefined not found in REPORT","Role 38: Permission undefined not found in VAULT"],"level":"warn","message":"Permission validation errors","timestamp":"2026-02-08 09:44:32"}
{"level":"info","logDir":"logs","message":"🚀 Winston logger initialized","nodeVersion":"v24.13.0","platform":"win32","timestamp":"2026-02-08 10:05:18"}
{"errors":["Role 28: Permission undefined not found in REPORT","Role 28: Permission undefined not found in REPORT","Role 38: Permission undefined not found in VAULT"],"level":"warn","message":"Permission validation errors","timestamp":"2026-02-08 10:05:21"}
{"level":"info","message":"Server time initialized (WAT): 2026-02-08T19:05:22.591Z","timestamp":"2026-02-08 10:05:22"}
{"error":"auditLogger.info(...).catch is not a function","level":"warn","message":"Could not log startup audit","timestamp":"2026-02-08 10:05:22"}
{"errors":["Role 28: Permission undefined not found in REPORT","Role 28: Permission undefined not found in REPORT","Role 38: Permission undefined not found in VAULT"],"level":"warn","message":"Permission validation errors","timestamp":"2026-02-08 10:05:22"}
{"level":"info","logDir":"logs","message":"🚀 Winston logger initialized","nodeVersion":"v24.13.0","platform":"win32","timestamp":"2026-02-08 10:37:12"}
{"errors":["Role 28: Permission undefined not found in REPORT","Role 28: Permission undefined not found in REPORT","Role 38: Permission undefined not found in VAULT"],"level":"warn","message":"Permission validation errors","timestamp":"2026-02-08 10:37:22"}
{"level":"info","message":"Server time initialized (WAT): 2026-02-08T19:37:29.121Z","timestamp":"2026-02-08 10:37:29"}
{"error":"auditLogger.info(...).catch is not a function","level":"warn","message":"Could not log startup audit","timestamp":"2026-02-08 10:37:29"}
{"errors":["Role 28: Permission undefined not found in REPORT","Role 28: Permission undefined not found in REPORT","Role 38: Permission undefined not found in VAULT"],"level":"warn","message":"Permission validation errors","timestamp":"2026-02-08 10:37:29"}
{"level":"info","logDir":"logs","message":"🚀 Winston logger initialized","nodeVersion":"v24.13.0","platform":"win32","timestamp":"2026-02-08 10:42:11"}
{"errors":["Role 28: Permission undefined not found in REPORT","Role 28: Permission undefined not found in REPORT","Role 38: Permission undefined not found in VAULT"],"level":"warn","message":"Permission validation errors","timestamp":"2026-02-08 10:42:14"}
{"level":"info","message":"Server time initialized (WAT): 2026-02-08T19:42:15.649Z","timestamp":"2026-02-08 10:42:15"}
{"error":"auditLogger.info(...).catch is not a function","level":"warn","message":"Could not log startup audit","timestamp":"2026-02-08 10:42:15"}
{"errors":["Role 28: Permission undefined not found in REPORT","Role 28: Permission undefined not found in REPORT","Role 38: Permission undefined not found in VAULT"],"level":"warn","message":"Permission validation errors","timestamp":"2026-02-08 10:42:15"}
{"level":"info","logDir":"logs","message":"🚀 Winston logger initialized","nodeVersion":"v24.13.0","platform":"win32","timestamp":"2026-02-08 10:44:21"}
{"errors":["Role 28: Permission undefined not found in REPORT","Role 28: Permission undefined not found in REPORT","Role 38: Permission undefined not found in VAULT"],"level":"warn","message":"Permission validation errors","timestamp":"2026-02-08 10:44:23"}
{"level":"info","message":"Server time initialized (WAT): 2026-02-08T19:44:25.142Z","timestamp":"2026-02-08 10:44:25"}
{"error":"auditLogger.info(...).catch is not a function","level":"warn","message":"Could not log startup audit","timestamp":"2026-02-08 10:44:25"}
{"errors":["Role 28: Permission undefined not found in REPORT","Role 28: Permission undefined not found in REPORT","Role 38: Permission undefined not found in VAULT"],"level":"warn","message":"Permission validation errors","timestamp":"2026-02-08 10:44:25"}
{"level":"info","logDir":"logs","message":"🚀 Winston logger initialized","nodeVersion":"v24.13.0","platform":"win32","timestamp":"2026-02-08 10:47:28"}
{"errors":["Role 28: Permission undefined not found in REPORT","Role 28: Permission undefined not found in REPORT","Role 38: Permission undefined not found in VAULT"],"level":"warn","message":"Permission validation errors","timestamp":"2026-02-08 10:47:30"}
{"level":"info","message":"Server time initialized (WAT): 2026-02-08T19:47:31.050Z","timestamp":"2026-02-08 10:47:31"}
{"error":"auditLogger.info(...).catch is not a function","level":"warn","message":"Could not log startup audit","timestamp":"2026-02-08 10:47:31"}
{"errors":["Role 28: Permission undefined not found in REPORT","Role 28: Permission undefined not found in REPORT","Role 38: Permission undefined not found in VAULT"],"level":"warn","message":"Permission validation errors","timestamp":"2026-02-08 10:47:31"}
{"level":"info","logDir":"logs","message":"🚀 Winston logger initialized","nodeVersion":"v24.13.0","platform":"win32","timestamp":"2026-02-08 10:49:19"}
{"errors":["Role 28: Permission undefined not found in REPORT","Role 28: Permission undefined not found in REPORT","Role 38: Permission undefined not found in VAULT"],"level":"warn","message":"Permission validation errors","timestamp":"2026-02-08 10:49:20"}
{"level":"info","message":"Server time initialized (WAT): 2026-02-08T19:49:21.265Z","timestamp":"2026-02-08 10:49:21"}
{"error":"auditLogger.info(...).catch is not a function","level":"warn","message":"Could not log startup audit","timestamp":"2026-02-08 10:49:21"}
{"errors":["Role 28: Permission undefined not found in REPORT","Role 28: Permission undefined not found in REPORT","Role 38: Permission undefined not found in VAULT"],"level":"warn","message":"Permission validation errors","timestamp":"2026-02-08 10:49:21"}
{"level":"info","message":"📅 Getting current business date...","timestamp":"2026-02-08 11:13:45"}
{"count":0,"level":"info","limit":10,"message":"Fetched organizations","page":1,"timestamp":"2026-02-08 11:13:45","totalCount":0}
{"count":0,"level":"info","limit":10,"message":"Fetched organizations","page":1,"timestamp":"2026-02-08 11:13:45","totalCount":0}
{"level":"info","message":"📅 Getting current business date...","timestamp":"2026-02-08 11:13:46"}
{"hasRefreshToken":false,"ipAddress":"127.0.0.1","level":"info","logoutTime":"2026-02-08T19:13:52.951Z","message":"Authenticated user logged out","timestamp":"2026-02-08 11:13:52","userAgent":"Mozilla/5.0 (Windows NT 10.0; Win64; x64) AppleWebKit/537.36 (KHTML, like Gecko) Chrome/144.0.0.0 Safari/537.36 Edg/144.0.0.0","userId":6,"username":"PCO03"}
{"hasRefreshToken":false,"ipAddress":"127.0.0.1","level":"info","logoutTime":"2026-02-08T19:13:53.085Z","message":"Authenticated user logged out","timestamp":"2026-02-08 11:13:53","userAgent":"Mozilla/5.0 (Windows NT 10.0; Win64; x64) AppleWebKit/537.36 (KHTML, like Gecko) Chrome/144.0.0.0 Safari/537.36 Edg/144.0.0.0","userId":6,"username":"PCO03"}
{"count":0,"level":"info","limit":10,"message":"Fetched organizations","page":1,"timestamp":"2026-02-08 11:13:58","totalCount":0}
{"level":"info","message":"📅 Getting current business date...","timestamp":"2026-02-08 11:13:58"}
{"count":0,"level":"info","limit":10,"message":"Fetched organizations","page":1,"timestamp":"2026-02-08 11:13:59","totalCount":0}
{"level":"info","message":"📅 Getting current business date...","timestamp":"2026-02-08 11:13:59"}
{"count":0,"level":"info","limit":10,"message":"Fetched organizations","page":1,"timestamp":"2026-02-08 11:13:59","totalCount":0}
{"level":"info","message":"📅 Getting current business date...","timestamp":"2026-02-08 11:13:59"}
{"count":0,"level":"info","limit":10,"message":"Fetched organizations","page":1,"timestamp":"2026-02-08 11:13:59","totalCount":0}
{"level":"info","message":"📅 Getting current business date...","timestamp":"2026-02-08 11:13:59"}
{"level":"info","message":"📅 Getting current business date...","timestamp":"2026-02-08 11:20:51"}
{"count":0,"level":"info","limit":10,"message":"Fetched organizations","page":1,"timestamp":"2026-02-08 11:20:51","totalCount":0}
{"level":"info","message":"📅 Getting current business date...","timestamp":"2026-02-08 11:20:51"}
{"count":0,"level":"info","limit":10,"message":"Fetched organizations","page":1,"timestamp":"2026-02-08 11:20:51","totalCount":0}
{"hasRefreshToken":false,"ipAddress":"127.0.0.1","level":"info","logoutTime":"2026-02-08T19:21:00.254Z","message":"Authenticated user logged out","timestamp":"2026-02-08 11:21:00","userAgent":"Mozilla/5.0 (Windows NT 10.0; Win64; x64) AppleWebKit/537.36 (KHTML, like Gecko) Chrome/144.0.0.0 Safari/537.36 Edg/144.0.0.0","userId":6,"username":"PCO03"}
{"hasRefreshToken":false,"ipAddress":"127.0.0.1","level":"info","logoutTime":"2026-02-08T19:21:00.264Z","message":"Authenticated user logged out","timestamp":"2026-02-08 11:21:00","userAgent":"Mozilla/5.0 (Windows NT 10.0; Win64; x64) AppleWebKit/537.36 (KHTML, like Gecko) Chrome/144.0.0.0 Safari/537.36 Edg/144.0.0.0","userId":6,"username":"PCO03"}
{"level":"info","message":"📅 Getting current business date...","timestamp":"2026-02-08 11:21:05"}
{"count":0,"level":"info","limit":10,"message":"Fetched organizations","page":1,"timestamp":"2026-02-08 11:21:05","totalCount":0}
{"count":0,"level":"info","limit":10,"message":"Fetched organizations","page":1,"timestamp":"2026-02-08 11:21:05","totalCount":0}
{"level":"info","message":"📅 Getting current business date...","timestamp":"2026-02-08 11:21:05"}
{"level":"info","message":"📅 Getting current business date...","timestamp":"2026-02-08 11:21:05"}
{"count":0,"level":"info","limit":10,"message":"Fetched organizations","page":1,"timestamp":"2026-02-08 11:21:05","totalCount":0}
{"count":0,"level":"info","limit":10,"message":"Fetched organizations","page":1,"timestamp":"2026-02-08 11:21:05","totalCount":0}
{"level":"info","message":"📅 Getting current business date...","timestamp":"2026-02-08 11:21:05"}
