{"level":"info","logDir":"logs","message":"🚀 Winston logger initialized","nodeVersion":"v24.13.0","platform":"win32","timestamp":"2026-03-04 06:31:46"}
{"errors":["Role 19: Permission undefined not found in APPROVAL","Role 19: Permission undefined not found in DASHBOARD","Role 19: Permission undefined not found in REPORT","Role 19: Permission undefined not found in QUEUE","Role 19: Permission undefined not found in NOTIFICATION","Role 19: Permission undefined not found in AUDIT","Role 20: Permission undefined not found in APPROVAL","Role 20: Permission undefined not found in DASHBOARD","Role 20: Permission undefined not found in REPORT","Role 20: Permission undefined not found in QUEUE","Role 20: Permission undefined not found in NOTIFICATION","Role 28: Permission undefined not found in DASHBOARD","Role 28: Permission undefined not found in REPORT","Role 28: Permission undefined not found in REPORT","Role 28: Permission undefined not found in REPORT","Role 33: Permission undefined not found in ANALYTICS","Role 34: Permission undefined not found in RISK","Role 38: Permission undefined not found in VAULT"],"level":"warn","message":"Permission validation errors","timestamp":"2026-03-04 06:31:46"}
{"level":"info","message":"📅 Getting current business date...","timestamp":"2026-03-04 06:31:58"}
{"count":0,"level":"info","limit":10,"message":"Fetched organizations","page":1,"timestamp":"2026-03-04 06:31:58","totalCount":0}
{"count":0,"level":"info","limit":10,"message":"Fetched organizations","page":1,"timestamp":"2026-03-04 06:31:58","totalCount":0}
{"level":"info","message":"📅 Getting current business date...","timestamp":"2026-03-04 06:31:58"}
{"level":"info","message":"📅 Getting current business date...","timestamp":"2026-03-04 06:32:39"}
{"count":0,"level":"info","limit":10,"message":"Fetched organizations","page":1,"timestamp":"2026-03-04 06:32:39","totalCount":0}
{"level":"info","message":"📅 Getting current business date...","timestamp":"2026-03-04 06:32:39"}
{"count":0,"level":"info","limit":10,"message":"Fetched organizations","page":1,"timestamp":"2026-03-04 06:32:39","totalCount":0}
{"level":"debug","message":"Fetching all branches","timestamp":"2026-03-04 06:32:46"}
{"count":3,"level":"debug","message":"All branches fetched successfully","timestamp":"2026-03-04 06:32:51"}
{"level":"debug","message":"Fetching all branches","timestamp":"2026-03-04 06:32:51"}
{"count":3,"level":"debug","message":"All branches fetched successfully","timestamp":"2026-03-04 06:32:51"}
{"level":"debug","message":"Fetching all branches","timestamp":"2026-03-04 06:59:17"}
{"count":3,"level":"debug","message":"All branches fetched successfully","timestamp":"2026-03-04 06:59:17"}
{"level":"debug","message":"Fetching all branches","timestamp":"2026-03-04 06:59:17"}
{"count":3,"level":"debug","message":"All branches fetched successfully","timestamp":"2026-03-04 06:59:17"}
{"level":"debug","message":"Fetching all branches","timestamp":"2026-03-04 07:04:44"}
{"count":3,"level":"debug","message":"All branches fetched successfully","timestamp":"2026-03-04 07:04:44"}
{"level":"debug","message":"Fetching all branches","timestamp":"2026-03-04 07:09:04"}
{"count":3,"level":"debug","message":"All branches fetched successfully","timestamp":"2026-03-04 07:09:05"}
{"level":"debug","message":"Fetching all branches","timestamp":"2026-03-04 07:11:20"}
{"count":3,"level":"debug","message":"All branches fetched successfully","timestamp":"2026-03-04 07:11:20"}
{"level":"debug","message":"Fetching all branches","timestamp":"2026-03-04 07:15:22"}
{"count":3,"level":"debug","message":"All branches fetched successfully","timestamp":"2026-03-04 07:15:22"}
{"level":"debug","message":"Fetching all branches","timestamp":"2026-03-04 07:16:20"}
{"count":3,"level":"debug","message":"All branches fetched successfully","timestamp":"2026-03-04 07:16:20"}
{"count":0,"level":"info","limit":10,"message":"Fetched organizations","page":1,"timestamp":"2026-03-04 07:16:50","totalCount":0}
{"level":"info","message":"📅 Getting current business date...","timestamp":"2026-03-04 07:16:50"}
{"count":0,"level":"info","limit":10,"message":"Fetched organizations","page":1,"timestamp":"2026-03-04 07:16:50","totalCount":0}
{"level":"info","message":"📅 Getting current business date...","timestamp":"2026-03-04 07:16:50"}
{"level":"debug","message":"Fetching all branches","timestamp":"2026-03-04 07:16:52"}
{"count":3,"level":"debug","message":"All branches fetched successfully","timestamp":"2026-03-04 07:16:52"}
{"level":"debug","message":"Fetching all branches","timestamp":"2026-03-04 07:16:52"}
{"count":3,"level":"debug","message":"All branches fetched successfully","timestamp":"2026-03-04 07:16:52"}
{"level":"debug","message":"Fetching all branches","timestamp":"2026-03-04 07:31:12"}
{"count":3,"level":"debug","message":"All branches fetched successfully","timestamp":"2026-03-04 07:31:12"}
{"level":"debug","message":"Fetching all branches","timestamp":"2026-03-04 07:34:48"}
{"count":3,"level":"debug","message":"All branches fetched successfully","timestamp":"2026-03-04 07:34:48"}
{"level":"debug","message":"Fetching all branches","timestamp":"2026-03-04 07:37:43"}
{"count":3,"level":"debug","message":"All branches fetched successfully","timestamp":"2026-03-04 07:37:43"}
{"level":"info","message":"📅 Getting current business date...","timestamp":"2026-03-04 07:45:44"}
{"count":0,"level":"info","limit":10,"message":"Fetched organizations","page":1,"timestamp":"2026-03-04 07:45:44","totalCount":0}
{"count":0,"level":"info","limit":10,"message":"Fetched organizations","page":1,"timestamp":"2026-03-04 07:45:44","totalCount":0}
{"level":"info","message":"📅 Getting current business date...","timestamp":"2026-03-04 07:45:44"}
{"level":"debug","message":"Fetching all branches","timestamp":"2026-03-04 07:45:47"}
{"count":3,"level":"debug","message":"All branches fetched successfully","timestamp":"2026-03-04 07:45:47"}
{"level":"debug","message":"Fetching all branches","timestamp":"2026-03-04 07:45:47"}
{"count":3,"level":"debug","message":"All branches fetched successfully","timestamp":"2026-03-04 07:45:47"}
{"level":"debug","message":"Fetching all branches","timestamp":"2026-03-04 07:47:37"}
{"count":3,"level":"debug","message":"All branches fetched successfully","timestamp":"2026-03-04 07:47:37"}
{"level":"debug","message":"Fetching all branches","timestamp":"2026-03-04 07:47:37"}
{"count":3,"level":"debug","message":"All branches fetched successfully","timestamp":"2026-03-04 07:47:37"}
{"level":"debug","message":"Fetching all branches","timestamp":"2026-03-04 07:47:37"}
{"count":3,"level":"debug","message":"All branches fetched successfully","timestamp":"2026-03-04 07:47:37"}
{"level":"debug","message":"Fetching all branches","timestamp":"2026-03-04 07:47:37"}
{"count":3,"level":"debug","message":"All branches fetched successfully","timestamp":"2026-03-04 07:47:37"}
{"level":"debug","message":"Fetching all branches","timestamp":"2026-03-04 07:48:00"}
{"count":3,"level":"debug","message":"All branches fetched successfully","timestamp":"2026-03-04 07:48:00"}
{"level":"debug","message":"Fetching all branches","timestamp":"2026-03-04 07:48:00"}
{"count":3,"level":"debug","message":"All branches fetched successfully","timestamp":"2026-03-04 07:48:00"}
{"level":"debug","message":"Fetching all branches","timestamp":"2026-03-04 07:54:58"}
{"count":3,"level":"debug","message":"All branches fetched successfully","timestamp":"2026-03-04 07:54:58"}
{"level":"debug","message":"Fetching all branches","timestamp":"2026-03-04 07:55:45"}
{"count":3,"level":"debug","message":"All branches fetched successfully","timestamp":"2026-03-04 07:55:45"}
{"level":"info","message":"📅 Getting current business date...","timestamp":"2026-03-04 07:58:08"}
{"count":0,"level":"info","limit":10,"message":"Fetched organizations","page":1,"timestamp":"2026-03-04 07:58:08","totalCount":0}
{"count":0,"level":"info","limit":10,"message":"Fetched organizations","page":1,"timestamp":"2026-03-04 07:58:08","totalCount":0}
{"level":"info","message":"📅 Getting current business date...","timestamp":"2026-03-04 07:58:08"}
{"level":"debug","message":"Fetching all branches","timestamp":"2026-03-04 07:58:09"}
{"count":3,"level":"debug","message":"All branches fetched successfully","timestamp":"2026-03-04 07:58:10"}
{"level":"debug","message":"Fetching all branches","timestamp":"2026-03-04 07:58:10"}
{"count":3,"level":"debug","message":"All branches fetched successfully","timestamp":"2026-03-04 07:58:10"}
{"level":"debug","message":"Fetching all branches","timestamp":"2026-03-04 08:12:11"}
{"count":3,"level":"debug","message":"All branches fetched successfully","timestamp":"2026-03-04 08:12:11"}
{"level":"debug","message":"Fetching all branches","timestamp":"2026-03-04 08:12:11"}
{"count":3,"level":"debug","message":"All branches fetched successfully","timestamp":"2026-03-04 08:12:11"}
{"level":"debug","message":"Fetching all branches","timestamp":"2026-03-04 08:12:11"}
{"count":3,"level":"debug","message":"All branches fetched successfully","timestamp":"2026-03-04 08:12:11"}
{"level":"debug","message":"Fetching all branches","timestamp":"2026-03-04 08:12:11"}
{"count":3,"level":"debug","message":"All branches fetched successfully","timestamp":"2026-03-04 08:12:11"}
{"level":"debug","message":"Fetching all branches","timestamp":"2026-03-04 08:12:46"}
{"count":3,"level":"debug","message":"All branches fetched successfully","timestamp":"2026-03-04 08:12:46"}
{"level":"debug","message":"Fetching all branches","timestamp":"2026-03-04 08:12:46"}
{"count":3,"level":"debug","message":"All branches fetched successfully","timestamp":"2026-03-04 08:12:46"}
{"level":"debug","message":"Fetching all branches","timestamp":"2026-03-04 08:13:10"}
{"count":3,"level":"debug","message":"All branches fetched successfully","timestamp":"2026-03-04 08:13:10"}
{"level":"debug","message":"Fetching all branches","timestamp":"2026-03-04 08:13:10"}
{"count":3,"level":"debug","message":"All branches fetched successfully","timestamp":"2026-03-04 08:13:10"}
{"level":"debug","message":"Fetching all branches","timestamp":"2026-03-04 08:21:37"}
{"count":3,"level":"debug","message":"All branches fetched successfully","timestamp":"2026-03-04 08:21:37"}
{"level":"debug","message":"Fetching all branches","timestamp":"2026-03-04 08:23:16"}
{"count":3,"level":"debug","message":"All branches fetched successfully","timestamp":"2026-03-04 08:23:16"}
{"level":"debug","message":"Fetching all branches","timestamp":"2026-03-04 08:23:16"}
{"count":3,"level":"debug","message":"All branches fetched successfully","timestamp":"2026-03-04 08:23:16"}
{"level":"info","message":"📅 Getting current business date...","timestamp":"2026-03-04 08:29:12"}
{"count":0,"level":"info","limit":10,"message":"Fetched organizations","page":1,"timestamp":"2026-03-04 08:29:12","totalCount":0}
{"count":0,"level":"info","limit":10,"message":"Fetched organizations","page":1,"timestamp":"2026-03-04 08:29:12","totalCount":0}
{"level":"info","message":"📅 Getting current business date...","timestamp":"2026-03-04 08:29:12"}
{"level":"debug","message":"Fetching all branches","timestamp":"2026-03-04 08:29:15"}
{"count":3,"level":"debug","message":"All branches fetched successfully","timestamp":"2026-03-04 08:29:15"}
{"level":"debug","message":"Fetching all branches","timestamp":"2026-03-04 08:29:15"}
{"count":3,"level":"debug","message":"All branches fetched successfully","timestamp":"2026-03-04 08:29:15"}
{"level":"info","message":"📅 Getting current business date...","timestamp":"2026-03-04 08:40:05"}
{"count":0,"level":"info","limit":10,"message":"Fetched organizations","page":1,"timestamp":"2026-03-04 08:40:05","totalCount":0}
{"count":0,"level":"info","limit":10,"message":"Fetched organizations","page":1,"timestamp":"2026-03-04 08:40:05","totalCount":0}
{"level":"info","message":"📅 Getting current business date...","timestamp":"2026-03-04 08:40:05"}
{"level":"debug","message":"Fetching all branches","timestamp":"2026-03-04 08:40:06"}
{"count":3,"level":"debug","message":"All branches fetched successfully","timestamp":"2026-03-04 08:40:06"}
{"level":"debug","message":"Fetching all branches","timestamp":"2026-03-04 08:40:06"}
{"count":3,"level":"debug","message":"All branches fetched successfully","timestamp":"2026-03-04 08:40:06"}
{"level":"info","message":"📅 Getting current business date...","timestamp":"2026-03-04 08:43:46"}
{"count":0,"level":"info","limit":10,"message":"Fetched organizations","page":1,"timestamp":"2026-03-04 08:43:46","totalCount":0}
{"count":0,"level":"info","limit":10,"message":"Fetched organizations","page":1,"timestamp":"2026-03-04 08:43:47","totalCount":0}
{"level":"info","message":"📅 Getting current business date...","timestamp":"2026-03-04 08:43:47"}
{"level":"info","logDir":"logs","message":"🚀 Winston logger initialized","nodeVersion":"v24.13.0","platform":"win32","timestamp":"2026-03-04 09:35:44"}
{"errors":["Role 19: Permission undefined not found in APPROVAL","Role 19: Permission undefined not found in DASHBOARD","Role 19: Permission undefined not found in REPORT","Role 19: Permission undefined not found in QUEUE","Role 19: Permission undefined not found in NOTIFICATION","Role 19: Permission undefined not found in AUDIT","Role 20: Permission undefined not found in APPROVAL","Role 20: Permission undefined not found in DASHBOARD","Role 20: Permission undefined not found in REPORT","Role 20: Permission undefined not found in QUEUE","Role 20: Permission undefined not found in NOTIFICATION","Role 28: Permission undefined not found in DASHBOARD","Role 28: Permission undefined not found in REPORT","Role 28: Permission undefined not found in REPORT","Role 28: Permission undefined not found in REPORT","Role 33: Permission undefined not found in ANALYTICS","Role 34: Permission undefined not found in RISK","Role 38: Permission undefined not found in VAULT"],"level":"warn","message":"Permission validation errors","timestamp":"2026-03-04 09:35:45"}
{"level":"info","logDir":"logs","message":"🚀 Winston logger initialized","nodeVersion":"v24.13.0","platform":"win32","timestamp":"2026-03-04 09:41:53"}
{"errors":["Role 19: Permission undefined not found in APPROVAL","Role 19: Permission undefined not found in DASHBOARD","Role 19: Permission undefined not found in REPORT","Role 19: Permission undefined not found in QUEUE","Role 19: Permission undefined not found in NOTIFICATION","Role 19: Permission undefined not found in AUDIT","Role 20: Permission undefined not found in APPROVAL","Role 20: Permission undefined not found in DASHBOARD","Role 20: Permission undefined not found in REPORT","Role 20: Permission undefined not found in QUEUE","Role 20: Permission undefined not found in NOTIFICATION","Role 28: Permission undefined not found in DASHBOARD","Role 28: Permission undefined not found in REPORT","Role 28: Permission undefined not found in REPORT","Role 28: Permission undefined not found in REPORT","Role 33: Permission undefined not found in ANALYTICS","Role 34: Permission undefined not found in RISK","Role 38: Permission undefined not found in VAULT"],"level":"warn","message":"Permission validation errors","timestamp":"2026-03-04 09:41:54"}
{"level":"info","logDir":"logs","message":"🚀 Winston logger initialized","nodeVersion":"v24.13.0","platform":"win32","timestamp":"2026-03-04 09:52:23"}
{"errors":["Role 19: Permission undefined not found in APPROVAL","Role 19: Permission undefined not found in DASHBOARD","Role 19: Permission undefined not found in REPORT","Role 19: Permission undefined not found in QUEUE","Role 19: Permission undefined not found in NOTIFICATION","Role 19: Permission undefined not found in AUDIT","Role 20: Permission undefined not found in APPROVAL","Role 20: Permission undefined not found in DASHBOARD","Role 20: Permission undefined not found in REPORT","Role 20: Permission undefined not found in QUEUE","Role 20: Permission undefined not found in NOTIFICATION","Role 28: Permission undefined not found in DASHBOARD","Role 28: Permission undefined not found in REPORT","Role 28: Permission undefined not found in REPORT","Role 28: Permission undefined not found in REPORT","Role 33: Permission undefined not found in ANALYTICS","Role 34: Permission undefined not found in RISK","Role 38: Permission undefined not found in VAULT"],"level":"warn","message":"Permission validation errors","timestamp":"2026-03-04 09:52:24"}
{"level":"info","logDir":"logs","message":"🚀 Winston logger initialized","nodeVersion":"v24.13.0","platform":"win32","timestamp":"2026-03-04 09:53:53"}
{"errors":["Role 19: Permission undefined not found in APPROVAL","Role 19: Permission undefined not found in DASHBOARD","Role 19: Permission undefined not found in REPORT","Role 19: Permission undefined not found in QUEUE","Role 19: Permission undefined not found in NOTIFICATION","Role 19: Permission undefined not found in AUDIT","Role 20: Permission undefined not found in APPROVAL","Role 20: Permission undefined not found in DASHBOARD","Role 20: Permission undefined not found in REPORT","Role 20: Permission undefined not found in QUEUE","Role 20: Permission undefined not found in NOTIFICATION","Role 28: Permission undefined not found in DASHBOARD","Role 28: Permission undefined not found in REPORT","Role 28: Permission undefined not found in REPORT","Role 28: Permission undefined not found in REPORT","Role 33: Permission undefined not found in ANALYTICS","Role 34: Permission undefined not found in RISK","Role 38: Permission undefined not found in VAULT"],"level":"warn","message":"Permission validation errors","timestamp":"2026-03-04 09:53:54"}
{"level":"info","message":"📅 Getting current business date...","timestamp":"2026-03-04 09:55:38"}
{"count":0,"level":"info","limit":10,"message":"Fetched organizations","page":1,"timestamp":"2026-03-04 09:55:38","totalCount":0}
{"count":0,"level":"info","limit":10,"message":"Fetched organizations","page":1,"timestamp":"2026-03-04 09:55:39","totalCount":0}
{"level":"info","message":"📅 Getting current business date...","timestamp":"2026-03-04 09:55:39"}
{"level":"info","logDir":"logs","message":"🚀 Winston logger initialized","nodeVersion":"v24.13.0","platform":"win32","timestamp":"2026-03-04 10:06:25"}
{"errors":["Role 19: Permission undefined not found in APPROVAL","Role 19: Permission undefined not found in DASHBOARD","Role 19: Permission undefined not found in REPORT","Role 19: Permission undefined not found in QUEUE","Role 19: Permission undefined not found in NOTIFICATION","Role 19: Permission undefined not found in AUDIT","Role 20: Permission undefined not found in APPROVAL","Role 20: Permission undefined not found in DASHBOARD","Role 20: Permission undefined not found in REPORT","Role 20: Permission undefined not found in QUEUE","Role 20: Permission undefined not found in NOTIFICATION","Role 28: Permission undefined not found in DASHBOARD","Role 28: Permission undefined not found in REPORT","Role 28: Permission undefined not found in REPORT","Role 28: Permission undefined not found in REPORT","Role 33: Permission undefined not found in ANALYTICS","Role 34: Permission undefined not found in RISK","Role 38: Permission undefined not found in VAULT"],"level":"warn","message":"Permission validation errors","timestamp":"2026-03-04 10:06:25"}
{"level":"info","logDir":"logs","message":"🚀 Winston logger initialized","nodeVersion":"v24.13.0","platform":"win32","timestamp":"2026-03-04 10:17:34"}
{"errors":["Role 19: Permission undefined not found in APPROVAL","Role 19: Permission undefined not found in DASHBOARD","Role 19: Permission undefined not found in REPORT","Role 19: Permission undefined not found in QUEUE","Role 19: Permission undefined not found in NOTIFICATION","Role 19: Permission undefined not found in AUDIT","Role 20: Permission undefined not found in APPROVAL","Role 20: Permission undefined not found in DASHBOARD","Role 20: Permission undefined not found in REPORT","Role 20: Permission undefined not found in QUEUE","Role 20: Permission undefined not found in NOTIFICATION","Role 28: Permission undefined not found in DASHBOARD","Role 28: Permission undefined not found in REPORT","Role 28: Permission undefined not found in REPORT","Role 28: Permission undefined not found in REPORT","Role 33: Permission undefined not found in ANALYTICS","Role 34: Permission undefined not found in RISK","Role 38: Permission undefined not found in VAULT"],"level":"warn","message":"Permission validation errors","timestamp":"2026-03-04 10:17:34"}
{"level":"info","logDir":"logs","message":"🚀 Winston logger initialized","nodeVersion":"v24.13.0","platform":"win32","timestamp":"2026-03-04 10:56:43"}
{"errors":["Role 19: Permission undefined not found in APPROVAL","Role 19: Permission undefined not found in DASHBOARD","Role 19: Permission undefined not found in REPORT","Role 19: Permission undefined not found in QUEUE","Role 19: Permission undefined not found in NOTIFICATION","Role 19: Permission undefined not found in AUDIT","Role 20: Permission undefined not found in APPROVAL","Role 20: Permission undefined not found in DASHBOARD","Role 20: Permission undefined not found in REPORT","Role 20: Permission undefined not found in QUEUE","Role 20: Permission undefined not found in NOTIFICATION","Role 28: Permission undefined not found in DASHBOARD","Role 28: Permission undefined not found in REPORT","Role 28: Permission undefined not found in REPORT","Role 28: Permission undefined not found in REPORT","Role 33: Permission undefined not found in ANALYTICS","Role 34: Permission undefined not found in RISK","Role 38: Permission undefined not found in VAULT"],"level":"warn","message":"Permission validation errors","timestamp":"2026-03-04 10:57:26"}
{"date":"Wed Mar 04 2026 11:01:26 GMT-0800 (Pacific Standard Time)","error":{},"level":"error","message":"unhandledRejection: Cannot read properties of undefined (reading 'transaction')\nTypeError: Cannot read properties of undefined (reading 'transaction')\n    at initializeDefaultSettings (file:///F:/WORKON/CODE/PCO_BANKING/EVOLUTION%20BANKING%20BACKEND/src/controllers/ThriftSettingsController.js:308:46)\n    at Layer.handle [as handle_request] (F:\\WORKON\\CODE\\PCO_BANKING\\EVOLUTION BANKING BACKEND\\node_modules\\express\\lib\\router\\layer.js:95:5)\n    at next (F:\\WORKON\\CODE\\PCO_BANKING\\EVOLUTION BANKING BACKEND\\node_modules\\express\\lib\\router\\route.js:149:13)\n    at Route.dispatch (F:\\WORKON\\CODE\\PCO_BANKING\\EVOLUTION BANKING BACKEND\\node_modules\\express\\lib\\router\\route.js:119:3)\n    at Layer.handle [as handle_request] (F:\\WORKON\\CODE\\PCO_BANKING\\EVOLUTION BANKING BACKEND\\node_modules\\express\\lib\\router\\layer.js:95:5)\n    at F:\\WORKON\\CODE\\PCO_BANKING\\EVOLUTION BANKING BACKEND\\node_modules\\express\\lib\\router\\index.js:284:15\n    at router.process_params (F:\\WORKON\\CODE\\PCO_BANKING\\EVOLUTION BANKING BACKEND\\node_modules\\express\\lib\\router\\index.js:346:12)\n    at next (F:\\WORKON\\CODE\\PCO_BANKING\\EVOLUTION BANKING BACKEND\\node_modules\\express\\lib\\router\\index.js:280:10)\n    at router.handle (F:\\WORKON\\CODE\\PCO_BANKING\\EVOLUTION BANKING BACKEND\\node_modules\\express\\lib\\router\\index.js:175:3)\n    at router (F:\\WORKON\\CODE\\PCO_BANKING\\EVOLUTION BANKING BACKEND\\node_modules\\express\\lib\\router\\index.js:47:12)","os":{"loadavg":[0,0,0],"uptime":172034.625},"process":{"argv":["C:\\Program Files\\nodejs\\node.exe","F:\\WORKON\\CODE\\PCO_BANKING\\EVOLUTION BANKING BACKEND\\server"],"cwd":"F:\\WORKON\\CODE\\PCO_BANKING\\EVOLUTION BANKING BACKEND","execPath":"C:\\Program Files\\nodejs\\node.exe","gid":null,"memoryUsage":{"arrayBuffers":63253,"external":3967473,"heapTotal":39354368,"heapUsed":38092224,"rss":89473024},"pid":25700,"uid":null,"version":"v24.13.0"},"rejection":true,"stack":"TypeError: Cannot read properties of undefined (reading 'transaction')\n    at initializeDefaultSettings (file:///F:/WORKON/CODE/PCO_BANKING/EVOLUTION%20BANKING%20BACKEND/src/controllers/ThriftSettingsController.js:308:46)\n    at Layer.handle [as handle_request] (F:\\WORKON\\CODE\\PCO_BANKING\\EVOLUTION BANKING BACKEND\\node_modules\\express\\lib\\router\\layer.js:95:5)\n    at next (F:\\WORKON\\CODE\\PCO_BANKING\\EVOLUTION BANKING BACKEND\\node_modules\\express\\lib\\router\\route.js:149:13)\n    at Route.dispatch (F:\\WORKON\\CODE\\PCO_BANKING\\EVOLUTION BANKING BACKEND\\node_modules\\express\\lib\\router\\route.js:119:3)\n    at Layer.handle [as handle_request] (F:\\WORKON\\CODE\\PCO_BANKING\\EVOLUTION BANKING BACKEND\\node_modules\\express\\lib\\router\\layer.js:95:5)\n    at F:\\WORKON\\CODE\\PCO_BANKING\\EVOLUTION BANKING BACKEND\\node_modules\\express\\lib\\router\\index.js:284:15\n    at router.process_params (F:\\WORKON\\CODE\\PCO_BANKING\\EVOLUTION BANKING BACKEND\\node_modules\\express\\lib\\router\\index.js:346:12)\n    at next (F:\\WORKON\\CODE\\PCO_BANKING\\EVOLUTION BANKING BACKEND\\node_modules\\express\\lib\\router\\index.js:280:10)\n    at router.handle (F:\\WORKON\\CODE\\PCO_BANKING\\EVOLUTION BANKING BACKEND\\node_modules\\express\\lib\\router\\index.js:175:3)\n    at router (F:\\WORKON\\CODE\\PCO_BANKING\\EVOLUTION BANKING BACKEND\\node_modules\\express\\lib\\router\\index.js:47:12)","timestamp":"2026-03-04 11:01:26","trace":[{"column":46,"file":"file:///F:/WORKON/CODE/PCO_BANKING/EVOLUTION%20BANKING%20BACKEND/src/controllers/ThriftSettingsController.js","function":"initializeDefaultSettings","line":308,"method":null,"native":false},{"column":5,"file":"F:\\WORKON\\CODE\\PCO_BANKING\\EVOLUTION BANKING BACKEND\\node_modules\\express\\lib\\router\\layer.js","function":"Layer.handle [as handle_request]","line":95,"method":"handle [as handle_request]","native":false},{"column":13,"file":"F:\\WORKON\\CODE\\PCO_BANKING\\EVOLUTION BANKING BACKEND\\node_modules\\express\\lib\\router\\route.js","function":"next","line":149,"method":null,"native":false},{"column":3,"file":"F:\\WORKON\\CODE\\PCO_BANKING\\EVOLUTION BANKING BACKEND\\node_modules\\express\\lib\\router\\route.js","function":"Route.dispatch","line":119,"method":"dispatch","native":false},{"column":5,"file":"F:\\WORKON\\CODE\\PCO_BANKING\\EVOLUTION BANKING BACKEND\\node_modules\\express\\lib\\router\\layer.js","function":"Layer.handle [as handle_request]","line":95,"method":"handle [as handle_request]","native":false},{"column":15,"file":"F:\\WORKON\\CODE\\PCO_BANKING\\EVOLUTION BANKING BACKEND\\node_modules\\express\\lib\\router\\index.js","function":null,"line":284,"method":null,"native":false},{"column":12,"file":"F:\\WORKON\\CODE\\PCO_BANKING\\EVOLUTION BANKING BACKEND\\node_modules\\express\\lib\\router\\index.js","function":"router.process_params","line":346,"method":"process_params","native":false},{"column":10,"file":"F:\\WORKON\\CODE\\PCO_BANKING\\EVOLUTION BANKING BACKEND\\node_modules\\express\\lib\\router\\index.js","function":"next","line":280,"method":null,"native":false},{"column":3,"file":"F:\\WORKON\\CODE\\PCO_BANKING\\EVOLUTION BANKING BACKEND\\node_modules\\express\\lib\\router\\index.js","function":"router.handle","line":175,"method":"handle","native":false},{"column":12,"file":"F:\\WORKON\\CODE\\PCO_BANKING\\EVOLUTION BANKING BACKEND\\node_modules\\express\\lib\\router\\index.js","function":"router","line":47,"method":null,"native":false}]}
{"level":"info","logDir":"logs","message":"🚀 Winston logger initialized","nodeVersion":"v24.13.0","platform":"win32","timestamp":"2026-03-04 11:15:37"}
{"level":"info","logDir":"logs","message":"🚀 Winston logger initialized","nodeVersion":"v24.13.0","platform":"win32","timestamp":"2026-03-04 11:18:17"}
{"level":"info","message":"✅ Initialized 4 default thrift settings","timestamp":"2026-03-04 11:18:34"}
{"errors":["Role 19: Permission undefined not found in APPROVAL","Role 19: Permission undefined not found in DASHBOARD","Role 19: Permission undefined not found in REPORT","Role 19: Permission undefined not found in QUEUE","Role 19: Permission undefined not found in NOTIFICATION","Role 19: Permission undefined not found in AUDIT","Role 20: Permission undefined not found in APPROVAL","Role 20: Permission undefined not found in DASHBOARD","Role 20: Permission undefined not found in REPORT","Role 20: Permission undefined not found in QUEUE","Role 20: Permission undefined not found in NOTIFICATION","Role 28: Permission undefined not found in DASHBOARD","Role 28: Permission undefined not found in REPORT","Role 28: Permission undefined not found in REPORT","Role 28: Permission undefined not found in REPORT","Role 33: Permission undefined not found in ANALYTICS","Role 34: Permission undefined not found in RISK","Role 38: Permission undefined not found in VAULT"],"level":"warn","message":"Permission validation errors","timestamp":"2026-03-04 11:20:18"}
{"level":"info","logDir":"logs","message":"🚀 Winston logger initialized","nodeVersion":"v24.13.0","platform":"win32","timestamp":"2026-03-04 11:27:55"}
{"errors":["Role 19: Permission undefined not found in APPROVAL","Role 19: Permission undefined not found in DASHBOARD","Role 19: Permission undefined not found in REPORT","Role 19: Permission undefined not found in QUEUE","Role 19: Permission undefined not found in NOTIFICATION","Role 19: Permission undefined not found in AUDIT","Role 20: Permission undefined not found in APPROVAL","Role 20: Permission undefined not found in DASHBOARD","Role 20: Permission undefined not found in REPORT","Role 20: Permission undefined not found in QUEUE","Role 20: Permission undefined not found in NOTIFICATION","Role 28: Permission undefined not found in DASHBOARD","Role 28: Permission undefined not found in REPORT","Role 28: Permission undefined not found in REPORT","Role 28: Permission undefined not found in REPORT","Role 33: Permission undefined not found in ANALYTICS","Role 34: Permission undefined not found in RISK","Role 38: Permission undefined not found in VAULT"],"level":"warn","message":"Permission validation errors","timestamp":"2026-03-04 11:28:25"}
{"level":"info","logDir":"logs","message":"🚀 Winston logger initialized","nodeVersion":"v24.13.0","platform":"win32","timestamp":"2026-03-04 11:30:36"}
{"errors":["Role 19: Permission undefined not found in APPROVAL","Role 19: Permission undefined not found in DASHBOARD","Role 19: Permission undefined not found in REPORT","Role 19: Permission undefined not found in QUEUE","Role 19: Permission undefined not found in NOTIFICATION","Role 19: Permission undefined not found in AUDIT","Role 20: Permission undefined not found in APPROVAL","Role 20: Permission undefined not found in DASHBOARD","Role 20: Permission undefined not found in REPORT","Role 20: Permission undefined not found in QUEUE","Role 20: Permission undefined not found in NOTIFICATION","Role 28: Permission undefined not found in DASHBOARD","Role 28: Permission undefined not found in REPORT","Role 28: Permission undefined not found in REPORT","Role 28: Permission undefined not found in REPORT","Role 33: Permission undefined not found in ANALYTICS","Role 34: Permission undefined not found in RISK","Role 38: Permission undefined not found in VAULT"],"level":"warn","message":"Permission validation errors","timestamp":"2026-03-04 11:31:01"}
{"level":"info","logDir":"logs","message":"🚀 Winston logger initialized","nodeVersion":"v24.13.0","platform":"win32","timestamp":"2026-03-04 11:32:54"}
{"level":"info","logDir":"logs","message":"🚀 Winston logger initialized","nodeVersion":"v24.13.0","platform":"win32","timestamp":"2026-03-04 11:34:40"}
{"errors":["Role 19: Permission undefined not found in APPROVAL","Role 19: Permission undefined not found in DASHBOARD","Role 19: Permission undefined not found in REPORT","Role 19: Permission undefined not found in QUEUE","Role 19: Permission undefined not found in NOTIFICATION","Role 19: Permission undefined not found in AUDIT","Role 20: Permission undefined not found in APPROVAL","Role 20: Permission undefined not found in DASHBOARD","Role 20: Permission undefined not found in REPORT","Role 20: Permission undefined not found in QUEUE","Role 20: Permission undefined not found in NOTIFICATION","Role 28: Permission undefined not found in DASHBOARD","Role 28: Permission undefined not found in REPORT","Role 28: Permission undefined not found in REPORT","Role 28: Permission undefined not found in REPORT","Role 33: Permission undefined not found in ANALYTICS","Role 34: Permission undefined not found in RISK","Role 38: Permission undefined not found in VAULT"],"level":"warn","message":"Permission validation errors","timestamp":"2026-03-04 11:35:42"}
{"level":"info","logDir":"logs","message":"🚀 Winston logger initialized","nodeVersion":"v24.13.0","platform":"win32","timestamp":"2026-03-04 11:44:04"}
{"level":"info","logDir":"logs","message":"🚀 Winston logger initialized","nodeVersion":"v24.13.0","platform":"win32","timestamp":"2026-03-04 11:46:06"}
{"level":"info","logDir":"logs","message":"🚀 Winston logger initialized","nodeVersion":"v24.13.0","platform":"win32","timestamp":"2026-03-04 11:47:51"}
{"level":"info","logDir":"logs","message":"🚀 Winston logger initialized","nodeVersion":"v24.13.0","platform":"win32","timestamp":"2026-03-04 11:48:27"}
{"errors":["Role 19: Permission undefined not found in APPROVAL","Role 19: Permission undefined not found in DASHBOARD","Role 19: Permission undefined not found in REPORT","Role 19: Permission undefined not found in QUEUE","Role 19: Permission undefined not found in NOTIFICATION","Role 19: Permission undefined not found in AUDIT","Role 20: Permission undefined not found in APPROVAL","Role 20: Permission undefined not found in DASHBOARD","Role 20: Permission undefined not found in REPORT","Role 20: Permission undefined not found in QUEUE","Role 20: Permission undefined not found in NOTIFICATION","Role 28: Permission undefined not found in DASHBOARD","Role 28: Permission undefined not found in REPORT","Role 28: Permission undefined not found in REPORT","Role 28: Permission undefined not found in REPORT","Role 33: Permission undefined not found in ANALYTICS","Role 34: Permission undefined not found in RISK","Role 38: Permission undefined not found in VAULT"],"level":"warn","message":"Permission validation errors","timestamp":"2026-03-04 11:48:35"}
{"level":"info","logDir":"logs","message":"🚀 Winston logger initialized","nodeVersion":"v24.13.0","platform":"win32","timestamp":"2026-03-04 11:50:50"}
{"errors":["Role 19: Permission undefined not found in APPROVAL","Role 19: Permission undefined not found in DASHBOARD","Role 19: Permission undefined not found in REPORT","Role 19: Permission undefined not found in QUEUE","Role 19: Permission undefined not found in NOTIFICATION","Role 19: Permission undefined not found in AUDIT","Role 20: Permission undefined not found in APPROVAL","Role 20: Permission undefined not found in DASHBOARD","Role 20: Permission undefined not found in REPORT","Role 20: Permission undefined not found in QUEUE","Role 20: Permission undefined not found in NOTIFICATION","Role 28: Permission undefined not found in DASHBOARD","Role 28: Permission undefined not found in REPORT","Role 28: Permission undefined not found in REPORT","Role 28: Permission undefined not found in REPORT","Role 33: Permission undefined not found in ANALYTICS","Role 34: Permission undefined not found in RISK","Role 38: Permission undefined not found in VAULT"],"level":"warn","message":"Permission validation errors","timestamp":"2026-03-04 11:50:56"}
{"level":"info","logDir":"logs","message":"🚀 Winston logger initialized","nodeVersion":"v24.13.0","platform":"win32","timestamp":"2026-03-04 11:54:41"}
{"errors":["Role 19: Permission undefined not found in APPROVAL","Role 19: Permission undefined not found in DASHBOARD","Role 19: Permission undefined not found in REPORT","Role 19: Permission undefined not found in QUEUE","Role 19: Permission undefined not found in NOTIFICATION","Role 19: Permission undefined not found in AUDIT","Role 20: Permission undefined not found in APPROVAL","Role 20: Permission undefined not found in DASHBOARD","Role 20: Permission undefined not found in REPORT","Role 20: Permission undefined not found in QUEUE","Role 20: Permission undefined not found in NOTIFICATION","Role 28: Permission undefined not found in DASHBOARD","Role 28: Permission undefined not found in REPORT","Role 28: Permission undefined not found in REPORT","Role 28: Permission undefined not found in REPORT","Role 33: Permission undefined not found in ANALYTICS","Role 34: Permission undefined not found in RISK","Role 38: Permission undefined not found in VAULT"],"level":"warn","message":"Permission validation errors","timestamp":"2026-03-04 11:54:54"}
{"level":"info","logDir":"logs","message":"🚀 Winston logger initialized","nodeVersion":"v24.13.0","platform":"win32","timestamp":"2026-03-04 11:58:05"}
{"errors":["Role 19: Permission undefined not found in APPROVAL","Role 19: Permission undefined not found in DASHBOARD","Role 19: Permission undefined not found in REPORT","Role 19: Permission undefined not found in QUEUE","Role 19: Permission undefined not found in NOTIFICATION","Role 19: Permission undefined not found in AUDIT","Role 20: Permission undefined not found in APPROVAL","Role 20: Permission undefined not found in DASHBOARD","Role 20: Permission undefined not found in REPORT","Role 20: Permission undefined not found in QUEUE","Role 20: Permission undefined not found in NOTIFICATION","Role 28: Permission undefined not found in DASHBOARD","Role 28: Permission undefined not found in REPORT","Role 28: Permission undefined not found in REPORT","Role 28: Permission undefined not found in REPORT","Role 33: Permission undefined not found in ANALYTICS","Role 34: Permission undefined not found in RISK","Role 38: Permission undefined not found in VAULT"],"level":"warn","message":"Permission validation errors","timestamp":"2026-03-04 11:58:17"}
{"level":"info","logDir":"logs","message":"🚀 Winston logger initialized","nodeVersion":"v24.13.0","platform":"win32","timestamp":"2026-03-04 12:01:05"}
{"errors":["Role 19: Permission undefined not found in APPROVAL","Role 19: Permission undefined not found in DASHBOARD","Role 19: Permission undefined not found in REPORT","Role 19: Permission undefined not found in QUEUE","Role 19: Permission undefined not found in NOTIFICATION","Role 19: Permission undefined not found in AUDIT","Role 20: Permission undefined not found in APPROVAL","Role 20: Permission undefined not found in DASHBOARD","Role 20: Permission undefined not found in REPORT","Role 20: Permission undefined not found in QUEUE","Role 20: Permission undefined not found in NOTIFICATION","Role 28: Permission undefined not found in DASHBOARD","Role 28: Permission undefined not found in REPORT","Role 28: Permission undefined not found in REPORT","Role 28: Permission undefined not found in REPORT","Role 33: Permission undefined not found in ANALYTICS","Role 34: Permission undefined not found in RISK","Role 38: Permission undefined not found in VAULT"],"level":"warn","message":"Permission validation errors","timestamp":"2026-03-04 12:01:16"}
{"level":"info","logDir":"logs","message":"🚀 Winston logger initialized","nodeVersion":"v24.13.0","platform":"win32","timestamp":"2026-03-04 12:02:46"}
{"level":"info","logDir":"logs","message":"🚀 Winston logger initialized","nodeVersion":"v24.13.0","platform":"win32","timestamp":"2026-03-04 12:04:55"}
{"errors":["Role 19: Permission undefined not found in APPROVAL","Role 19: Permission undefined not found in DASHBOARD","Role 19: Permission undefined not found in REPORT","Role 19: Permission undefined not found in QUEUE","Role 19: Permission undefined not found in NOTIFICATION","Role 19: Permission undefined not found in AUDIT","Role 20: Permission undefined not found in APPROVAL","Role 20: Permission undefined not found in DASHBOARD","Role 20: Permission undefined not found in REPORT","Role 20: Permission undefined not found in QUEUE","Role 20: Permission undefined not found in NOTIFICATION","Role 28: Permission undefined not found in DASHBOARD","Role 28: Permission undefined not found in REPORT","Role 28: Permission undefined not found in REPORT","Role 28: Permission undefined not found in REPORT","Role 33: Permission undefined not found in ANALYTICS","Role 34: Permission undefined not found in RISK","Role 38: Permission undefined not found in VAULT"],"level":"warn","message":"Permission validation errors","timestamp":"2026-03-04 12:05:04"}
{"level":"info","logDir":"logs","message":"🚀 Winston logger initialized","nodeVersion":"v24.13.0","platform":"win32","timestamp":"2026-03-04 12:09:58"}
{"errors":["Role 19: Permission undefined not found in APPROVAL","Role 19: Permission undefined not found in DASHBOARD","Role 19: Permission undefined not found in REPORT","Role 19: Permission undefined not found in QUEUE","Role 19: Permission undefined not found in NOTIFICATION","Role 19: Permission undefined not found in AUDIT","Role 20: Permission undefined not found in APPROVAL","Role 20: Permission undefined not found in DASHBOARD","Role 20: Permission undefined not found in REPORT","Role 20: Permission undefined not found in QUEUE","Role 20: Permission undefined not found in NOTIFICATION","Role 28: Permission undefined not found in DASHBOARD","Role 28: Permission undefined not found in REPORT","Role 28: Permission undefined not found in REPORT","Role 28: Permission undefined not found in REPORT","Role 33: Permission undefined not found in ANALYTICS","Role 34: Permission undefined not found in RISK","Role 38: Permission undefined not found in VAULT"],"level":"warn","message":"Permission validation errors","timestamp":"2026-03-04 12:10:09"}
{"level":"info","logDir":"logs","message":"🚀 Winston logger initialized","nodeVersion":"v24.13.0","platform":"win32","timestamp":"2026-03-04 13:21:21"}
{"errors":["Role 19: Permission undefined not found in APPROVAL","Role 19: Permission undefined not found in DASHBOARD","Role 19: Permission undefined not found in REPORT","Role 19: Permission undefined not found in QUEUE","Role 19: Permission undefined not found in NOTIFICATION","Role 19: Permission undefined not found in AUDIT","Role 20: Permission undefined not found in APPROVAL","Role 20: Permission undefined not found in DASHBOARD","Role 20: Permission undefined not found in REPORT","Role 20: Permission undefined not found in QUEUE","Role 20: Permission undefined not found in NOTIFICATION","Role 28: Permission undefined not found in DASHBOARD","Role 28: Permission undefined not found in REPORT","Role 28: Permission undefined not found in REPORT","Role 28: Permission undefined not found in REPORT","Role 33: Permission undefined not found in ANALYTICS","Role 34: Permission undefined not found in RISK","Role 38: Permission undefined not found in VAULT"],"level":"warn","message":"Permission validation errors","timestamp":"2026-03-04 13:23:38"}
{"error":"Unknown column 'CUST_NO' in 'field list'","level":"error","message":"searchCustomersByName failed","query":{"limit":"10","page":"1","searchTerm":"Fred"},"stack":"Error\n    at Query.run (F:\\WORKON\\CODE\\PCO_BANKING\\EVOLUTION BANKING BACKEND\\node_modules\\sequelize\\lib\\dialects\\mysql\\query.js:52:25)\n    at F:\\WORKON\\CODE\\PCO_BANKING\\EVOLUTION BANKING BACKEND\\node_modules\\sequelize\\lib\\sequelize.js:315:28\n    at process.processTicksAndRejections (node:internal/process/task_queues:103:5)\n    at async MySQLQueryInterface.select (F:\\WORKON\\CODE\\PCO_BANKING\\EVOLUTION BANKING BACKEND\\node_modules\\sequelize\\lib\\dialects\\abstract\\query-interface.js:407:12)\n    at async Thrift.findAll (F:\\WORKON\\CODE\\PCO_BANKING\\EVOLUTION BANKING BACKEND\\node_modules\\sequelize\\lib\\model.js:1140:21)\n    at async Promise.all (index 1)\n    at async Thrift.findAndCountAll (F:\\WORKON\\CODE\\PCO_BANKING\\EVOLUTION BANKING BACKEND\\node_modules\\sequelize\\lib\\model.js:1322:27)\n    at async ThriftController.searchCustomersByName (file:///F:/WORKON/CODE/PCO_BANKING/EVOLUTION%20BANKING%20BACKEND/src/controllers/ThriftController.js:3297:40)","timestamp":"2026-03-04 15:04:30"}
{"error":"Unknown column 'CUST_NO' in 'field list'","level":"error","message":"searchCustomersByName failed","query":{"limit":"10","page":"1","searchTerm":"Fred"},"stack":"Error\n    at Query.run (F:\\WORKON\\CODE\\PCO_BANKING\\EVOLUTION BANKING BACKEND\\node_modules\\sequelize\\lib\\dialects\\mysql\\query.js:52:25)\n    at F:\\WORKON\\CODE\\PCO_BANKING\\EVOLUTION BANKING BACKEND\\node_modules\\sequelize\\lib\\sequelize.js:315:28\n    at process.processTicksAndRejections (node:internal/process/task_queues:103:5)\n    at async MySQLQueryInterface.select (F:\\WORKON\\CODE\\PCO_BANKING\\EVOLUTION BANKING BACKEND\\node_modules\\sequelize\\lib\\dialects\\abstract\\query-interface.js:407:12)\n    at async Thrift.findAll (F:\\WORKON\\CODE\\PCO_BANKING\\EVOLUTION BANKING BACKEND\\node_modules\\sequelize\\lib\\model.js:1140:21)\n    at async Promise.all (index 1)\n    at async Thrift.findAndCountAll (F:\\WORKON\\CODE\\PCO_BANKING\\EVOLUTION BANKING BACKEND\\node_modules\\sequelize\\lib\\model.js:1322:27)\n    at async ThriftController.searchCustomersByName (file:///F:/WORKON/CODE/PCO_BANKING/EVOLUTION%20BANKING%20BACKEND/src/controllers/ThriftController.js:3297:40)","timestamp":"2026-03-04 15:05:40"}
{"error":"Unknown column 'CUST_NO' in 'field list'","level":"error","message":"searchCustomersByName failed","query":{"limit":"10","page":"1","searchTerm":"Fred"},"stack":"Error\n    at Query.run (F:\\WORKON\\CODE\\PCO_BANKING\\EVOLUTION BANKING BACKEND\\node_modules\\sequelize\\lib\\dialects\\mysql\\query.js:52:25)\n    at F:\\WORKON\\CODE\\PCO_BANKING\\EVOLUTION BANKING BACKEND\\node_modules\\sequelize\\lib\\sequelize.js:315:28\n    at process.processTicksAndRejections (node:internal/process/task_queues:103:5)\n    at async MySQLQueryInterface.select (F:\\WORKON\\CODE\\PCO_BANKING\\EVOLUTION BANKING BACKEND\\node_modules\\sequelize\\lib\\dialects\\abstract\\query-interface.js:407:12)\n    at async Thrift.findAll (F:\\WORKON\\CODE\\PCO_BANKING\\EVOLUTION BANKING BACKEND\\node_modules\\sequelize\\lib\\model.js:1140:21)\n    at async Promise.all (index 1)\n    at async Thrift.findAndCountAll (F:\\WORKON\\CODE\\PCO_BANKING\\EVOLUTION BANKING BACKEND\\node_modules\\sequelize\\lib\\model.js:1322:27)\n    at async ThriftController.searchCustomersByName (file:///F:/WORKON/CODE/PCO_BANKING/EVOLUTION%20BANKING%20BACKEND/src/controllers/ThriftController.js:3297:40)","timestamp":"2026-03-04 15:05:48"}
{"level":"info","message":"📅 Getting current business date...","timestamp":"2026-03-04 15:13:53"}
{"count":0,"level":"info","limit":10,"message":"Fetched organizations","page":1,"timestamp":"2026-03-04 15:13:53","totalCount":0}
{"count":0,"level":"info","limit":10,"message":"Fetched organizations","page":1,"timestamp":"2026-03-04 15:13:53","totalCount":0}
{"level":"info","message":"📅 Getting current business date...","timestamp":"2026-03-04 15:13:53"}
{"error":"Unknown column 'CUST_NO' in 'field list'","level":"error","message":"searchCustomersByName failed","query":{"limit":"10","page":"1","searchTerm":"Fred"},"stack":"Error\n    at Query.run (F:\\WORKON\\CODE\\PCO_BANKING\\EVOLUTION BANKING BACKEND\\node_modules\\sequelize\\lib\\dialects\\mysql\\query.js:52:25)\n    at F:\\WORKON\\CODE\\PCO_BANKING\\EVOLUTION BANKING BACKEND\\node_modules\\sequelize\\lib\\sequelize.js:315:28\n    at process.processTicksAndRejections (node:internal/process/task_queues:103:5)\n    at async MySQLQueryInterface.select (F:\\WORKON\\CODE\\PCO_BANKING\\EVOLUTION BANKING BACKEND\\node_modules\\sequelize\\lib\\dialects\\abstract\\query-interface.js:407:12)\n    at async Thrift.findAll (F:\\WORKON\\CODE\\PCO_BANKING\\EVOLUTION BANKING BACKEND\\node_modules\\sequelize\\lib\\model.js:1140:21)\n    at async Promise.all (index 1)\n    at async Thrift.findAndCountAll (F:\\WORKON\\CODE\\PCO_BANKING\\EVOLUTION BANKING BACKEND\\node_modules\\sequelize\\lib\\model.js:1322:27)\n    at async ThriftController.searchCustomersByName (file:///F:/WORKON/CODE/PCO_BANKING/EVOLUTION%20BANKING%20BACKEND/src/controllers/ThriftController.js:3297:40)","timestamp":"2026-03-04 15:14:36"}
{"error":"Unknown column 'CUST_NO' in 'field list'","level":"error","message":"searchCustomersByName failed","query":{"limit":"10","page":"1","searchTerm":"Joseph"},"stack":"Error\n    at Query.run (F:\\WORKON\\CODE\\PCO_BANKING\\EVOLUTION BANKING BACKEND\\node_modules\\sequelize\\lib\\dialects\\mysql\\query.js:52:25)\n    at F:\\WORKON\\CODE\\PCO_BANKING\\EVOLUTION BANKING BACKEND\\node_modules\\sequelize\\lib\\sequelize.js:315:28\n    at process.processTicksAndRejections (node:internal/process/task_queues:103:5)\n    at async MySQLQueryInterface.select (F:\\WORKON\\CODE\\PCO_BANKING\\EVOLUTION BANKING BACKEND\\node_modules\\sequelize\\lib\\dialects\\abstract\\query-interface.js:407:12)\n    at async Thrift.findAll (F:\\WORKON\\CODE\\PCO_BANKING\\EVOLUTION BANKING BACKEND\\node_modules\\sequelize\\lib\\model.js:1140:21)\n    at async Promise.all (index 1)\n    at async Thrift.findAndCountAll (F:\\WORKON\\CODE\\PCO_BANKING\\EVOLUTION BANKING BACKEND\\node_modules\\sequelize\\lib\\model.js:1322:27)\n    at async ThriftController.searchCustomersByName (file:///F:/WORKON/CODE/PCO_BANKING/EVOLUTION%20BANKING%20BACKEND/src/controllers/ThriftController.js:3297:40)","timestamp":"2026-03-04 15:15:49"}
{"level":"info","logDir":"logs","message":"🚀 Winston logger initialized","nodeVersion":"v24.13.0","platform":"win32","timestamp":"2026-03-04 15:22:07"}
{"errors":["Role 19: Permission undefined not found in APPROVAL","Role 19: Permission undefined not found in DASHBOARD","Role 19: Permission undefined not found in REPORT","Role 19: Permission undefined not found in QUEUE","Role 19: Permission undefined not found in NOTIFICATION","Role 19: Permission undefined not found in AUDIT","Role 20: Permission undefined not found in APPROVAL","Role 20: Permission undefined not found in DASHBOARD","Role 20: Permission undefined not found in REPORT","Role 20: Permission undefined not found in QUEUE","Role 20: Permission undefined not found in NOTIFICATION","Role 28: Permission undefined not found in DASHBOARD","Role 28: Permission undefined not found in REPORT","Role 28: Permission undefined not found in REPORT","Role 28: Permission undefined not found in REPORT","Role 33: Permission undefined not found in ANALYTICS","Role 34: Permission undefined not found in RISK","Role 38: Permission undefined not found in VAULT"],"level":"warn","message":"Permission validation errors","timestamp":"2026-03-04 15:22:21"}
{"error":"Unknown column 'CUST_NO' in 'field list'","level":"error","message":"searchCustomersByName failed","query":{"limit":"10","page":"1","searchTerm":"Joseph"},"stack":"Error\n    at Query.run (F:\\WORKON\\CODE\\PCO_BANKING\\EVOLUTION BANKING BACKEND\\node_modules\\sequelize\\lib\\dialects\\mysql\\query.js:52:25)\n    at F:\\WORKON\\CODE\\PCO_BANKING\\EVOLUTION BANKING BACKEND\\node_modules\\sequelize\\lib\\sequelize.js:315:28\n    at process.processTicksAndRejections (node:internal/process/task_queues:103:5)\n    at async MySQLQueryInterface.select (F:\\WORKON\\CODE\\PCO_BANKING\\EVOLUTION BANKING BACKEND\\node_modules\\sequelize\\lib\\dialects\\abstract\\query-interface.js:407:12)\n    at async Thrift.findAll (F:\\WORKON\\CODE\\PCO_BANKING\\EVOLUTION BANKING BACKEND\\node_modules\\sequelize\\lib\\model.js:1140:21)\n    at async Promise.all (index 1)\n    at async Thrift.findAndCountAll (F:\\WORKON\\CODE\\PCO_BANKING\\EVOLUTION BANKING BACKEND\\node_modules\\sequelize\\lib\\model.js:1322:27)\n    at async ThriftController.searchCustomersByName (file:///F:/WORKON/CODE/PCO_BANKING/EVOLUTION%20BANKING%20BACKEND/src/controllers/ThriftController.js:3363:40)","timestamp":"2026-03-04 15:22:24"}
{"level":"info","logDir":"logs","message":"🚀 Winston logger initialized","nodeVersion":"v24.13.0","platform":"win32","timestamp":"2026-03-04 15:24:31"}
{"errors":["Role 19: Permission undefined not found in APPROVAL","Role 19: Permission undefined not found in DASHBOARD","Role 19: Permission undefined not found in REPORT","Role 19: Permission undefined not found in QUEUE","Role 19: Permission undefined not found in NOTIFICATION","Role 19: Permission undefined not found in AUDIT","Role 20: Permission undefined not found in APPROVAL","Role 20: Permission undefined not found in DASHBOARD","Role 20: Permission undefined not found in REPORT","Role 20: Permission undefined not found in QUEUE","Role 20: Permission undefined not found in NOTIFICATION","Role 28: Permission undefined not found in DASHBOARD","Role 28: Permission undefined not found in REPORT","Role 28: Permission undefined not found in REPORT","Role 28: Permission undefined not found in REPORT","Role 33: Permission undefined not found in ANALYTICS","Role 34: Permission undefined not found in RISK","Role 38: Permission undefined not found in VAULT"],"level":"warn","message":"Permission validation errors","timestamp":"2026-03-04 15:24:41"}
{"error":"Unknown column 'CUST_NO' in 'field list'","level":"error","message":"searchCustomersByName failed","query":{"limit":"10","page":"1","searchTerm":"Joseph"},"stack":"Error\n    at Query.run (F:\\WORKON\\CODE\\PCO_BANKING\\EVOLUTION BANKING BACKEND\\node_modules\\sequelize\\lib\\dialects\\mysql\\query.js:52:25)\n    at F:\\WORKON\\CODE\\PCO_BANKING\\EVOLUTION BANKING BACKEND\\node_modules\\sequelize\\lib\\sequelize.js:315:28\n    at process.processTicksAndRejections (node:internal/process/task_queues:103:5)\n    at async MySQLQueryInterface.select (F:\\WORKON\\CODE\\PCO_BANKING\\EVOLUTION BANKING BACKEND\\node_modules\\sequelize\\lib\\dialects\\abstract\\query-interface.js:407:12)\n    at async Thrift.findAll (F:\\WORKON\\CODE\\PCO_BANKING\\EVOLUTION BANKING BACKEND\\node_modules\\sequelize\\lib\\model.js:1140:21)\n    at async Promise.all (index 1)\n    at async Thrift.findAndCountAll (F:\\WORKON\\CODE\\PCO_BANKING\\EVOLUTION BANKING BACKEND\\node_modules\\sequelize\\lib\\model.js:1322:27)\n    at async ThriftController.searchCustomersByName (file:///F:/WORKON/CODE/PCO_BANKING/EVOLUTION%20BANKING%20BACKEND/src/controllers/ThriftController.js:3405:40)","timestamp":"2026-03-04 15:24:43"}
{"error":"Unknown column 'CUST_NO' in 'field list'","level":"error","message":"searchCustomersByName failed","query":{"limit":"10","page":"1","searchTerm":"Fred"},"stack":"Error\n    at Query.run (F:\\WORKON\\CODE\\PCO_BANKING\\EVOLUTION BANKING BACKEND\\node_modules\\sequelize\\lib\\dialects\\mysql\\query.js:52:25)\n    at F:\\WORKON\\CODE\\PCO_BANKING\\EVOLUTION BANKING BACKEND\\node_modules\\sequelize\\lib\\sequelize.js:315:28\n    at process.processTicksAndRejections (node:internal/process/task_queues:103:5)\n    at async MySQLQueryInterface.select (F:\\WORKON\\CODE\\PCO_BANKING\\EVOLUTION BANKING BACKEND\\node_modules\\sequelize\\lib\\dialects\\abstract\\query-interface.js:407:12)\n    at async Thrift.findAll (F:\\WORKON\\CODE\\PCO_BANKING\\EVOLUTION BANKING BACKEND\\node_modules\\sequelize\\lib\\model.js:1140:21)\n    at async Promise.all (index 1)\n    at async Thrift.findAndCountAll (F:\\WORKON\\CODE\\PCO_BANKING\\EVOLUTION BANKING BACKEND\\node_modules\\sequelize\\lib\\model.js:1322:27)\n    at async ThriftController.searchCustomersByName (file:///F:/WORKON/CODE/PCO_BANKING/EVOLUTION%20BANKING%20BACKEND/src/controllers/ThriftController.js:3405:40)","timestamp":"2026-03-04 15:25:09"}
{"level":"info","logDir":"logs","message":"🚀 Winston logger initialized","nodeVersion":"v24.13.0","platform":"win32","timestamp":"2026-03-04 15:28:12"}
{"errors":["Role 19: Permission undefined not found in APPROVAL","Role 19: Permission undefined not found in DASHBOARD","Role 19: Permission undefined not found in REPORT","Role 19: Permission undefined not found in QUEUE","Role 19: Permission undefined not found in NOTIFICATION","Role 19: Permission undefined not found in AUDIT","Role 20: Permission undefined not found in APPROVAL","Role 20: Permission undefined not found in DASHBOARD","Role 20: Permission undefined not found in REPORT","Role 20: Permission undefined not found in QUEUE","Role 20: Permission undefined not found in NOTIFICATION","Role 28: Permission undefined not found in DASHBOARD","Role 28: Permission undefined not found in REPORT","Role 28: Permission undefined not found in REPORT","Role 28: Permission undefined not found in REPORT","Role 33: Permission undefined not found in ANALYTICS","Role 34: Permission undefined not found in RISK","Role 38: Permission undefined not found in VAULT"],"level":"warn","message":"Permission validation errors","timestamp":"2026-03-04 15:28:28"}
{"error":"Unknown column 'PHONE_NO' in 'field list'","level":"error","message":"searchCustomersByName failed","query":{"limit":"10","page":"1","searchTerm":"Fred"},"stack":"Error\n    at Query.run (F:\\WORKON\\CODE\\PCO_BANKING\\EVOLUTION BANKING BACKEND\\node_modules\\sequelize\\lib\\dialects\\mysql\\query.js:52:25)\n    at F:\\WORKON\\CODE\\PCO_BANKING\\EVOLUTION BANKING BACKEND\\node_modules\\sequelize\\lib\\sequelize.js:315:28\n    at process.processTicksAndRejections (node:internal/process/task_queues:103:5)\n    at async MySQLQueryInterface.select (F:\\WORKON\\CODE\\PCO_BANKING\\EVOLUTION BANKING BACKEND\\node_modules\\sequelize\\lib\\dialects\\abstract\\query-interface.js:407:12)\n    at async Thrift.findAll (F:\\WORKON\\CODE\\PCO_BANKING\\EVOLUTION BANKING BACKEND\\node_modules\\sequelize\\lib\\model.js:1140:21)\n    at async ThriftController.searchCustomersByName (file:///F:/WORKON/CODE/PCO_BANKING/EVOLUTION%20BANKING%20BACKEND/src/controllers/ThriftController.js:3369:23)","timestamp":"2026-03-04 15:28:30"}
{"level":"info","logDir":"logs","message":"🚀 Winston logger initialized","nodeVersion":"v24.13.0","platform":"win32","timestamp":"2026-03-04 15:31:23"}
{"errors":["Role 19: Permission undefined not found in APPROVAL","Role 19: Permission undefined not found in DASHBOARD","Role 19: Permission undefined not found in REPORT","Role 19: Permission undefined not found in QUEUE","Role 19: Permission undefined not found in NOTIFICATION","Role 19: Permission undefined not found in AUDIT","Role 20: Permission undefined not found in APPROVAL","Role 20: Permission undefined not found in DASHBOARD","Role 20: Permission undefined not found in REPORT","Role 20: Permission undefined not found in QUEUE","Role 20: Permission undefined not found in NOTIFICATION","Role 28: Permission undefined not found in DASHBOARD","Role 28: Permission undefined not found in REPORT","Role 28: Permission undefined not found in REPORT","Role 28: Permission undefined not found in REPORT","Role 33: Permission undefined not found in ANALYTICS","Role 34: Permission undefined not found in RISK","Role 38: Permission undefined not found in VAULT"],"level":"warn","message":"Permission validation errors","timestamp":"2026-03-04 15:31:40"}
{"level":"info","message":"🚀 Initializing model loader...","timestamp":"2026-03-04 15:51:03"}
{"level":"info","message":"✅ Models loaded via index.js","timestamp":"2026-03-04 15:51:03"}
{"level":"info","message":"✅ Model loader initialized successfully","timestamp":"2026-03-04 15:51:03"}
{"level":"info","message":"📊 Loaded models: sequelize, Op, DataTypes, QueryTypes, AMLThreshold, AccountApplication, Drawer, DrawerCloseOut, DrawerUserRole, DrawerCurrencyDenomination, DrawerCurrency, AuditTrail, VaultAccessAttempt, VaultMaintenanceLog, User, Permissions, UserRole, BusinessRole, Role, BusinessUnit, Branch, Organization, Customer, CustomerType, NextOfKin, CreditOfficer, CustomerAccount, DepositAccount, LoanAccount, SavingsProduct, LoanProduct, TermDeposit, Thrift, Group, GroupSavings, LoanInterestRate, Transaction, Deposit, Withdrawal, CashWithdrawalTransaction, DepositTransaction, LoanRepayment, LoanRepaymentTransaction, DirectDebit, DirectDebitRequest, StandingOrder, GLAccount, ChartofAccount, GLCategory, GLTransaction, GLAccountTransaction, JournalEntry, ScheduledTask, EOYReport, Holiday, CreditApplication, LoanContractForm, Guarantor, Collection, OverdueLoan, LoanPortfolio, LoanFee, LoanPenalty, DepositAccountInterest, DepositAccountInterest_Tier, Charge, InterestCalculation, Bank, Vault, VaultAuthorizedPersonnel, VaultPendingApproval, Country, State, WorkflowProcess, WorkflowSubProcess, WorkflowItem, WorkflowQueue, WorkflowBusinessRoleQueue, WorkflowSubProcessPolicy, CustomerWorkflowRouting, Notification, SMS, Report, Dashboard, Analytics, AccountStatement, IncomeExpense, TriftReport, DisbursementReport, LoanAccountSummary, DepositAccountSummary, Counter, SystemDate, License, Configuration, TransactionPolicy, ProductTypeMapping, RateIndex, Identifier, Subfolder, Event, AutoReclassifyInformation, UploadFile, CleanupDB, TellerStat, DepositAccountApplication, IdentificationInformation, Portfolio, LoanCalculator, AML, GuarantorAudit, RelationshipOfficer, GLClosingPeriod","timestamp":"2026-03-04 15:51:03"}
{"error":"Thrift.count is not a function","level":"error","message":"Error fetching thrift summary statistics","stack":"TypeError: Thrift.count is not a function\n    at getThriftSummaryStatistics (file:///F:/WORKON/CODE/PCO_BANKING/EVOLUTION%20BANKING%20BACKEND/src/controllers/ThriftReportController.js:382:42)\n    at process.processTicksAndRejections (node:internal/process/task_queues:103:5)","timestamp":"2026-03-04 15:51:03"}
{"level":"info","message":"🔧 Auto-initializing models in development mode...","timestamp":"2026-03-04 15:51:03"}
{"level":"info","message":"📊 Model Statistics:","timestamp":"2026-03-04 15:51:03"}
{"level":"info","message":"   Total models loaded: 113","timestamp":"2026-03-04 15:51:03"}
{"level":"info","message":"   CUSTOMER: 5 models","timestamp":"2026-03-04 15:51:03"}
{"level":"info","message":"   LOAN: 4 models","timestamp":"2026-03-04 15:51:03"}
{"level":"info","message":"   DEPOSIT: 4 models","timestamp":"2026-03-04 15:51:03"}
{"level":"info","message":"   TRANSACTION: 3 models","timestamp":"2026-03-04 15:51:03"}
{"level":"info","message":"   USER: 2 models","timestamp":"2026-03-04 15:51:03"}
{"level":"info","message":"   SYSTEM: 4 models","timestamp":"2026-03-04 15:51:03"}
{"level":"info","message":"   ACCOUNTING: 2 models","timestamp":"2026-03-04 15:51:03"}
{"level":"info","message":"   AUDIT: 1 models","timestamp":"2026-03-04 15:51:03"}
{"level":"info","message":"   NOTIFICATION: 1 models","timestamp":"2026-03-04 15:51:03"}
{"level":"info","message":"   THRIFT: 3 models","timestamp":"2026-03-04 15:51:03"}
{"level":"info","message":"✅ Thrift model successfully loaded and available","timestamp":"2026-03-04 15:51:03"}
{"level":"info","logDir":"logs","message":"🚀 Winston logger initialized","nodeVersion":"v24.13.0","platform":"win32","timestamp":"2026-03-04 16:03:26"}
{"errors":["Role 19: Permission undefined not found in APPROVAL","Role 19: Permission undefined not found in DASHBOARD","Role 19: Permission undefined not found in REPORT","Role 19: Permission undefined not found in QUEUE","Role 19: Permission undefined not found in NOTIFICATION","Role 19: Permission undefined not found in AUDIT","Role 20: Permission undefined not found in APPROVAL","Role 20: Permission undefined not found in DASHBOARD","Role 20: Permission undefined not found in REPORT","Role 20: Permission undefined not found in QUEUE","Role 20: Permission undefined not found in NOTIFICATION","Role 28: Permission undefined not found in DASHBOARD","Role 28: Permission undefined not found in REPORT","Role 28: Permission undefined not found in REPORT","Role 28: Permission undefined not found in REPORT","Role 33: Permission undefined not found in ANALYTICS","Role 34: Permission undefined not found in RISK","Role 38: Permission undefined not found in VAULT"],"level":"warn","message":"Permission validation errors","timestamp":"2026-03-04 16:06:33"}
{"level":"info","message":"🚀 Initializing model loader...","timestamp":"2026-03-04 16:20:47"}
{"level":"info","message":"✅ Models loaded via index.js","timestamp":"2026-03-04 16:20:47"}
{"level":"info","message":"✅ Model loader initialized successfully","timestamp":"2026-03-04 16:20:47"}
{"level":"info","message":"📊 Loaded models: sequelize, Op, DataTypes, QueryTypes, AMLThreshold, AccountApplication, Drawer, DrawerCloseOut, DrawerUserRole, DrawerCurrencyDenomination, DrawerCurrency, AuditTrail, VaultAccessAttempt, VaultMaintenanceLog, User, Permissions, UserRole, BusinessRole, Role, BusinessUnit, Branch, Organization, Customer, CustomerType, NextOfKin, CreditOfficer, CustomerAccount, DepositAccount, LoanAccount, SavingsProduct, LoanProduct, TermDeposit, Thrift, Group, GroupSavings, LoanInterestRate, Transaction, Deposit, Withdrawal, CashWithdrawalTransaction, DepositTransaction, LoanRepayment, LoanRepaymentTransaction, DirectDebit, DirectDebitRequest, StandingOrder, GLAccount, ChartofAccount, GLCategory, GLTransaction, GLAccountTransaction, JournalEntry, ScheduledTask, EOYReport, Holiday, CreditApplication, LoanContractForm, Guarantor, Collection, OverdueLoan, LoanPortfolio, LoanFee, LoanPenalty, DepositAccountInterest, DepositAccountInterest_Tier, Charge, InterestCalculation, Bank, Vault, VaultAuthorizedPersonnel, VaultPendingApproval, Country, State, WorkflowProcess, WorkflowSubProcess, WorkflowItem, WorkflowQueue, WorkflowBusinessRoleQueue, WorkflowSubProcessPolicy, CustomerWorkflowRouting, Notification, SMS, Report, Dashboard, Analytics, AccountStatement, IncomeExpense, TriftReport, DisbursementReport, LoanAccountSummary, DepositAccountSummary, Counter, SystemDate, License, Configuration, TransactionPolicy, ProductTypeMapping, RateIndex, Identifier, Subfolder, Event, AutoReclassifyInformation, UploadFile, CleanupDB, TellerStat, DepositAccountApplication, IdentificationInformation, Portfolio, LoanCalculator, AML, GuarantorAudit, RelationshipOfficer, GLClosingPeriod","timestamp":"2026-03-04 16:20:47"}
{"level":"info","message":"🔧 Auto-initializing models in development mode...","timestamp":"2026-03-04 16:20:47"}
{"level":"info","message":"📊 Model Statistics:","timestamp":"2026-03-04 16:20:47"}
{"level":"info","message":"   Total models loaded: 113","timestamp":"2026-03-04 16:20:47"}
{"level":"info","message":"   CUSTOMER: 5 models","timestamp":"2026-03-04 16:20:47"}
{"level":"info","message":"   LOAN: 4 models","timestamp":"2026-03-04 16:20:47"}
{"level":"info","message":"   DEPOSIT: 4 models","timestamp":"2026-03-04 16:20:47"}
{"level":"info","message":"   TRANSACTION: 3 models","timestamp":"2026-03-04 16:20:47"}
{"level":"info","message":"   USER: 2 models","timestamp":"2026-03-04 16:20:47"}
{"level":"info","message":"   SYSTEM: 4 models","timestamp":"2026-03-04 16:20:47"}
{"level":"info","message":"   ACCOUNTING: 2 models","timestamp":"2026-03-04 16:20:47"}
{"level":"info","message":"   AUDIT: 1 models","timestamp":"2026-03-04 16:20:47"}
{"level":"info","message":"   NOTIFICATION: 1 models","timestamp":"2026-03-04 16:20:47"}
{"level":"info","message":"   THRIFT: 3 models","timestamp":"2026-03-04 16:20:47"}
{"level":"info","message":"✅ Thrift model successfully loaded and available","timestamp":"2026-03-04 16:20:47"}
{"level":"info","logDir":"logs","message":"🚀 Winston logger initialized","nodeVersion":"v24.13.0","platform":"win32","timestamp":"2026-03-04 16:32:27"}
{"level":"info","message":"🚀 Initializing model loader...","timestamp":"2026-03-04 16:33:44"}
{"level":"info","message":"✅ Models loaded via index.js","timestamp":"2026-03-04 16:33:44"}
{"level":"info","message":"🔍 Loading critical model User on demand...","timestamp":"2026-03-04 16:33:44"}
{"level":"info","message":"✅ Loaded critical model User on demand","timestamp":"2026-03-04 16:33:44"}
{"level":"info","message":"🔍 Loading critical model Customer on demand...","timestamp":"2026-03-04 16:33:44"}
{"level":"info","message":"✅ Loaded critical model Customer on demand","timestamp":"2026-03-04 16:33:44"}
{"level":"info","message":"🔍 Loading critical model CustomerAccount on demand...","timestamp":"2026-03-04 16:33:44"}
{"level":"info","message":"✅ Loaded critical model CustomerAccount on demand","timestamp":"2026-03-04 16:33:44"}
{"level":"info","message":"🔍 Loading critical model LoanAccount on demand...","timestamp":"2026-03-04 16:33:44"}
{"level":"info","message":"✅ Loaded critical model LoanAccount on demand","timestamp":"2026-03-04 16:33:44"}
{"level":"info","message":"🔍 Loading critical model LoanRepayment on demand...","timestamp":"2026-03-04 16:33:44"}
{"level":"info","message":"✅ Loaded critical model LoanRepayment on demand","timestamp":"2026-03-04 16:33:45"}
{"level":"info","message":"🔍 Loading critical model Deposit on demand...","timestamp":"2026-03-04 16:33:45"}
{"level":"info","message":"✅ Loaded critical model Deposit on demand","timestamp":"2026-03-04 16:33:45"}
{"level":"info","message":"🔍 Loading critical model Transaction on demand...","timestamp":"2026-03-04 16:33:45"}
{"level":"info","message":"✅ Loaded critical model Transaction on demand","timestamp":"2026-03-04 16:33:45"}
{"level":"info","message":"🔍 Loading critical model GLAccount on demand...","timestamp":"2026-03-04 16:33:45"}
{"level":"info","message":"✅ Loaded critical model GLAccount on demand","timestamp":"2026-03-04 16:33:45"}
{"level":"info","message":"🔍 Loading critical model AuditTrail on demand...","timestamp":"2026-03-04 16:33:45"}
{"level":"info","message":"✅ Loaded critical model AuditTrail on demand","timestamp":"2026-03-04 16:33:45"}
{"level":"info","message":"🔍 Loading critical model Thrift on demand...","timestamp":"2026-03-04 16:33:45"}
{"level":"info","message":"✅ Loaded critical model Thrift on demand","timestamp":"2026-03-04 16:33:45"}
{"level":"info","message":"✅ Model loader initialized successfully","timestamp":"2026-03-04 16:33:45"}
{"level":"info","message":"📊 Loaded models: sequelize, Op, DataTypes, QueryTypes, User, Customer, CustomerAccount, LoanAccount, LoanRepayment, Deposit, Transaction, GLAccount, AuditTrail, Thrift","timestamp":"2026-03-04 16:33:45"}
{"level":"info","message":"🔧 Auto-initializing models in development mode...","timestamp":"2026-03-04 16:33:45"}
{"level":"info","message":"📊 Model Statistics:","timestamp":"2026-03-04 16:33:45"}
{"level":"info","message":"   Total models loaded: 14","timestamp":"2026-03-04 16:33:45"}
{"level":"info","message":"   CUSTOMER: 2 models","timestamp":"2026-03-04 16:33:45"}
{"level":"info","message":"   LOAN: 2 models","timestamp":"2026-03-04 16:33:45"}
{"level":"info","message":"   DEPOSIT: 1 models","timestamp":"2026-03-04 16:33:45"}
{"level":"info","message":"   TRANSACTION: 1 models","timestamp":"2026-03-04 16:33:45"}
{"level":"info","message":"   USER: 1 models","timestamp":"2026-03-04 16:33:45"}
{"level":"info","message":"   ACCOUNTING: 1 models","timestamp":"2026-03-04 16:33:45"}
{"level":"info","message":"   AUDIT: 1 models","timestamp":"2026-03-04 16:33:45"}
{"level":"info","message":"   THRIFT: 1 models","timestamp":"2026-03-04 16:33:45"}
{"level":"info","message":"✅ Thrift model successfully loaded and available","timestamp":"2026-03-04 16:33:45"}
{"level":"info","message":"📅 Getting current business date...","timestamp":"2026-03-04 16:39:12"}
{"count":0,"level":"info","limit":10,"message":"Fetched organizations","page":1,"timestamp":"2026-03-04 16:39:12","totalCount":0}
{"level":"info","message":"📅 Getting current business date...","timestamp":"2026-03-04 16:39:12"}
{"count":0,"level":"info","limit":10,"message":"Fetched organizations","page":1,"timestamp":"2026-03-04 16:39:12","totalCount":0}
{"errors":["Role 19: Permission undefined not found in APPROVAL","Role 19: Permission undefined not found in DASHBOARD","Role 19: Permission undefined not found in REPORT","Role 19: Permission undefined not found in QUEUE","Role 19: Permission undefined not found in NOTIFICATION","Role 19: Permission undefined not found in AUDIT","Role 20: Permission undefined not found in APPROVAL","Role 20: Permission undefined not found in DASHBOARD","Role 20: Permission undefined not found in REPORT","Role 20: Permission undefined not found in QUEUE","Role 20: Permission undefined not found in NOTIFICATION","Role 28: Permission undefined not found in DASHBOARD","Role 28: Permission undefined not found in REPORT","Role 28: Permission undefined not found in REPORT","Role 28: Permission undefined not found in REPORT","Role 33: Permission undefined not found in ANALYTICS","Role 34: Permission undefined not found in RISK","Role 38: Permission undefined not found in VAULT"],"level":"warn","message":"Permission validation errors","timestamp":"2026-03-04 16:39:24"}
{"level":"info","logDir":"logs","message":"🚀 Winston logger initialized","nodeVersion":"v24.13.0","platform":"win32","timestamp":"2026-03-04 16:46:19"}
{"level":"info","message":"🚀 Initializing model loader...","timestamp":"2026-03-04 16:47:34"}
{"level":"info","message":"✅ Models loaded via index.js","timestamp":"2026-03-04 16:47:34"}
{"level":"info","message":"🔍 Loading critical model User on demand...","timestamp":"2026-03-04 16:47:34"}
{"level":"info","message":"✅ Loaded critical model User on demand","timestamp":"2026-03-04 16:47:34"}
{"level":"info","message":"🔍 Loading critical model Customer on demand...","timestamp":"2026-03-04 16:47:34"}
{"level":"info","message":"✅ Loaded critical model Customer on demand","timestamp":"2026-03-04 16:47:34"}
{"level":"info","message":"🔍 Loading critical model CustomerAccount on demand...","timestamp":"2026-03-04 16:47:34"}
{"level":"info","message":"✅ Loaded critical model CustomerAccount on demand","timestamp":"2026-03-04 16:47:34"}
{"level":"info","message":"🔍 Loading critical model LoanAccount on demand...","timestamp":"2026-03-04 16:47:34"}
{"level":"info","message":"✅ Loaded critical model LoanAccount on demand","timestamp":"2026-03-04 16:47:34"}
{"level":"info","message":"🔍 Loading critical model LoanRepayment on demand...","timestamp":"2026-03-04 16:47:34"}
{"level":"info","message":"✅ Loaded critical model LoanRepayment on demand","timestamp":"2026-03-04 16:47:34"}
{"level":"info","message":"🔍 Loading critical model Deposit on demand...","timestamp":"2026-03-04 16:47:34"}
{"level":"info","message":"✅ Loaded critical model Deposit on demand","timestamp":"2026-03-04 16:47:34"}
{"level":"info","message":"🔍 Loading critical model Transaction on demand...","timestamp":"2026-03-04 16:47:34"}
{"level":"info","message":"✅ Loaded critical model Transaction on demand","timestamp":"2026-03-04 16:47:34"}
{"level":"info","message":"🔍 Loading critical model GLAccount on demand...","timestamp":"2026-03-04 16:47:34"}
{"level":"info","message":"✅ Loaded critical model GLAccount on demand","timestamp":"2026-03-04 16:47:34"}
{"level":"info","message":"🔍 Loading critical model AuditTrail on demand...","timestamp":"2026-03-04 16:47:34"}
{"level":"info","message":"✅ Loaded critical model AuditTrail on demand","timestamp":"2026-03-04 16:47:35"}
{"level":"info","message":"🔍 Loading critical model Thrift on demand...","timestamp":"2026-03-04 16:47:35"}
{"level":"info","message":"✅ Loaded critical model Thrift on demand","timestamp":"2026-03-04 16:47:35"}
{"level":"info","message":"✅ Model loader initialized successfully","timestamp":"2026-03-04 16:47:35"}
{"level":"info","message":"📊 Loaded models: sequelize, Op, DataTypes, QueryTypes, User, Customer, CustomerAccount, LoanAccount, LoanRepayment, Deposit, Transaction, GLAccount, AuditTrail, Thrift","timestamp":"2026-03-04 16:47:35"}
{"level":"info","message":"🔧 Auto-initializing models in development mode...","timestamp":"2026-03-04 16:47:35"}
{"level":"info","message":"📊 Model Statistics:","timestamp":"2026-03-04 16:47:35"}
{"level":"info","message":"   Total models loaded: 14","timestamp":"2026-03-04 16:47:35"}
{"level":"info","message":"   CUSTOMER: 2 models","timestamp":"2026-03-04 16:47:35"}
{"level":"info","message":"   LOAN: 2 models","timestamp":"2026-03-04 16:47:35"}
{"level":"info","message":"   DEPOSIT: 1 models","timestamp":"2026-03-04 16:47:35"}
{"level":"info","message":"   TRANSACTION: 1 models","timestamp":"2026-03-04 16:47:35"}
{"level":"info","message":"   USER: 1 models","timestamp":"2026-03-04 16:47:35"}
{"level":"info","message":"   ACCOUNTING: 1 models","timestamp":"2026-03-04 16:47:35"}
{"level":"info","message":"   AUDIT: 1 models","timestamp":"2026-03-04 16:47:35"}
{"level":"info","message":"   THRIFT: 1 models","timestamp":"2026-03-04 16:47:35"}
{"level":"info","message":"✅ Thrift model successfully loaded and available","timestamp":"2026-03-04 16:47:35"}
{"errors":["Role 19: Permission undefined not found in APPROVAL","Role 19: Permission undefined not found in DASHBOARD","Role 19: Permission undefined not found in REPORT","Role 19: Permission undefined not found in QUEUE","Role 19: Permission undefined not found in NOTIFICATION","Role 19: Permission undefined not found in AUDIT","Role 20: Permission undefined not found in APPROVAL","Role 20: Permission undefined not found in DASHBOARD","Role 20: Permission undefined not found in REPORT","Role 20: Permission undefined not found in QUEUE","Role 20: Permission undefined not found in NOTIFICATION","Role 28: Permission undefined not found in DASHBOARD","Role 28: Permission undefined not found in REPORT","Role 28: Permission undefined not found in REPORT","Role 28: Permission undefined not found in REPORT","Role 33: Permission undefined not found in ANALYTICS","Role 34: Permission undefined not found in RISK","Role 38: Permission undefined not found in VAULT"],"level":"warn","message":"Permission validation errors","timestamp":"2026-03-04 16:49:17"}
{"level":"info","message":"📅 Getting current business date...","timestamp":"2026-03-04 16:51:29"}
{"count":0,"level":"info","limit":10,"message":"Fetched organizations","page":1,"timestamp":"2026-03-04 16:51:29","totalCount":0}
{"level":"info","message":"📅 Getting current business date...","timestamp":"2026-03-04 16:51:29"}
{"count":0,"level":"info","limit":10,"message":"Fetched organizations","page":1,"timestamp":"2026-03-04 16:51:29","totalCount":0}
{"count":0,"level":"info","limit":10,"message":"Fetched organizations","page":1,"timestamp":"2026-03-04 16:53:02","totalCount":0}
{"level":"info","message":"📅 Getting current business date...","timestamp":"2026-03-04 16:53:02"}
{"count":0,"level":"info","limit":10,"message":"Fetched organizations","page":1,"timestamp":"2026-03-04 16:53:02","totalCount":0}
{"level":"info","message":"📅 Getting current business date...","timestamp":"2026-03-04 16:53:02"}
{"level":"info","message":"📅 Getting current business date...","timestamp":"2026-03-04 17:06:51"}
{"count":0,"level":"info","limit":10,"message":"Fetched organizations","page":1,"timestamp":"2026-03-04 17:06:51","totalCount":0}
{"level":"info","message":"📅 Getting current business date...","timestamp":"2026-03-04 17:06:51"}
{"count":0,"level":"info","limit":10,"message":"Fetched organizations","page":1,"timestamp":"2026-03-04 17:06:51","totalCount":0}
{"level":"info","message":"📅 Getting current business date...","timestamp":"2026-03-04 17:11:29"}
{"count":0,"level":"info","limit":10,"message":"Fetched organizations","page":1,"timestamp":"2026-03-04 17:11:29","totalCount":0}
{"level":"info","message":"📅 Getting current business date...","timestamp":"2026-03-04 17:11:30"}
{"count":0,"level":"info","limit":10,"message":"Fetched organizations","page":1,"timestamp":"2026-03-04 17:11:30","totalCount":0}
{"level":"info","message":"📅 Getting current business date...","timestamp":"2026-03-04 17:14:27"}
{"count":0,"level":"info","limit":10,"message":"Fetched organizations","page":1,"timestamp":"2026-03-04 17:14:27","totalCount":0}
{"count":0,"level":"info","limit":10,"message":"Fetched organizations","page":1,"timestamp":"2026-03-04 17:14:28","totalCount":0}
{"level":"info","message":"📅 Getting current business date...","timestamp":"2026-03-04 17:14:28"}
{"level":"info","message":"📅 Getting current business date...","timestamp":"2026-03-04 17:30:18"}
{"count":0,"level":"info","limit":10,"message":"Fetched organizations","page":1,"timestamp":"2026-03-04 17:30:18","totalCount":0}
{"level":"info","message":"📅 Getting current business date...","timestamp":"2026-03-04 17:30:18"}
{"count":0,"level":"info","limit":10,"message":"Fetched organizations","page":1,"timestamp":"2026-03-04 17:30:18","totalCount":0}
{"level":"info","message":"📅 Getting current business date...","timestamp":"2026-03-04 17:32:27"}
{"count":0,"level":"info","limit":10,"message":"Fetched organizations","page":1,"timestamp":"2026-03-04 17:32:27","totalCount":0}
{"count":0,"level":"info","limit":10,"message":"Fetched organizations","page":1,"timestamp":"2026-03-04 17:32:27","totalCount":0}
{"level":"info","message":"📅 Getting current business date...","timestamp":"2026-03-04 17:32:27"}
{"level":"info","message":"📅 Getting current business date...","timestamp":"2026-03-04 17:39:22"}
{"count":0,"level":"info","limit":10,"message":"Fetched organizations","page":1,"timestamp":"2026-03-04 17:39:22","totalCount":0}
{"level":"info","message":"📅 Getting current business date...","timestamp":"2026-03-04 17:39:22"}
{"count":0,"level":"info","limit":10,"message":"Fetched organizations","page":1,"timestamp":"2026-03-04 17:39:22","totalCount":0}
{"level":"info","message":"📅 Getting current business date...","timestamp":"2026-03-04 17:47:09"}
{"count":0,"level":"info","limit":10,"message":"Fetched organizations","page":1,"timestamp":"2026-03-04 17:47:09","totalCount":0}
{"level":"info","message":"📅 Getting current business date...","timestamp":"2026-03-04 17:47:10"}
{"count":0,"level":"info","limit":10,"message":"Fetched organizations","page":1,"timestamp":"2026-03-04 17:47:10","totalCount":0}
{"level":"info","message":"📅 Getting current business date...","timestamp":"2026-03-04 17:54:38"}
{"count":0,"level":"info","limit":10,"message":"Fetched organizations","page":1,"timestamp":"2026-03-04 17:54:38","totalCount":0}
{"count":0,"level":"info","limit":10,"message":"Fetched organizations","page":1,"timestamp":"2026-03-04 17:54:39","totalCount":0}
{"level":"info","message":"📅 Getting current business date...","timestamp":"2026-03-04 17:54:39"}
{"level":"info","logDir":"logs","message":"🚀 Winston logger initialized","nodeVersion":"v24.13.0","platform":"win32","timestamp":"2026-03-04 18:05:22"}
{"level":"info","message":"🚀 Initializing model loader...","timestamp":"2026-03-04 18:06:18"}
{"level":"info","message":"✅ Models loaded via index.js","timestamp":"2026-03-04 18:06:18"}
{"level":"info","message":"🔍 Loading critical model User on demand...","timestamp":"2026-03-04 18:06:18"}
{"level":"info","message":"✅ Loaded critical model User on demand","timestamp":"2026-03-04 18:06:18"}
{"level":"info","message":"🔍 Loading critical model Customer on demand...","timestamp":"2026-03-04 18:06:18"}
{"level":"info","message":"✅ Loaded critical model Customer on demand","timestamp":"2026-03-04 18:06:18"}
{"level":"info","message":"🔍 Loading critical model CustomerAccount on demand...","timestamp":"2026-03-04 18:06:18"}
{"level":"info","message":"✅ Loaded critical model CustomerAccount on demand","timestamp":"2026-03-04 18:06:18"}
{"level":"info","message":"🔍 Loading critical model LoanAccount on demand...","timestamp":"2026-03-04 18:06:18"}
{"level":"info","message":"✅ Loaded critical model LoanAccount on demand","timestamp":"2026-03-04 18:06:18"}
{"level":"info","message":"🔍 Loading critical model LoanRepayment on demand...","timestamp":"2026-03-04 18:06:18"}
{"level":"info","message":"✅ Loaded critical model LoanRepayment on demand","timestamp":"2026-03-04 18:06:19"}
{"level":"info","message":"🔍 Loading critical model Deposit on demand...","timestamp":"2026-03-04 18:06:19"}
{"level":"info","message":"✅ Loaded critical model Deposit on demand","timestamp":"2026-03-04 18:06:19"}
{"level":"info","message":"🔍 Loading critical model Transaction on demand...","timestamp":"2026-03-04 18:06:19"}
{"level":"info","message":"✅ Loaded critical model Transaction on demand","timestamp":"2026-03-04 18:06:19"}
{"level":"info","message":"🔍 Loading critical model GLAccount on demand...","timestamp":"2026-03-04 18:06:19"}
{"level":"info","message":"✅ Loaded critical model GLAccount on demand","timestamp":"2026-03-04 18:06:19"}
{"level":"info","message":"🔍 Loading critical model AuditTrail on demand...","timestamp":"2026-03-04 18:06:19"}
{"level":"info","message":"✅ Loaded critical model AuditTrail on demand","timestamp":"2026-03-04 18:06:19"}
{"level":"info","message":"🔍 Loading critical model Thrift on demand...","timestamp":"2026-03-04 18:06:19"}
{"level":"info","message":"✅ Loaded critical model Thrift on demand","timestamp":"2026-03-04 18:06:19"}
{"level":"info","message":"✅ Model loader initialized successfully","timestamp":"2026-03-04 18:06:19"}
{"level":"info","message":"📊 Loaded models: sequelize, Op, DataTypes, QueryTypes, User, Customer, CustomerAccount, LoanAccount, LoanRepayment, Deposit, Transaction, GLAccount, AuditTrail, Thrift","timestamp":"2026-03-04 18:06:19"}
{"level":"info","message":"🔧 Auto-initializing models in development mode...","timestamp":"2026-03-04 18:06:19"}
{"level":"info","message":"📊 Model Statistics:","timestamp":"2026-03-04 18:06:19"}
{"level":"info","message":"   Total models loaded: 14","timestamp":"2026-03-04 18:06:19"}
{"level":"info","message":"   CUSTOMER: 2 models","timestamp":"2026-03-04 18:06:19"}
{"level":"info","message":"   LOAN: 2 models","timestamp":"2026-03-04 18:06:19"}
{"level":"info","message":"   DEPOSIT: 1 models","timestamp":"2026-03-04 18:06:19"}
{"level":"info","message":"   TRANSACTION: 1 models","timestamp":"2026-03-04 18:06:19"}
{"level":"info","message":"   USER: 1 models","timestamp":"2026-03-04 18:06:19"}
{"level":"info","message":"   ACCOUNTING: 1 models","timestamp":"2026-03-04 18:06:19"}
{"level":"info","message":"   AUDIT: 1 models","timestamp":"2026-03-04 18:06:19"}
{"level":"info","message":"   THRIFT: 1 models","timestamp":"2026-03-04 18:06:19"}
{"level":"info","message":"✅ Thrift model successfully loaded and available","timestamp":"2026-03-04 18:06:19"}
{"level":"info","logDir":"logs","message":"🚀 Winston logger initialized","nodeVersion":"v24.13.0","platform":"win32","timestamp":"2026-03-04 18:11:17"}
{"filters":{},"format":"pdf","level":"info","message":"Generating thrift accounts report for 2 accounts","timestamp":"2026-03-04 18:11:37"}
{"level":"warn","message":"Bank logo image not found at: F:\\WORKON\\CODE\\PCO_BANKING\\EVOLUTION BANKING BACKEND\\src\\image for test\\logo.PNG","timestamp":"2026-03-04 18:11:37"}
{"filters":{},"format":"excel","level":"info","message":"Generating thrift accounts report for 2 accounts","timestamp":"2026-03-04 18:12:06"}
{"level":"info","logDir":"logs","message":"🚀 Winston logger initialized","nodeVersion":"v24.13.0","platform":"win32","timestamp":"2026-03-04 18:18:45"}
{"filters":{},"format":"pdf","level":"info","message":"Generating thrift accounts report for 2 accounts","timestamp":"2026-03-04 18:19:14"}
{"level":"warn","message":"Bank logo image not found at: F:\\WORKON\\CODE\\PCO_BANKING\\EVOLUTION BANKING BACKEND\\src\\image for test\\logo.PNG","timestamp":"2026-03-04 18:19:14"}
{"filters":{},"format":"pdf","level":"info","message":"Generating thrift accounts report for 2 accounts","timestamp":"2026-03-04 18:24:21"}
{"level":"warn","message":"Bank logo image not found at: F:\\WORKON\\CODE\\PCO_BANKING\\EVOLUTION BANKING BACKEND\\src\\image for test\\logo.PNG","timestamp":"2026-03-04 18:24:21"}
{"level":"info","message":"📅 Getting current business date...","timestamp":"2026-03-04 18:37:09"}
{"count":0,"level":"info","limit":10,"message":"Fetched organizations","page":1,"timestamp":"2026-03-04 18:37:09","totalCount":0}
{"level":"info","message":"📅 Getting current business date...","timestamp":"2026-03-04 18:37:09"}
{"count":0,"level":"info","limit":10,"message":"Fetched organizations","page":1,"timestamp":"2026-03-04 18:37:09","totalCount":0}
{"level":"info","message":"📅 Getting current business date...","timestamp":"2026-03-04 18:39:08"}
{"count":0,"level":"info","limit":10,"message":"Fetched organizations","page":1,"timestamp":"2026-03-04 18:39:08","totalCount":0}
{"level":"info","message":"📅 Getting current business date...","timestamp":"2026-03-04 18:39:08"}
{"count":0,"level":"info","limit":10,"message":"Fetched organizations","page":1,"timestamp":"2026-03-04 18:39:09","totalCount":0}
{"filters":{},"format":"pdf","level":"info","message":"Generating thrift accounts report for 2 accounts","timestamp":"2026-03-04 18:39:31"}
{"level":"warn","message":"Bank logo image not found at: F:\\WORKON\\CODE\\PCO_BANKING\\EVOLUTION BANKING BACKEND\\src\\image for test\\logo.PNG","timestamp":"2026-03-04 18:39:32"}
{"errors":["Role 19: Permission undefined not found in APPROVAL","Role 19: Permission undefined not found in DASHBOARD","Role 19: Permission undefined not found in REPORT","Role 19: Permission undefined not found in QUEUE","Role 19: Permission undefined not found in NOTIFICATION","Role 19: Permission undefined not found in AUDIT","Role 20: Permission undefined not found in APPROVAL","Role 20: Permission undefined not found in DASHBOARD","Role 20: Permission undefined not found in REPORT","Role 20: Permission undefined not found in QUEUE","Role 20: Permission undefined not found in NOTIFICATION","Role 28: Permission undefined not found in DASHBOARD","Role 28: Permission undefined not found in REPORT","Role 28: Permission undefined not found in REPORT","Role 28: Permission undefined not found in REPORT","Role 33: Permission undefined not found in ANALYTICS","Role 34: Permission undefined not found in RISK","Role 38: Permission undefined not found in VAULT"],"level":"warn","message":"Permission validation errors","timestamp":"2026-03-04 18:43:50"}
{"count":0,"level":"info","limit":10,"message":"Fetched organizations","page":1,"timestamp":"2026-03-04 22:58:37","totalCount":0}
{"level":"info","message":"📅 Getting current business date...","timestamp":"2026-03-04 22:58:37"}
{"count":0,"level":"info","limit":10,"message":"Fetched organizations","page":1,"timestamp":"2026-03-04 22:58:37","totalCount":0}
{"level":"info","message":"📅 Getting current business date...","timestamp":"2026-03-04 22:58:37"}
{"level":"info","message":"📅 Getting current business date...","timestamp":"2026-03-04 22:59:36"}
{"count":0,"level":"info","limit":10,"message":"Fetched organizations","page":1,"timestamp":"2026-03-04 22:59:36","totalCount":0}
{"level":"info","message":"📅 Getting current business date...","timestamp":"2026-03-04 22:59:37"}
{"count":0,"level":"info","limit":10,"message":"Fetched organizations","page":1,"timestamp":"2026-03-04 22:59:37","totalCount":0}
{"level":"info","message":"📅 Getting current business date...","timestamp":"2026-03-04 22:59:57"}
{"count":0,"level":"info","limit":10,"message":"Fetched organizations","page":1,"timestamp":"2026-03-04 22:59:57","totalCount":0}
{"count":0,"level":"info","limit":10,"message":"Fetched organizations","page":1,"timestamp":"2026-03-04 22:59:57","totalCount":0}
{"level":"info","message":"📅 Getting current business date...","timestamp":"2026-03-04 22:59:57"}
{"level":"info","message":"📅 Getting current business date...","timestamp":"2026-03-04 23:04:51"}
{"count":0,"level":"info","limit":10,"message":"Fetched organizations","page":1,"timestamp":"2026-03-04 23:04:51","totalCount":0}
{"count":0,"level":"info","limit":10,"message":"Fetched organizations","page":1,"timestamp":"2026-03-04 23:04:52","totalCount":0}
{"level":"info","message":"📅 Getting current business date...","timestamp":"2026-03-04 23:04:52"}
{"level":"info","message":"📅 Getting current business date...","timestamp":"2026-03-04 23:10:18"}
{"count":0,"level":"info","limit":10,"message":"Fetched organizations","page":1,"timestamp":"2026-03-04 23:10:18","totalCount":0}
{"count":0,"level":"info","limit":10,"message":"Fetched organizations","page":1,"timestamp":"2026-03-04 23:10:18","totalCount":0}
{"level":"info","message":"📅 Getting current business date...","timestamp":"2026-03-04 23:10:18"}
{"level":"info","message":"📅 Getting current business date...","timestamp":"2026-03-04 23:36:07"}
{"count":0,"level":"info","limit":10,"message":"Fetched organizations","page":1,"timestamp":"2026-03-04 23:36:07","totalCount":0}
{"count":0,"level":"info","limit":10,"message":"Fetched organizations","page":1,"timestamp":"2026-03-04 23:36:07","totalCount":0}
{"level":"info","message":"📅 Getting current business date...","timestamp":"2026-03-04 23:36:07"}
