{"level":"info","logDir":"logs","message":"🚀 Winston logger initialized","nodeVersion":"v24.13.0","platform":"win32","timestamp":"2026-02-12 13:50:04"}
{"errors":["Role 28: Permission undefined not found in REPORT","Role 28: Permission undefined not found in REPORT","Role 38: Permission undefined not found in VAULT"],"level":"warn","message":"Permission validation errors","timestamp":"2026-02-12 13:50:17"}
{"level":"info","message":"Server time initialized (WAT): 2026-02-12T22:50:23.446Z","timestamp":"2026-02-12 13:50:23"}
{"error":"auditLogger.info(...).catch is not a function","level":"warn","message":"Could not log startup audit","timestamp":"2026-02-12 13:50:23"}
{"errors":["Role 28: Permission undefined not found in REPORT","Role 28: Permission undefined not found in REPORT","Role 38: Permission undefined not found in VAULT"],"level":"warn","message":"Permission validation errors","timestamp":"2026-02-12 13:50:23"}
{"date":"Thu Feb 12 2026 13:50:27 GMT-0800 (Pacific Standard Time)","error":{},"level":"error","message":"unhandledRejection: Cannot access 'app' before initialization\nReferenceError: Cannot access 'app' before initialization\n    at file:///F:/WORKON/CODE/PCO_BANKING/EVOLUTION%20BANKING%20BACKEND/src/app.js:26:1","os":{"loadavg":[0,0,0],"uptime":263310.14},"process":{"argv":["C:\\Program Files\\nodejs\\node.exe","F:\\WORKON\\CODE\\PCO_BANKING\\EVOLUTION BANKING BACKEND\\cluster.js"],"cwd":"F:\\WORKON\\CODE\\PCO_BANKING\\EVOLUTION BANKING BACKEND","execPath":"C:\\Program Files\\nodejs\\node.exe","gid":null,"memoryUsage":{"arrayBuffers":3832045,"external":7751606,"heapTotal":210329600,"heapUsed":138371712,"rss":193576960},"pid":30340,"uid":null,"version":"v24.13.0"},"rejection":true,"stack":"ReferenceError: Cannot access 'app' before initialization\n    at file:///F:/WORKON/CODE/PCO_BANKING/EVOLUTION%20BANKING%20BACKEND/src/app.js:26:1","timestamp":"2026-02-12 13:50:27","trace":[{"column":1,"file":"file:///F:/WORKON/CODE/PCO_BANKING/EVOLUTION%20BANKING%20BACKEND/src/app.js","function":null,"line":26,"method":null,"native":false}]}
{"level":"info","message":"🔧 Auto-initializing models in development mode...","timestamp":"2026-02-12 13:50:27"}
{"level":"info","message":"🚀 Initializing model loader...","timestamp":"2026-02-12 13:50:27"}
{"level":"info","message":"✅ Models loaded via index.js","timestamp":"2026-02-12 13:50:27"}
{"level":"info","message":"✅ Loaded critical model User on demand","timestamp":"2026-02-12 13:50:27"}
{"level":"info","message":"✅ Loaded critical model Customer on demand","timestamp":"2026-02-12 13:50:27"}
{"level":"info","message":"✅ Loaded critical model CustomerAccount on demand","timestamp":"2026-02-12 13:50:27"}
{"level":"info","message":"✅ Loaded critical model LoanAccount on demand","timestamp":"2026-02-12 13:50:27"}
{"level":"info","message":"✅ Loaded critical model LoanRepayment on demand","timestamp":"2026-02-12 13:50:27"}
{"level":"info","message":"✅ Loaded critical model Deposit on demand","timestamp":"2026-02-12 13:50:27"}
{"level":"info","message":"✅ Loaded critical model Transaction on demand","timestamp":"2026-02-12 13:50:27"}
{"level":"info","message":"✅ Loaded critical model GLAccount on demand","timestamp":"2026-02-12 13:50:27"}
{"level":"info","message":"✅ Loaded critical model AuditTrail on demand","timestamp":"2026-02-12 13:50:27"}
{"level":"info","message":"✅ Model loader initialized successfully","timestamp":"2026-02-12 13:50:27"}
{"level":"info","message":"📊 Loaded models: sequelize, Op, DataTypes, QueryTypes, User, Customer, CustomerAccount, LoanAccount, LoanRepayment, Deposit, Transaction, GLAccount, AuditTrail","timestamp":"2026-02-12 13:50:27"}
{"level":"info","message":"📊 Model Statistics:","timestamp":"2026-02-12 13:50:27"}
{"level":"info","message":"   Total models loaded: 13","timestamp":"2026-02-12 13:50:27"}
{"level":"info","message":"   CUSTOMER: 2 models","timestamp":"2026-02-12 13:50:27"}
{"level":"info","message":"   LOAN: 2 models","timestamp":"2026-02-12 13:50:27"}
{"level":"info","message":"   DEPOSIT: 1 models","timestamp":"2026-02-12 13:50:27"}
{"level":"info","message":"   TRANSACTION: 1 models","timestamp":"2026-02-12 13:50:27"}
{"level":"info","message":"   USER: 1 models","timestamp":"2026-02-12 13:50:27"}
{"level":"info","message":"   ACCOUNTING: 1 models","timestamp":"2026-02-12 13:50:27"}
{"level":"info","message":"   AUDIT: 1 models","timestamp":"2026-02-12 13:50:27"}
{"level":"info","logDir":"logs","message":"🚀 Winston logger initialized","nodeVersion":"v24.13.0","platform":"win32","timestamp":"2026-02-12 16:30:04"}
{"errors":["Role 28: Permission undefined not found in REPORT","Role 28: Permission undefined not found in REPORT","Role 38: Permission undefined not found in VAULT"],"level":"warn","message":"Permission validation errors","timestamp":"2026-02-12 16:30:15"}
{"level":"info","message":"Server time initialized (WAT): 2026-02-13T01:30:20.831Z","timestamp":"2026-02-12 16:30:20"}
{"error":"auditLogger.info(...).catch is not a function","level":"warn","message":"Could not log startup audit","timestamp":"2026-02-12 16:30:20"}
{"errors":["Role 28: Permission undefined not found in REPORT","Role 28: Permission undefined not found in REPORT","Role 38: Permission undefined not found in VAULT"],"level":"warn","message":"Permission validation errors","timestamp":"2026-02-12 16:30:20"}
{"level":"info","message":"🔧 Auto-initializing models in development mode...","timestamp":"2026-02-12 16:30:24"}
{"level":"info","message":"🚀 Initializing model loader...","timestamp":"2026-02-12 16:30:24"}
{"level":"info","message":"✅ Models loaded via index.js","timestamp":"2026-02-12 16:30:24"}
{"level":"info","message":"✅ Loaded critical model User on demand","timestamp":"2026-02-12 16:30:24"}
{"level":"info","message":"✅ Loaded critical model Customer on demand","timestamp":"2026-02-12 16:30:24"}
{"level":"info","message":"✅ Loaded critical model CustomerAccount on demand","timestamp":"2026-02-12 16:30:24"}
{"level":"info","message":"✅ Loaded critical model LoanAccount on demand","timestamp":"2026-02-12 16:30:24"}
{"level":"info","message":"✅ Loaded critical model LoanRepayment on demand","timestamp":"2026-02-12 16:30:24"}
{"level":"info","message":"✅ Loaded critical model Deposit on demand","timestamp":"2026-02-12 16:30:24"}
{"level":"info","message":"✅ Loaded critical model Transaction on demand","timestamp":"2026-02-12 16:30:24"}
{"level":"info","message":"✅ Loaded critical model GLAccount on demand","timestamp":"2026-02-12 16:30:24"}
{"level":"info","message":"✅ Loaded critical model AuditTrail on demand","timestamp":"2026-02-12 16:30:24"}
{"level":"info","message":"✅ Model loader initialized successfully","timestamp":"2026-02-12 16:30:24"}
{"level":"info","message":"📊 Loaded models: sequelize, Op, DataTypes, QueryTypes, User, Customer, CustomerAccount, LoanAccount, LoanRepayment, Deposit, Transaction, GLAccount, AuditTrail","timestamp":"2026-02-12 16:30:24"}
{"level":"info","message":"📊 Model Statistics:","timestamp":"2026-02-12 16:30:24"}
{"level":"info","message":"   Total models loaded: 13","timestamp":"2026-02-12 16:30:24"}
{"level":"info","message":"   CUSTOMER: 2 models","timestamp":"2026-02-12 16:30:24"}
{"level":"info","message":"   LOAN: 2 models","timestamp":"2026-02-12 16:30:24"}
{"level":"info","message":"   DEPOSIT: 1 models","timestamp":"2026-02-12 16:30:24"}
{"level":"info","message":"   TRANSACTION: 1 models","timestamp":"2026-02-12 16:30:24"}
{"level":"info","message":"   USER: 1 models","timestamp":"2026-02-12 16:30:24"}
{"level":"info","message":"   ACCOUNTING: 1 models","timestamp":"2026-02-12 16:30:24"}
{"level":"info","message":"   AUDIT: 1 models","timestamp":"2026-02-12 16:30:24"}
{"level":"info","logDir":"logs","message":"🚀 Winston logger initialized","nodeVersion":"v24.13.0","platform":"win32","timestamp":"2026-02-12 21:07:29"}
{"errors":["Role 28: Permission undefined not found in REPORT","Role 28: Permission undefined not found in REPORT","Role 38: Permission undefined not found in VAULT"],"level":"warn","message":"Permission validation errors","timestamp":"2026-02-12 21:08:06"}
{"level":"info","message":"Server time initialized (WAT): 2026-02-13T06:08:21.820Z","timestamp":"2026-02-12 21:08:21"}
{"error":"auditLogger.info(...).catch is not a function","level":"warn","message":"Could not log startup audit","timestamp":"2026-02-12 21:08:21"}
{"errors":["Role 28: Permission undefined not found in REPORT","Role 28: Permission undefined not found in REPORT","Role 38: Permission undefined not found in VAULT"],"level":"warn","message":"Permission validation errors","timestamp":"2026-02-12 21:08:21"}
{"level":"info","message":"🔧 Auto-initializing models in development mode...","timestamp":"2026-02-12 21:08:27"}
{"level":"info","message":"🚀 Initializing model loader...","timestamp":"2026-02-12 21:08:27"}
{"level":"info","message":"✅ Models loaded via index.js","timestamp":"2026-02-12 21:08:27"}
{"level":"info","message":"✅ Loaded critical model User on demand","timestamp":"2026-02-12 21:08:27"}
{"level":"info","message":"✅ Loaded critical model Customer on demand","timestamp":"2026-02-12 21:08:27"}
{"level":"info","message":"✅ Loaded critical model CustomerAccount on demand","timestamp":"2026-02-12 21:08:27"}
{"level":"info","message":"✅ Loaded critical model LoanAccount on demand","timestamp":"2026-02-12 21:08:27"}
{"level":"info","message":"✅ Loaded critical model LoanRepayment on demand","timestamp":"2026-02-12 21:08:27"}
{"level":"info","message":"✅ Loaded critical model Deposit on demand","timestamp":"2026-02-12 21:08:27"}
{"level":"info","message":"✅ Loaded critical model Transaction on demand","timestamp":"2026-02-12 21:08:27"}
{"level":"info","message":"✅ Loaded critical model GLAccount on demand","timestamp":"2026-02-12 21:08:27"}
{"level":"info","message":"✅ Loaded critical model AuditTrail on demand","timestamp":"2026-02-12 21:08:27"}
{"level":"info","message":"✅ Model loader initialized successfully","timestamp":"2026-02-12 21:08:27"}
{"level":"info","message":"📊 Loaded models: sequelize, Op, DataTypes, QueryTypes, User, Customer, CustomerAccount, LoanAccount, LoanRepayment, Deposit, Transaction, GLAccount, AuditTrail","timestamp":"2026-02-12 21:08:27"}
{"level":"info","message":"📊 Model Statistics:","timestamp":"2026-02-12 21:08:27"}
{"level":"info","message":"   Total models loaded: 13","timestamp":"2026-02-12 21:08:27"}
{"level":"info","message":"   CUSTOMER: 2 models","timestamp":"2026-02-12 21:08:27"}
{"level":"info","message":"   LOAN: 2 models","timestamp":"2026-02-12 21:08:27"}
{"level":"info","message":"   DEPOSIT: 1 models","timestamp":"2026-02-12 21:08:27"}
{"level":"info","message":"   TRANSACTION: 1 models","timestamp":"2026-02-12 21:08:27"}
{"level":"info","message":"   USER: 1 models","timestamp":"2026-02-12 21:08:27"}
{"level":"info","message":"   ACCOUNTING: 1 models","timestamp":"2026-02-12 21:08:27"}
{"level":"info","message":"   AUDIT: 1 models","timestamp":"2026-02-12 21:08:27"}
{"level":"info","logDir":"logs","message":"🚀 Winston logger initialized","nodeVersion":"v24.13.0","platform":"win32","timestamp":"2026-02-12 21:15:24"}
{"errors":["Role 28: Permission undefined not found in REPORT","Role 28: Permission undefined not found in REPORT","Role 38: Permission undefined not found in VAULT"],"level":"warn","message":"Permission validation errors","timestamp":"2026-02-12 21:15:49"}
{"level":"info","message":"Server time initialized (WAT): 2026-02-13T06:16:00.627Z","timestamp":"2026-02-12 21:16:00"}
{"error":"auditLogger.info(...).catch is not a function","level":"warn","message":"Could not log startup audit","timestamp":"2026-02-12 21:16:00"}
{"errors":["Role 28: Permission undefined not found in REPORT","Role 28: Permission undefined not found in REPORT","Role 38: Permission undefined not found in VAULT"],"level":"warn","message":"Permission validation errors","timestamp":"2026-02-12 21:16:00"}
{"date":"Thu Feb 12 2026 21:16:07 GMT-0800 (Pacific Standard Time)","error":{},"level":"error","message":"unhandledRejection: Cannot access 'app' before initialization\nReferenceError: Cannot access 'app' before initialization\n    at file:///F:/WORKON/CODE/PCO_BANKING/EVOLUTION%20BANKING%20BACKEND/src/app.js:26:1","os":{"loadavg":[0,0,0],"uptime":290050.734},"process":{"argv":["C:\\Program Files\\nodejs\\node.exe","F:\\WORKON\\CODE\\PCO_BANKING\\EVOLUTION BANKING BACKEND\\cluster.js"],"cwd":"F:\\WORKON\\CODE\\PCO_BANKING\\EVOLUTION BANKING BACKEND","execPath":"C:\\Program Files\\nodejs\\node.exe","gid":null,"memoryUsage":{"arrayBuffers":3504095,"external":7423656,"heapTotal":220487680,"heapUsed":92095616,"rss":261844992},"pid":25268,"uid":null,"version":"v24.13.0"},"rejection":true,"stack":"ReferenceError: Cannot access 'app' before initialization\n    at file:///F:/WORKON/CODE/PCO_BANKING/EVOLUTION%20BANKING%20BACKEND/src/app.js:26:1","timestamp":"2026-02-12 21:16:07","trace":[{"column":1,"file":"file:///F:/WORKON/CODE/PCO_BANKING/EVOLUTION%20BANKING%20BACKEND/src/app.js","function":null,"line":26,"method":null,"native":false}]}
{"level":"info","message":"🔧 Auto-initializing models in development mode...","timestamp":"2026-02-12 21:16:08"}
{"level":"info","message":"🚀 Initializing model loader...","timestamp":"2026-02-12 21:16:08"}
{"level":"info","message":"✅ Models loaded via index.js","timestamp":"2026-02-12 21:16:08"}
{"level":"info","message":"✅ Loaded critical model User on demand","timestamp":"2026-02-12 21:16:08"}
{"level":"info","message":"✅ Loaded critical model Customer on demand","timestamp":"2026-02-12 21:16:08"}
{"level":"info","message":"✅ Loaded critical model CustomerAccount on demand","timestamp":"2026-02-12 21:16:08"}
{"level":"info","message":"✅ Loaded critical model LoanAccount on demand","timestamp":"2026-02-12 21:16:08"}
{"level":"info","message":"✅ Loaded critical model LoanRepayment on demand","timestamp":"2026-02-12 21:16:08"}
{"level":"info","message":"✅ Loaded critical model Deposit on demand","timestamp":"2026-02-12 21:16:08"}
{"level":"info","message":"✅ Loaded critical model Transaction on demand","timestamp":"2026-02-12 21:16:08"}
{"level":"info","message":"✅ Loaded critical model GLAccount on demand","timestamp":"2026-02-12 21:16:08"}
{"level":"info","message":"✅ Loaded critical model AuditTrail on demand","timestamp":"2026-02-12 21:16:08"}
{"level":"info","message":"✅ Model loader initialized successfully","timestamp":"2026-02-12 21:16:08"}
{"level":"info","message":"📊 Loaded models: sequelize, Op, DataTypes, QueryTypes, User, Customer, CustomerAccount, LoanAccount, LoanRepayment, Deposit, Transaction, GLAccount, AuditTrail","timestamp":"2026-02-12 21:16:08"}
{"level":"info","message":"📊 Model Statistics:","timestamp":"2026-02-12 21:16:08"}
{"level":"info","message":"   Total models loaded: 13","timestamp":"2026-02-12 21:16:08"}
{"level":"info","message":"   CUSTOMER: 2 models","timestamp":"2026-02-12 21:16:08"}
{"level":"info","message":"   LOAN: 2 models","timestamp":"2026-02-12 21:16:08"}
{"level":"info","message":"   DEPOSIT: 1 models","timestamp":"2026-02-12 21:16:08"}
{"level":"info","message":"   TRANSACTION: 1 models","timestamp":"2026-02-12 21:16:08"}
{"level":"info","message":"   USER: 1 models","timestamp":"2026-02-12 21:16:08"}
{"level":"info","message":"   ACCOUNTING: 1 models","timestamp":"2026-02-12 21:16:08"}
{"level":"info","message":"   AUDIT: 1 models","timestamp":"2026-02-12 21:16:08"}
{"level":"info","logDir":"logs","message":"🚀 Winston logger initialized","nodeVersion":"v24.13.0","platform":"win32","timestamp":"2026-02-12 21:34:01"}
{"errors":["Role 28: Permission undefined not found in REPORT","Role 28: Permission undefined not found in REPORT","Role 38: Permission undefined not found in VAULT"],"level":"warn","message":"Permission validation errors","timestamp":"2026-02-12 21:34:33"}
{"level":"info","message":"Server time initialized (WAT): 2026-02-13T06:34:44.216Z","timestamp":"2026-02-12 21:34:44"}
{"error":"auditLogger.info(...).catch is not a function","level":"warn","message":"Could not log startup audit","timestamp":"2026-02-12 21:34:44"}
{"errors":["Role 28: Permission undefined not found in REPORT","Role 28: Permission undefined not found in REPORT","Role 38: Permission undefined not found in VAULT"],"level":"warn","message":"Permission validation errors","timestamp":"2026-02-12 21:34:44"}
{"date":"Thu Feb 12 2026 21:34:50 GMT-0800 (Pacific Standard Time)","error":{},"level":"error","message":"unhandledRejection: Cannot access 'app' before initialization\nReferenceError: Cannot access 'app' before initialization\n    at file:///F:/WORKON/CODE/PCO_BANKING/EVOLUTION%20BANKING%20BACKEND/src/app.js:26:1\n    at process.processTicksAndRejections (node:internal/process/task_queues:103:5)","os":{"loadavg":[0,0,0],"uptime":291172.906},"process":{"argv":["C:\\Program Files\\nodejs\\node.exe","C:\\Users\\Frederick.A_FNGA0289\\AppData\\Roaming\\npm\\node_modules\\pm2\\lib\\ProcessContainer.js"],"cwd":"F:\\WORKON\\CODE\\PCO_BANKING\\EVOLUTION BANKING BACKEND","execPath":"C:\\Program Files\\nodejs\\node.exe","gid":null,"memoryUsage":{"arrayBuffers":3850277,"external":7778578,"heapTotal":212688896,"heapUsed":144280472,"rss":270225408},"pid":20184,"uid":null,"version":"v24.13.0"},"rejection":true,"stack":"ReferenceError: Cannot access 'app' before initialization\n    at file:///F:/WORKON/CODE/PCO_BANKING/EVOLUTION%20BANKING%20BACKEND/src/app.js:26:1\n    at process.processTicksAndRejections (node:internal/process/task_queues:103:5)","timestamp":"2026-02-12 21:34:50","trace":[{"column":1,"file":"file:///F:/WORKON/CODE/PCO_BANKING/EVOLUTION%20BANKING%20BACKEND/src/app.js","function":null,"line":26,"method":null,"native":false},{"column":5,"file":"node:internal/process/task_queues","function":"process.processTicksAndRejections","line":103,"method":"processTicksAndRejections","native":false}]}
{"level":"info","message":"🔧 Auto-initializing models in development mode...","timestamp":"2026-02-12 21:34:50"}
{"level":"info","message":"🚀 Initializing model loader...","timestamp":"2026-02-12 21:34:50"}
{"level":"info","message":"✅ Models loaded via index.js","timestamp":"2026-02-12 21:34:50"}
{"level":"info","message":"✅ Loaded critical model User on demand","timestamp":"2026-02-12 21:34:50"}
{"level":"info","message":"✅ Loaded critical model Customer on demand","timestamp":"2026-02-12 21:34:50"}
{"level":"info","message":"✅ Loaded critical model CustomerAccount on demand","timestamp":"2026-02-12 21:34:50"}
{"level":"info","message":"✅ Loaded critical model LoanAccount on demand","timestamp":"2026-02-12 21:34:50"}
{"level":"info","message":"✅ Loaded critical model LoanRepayment on demand","timestamp":"2026-02-12 21:34:50"}
{"level":"info","message":"✅ Loaded critical model Deposit on demand","timestamp":"2026-02-12 21:34:50"}
{"level":"info","message":"✅ Loaded critical model Transaction on demand","timestamp":"2026-02-12 21:34:50"}
{"level":"info","message":"✅ Loaded critical model GLAccount on demand","timestamp":"2026-02-12 21:34:50"}
{"level":"info","message":"✅ Loaded critical model AuditTrail on demand","timestamp":"2026-02-12 21:34:50"}
{"level":"info","message":"✅ Model loader initialized successfully","timestamp":"2026-02-12 21:34:50"}
{"level":"info","message":"📊 Loaded models: sequelize, Op, DataTypes, QueryTypes, User, Customer, CustomerAccount, LoanAccount, LoanRepayment, Deposit, Transaction, GLAccount, AuditTrail","timestamp":"2026-02-12 21:34:50"}
{"level":"info","message":"📊 Model Statistics:","timestamp":"2026-02-12 21:34:50"}
{"level":"info","message":"   Total models loaded: 13","timestamp":"2026-02-12 21:34:50"}
{"level":"info","message":"   CUSTOMER: 2 models","timestamp":"2026-02-12 21:34:50"}
{"level":"info","message":"   LOAN: 2 models","timestamp":"2026-02-12 21:34:50"}
{"level":"info","message":"   DEPOSIT: 1 models","timestamp":"2026-02-12 21:34:50"}
{"level":"info","message":"   TRANSACTION: 1 models","timestamp":"2026-02-12 21:34:50"}
{"level":"info","message":"   USER: 1 models","timestamp":"2026-02-12 21:34:50"}
{"level":"info","message":"   ACCOUNTING: 1 models","timestamp":"2026-02-12 21:34:50"}
{"level":"info","message":"   AUDIT: 1 models","timestamp":"2026-02-12 21:34:50"}
{"level":"info","logDir":"logs","message":"🚀 Winston logger initialized","nodeVersion":"v24.13.0","platform":"win32","timestamp":"2026-02-12 21:34:01"}
{"errors":["Role 28: Permission undefined not found in REPORT","Role 28: Permission undefined not found in REPORT","Role 38: Permission undefined not found in VAULT"],"level":"warn","message":"Permission validation errors","timestamp":"2026-02-12 21:34:33"}
{"level":"info","message":"Server time initialized (WAT): 2026-02-13T06:34:44.269Z","timestamp":"2026-02-12 21:34:44"}
{"error":"auditLogger.info(...).catch is not a function","level":"warn","message":"Could not log startup audit","timestamp":"2026-02-12 21:34:44"}
{"errors":["Role 28: Permission undefined not found in REPORT","Role 28: Permission undefined not found in REPORT","Role 38: Permission undefined not found in VAULT"],"level":"warn","message":"Permission validation errors","timestamp":"2026-02-12 21:34:44"}
{"date":"Thu Feb 12 2026 21:34:50 GMT-0800 (Pacific Standard Time)","error":{},"level":"error","message":"unhandledRejection: Cannot access 'app' before initialization\nReferenceError: Cannot access 'app' before initialization\n    at file:///F:/WORKON/CODE/PCO_BANKING/EVOLUTION%20BANKING%20BACKEND/src/app.js:26:1\n    at process.processTicksAndRejections (node:internal/process/task_queues:103:5)","os":{"loadavg":[0,0,0],"uptime":291172.984},"process":{"argv":["C:\\Program Files\\nodejs\\node.exe","C:\\Users\\Frederick.A_FNGA0289\\AppData\\Roaming\\npm\\node_modules\\pm2\\lib\\ProcessContainer.js"],"cwd":"F:\\WORKON\\CODE\\PCO_BANKING\\EVOLUTION BANKING BACKEND","execPath":"C:\\Program Files\\nodejs\\node.exe","gid":null,"memoryUsage":{"arrayBuffers":3849990,"external":7778291,"heapTotal":209600512,"heapUsed":109926232,"rss":264695808},"pid":24320,"uid":null,"version":"v24.13.0"},"rejection":true,"stack":"ReferenceError: Cannot access 'app' before initialization\n    at file:///F:/WORKON/CODE/PCO_BANKING/EVOLUTION%20BANKING%20BACKEND/src/app.js:26:1\n    at process.processTicksAndRejections (node:internal/process/task_queues:103:5)","timestamp":"2026-02-12 21:34:50","trace":[{"column":1,"file":"file:///F:/WORKON/CODE/PCO_BANKING/EVOLUTION%20BANKING%20BACKEND/src/app.js","function":null,"line":26,"method":null,"native":false},{"column":5,"file":"node:internal/process/task_queues","function":"process.processTicksAndRejections","line":103,"method":"processTicksAndRejections","native":false}]}
{"level":"info","message":"🔧 Auto-initializing models in development mode...","timestamp":"2026-02-12 21:34:50"}
{"level":"info","message":"🚀 Initializing model loader...","timestamp":"2026-02-12 21:34:50"}
{"level":"info","message":"✅ Models loaded via index.js","timestamp":"2026-02-12 21:34:50"}
{"level":"info","message":"✅ Loaded critical model User on demand","timestamp":"2026-02-12 21:34:50"}
{"level":"info","message":"✅ Loaded critical model Customer on demand","timestamp":"2026-02-12 21:34:50"}
{"level":"info","message":"✅ Loaded critical model CustomerAccount on demand","timestamp":"2026-02-12 21:34:50"}
{"level":"info","message":"✅ Loaded critical model LoanAccount on demand","timestamp":"2026-02-12 21:34:50"}
{"level":"info","message":"✅ Loaded critical model LoanRepayment on demand","timestamp":"2026-02-12 21:34:50"}
{"level":"info","message":"✅ Loaded critical model Deposit on demand","timestamp":"2026-02-12 21:34:50"}
{"level":"info","message":"✅ Loaded critical model Transaction on demand","timestamp":"2026-02-12 21:34:50"}
{"level":"info","message":"✅ Loaded critical model GLAccount on demand","timestamp":"2026-02-12 21:34:50"}
{"level":"info","message":"✅ Loaded critical model AuditTrail on demand","timestamp":"2026-02-12 21:34:50"}
{"level":"info","message":"✅ Model loader initialized successfully","timestamp":"2026-02-12 21:34:50"}
{"level":"info","message":"📊 Loaded models: sequelize, Op, DataTypes, QueryTypes, User, Customer, CustomerAccount, LoanAccount, LoanRepayment, Deposit, Transaction, GLAccount, AuditTrail","timestamp":"2026-02-12 21:34:50"}
{"level":"info","message":"📊 Model Statistics:","timestamp":"2026-02-12 21:34:50"}
{"level":"info","message":"   Total models loaded: 13","timestamp":"2026-02-12 21:34:50"}
{"level":"info","message":"   CUSTOMER: 2 models","timestamp":"2026-02-12 21:34:50"}
{"level":"info","message":"   LOAN: 2 models","timestamp":"2026-02-12 21:34:50"}
{"level":"info","message":"   DEPOSIT: 1 models","timestamp":"2026-02-12 21:34:50"}
{"level":"info","message":"   TRANSACTION: 1 models","timestamp":"2026-02-12 21:34:50"}
{"level":"info","message":"   USER: 1 models","timestamp":"2026-02-12 21:34:50"}
{"level":"info","message":"   ACCOUNTING: 1 models","timestamp":"2026-02-12 21:34:50"}
{"level":"info","message":"   AUDIT: 1 models","timestamp":"2026-02-12 21:34:50"}
{"level":"info","logDir":"logs","message":"🚀 Winston logger initialized","nodeVersion":"v24.13.0","platform":"win32","timestamp":"2026-02-12 21:34:01"}
{"errors":["Role 28: Permission undefined not found in REPORT","Role 28: Permission undefined not found in REPORT","Role 38: Permission undefined not found in VAULT"],"level":"warn","message":"Permission validation errors","timestamp":"2026-02-12 21:34:33"}
{"level":"info","message":"Server time initialized (WAT): 2026-02-13T06:34:44.224Z","timestamp":"2026-02-12 21:34:44"}
{"error":"auditLogger.info(...).catch is not a function","level":"warn","message":"Could not log startup audit","timestamp":"2026-02-12 21:34:44"}
{"errors":["Role 28: Permission undefined not found in REPORT","Role 28: Permission undefined not found in REPORT","Role 38: Permission undefined not found in VAULT"],"level":"warn","message":"Permission validation errors","timestamp":"2026-02-12 21:34:44"}
{"date":"Thu Feb 12 2026 21:34:50 GMT-0800 (Pacific Standard Time)","error":{},"level":"error","message":"unhandledRejection: Cannot access 'app' before initialization\nReferenceError: Cannot access 'app' before initialization\n    at file:///F:/WORKON/CODE/PCO_BANKING/EVOLUTION%20BANKING%20BACKEND/src/app.js:26:1\n    at process.processTicksAndRejections (node:internal/process/task_queues:103:5)","os":{"loadavg":[0,0,0],"uptime":291173.093},"process":{"argv":["C:\\Program Files\\nodejs\\node.exe","C:\\Users\\Frederick.A_FNGA0289\\AppData\\Roaming\\npm\\node_modules\\pm2\\lib\\ProcessContainer.js"],"cwd":"F:\\WORKON\\CODE\\PCO_BANKING\\EVOLUTION BANKING BACKEND","execPath":"C:\\Program Files\\nodejs\\node.exe","gid":null,"memoryUsage":{"arrayBuffers":3850277,"external":7778578,"heapTotal":213213184,"heapUsed":143542208,"rss":269500416},"pid":27848,"uid":null,"version":"v24.13.0"},"rejection":true,"stack":"ReferenceError: Cannot access 'app' before initialization\n    at file:///F:/WORKON/CODE/PCO_BANKING/EVOLUTION%20BANKING%20BACKEND/src/app.js:26:1\n    at process.processTicksAndRejections (node:internal/process/task_queues:103:5)","timestamp":"2026-02-12 21:34:50","trace":[{"column":1,"file":"file:///F:/WORKON/CODE/PCO_BANKING/EVOLUTION%20BANKING%20BACKEND/src/app.js","function":null,"line":26,"method":null,"native":false},{"column":5,"file":"node:internal/process/task_queues","function":"process.processTicksAndRejections","line":103,"method":"processTicksAndRejections","native":false}]}
{"level":"info","message":"🔧 Auto-initializing models in development mode...","timestamp":"2026-02-12 21:34:50"}
{"level":"info","message":"🚀 Initializing model loader...","timestamp":"2026-02-12 21:34:50"}
{"level":"info","message":"✅ Models loaded via index.js","timestamp":"2026-02-12 21:34:50"}
{"level":"info","message":"✅ Loaded critical model User on demand","timestamp":"2026-02-12 21:34:50"}
{"level":"info","message":"✅ Loaded critical model Customer on demand","timestamp":"2026-02-12 21:34:50"}
{"level":"info","message":"✅ Loaded critical model CustomerAccount on demand","timestamp":"2026-02-12 21:34:50"}
{"level":"info","message":"✅ Loaded critical model LoanAccount on demand","timestamp":"2026-02-12 21:34:50"}
{"level":"info","message":"✅ Loaded critical model LoanRepayment on demand","timestamp":"2026-02-12 21:34:50"}
{"level":"info","message":"✅ Loaded critical model Deposit on demand","timestamp":"2026-02-12 21:34:50"}
{"level":"info","message":"✅ Loaded critical model Transaction on demand","timestamp":"2026-02-12 21:34:50"}
{"level":"info","message":"✅ Loaded critical model GLAccount on demand","timestamp":"2026-02-12 21:34:50"}
{"level":"info","message":"✅ Loaded critical model AuditTrail on demand","timestamp":"2026-02-12 21:34:51"}
{"level":"info","message":"✅ Model loader initialized successfully","timestamp":"2026-02-12 21:34:51"}
{"level":"info","message":"📊 Loaded models: sequelize, Op, DataTypes, QueryTypes, User, Customer, CustomerAccount, LoanAccount, LoanRepayment, Deposit, Transaction, GLAccount, AuditTrail","timestamp":"2026-02-12 21:34:51"}
{"level":"info","message":"📊 Model Statistics:","timestamp":"2026-02-12 21:34:51"}
{"level":"info","message":"   Total models loaded: 13","timestamp":"2026-02-12 21:34:51"}
{"level":"info","message":"   CUSTOMER: 2 models","timestamp":"2026-02-12 21:34:51"}
{"level":"info","message":"   LOAN: 2 models","timestamp":"2026-02-12 21:34:51"}
{"level":"info","message":"   DEPOSIT: 1 models","timestamp":"2026-02-12 21:34:51"}
{"level":"info","message":"   TRANSACTION: 1 models","timestamp":"2026-02-12 21:34:51"}
{"level":"info","message":"   USER: 1 models","timestamp":"2026-02-12 21:34:51"}
{"level":"info","message":"   ACCOUNTING: 1 models","timestamp":"2026-02-12 21:34:51"}
{"level":"info","message":"   AUDIT: 1 models","timestamp":"2026-02-12 21:34:51"}
{"level":"info","logDir":"logs","message":"🚀 Winston logger initialized","nodeVersion":"v24.13.0","platform":"win32","timestamp":"2026-02-12 21:34:01"}
{"errors":["Role 28: Permission undefined not found in REPORT","Role 28: Permission undefined not found in REPORT","Role 38: Permission undefined not found in VAULT"],"level":"warn","message":"Permission validation errors","timestamp":"2026-02-12 21:34:33"}
{"level":"info","message":"Server time initialized (WAT): 2026-02-13T06:34:44.216Z","timestamp":"2026-02-12 21:34:44"}
{"error":"auditLogger.info(...).catch is not a function","level":"warn","message":"Could not log startup audit","timestamp":"2026-02-12 21:34:44"}
{"errors":["Role 28: Permission undefined not found in REPORT","Role 28: Permission undefined not found in REPORT","Role 38: Permission undefined not found in VAULT"],"level":"warn","message":"Permission validation errors","timestamp":"2026-02-12 21:34:44"}
{"date":"Thu Feb 12 2026 21:34:50 GMT-0800 (Pacific Standard Time)","error":{},"level":"error","message":"unhandledRejection: Cannot access 'app' before initialization\nReferenceError: Cannot access 'app' before initialization\n    at file:///F:/WORKON/CODE/PCO_BANKING/EVOLUTION%20BANKING%20BACKEND/src/app.js:26:1\n    at process.processTicksAndRejections (node:internal/process/task_queues:103:5)","os":{"loadavg":[0,0,0],"uptime":291173.031},"process":{"argv":["C:\\Program Files\\nodejs\\node.exe","C:\\Users\\Frederick.A_FNGA0289\\AppData\\Roaming\\npm\\node_modules\\pm2\\lib\\ProcessContainer.js"],"cwd":"F:\\WORKON\\CODE\\PCO_BANKING\\EVOLUTION BANKING BACKEND","execPath":"C:\\Program Files\\nodejs\\node.exe","gid":null,"memoryUsage":{"arrayBuffers":3858182,"external":7786483,"heapTotal":236843008,"heapUsed":133660640,"rss":302862336},"pid":21004,"uid":null,"version":"v24.13.0"},"rejection":true,"stack":"ReferenceError: Cannot access 'app' before initialization\n    at file:///F:/WORKON/CODE/PCO_BANKING/EVOLUTION%20BANKING%20BACKEND/src/app.js:26:1\n    at process.processTicksAndRejections (node:internal/process/task_queues:103:5)","timestamp":"2026-02-12 21:34:50","trace":[{"column":1,"file":"file:///F:/WORKON/CODE/PCO_BANKING/EVOLUTION%20BANKING%20BACKEND/src/app.js","function":null,"line":26,"method":null,"native":false},{"column":5,"file":"node:internal/process/task_queues","function":"process.processTicksAndRejections","line":103,"method":"processTicksAndRejections","native":false}]}
{"level":"info","message":"🔧 Auto-initializing models in development mode...","timestamp":"2026-02-12 21:34:50"}
{"level":"info","message":"🚀 Initializing model loader...","timestamp":"2026-02-12 21:34:50"}
{"level":"info","message":"✅ Models loaded via index.js","timestamp":"2026-02-12 21:34:50"}
{"level":"info","message":"✅ Loaded critical model User on demand","timestamp":"2026-02-12 21:34:50"}
{"level":"info","message":"✅ Loaded critical model Customer on demand","timestamp":"2026-02-12 21:34:50"}
{"level":"info","message":"✅ Loaded critical model CustomerAccount on demand","timestamp":"2026-02-12 21:34:50"}
{"level":"info","message":"✅ Loaded critical model LoanAccount on demand","timestamp":"2026-02-12 21:34:50"}
{"level":"info","message":"✅ Loaded critical model LoanRepayment on demand","timestamp":"2026-02-12 21:34:50"}
{"level":"info","message":"✅ Loaded critical model Deposit on demand","timestamp":"2026-02-12 21:34:50"}
{"level":"info","message":"✅ Loaded critical model Transaction on demand","timestamp":"2026-02-12 21:34:50"}
{"level":"info","message":"✅ Loaded critical model GLAccount on demand","timestamp":"2026-02-12 21:34:50"}
{"level":"info","message":"✅ Loaded critical model AuditTrail on demand","timestamp":"2026-02-12 21:34:50"}
{"level":"info","message":"✅ Model loader initialized successfully","timestamp":"2026-02-12 21:34:50"}
{"level":"info","message":"📊 Loaded models: sequelize, Op, DataTypes, QueryTypes, User, Customer, CustomerAccount, LoanAccount, LoanRepayment, Deposit, Transaction, GLAccount, AuditTrail","timestamp":"2026-02-12 21:34:50"}
{"level":"info","message":"📊 Model Statistics:","timestamp":"2026-02-12 21:34:50"}
{"level":"info","message":"   Total models loaded: 13","timestamp":"2026-02-12 21:34:50"}
{"level":"info","message":"   CUSTOMER: 2 models","timestamp":"2026-02-12 21:34:50"}
{"level":"info","message":"   LOAN: 2 models","timestamp":"2026-02-12 21:34:50"}
{"level":"info","message":"   DEPOSIT: 1 models","timestamp":"2026-02-12 21:34:50"}
{"level":"info","message":"   TRANSACTION: 1 models","timestamp":"2026-02-12 21:34:50"}
{"level":"info","message":"   USER: 1 models","timestamp":"2026-02-12 21:34:50"}
{"level":"info","message":"   ACCOUNTING: 1 models","timestamp":"2026-02-12 21:34:50"}
{"level":"info","message":"   AUDIT: 1 models","timestamp":"2026-02-12 21:34:50"}
{"level":"info","logDir":"logs","message":"🚀 Winston logger initialized","nodeVersion":"v24.13.0","platform":"win32","timestamp":"2026-02-12 21:51:35"}
{"errors":["Role 28: Permission undefined not found in REPORT","Role 28: Permission undefined not found in REPORT","Role 38: Permission undefined not found in VAULT"],"level":"warn","message":"Permission validation errors","timestamp":"2026-02-12 21:51:52"}
{"level":"info","message":"Server time initialized (WAT): 2026-02-13T06:51:58.396Z","timestamp":"2026-02-12 21:51:58"}
{"error":"auditLogger.info(...).catch is not a function","level":"warn","message":"Could not log startup audit","timestamp":"2026-02-12 21:51:58"}
{"errors":["Role 28: Permission undefined not found in REPORT","Role 28: Permission undefined not found in REPORT","Role 38: Permission undefined not found in VAULT"],"level":"warn","message":"Permission validation errors","timestamp":"2026-02-12 21:51:58"}
{"date":"Thu Feb 12 2026 21:52:02 GMT-0800 (Pacific Standard Time)","error":{},"level":"error","message":"unhandledRejection: Cannot access 'app' before initialization\nReferenceError: Cannot access 'app' before initialization\n    at file:///F:/WORKON/CODE/PCO_BANKING/EVOLUTION%20BANKING%20BACKEND/src/app.js:26:1\n    at process.processTicksAndRejections (node:internal/process/task_queues:103:5)","os":{"loadavg":[0,0,0],"uptime":292205.5},"process":{"argv":["C:\\Program Files\\nodejs\\node.exe","C:\\Users\\Frederick.A_FNGA0289\\AppData\\Roaming\\npm\\node_modules\\pm2\\lib\\ProcessContainer.js"],"cwd":"F:\\WORKON\\CODE\\PCO_BANKING\\EVOLUTION BANKING BACKEND","execPath":"C:\\Program Files\\nodejs\\node.exe","gid":null,"memoryUsage":{"arrayBuffers":3863010,"external":7791302,"heapTotal":209821696,"heapUsed":140823048,"rss":259342336},"pid":21060,"uid":null,"version":"v24.13.0"},"rejection":true,"stack":"ReferenceError: Cannot access 'app' before initialization\n    at file:///F:/WORKON/CODE/PCO_BANKING/EVOLUTION%20BANKING%20BACKEND/src/app.js:26:1\n    at process.processTicksAndRejections (node:internal/process/task_queues:103:5)","timestamp":"2026-02-12 21:52:02","trace":[{"column":1,"file":"file:///F:/WORKON/CODE/PCO_BANKING/EVOLUTION%20BANKING%20BACKEND/src/app.js","function":null,"line":26,"method":null,"native":false},{"column":5,"file":"node:internal/process/task_queues","function":"process.processTicksAndRejections","line":103,"method":"processTicksAndRejections","native":false}]}
{"level":"info","message":"🔧 Auto-initializing models in development mode...","timestamp":"2026-02-12 21:52:02"}
{"level":"info","message":"🚀 Initializing model loader...","timestamp":"2026-02-12 21:52:02"}
{"level":"info","message":"✅ Models loaded via index.js","timestamp":"2026-02-12 21:52:02"}
{"level":"info","message":"✅ Loaded critical model User on demand","timestamp":"2026-02-12 21:52:02"}
{"level":"info","message":"✅ Loaded critical model Customer on demand","timestamp":"2026-02-12 21:52:02"}
{"level":"info","message":"✅ Loaded critical model CustomerAccount on demand","timestamp":"2026-02-12 21:52:02"}
{"level":"info","message":"✅ Loaded critical model LoanAccount on demand","timestamp":"2026-02-12 21:52:02"}
{"level":"info","message":"✅ Loaded critical model LoanRepayment on demand","timestamp":"2026-02-12 21:52:02"}
{"level":"info","message":"✅ Loaded critical model Deposit on demand","timestamp":"2026-02-12 21:52:02"}
{"level":"info","message":"✅ Loaded critical model Transaction on demand","timestamp":"2026-02-12 21:52:02"}
{"level":"info","message":"✅ Loaded critical model GLAccount on demand","timestamp":"2026-02-12 21:52:02"}
{"level":"info","message":"✅ Loaded critical model AuditTrail on demand","timestamp":"2026-02-12 21:52:02"}
{"level":"info","message":"✅ Model loader initialized successfully","timestamp":"2026-02-12 21:52:02"}
{"level":"info","message":"📊 Loaded models: sequelize, Op, DataTypes, QueryTypes, User, Customer, CustomerAccount, LoanAccount, LoanRepayment, Deposit, Transaction, GLAccount, AuditTrail","timestamp":"2026-02-12 21:52:02"}
{"level":"info","message":"📊 Model Statistics:","timestamp":"2026-02-12 21:52:02"}
{"level":"info","message":"   Total models loaded: 13","timestamp":"2026-02-12 21:52:02"}
{"level":"info","message":"   CUSTOMER: 2 models","timestamp":"2026-02-12 21:52:02"}
{"level":"info","message":"   LOAN: 2 models","timestamp":"2026-02-12 21:52:02"}
{"level":"info","message":"   DEPOSIT: 1 models","timestamp":"2026-02-12 21:52:02"}
{"level":"info","message":"   TRANSACTION: 1 models","timestamp":"2026-02-12 21:52:02"}
{"level":"info","message":"   USER: 1 models","timestamp":"2026-02-12 21:52:02"}
{"level":"info","message":"   ACCOUNTING: 1 models","timestamp":"2026-02-12 21:52:02"}
{"level":"info","message":"   AUDIT: 1 models","timestamp":"2026-02-12 21:52:02"}
{"level":"info","logDir":"logs","message":"🚀 Winston logger initialized","nodeVersion":"v24.13.0","platform":"win32","timestamp":"2026-02-12 21:51:35"}
{"errors":["Role 28: Permission undefined not found in REPORT","Role 28: Permission undefined not found in REPORT","Role 38: Permission undefined not found in VAULT"],"level":"warn","message":"Permission validation errors","timestamp":"2026-02-12 21:51:52"}
{"level":"info","message":"Server time initialized (WAT): 2026-02-13T06:51:58.419Z","timestamp":"2026-02-12 21:51:58"}
{"error":"auditLogger.info(...).catch is not a function","level":"warn","message":"Could not log startup audit","timestamp":"2026-02-12 21:51:58"}
{"errors":["Role 28: Permission undefined not found in REPORT","Role 28: Permission undefined not found in REPORT","Role 38: Permission undefined not found in VAULT"],"level":"warn","message":"Permission validation errors","timestamp":"2026-02-12 21:51:58"}
{"date":"Thu Feb 12 2026 21:52:02 GMT-0800 (Pacific Standard Time)","error":{},"level":"error","message":"unhandledRejection: Cannot access 'app' before initialization\nReferenceError: Cannot access 'app' before initialization\n    at file:///F:/WORKON/CODE/PCO_BANKING/EVOLUTION%20BANKING%20BACKEND/src/app.js:26:1\n    at process.processTicksAndRejections (node:internal/process/task_queues:103:5)","os":{"loadavg":[0,0,0],"uptime":292205.453},"process":{"argv":["C:\\Program Files\\nodejs\\node.exe","C:\\Users\\Frederick.A_FNGA0289\\AppData\\Roaming\\npm\\node_modules\\pm2\\lib\\ProcessContainer.js"],"cwd":"F:\\WORKON\\CODE\\PCO_BANKING\\EVOLUTION BANKING BACKEND","execPath":"C:\\Program Files\\nodejs\\node.exe","gid":null,"memoryUsage":{"arrayBuffers":3858478,"external":7786770,"heapTotal":209821696,"heapUsed":141112504,"rss":263520256},"pid":16104,"uid":null,"version":"v24.13.0"},"rejection":true,"stack":"ReferenceError: Cannot access 'app' before initialization\n    at file:///F:/WORKON/CODE/PCO_BANKING/EVOLUTION%20BANKING%20BACKEND/src/app.js:26:1\n    at process.processTicksAndRejections (node:internal/process/task_queues:103:5)","timestamp":"2026-02-12 21:52:02","trace":[{"column":1,"file":"file:///F:/WORKON/CODE/PCO_BANKING/EVOLUTION%20BANKING%20BACKEND/src/app.js","function":null,"line":26,"method":null,"native":false},{"column":5,"file":"node:internal/process/task_queues","function":"process.processTicksAndRejections","line":103,"method":"processTicksAndRejections","native":false}]}
{"level":"info","message":"🔧 Auto-initializing models in development mode...","timestamp":"2026-02-12 21:52:02"}
{"level":"info","message":"🚀 Initializing model loader...","timestamp":"2026-02-12 21:52:02"}
{"level":"info","message":"✅ Models loaded via index.js","timestamp":"2026-02-12 21:52:02"}
{"level":"info","message":"✅ Loaded critical model User on demand","timestamp":"2026-02-12 21:52:02"}
{"level":"info","message":"✅ Loaded critical model Customer on demand","timestamp":"2026-02-12 21:52:02"}
{"level":"info","message":"✅ Loaded critical model CustomerAccount on demand","timestamp":"2026-02-12 21:52:02"}
{"level":"info","message":"✅ Loaded critical model LoanAccount on demand","timestamp":"2026-02-12 21:52:02"}
{"level":"info","message":"✅ Loaded critical model LoanRepayment on demand","timestamp":"2026-02-12 21:52:02"}
{"level":"info","message":"✅ Loaded critical model Deposit on demand","timestamp":"2026-02-12 21:52:02"}
{"level":"info","message":"✅ Loaded critical model Transaction on demand","timestamp":"2026-02-12 21:52:02"}
{"level":"info","message":"✅ Loaded critical model GLAccount on demand","timestamp":"2026-02-12 21:52:02"}
{"level":"info","message":"✅ Loaded critical model AuditTrail on demand","timestamp":"2026-02-12 21:52:02"}
{"level":"info","message":"✅ Model loader initialized successfully","timestamp":"2026-02-12 21:52:02"}
{"level":"info","message":"📊 Loaded models: sequelize, Op, DataTypes, QueryTypes, User, Customer, CustomerAccount, LoanAccount, LoanRepayment, Deposit, Transaction, GLAccount, AuditTrail","timestamp":"2026-02-12 21:52:02"}
{"level":"info","message":"📊 Model Statistics:","timestamp":"2026-02-12 21:52:03"}
{"level":"info","message":"   Total models loaded: 13","timestamp":"2026-02-12 21:52:03"}
{"level":"info","message":"   CUSTOMER: 2 models","timestamp":"2026-02-12 21:52:03"}
{"level":"info","message":"   LOAN: 2 models","timestamp":"2026-02-12 21:52:03"}
{"level":"info","message":"   DEPOSIT: 1 models","timestamp":"2026-02-12 21:52:03"}
{"level":"info","message":"   TRANSACTION: 1 models","timestamp":"2026-02-12 21:52:03"}
{"level":"info","message":"   USER: 1 models","timestamp":"2026-02-12 21:52:03"}
{"level":"info","message":"   ACCOUNTING: 1 models","timestamp":"2026-02-12 21:52:03"}
{"level":"info","message":"   AUDIT: 1 models","timestamp":"2026-02-12 21:52:03"}
{"level":"info","logDir":"logs","message":"🚀 Winston logger initialized","nodeVersion":"v24.13.0","platform":"win32","timestamp":"2026-02-12 21:51:35"}
{"errors":["Role 28: Permission undefined not found in REPORT","Role 28: Permission undefined not found in REPORT","Role 38: Permission undefined not found in VAULT"],"level":"warn","message":"Permission validation errors","timestamp":"2026-02-12 21:51:52"}
{"level":"info","message":"Server time initialized (WAT): 2026-02-13T06:51:58.399Z","timestamp":"2026-02-12 21:51:58"}
{"error":"auditLogger.info(...).catch is not a function","level":"warn","message":"Could not log startup audit","timestamp":"2026-02-12 21:51:58"}
{"errors":["Role 28: Permission undefined not found in REPORT","Role 28: Permission undefined not found in REPORT","Role 38: Permission undefined not found in VAULT"],"level":"warn","message":"Permission validation errors","timestamp":"2026-02-12 21:51:58"}
{"date":"Thu Feb 12 2026 21:52:02 GMT-0800 (Pacific Standard Time)","error":{},"level":"error","message":"unhandledRejection: Cannot access 'app' before initialization\nReferenceError: Cannot access 'app' before initialization\n    at file:///F:/WORKON/CODE/PCO_BANKING/EVOLUTION%20BANKING%20BACKEND/src/app.js:26:1\n    at process.processTicksAndRejections (node:internal/process/task_queues:103:5)","os":{"loadavg":[0,0,0],"uptime":292205.625},"process":{"argv":["C:\\Program Files\\nodejs\\node.exe","C:\\Users\\Frederick.A_FNGA0289\\AppData\\Roaming\\npm\\node_modules\\pm2\\lib\\ProcessContainer.js"],"cwd":"F:\\WORKON\\CODE\\PCO_BANKING\\EVOLUTION BANKING BACKEND","execPath":"C:\\Program Files\\nodejs\\node.exe","gid":null,"memoryUsage":{"arrayBuffers":3849999,"external":7778291,"heapTotal":220610560,"heapUsed":104161648,"rss":260849664},"pid":31540,"uid":null,"version":"v24.13.0"},"rejection":true,"stack":"ReferenceError: Cannot access 'app' before initialization\n    at file:///F:/WORKON/CODE/PCO_BANKING/EVOLUTION%20BANKING%20BACKEND/src/app.js:26:1\n    at process.processTicksAndRejections (node:internal/process/task_queues:103:5)","timestamp":"2026-02-12 21:52:02","trace":[{"column":1,"file":"file:///F:/WORKON/CODE/PCO_BANKING/EVOLUTION%20BANKING%20BACKEND/src/app.js","function":null,"line":26,"method":null,"native":false},{"column":5,"file":"node:internal/process/task_queues","function":"process.processTicksAndRejections","line":103,"method":"processTicksAndRejections","native":false}]}
{"level":"info","message":"🔧 Auto-initializing models in development mode...","timestamp":"2026-02-12 21:52:02"}
{"level":"info","message":"🚀 Initializing model loader...","timestamp":"2026-02-12 21:52:02"}
{"level":"info","message":"✅ Models loaded via index.js","timestamp":"2026-02-12 21:52:02"}
{"level":"info","message":"✅ Loaded critical model User on demand","timestamp":"2026-02-12 21:52:02"}
{"level":"info","message":"✅ Loaded critical model Customer on demand","timestamp":"2026-02-12 21:52:02"}
{"level":"info","message":"✅ Loaded critical model CustomerAccount on demand","timestamp":"2026-02-12 21:52:02"}
{"level":"info","message":"✅ Loaded critical model LoanAccount on demand","timestamp":"2026-02-12 21:52:02"}
{"level":"info","message":"✅ Loaded critical model LoanRepayment on demand","timestamp":"2026-02-12 21:52:03"}
{"level":"info","message":"✅ Loaded critical model Deposit on demand","timestamp":"2026-02-12 21:52:03"}
{"level":"info","message":"✅ Loaded critical model Transaction on demand","timestamp":"2026-02-12 21:52:03"}
{"level":"info","message":"✅ Loaded critical model GLAccount on demand","timestamp":"2026-02-12 21:52:03"}
{"level":"info","message":"✅ Loaded critical model AuditTrail on demand","timestamp":"2026-02-12 21:52:03"}
{"level":"info","message":"✅ Model loader initialized successfully","timestamp":"2026-02-12 21:52:03"}
{"level":"info","message":"📊 Loaded models: sequelize, Op, DataTypes, QueryTypes, User, Customer, CustomerAccount, LoanAccount, LoanRepayment, Deposit, Transaction, GLAccount, AuditTrail","timestamp":"2026-02-12 21:52:03"}
{"level":"info","message":"📊 Model Statistics:","timestamp":"2026-02-12 21:52:03"}
{"level":"info","message":"   Total models loaded: 13","timestamp":"2026-02-12 21:52:03"}
{"level":"info","message":"   CUSTOMER: 2 models","timestamp":"2026-02-12 21:52:03"}
{"level":"info","message":"   LOAN: 2 models","timestamp":"2026-02-12 21:52:03"}
{"level":"info","message":"   DEPOSIT: 1 models","timestamp":"2026-02-12 21:52:03"}
{"level":"info","message":"   TRANSACTION: 1 models","timestamp":"2026-02-12 21:52:03"}
{"level":"info","message":"   USER: 1 models","timestamp":"2026-02-12 21:52:03"}
{"level":"info","message":"   ACCOUNTING: 1 models","timestamp":"2026-02-12 21:52:03"}
{"level":"info","message":"   AUDIT: 1 models","timestamp":"2026-02-12 21:52:03"}
{"level":"info","logDir":"logs","message":"🚀 Winston logger initialized","nodeVersion":"v24.13.0","platform":"win32","timestamp":"2026-02-12 21:51:35"}
{"errors":["Role 28: Permission undefined not found in REPORT","Role 28: Permission undefined not found in REPORT","Role 38: Permission undefined not found in VAULT"],"level":"warn","message":"Permission validation errors","timestamp":"2026-02-12 21:51:52"}
{"level":"info","message":"Server time initialized (WAT): 2026-02-13T06:51:58.468Z","timestamp":"2026-02-12 21:51:58"}
{"error":"auditLogger.info(...).catch is not a function","level":"warn","message":"Could not log startup audit","timestamp":"2026-02-12 21:51:58"}
{"errors":["Role 28: Permission undefined not found in REPORT","Role 28: Permission undefined not found in REPORT","Role 38: Permission undefined not found in VAULT"],"level":"warn","message":"Permission validation errors","timestamp":"2026-02-12 21:51:58"}
{"date":"Thu Feb 12 2026 21:52:02 GMT-0800 (Pacific Standard Time)","error":{},"level":"error","message":"unhandledRejection: Cannot access 'app' before initialization\nReferenceError: Cannot access 'app' before initialization\n    at file:///F:/WORKON/CODE/PCO_BANKING/EVOLUTION%20BANKING%20BACKEND/src/app.js:26:1\n    at process.processTicksAndRejections (node:internal/process/task_queues:103:5)","os":{"loadavg":[0,0,0],"uptime":292205.625},"process":{"argv":["C:\\Program Files\\nodejs\\node.exe","C:\\Users\\Frederick.A_FNGA0289\\AppData\\Roaming\\npm\\node_modules\\pm2\\lib\\ProcessContainer.js"],"cwd":"F:\\WORKON\\CODE\\PCO_BANKING\\EVOLUTION BANKING BACKEND","execPath":"C:\\Program Files\\nodejs\\node.exe","gid":null,"memoryUsage":{"arrayBuffers":3850286,"external":7778578,"heapTotal":218251264,"heapUsed":130038536,"rss":257159168},"pid":19464,"uid":null,"version":"v24.13.0"},"rejection":true,"stack":"ReferenceError: Cannot access 'app' before initialization\n    at file:///F:/WORKON/CODE/PCO_BANKING/EVOLUTION%20BANKING%20BACKEND/src/app.js:26:1\n    at process.processTicksAndRejections (node:internal/process/task_queues:103:5)","timestamp":"2026-02-12 21:52:02","trace":[{"column":1,"file":"file:///F:/WORKON/CODE/PCO_BANKING/EVOLUTION%20BANKING%20BACKEND/src/app.js","function":null,"line":26,"method":null,"native":false},{"column":5,"file":"node:internal/process/task_queues","function":"process.processTicksAndRejections","line":103,"method":"processTicksAndRejections","native":false}]}
{"level":"info","message":"🔧 Auto-initializing models in development mode...","timestamp":"2026-02-12 21:52:02"}
{"level":"info","message":"🚀 Initializing model loader...","timestamp":"2026-02-12 21:52:02"}
{"level":"info","message":"✅ Models loaded via index.js","timestamp":"2026-02-12 21:52:02"}
{"level":"info","message":"✅ Loaded critical model User on demand","timestamp":"2026-02-12 21:52:02"}
{"level":"info","message":"✅ Loaded critical model Customer on demand","timestamp":"2026-02-12 21:52:02"}
{"level":"info","message":"✅ Loaded critical model CustomerAccount on demand","timestamp":"2026-02-12 21:52:03"}
{"level":"info","message":"✅ Loaded critical model LoanAccount on demand","timestamp":"2026-02-12 21:52:03"}
{"level":"info","message":"✅ Loaded critical model LoanRepayment on demand","timestamp":"2026-02-12 21:52:03"}
{"level":"info","message":"✅ Loaded critical model Deposit on demand","timestamp":"2026-02-12 21:52:03"}
{"level":"info","message":"✅ Loaded critical model Transaction on demand","timestamp":"2026-02-12 21:52:03"}
{"level":"info","message":"✅ Loaded critical model GLAccount on demand","timestamp":"2026-02-12 21:52:03"}
{"level":"info","message":"✅ Loaded critical model AuditTrail on demand","timestamp":"2026-02-12 21:52:03"}
{"level":"info","message":"✅ Model loader initialized successfully","timestamp":"2026-02-12 21:52:03"}
{"level":"info","message":"📊 Loaded models: sequelize, Op, DataTypes, QueryTypes, User, Customer, CustomerAccount, LoanAccount, LoanRepayment, Deposit, Transaction, GLAccount, AuditTrail","timestamp":"2026-02-12 21:52:03"}
{"level":"info","message":"📊 Model Statistics:","timestamp":"2026-02-12 21:52:03"}
{"level":"info","message":"   Total models loaded: 13","timestamp":"2026-02-12 21:52:03"}
{"level":"info","message":"   CUSTOMER: 2 models","timestamp":"2026-02-12 21:52:03"}
{"level":"info","message":"   LOAN: 2 models","timestamp":"2026-02-12 21:52:03"}
{"level":"info","message":"   DEPOSIT: 1 models","timestamp":"2026-02-12 21:52:03"}
{"level":"info","message":"   TRANSACTION: 1 models","timestamp":"2026-02-12 21:52:03"}
{"level":"info","message":"   USER: 1 models","timestamp":"2026-02-12 21:52:03"}
{"level":"info","message":"   ACCOUNTING: 1 models","timestamp":"2026-02-12 21:52:03"}
{"level":"info","message":"   AUDIT: 1 models","timestamp":"2026-02-12 21:52:03"}
{"level":"info","logDir":"logs","message":"🚀 Winston logger initialized","nodeVersion":"v24.13.0","platform":"win32","timestamp":"2026-02-12 21:58:35"}
{"errors":["Role 28: Permission undefined not found in REPORT","Role 28: Permission undefined not found in REPORT","Role 38: Permission undefined not found in VAULT"],"level":"warn","message":"Permission validation errors","timestamp":"2026-02-12 21:58:52"}
{"level":"info","message":"Server time initialized (WAT): 2026-02-13T06:59:02.282Z","timestamp":"2026-02-12 21:59:02"}
{"error":"auditLogger.info(...).catch is not a function","level":"warn","message":"Could not log startup audit","timestamp":"2026-02-12 21:59:02"}
{"errors":["Role 28: Permission undefined not found in REPORT","Role 28: Permission undefined not found in REPORT","Role 38: Permission undefined not found in VAULT"],"level":"warn","message":"Permission validation errors","timestamp":"2026-02-12 21:59:02"}
{"date":"Thu Feb 12 2026 21:59:10 GMT-0800 (Pacific Standard Time)","error":{},"level":"error","message":"unhandledRejection: Cannot access 'app' before initialization\nReferenceError: Cannot access 'app' before initialization\n    at file:///F:/WORKON/CODE/PCO_BANKING/EVOLUTION%20BANKING%20BACKEND/src/app.js:26:1\n    at process.processTicksAndRejections (node:internal/process/task_queues:103:5)","os":{"loadavg":[0,0,0],"uptime":292633.015},"process":{"argv":["C:\\Program Files\\nodejs\\node.exe","C:\\Users\\Frederick.A_FNGA0289\\AppData\\Roaming\\npm\\node_modules\\pm2\\lib\\ProcessContainer.js"],"cwd":"F:\\WORKON\\CODE\\PCO_BANKING\\EVOLUTION BANKING BACKEND","execPath":"C:\\Program Files\\nodejs\\node.exe","gid":null,"memoryUsage":{"arrayBuffers":3850987,"external":7765699,"heapTotal":220446720,"heapUsed":105592920,"rss":224079872},"pid":20704,"uid":null,"version":"v24.13.0"},"rejection":true,"stack":"ReferenceError: Cannot access 'app' before initialization\n    at file:///F:/WORKON/CODE/PCO_BANKING/EVOLUTION%20BANKING%20BACKEND/src/app.js:26:1\n    at process.processTicksAndRejections (node:internal/process/task_queues:103:5)","timestamp":"2026-02-12 21:59:10","trace":[{"column":1,"file":"file:///F:/WORKON/CODE/PCO_BANKING/EVOLUTION%20BANKING%20BACKEND/src/app.js","function":null,"line":26,"method":null,"native":false},{"column":5,"file":"node:internal/process/task_queues","function":"process.processTicksAndRejections","line":103,"method":"processTicksAndRejections","native":false}]}
{"level":"info","message":"🔧 Auto-initializing models in development mode...","timestamp":"2026-02-12 21:59:10"}
{"level":"info","message":"🚀 Initializing model loader...","timestamp":"2026-02-12 21:59:10"}
{"level":"info","message":"✅ Models loaded via index.js","timestamp":"2026-02-12 21:59:10"}
{"level":"info","message":"✅ Loaded critical model User on demand","timestamp":"2026-02-12 21:59:10"}
{"level":"info","message":"✅ Loaded critical model Customer on demand","timestamp":"2026-02-12 21:59:10"}
{"level":"info","message":"✅ Loaded critical model CustomerAccount on demand","timestamp":"2026-02-12 21:59:10"}
{"level":"info","message":"✅ Loaded critical model LoanAccount on demand","timestamp":"2026-02-12 21:59:10"}
{"level":"info","message":"✅ Loaded critical model LoanRepayment on demand","timestamp":"2026-02-12 21:59:10"}
{"level":"info","message":"✅ Loaded critical model Deposit on demand","timestamp":"2026-02-12 21:59:10"}
{"level":"info","message":"✅ Loaded critical model Transaction on demand","timestamp":"2026-02-12 21:59:10"}
{"level":"info","message":"✅ Loaded critical model GLAccount on demand","timestamp":"2026-02-12 21:59:11"}
{"level":"info","message":"✅ Loaded critical model AuditTrail on demand","timestamp":"2026-02-12 21:59:11"}
{"level":"info","message":"✅ Model loader initialized successfully","timestamp":"2026-02-12 21:59:11"}
{"level":"info","message":"📊 Loaded models: sequelize, Op, DataTypes, QueryTypes, User, Customer, CustomerAccount, LoanAccount, LoanRepayment, Deposit, Transaction, GLAccount, AuditTrail","timestamp":"2026-02-12 21:59:11"}
{"level":"info","message":"📊 Model Statistics:","timestamp":"2026-02-12 21:59:11"}
{"level":"info","message":"   Total models loaded: 13","timestamp":"2026-02-12 21:59:11"}
{"level":"info","message":"   CUSTOMER: 2 models","timestamp":"2026-02-12 21:59:11"}
{"level":"info","message":"   LOAN: 2 models","timestamp":"2026-02-12 21:59:11"}
{"level":"info","message":"   DEPOSIT: 1 models","timestamp":"2026-02-12 21:59:11"}
{"level":"info","message":"   TRANSACTION: 1 models","timestamp":"2026-02-12 21:59:11"}
{"level":"info","message":"   USER: 1 models","timestamp":"2026-02-12 21:59:11"}
{"level":"info","message":"   ACCOUNTING: 1 models","timestamp":"2026-02-12 21:59:11"}
{"level":"info","message":"   AUDIT: 1 models","timestamp":"2026-02-12 21:59:11"}
{"level":"info","logDir":"logs","message":"🚀 Winston logger initialized","nodeVersion":"v24.13.0","platform":"win32","timestamp":"2026-02-12 21:58:35"}
{"errors":["Role 28: Permission undefined not found in REPORT","Role 28: Permission undefined not found in REPORT","Role 38: Permission undefined not found in VAULT"],"level":"warn","message":"Permission validation errors","timestamp":"2026-02-12 21:58:52"}
{"level":"info","message":"Server time initialized (WAT): 2026-02-13T06:59:02.340Z","timestamp":"2026-02-12 21:59:02"}
{"error":"auditLogger.info(...).catch is not a function","level":"warn","message":"Could not log startup audit","timestamp":"2026-02-12 21:59:02"}
{"errors":["Role 28: Permission undefined not found in REPORT","Role 28: Permission undefined not found in REPORT","Role 38: Permission undefined not found in VAULT"],"level":"warn","message":"Permission validation errors","timestamp":"2026-02-12 21:59:02"}
{"date":"Thu Feb 12 2026 21:59:10 GMT-0800 (Pacific Standard Time)","error":{},"level":"error","message":"unhandledRejection: Cannot access 'app' before initialization\nReferenceError: Cannot access 'app' before initialization\n    at file:///F:/WORKON/CODE/PCO_BANKING/EVOLUTION%20BANKING%20BACKEND/src/app.js:26:1\n    at process.processTicksAndRejections (node:internal/process/task_queues:103:5)","os":{"loadavg":[0,0,0],"uptime":292633.234},"process":{"argv":["C:\\Program Files\\nodejs\\node.exe","C:\\Users\\Frederick.A_FNGA0289\\AppData\\Roaming\\npm\\node_modules\\pm2\\lib\\ProcessContainer.js"],"cwd":"F:\\WORKON\\CODE\\PCO_BANKING\\EVOLUTION BANKING BACKEND","execPath":"C:\\Program Files\\nodejs\\node.exe","gid":null,"memoryUsage":{"arrayBuffers":3849990,"external":7765699,"heapTotal":217563136,"heapUsed":112171320,"rss":241053696},"pid":22904,"uid":null,"version":"v24.13.0"},"rejection":true,"stack":"ReferenceError: Cannot access 'app' before initialization\n    at file:///F:/WORKON/CODE/PCO_BANKING/EVOLUTION%20BANKING%20BACKEND/src/app.js:26:1\n    at process.processTicksAndRejections (node:internal/process/task_queues:103:5)","timestamp":"2026-02-12 21:59:10","trace":[{"column":1,"file":"file:///F:/WORKON/CODE/PCO_BANKING/EVOLUTION%20BANKING%20BACKEND/src/app.js","function":null,"line":26,"method":null,"native":false},{"column":5,"file":"node:internal/process/task_queues","function":"process.processTicksAndRejections","line":103,"method":"processTicksAndRejections","native":false}]}
{"level":"info","message":"🔧 Auto-initializing models in development mode...","timestamp":"2026-02-12 21:59:10"}
{"level":"info","message":"🚀 Initializing model loader...","timestamp":"2026-02-12 21:59:10"}
{"level":"info","message":"✅ Models loaded via index.js","timestamp":"2026-02-12 21:59:10"}
{"level":"info","message":"✅ Loaded critical model User on demand","timestamp":"2026-02-12 21:59:10"}
{"level":"info","message":"✅ Loaded critical model Customer on demand","timestamp":"2026-02-12 21:59:10"}
{"level":"info","message":"✅ Loaded critical model CustomerAccount on demand","timestamp":"2026-02-12 21:59:10"}
{"level":"info","message":"✅ Loaded critical model LoanAccount on demand","timestamp":"2026-02-12 21:59:11"}
{"level":"info","message":"✅ Loaded critical model LoanRepayment on demand","timestamp":"2026-02-12 21:59:11"}
{"level":"info","message":"✅ Loaded critical model Deposit on demand","timestamp":"2026-02-12 21:59:11"}
{"level":"info","message":"✅ Loaded critical model Transaction on demand","timestamp":"2026-02-12 21:59:11"}
{"level":"info","message":"✅ Loaded critical model GLAccount on demand","timestamp":"2026-02-12 21:59:11"}
{"level":"info","message":"✅ Loaded critical model AuditTrail on demand","timestamp":"2026-02-12 21:59:11"}
{"level":"info","message":"✅ Model loader initialized successfully","timestamp":"2026-02-12 21:59:11"}
{"level":"info","message":"📊 Loaded models: sequelize, Op, DataTypes, QueryTypes, User, Customer, CustomerAccount, LoanAccount, LoanRepayment, Deposit, Transaction, GLAccount, AuditTrail","timestamp":"2026-02-12 21:59:11"}
{"level":"info","message":"📊 Model Statistics:","timestamp":"2026-02-12 21:59:11"}
{"level":"info","message":"   Total models loaded: 13","timestamp":"2026-02-12 21:59:11"}
{"level":"info","message":"   CUSTOMER: 2 models","timestamp":"2026-02-12 21:59:11"}
{"level":"info","message":"   LOAN: 2 models","timestamp":"2026-02-12 21:59:11"}
{"level":"info","message":"   DEPOSIT: 1 models","timestamp":"2026-02-12 21:59:11"}
{"level":"info","message":"   TRANSACTION: 1 models","timestamp":"2026-02-12 21:59:11"}
{"level":"info","message":"   USER: 1 models","timestamp":"2026-02-12 21:59:11"}
{"level":"info","message":"   ACCOUNTING: 1 models","timestamp":"2026-02-12 21:59:11"}
{"level":"info","message":"   AUDIT: 1 models","timestamp":"2026-02-12 21:59:11"}
{"level":"info","logDir":"logs","message":"🚀 Winston logger initialized","nodeVersion":"v24.13.0","platform":"win32","timestamp":"2026-02-12 21:58:35"}
{"errors":["Role 28: Permission undefined not found in REPORT","Role 28: Permission undefined not found in REPORT","Role 38: Permission undefined not found in VAULT"],"level":"warn","message":"Permission validation errors","timestamp":"2026-02-12 21:58:52"}
{"level":"info","message":"Server time initialized (WAT): 2026-02-13T06:59:02.279Z","timestamp":"2026-02-12 21:59:02"}
{"error":"auditLogger.info(...).catch is not a function","level":"warn","message":"Could not log startup audit","timestamp":"2026-02-12 21:59:02"}
{"errors":["Role 28: Permission undefined not found in REPORT","Role 28: Permission undefined not found in REPORT","Role 38: Permission undefined not found in VAULT"],"level":"warn","message":"Permission validation errors","timestamp":"2026-02-12 21:59:02"}
{"date":"Thu Feb 12 2026 21:59:10 GMT-0800 (Pacific Standard Time)","error":{},"level":"error","message":"unhandledRejection: Cannot access 'app' before initialization\nReferenceError: Cannot access 'app' before initialization\n    at file:///F:/WORKON/CODE/PCO_BANKING/EVOLUTION%20BANKING%20BACKEND/src/app.js:26:1\n    at process.processTicksAndRejections (node:internal/process/task_queues:103:5)","os":{"loadavg":[0,0,0],"uptime":292633.078},"process":{"argv":["C:\\Program Files\\nodejs\\node.exe","C:\\Users\\Frederick.A_FNGA0289\\AppData\\Roaming\\npm\\node_modules\\pm2\\lib\\ProcessContainer.js"],"cwd":"F:\\WORKON\\CODE\\PCO_BANKING\\EVOLUTION BANKING BACKEND","execPath":"C:\\Program Files\\nodejs\\node.exe","gid":null,"memoryUsage":{"arrayBuffers":3849990,"external":7765699,"heapTotal":221757440,"heapUsed":99503112,"rss":246280192},"pid":30196,"uid":null,"version":"v24.13.0"},"rejection":true,"stack":"ReferenceError: Cannot access 'app' before initialization\n    at file:///F:/WORKON/CODE/PCO_BANKING/EVOLUTION%20BANKING%20BACKEND/src/app.js:26:1\n    at process.processTicksAndRejections (node:internal/process/task_queues:103:5)","timestamp":"2026-02-12 21:59:10","trace":[{"column":1,"file":"file:///F:/WORKON/CODE/PCO_BANKING/EVOLUTION%20BANKING%20BACKEND/src/app.js","function":null,"line":26,"method":null,"native":false},{"column":5,"file":"node:internal/process/task_queues","function":"process.processTicksAndRejections","line":103,"method":"processTicksAndRejections","native":false}]}
{"level":"info","message":"🔧 Auto-initializing models in development mode...","timestamp":"2026-02-12 21:59:10"}
{"level":"info","message":"🚀 Initializing model loader...","timestamp":"2026-02-12 21:59:10"}
{"level":"info","message":"✅ Models loaded via index.js","timestamp":"2026-02-12 21:59:10"}
{"level":"info","message":"✅ Loaded critical model User on demand","timestamp":"2026-02-12 21:59:10"}
{"level":"info","message":"✅ Loaded critical model Customer on demand","timestamp":"2026-02-12 21:59:10"}
{"level":"info","message":"✅ Loaded critical model CustomerAccount on demand","timestamp":"2026-02-12 21:59:10"}
{"level":"info","message":"✅ Loaded critical model LoanAccount on demand","timestamp":"2026-02-12 21:59:11"}
{"level":"info","message":"✅ Loaded critical model LoanRepayment on demand","timestamp":"2026-02-12 21:59:11"}
{"level":"info","message":"✅ Loaded critical model Deposit on demand","timestamp":"2026-02-12 21:59:11"}
{"level":"info","message":"✅ Loaded critical model Transaction on demand","timestamp":"2026-02-12 21:59:11"}
{"level":"info","message":"✅ Loaded critical model GLAccount on demand","timestamp":"2026-02-12 21:59:11"}
{"level":"info","message":"✅ Loaded critical model AuditTrail on demand","timestamp":"2026-02-12 21:59:11"}
{"level":"info","message":"✅ Model loader initialized successfully","timestamp":"2026-02-12 21:59:11"}
{"level":"info","message":"📊 Loaded models: sequelize, Op, DataTypes, QueryTypes, User, Customer, CustomerAccount, LoanAccount, LoanRepayment, Deposit, Transaction, GLAccount, AuditTrail","timestamp":"2026-02-12 21:59:11"}
{"level":"info","message":"📊 Model Statistics:","timestamp":"2026-02-12 21:59:11"}
{"level":"info","message":"   Total models loaded: 13","timestamp":"2026-02-12 21:59:11"}
{"level":"info","message":"   CUSTOMER: 2 models","timestamp":"2026-02-12 21:59:11"}
{"level":"info","message":"   LOAN: 2 models","timestamp":"2026-02-12 21:59:11"}
{"level":"info","message":"   DEPOSIT: 1 models","timestamp":"2026-02-12 21:59:11"}
{"level":"info","message":"   TRANSACTION: 1 models","timestamp":"2026-02-12 21:59:11"}
{"level":"info","message":"   USER: 1 models","timestamp":"2026-02-12 21:59:11"}
{"level":"info","message":"   ACCOUNTING: 1 models","timestamp":"2026-02-12 21:59:11"}
{"level":"info","message":"   AUDIT: 1 models","timestamp":"2026-02-12 21:59:11"}
{"level":"info","logDir":"logs","message":"🚀 Winston logger initialized","nodeVersion":"v24.13.0","platform":"win32","timestamp":"2026-02-12 21:58:35"}
{"errors":["Role 28: Permission undefined not found in REPORT","Role 28: Permission undefined not found in REPORT","Role 38: Permission undefined not found in VAULT"],"level":"warn","message":"Permission validation errors","timestamp":"2026-02-12 21:58:51"}
{"level":"info","message":"Server time initialized (WAT): 2026-02-13T06:59:02.219Z","timestamp":"2026-02-12 21:59:02"}
{"error":"auditLogger.info(...).catch is not a function","level":"warn","message":"Could not log startup audit","timestamp":"2026-02-12 21:59:02"}
{"errors":["Role 28: Permission undefined not found in REPORT","Role 28: Permission undefined not found in REPORT","Role 38: Permission undefined not found in VAULT"],"level":"warn","message":"Permission validation errors","timestamp":"2026-02-12 21:59:02"}
{"date":"Thu Feb 12 2026 21:59:10 GMT-0800 (Pacific Standard Time)","error":{},"level":"error","message":"unhandledRejection: Cannot access 'app' before initialization\nReferenceError: Cannot access 'app' before initialization\n    at file:///F:/WORKON/CODE/PCO_BANKING/EVOLUTION%20BANKING%20BACKEND/src/app.js:26:1\n    at process.processTicksAndRejections (node:internal/process/task_queues:103:5)","os":{"loadavg":[0,0,0],"uptime":292633.187},"process":{"argv":["C:\\Program Files\\nodejs\\node.exe","C:\\Users\\Frederick.A_FNGA0289\\AppData\\Roaming\\npm\\node_modules\\pm2\\lib\\ProcessContainer.js"],"cwd":"F:\\WORKON\\CODE\\PCO_BANKING\\EVOLUTION BANKING BACKEND","execPath":"C:\\Program Files\\nodejs\\node.exe","gid":null,"memoryUsage":{"arrayBuffers":3849990,"external":7765699,"heapTotal":217038848,"heapUsed":111980352,"rss":245026816},"pid":17108,"uid":null,"version":"v24.13.0"},"rejection":true,"stack":"ReferenceError: Cannot access 'app' before initialization\n    at file:///F:/WORKON/CODE/PCO_BANKING/EVOLUTION%20BANKING%20BACKEND/src/app.js:26:1\n    at process.processTicksAndRejections (node:internal/process/task_queues:103:5)","timestamp":"2026-02-12 21:59:10","trace":[{"column":1,"file":"file:///F:/WORKON/CODE/PCO_BANKING/EVOLUTION%20BANKING%20BACKEND/src/app.js","function":null,"line":26,"method":null,"native":false},{"column":5,"file":"node:internal/process/task_queues","function":"process.processTicksAndRejections","line":103,"method":"processTicksAndRejections","native":false}]}
{"level":"info","message":"🔧 Auto-initializing models in development mode...","timestamp":"2026-02-12 21:59:10"}
{"level":"info","message":"🚀 Initializing model loader...","timestamp":"2026-02-12 21:59:10"}
{"level":"info","message":"✅ Models loaded via index.js","timestamp":"2026-02-12 21:59:10"}
{"level":"info","message":"✅ Loaded critical model User on demand","timestamp":"2026-02-12 21:59:10"}
{"level":"info","message":"✅ Loaded critical model Customer on demand","timestamp":"2026-02-12 21:59:11"}
{"level":"info","message":"✅ Loaded critical model CustomerAccount on demand","timestamp":"2026-02-12 21:59:11"}
{"level":"info","message":"✅ Loaded critical model LoanAccount on demand","timestamp":"2026-02-12 21:59:11"}
{"level":"info","message":"✅ Loaded critical model LoanRepayment on demand","timestamp":"2026-02-12 21:59:11"}
{"level":"info","message":"✅ Loaded critical model Deposit on demand","timestamp":"2026-02-12 21:59:11"}
{"level":"info","message":"✅ Loaded critical model Transaction on demand","timestamp":"2026-02-12 21:59:11"}
{"level":"info","message":"✅ Loaded critical model GLAccount on demand","timestamp":"2026-02-12 21:59:11"}
{"level":"info","message":"✅ Loaded critical model AuditTrail on demand","timestamp":"2026-02-12 21:59:11"}
{"level":"info","message":"✅ Model loader initialized successfully","timestamp":"2026-02-12 21:59:11"}
{"level":"info","message":"📊 Loaded models: sequelize, Op, DataTypes, QueryTypes, User, Customer, CustomerAccount, LoanAccount, LoanRepayment, Deposit, Transaction, GLAccount, AuditTrail","timestamp":"2026-02-12 21:59:11"}
{"level":"info","message":"📊 Model Statistics:","timestamp":"2026-02-12 21:59:11"}
{"level":"info","message":"   Total models loaded: 13","timestamp":"2026-02-12 21:59:11"}
{"level":"info","message":"   CUSTOMER: 2 models","timestamp":"2026-02-12 21:59:11"}
{"level":"info","message":"   LOAN: 2 models","timestamp":"2026-02-12 21:59:11"}
{"level":"info","message":"   DEPOSIT: 1 models","timestamp":"2026-02-12 21:59:11"}
{"level":"info","message":"   TRANSACTION: 1 models","timestamp":"2026-02-12 21:59:11"}
{"level":"info","message":"   USER: 1 models","timestamp":"2026-02-12 21:59:11"}
{"level":"info","message":"   ACCOUNTING: 1 models","timestamp":"2026-02-12 21:59:11"}
{"level":"info","message":"   AUDIT: 1 models","timestamp":"2026-02-12 21:59:11"}
{"level":"info","logDir":"logs","message":"🚀 Winston logger initialized","nodeVersion":"v24.13.0","platform":"win32","timestamp":"2026-02-12 22:02:05"}
{"level":"info","logDir":"logs","message":"🚀 Winston logger initialized","nodeVersion":"v24.13.0","platform":"win32","timestamp":"2026-02-12 22:02:05"}
{"errors":["Role 28: Permission undefined not found in REPORT","Role 28: Permission undefined not found in REPORT","Role 38: Permission undefined not found in VAULT"],"level":"warn","message":"Permission validation errors","timestamp":"2026-02-12 22:02:17"}
{"errors":["Role 28: Permission undefined not found in REPORT","Role 28: Permission undefined not found in REPORT","Role 38: Permission undefined not found in VAULT"],"level":"warn","message":"Permission validation errors","timestamp":"2026-02-12 22:02:17"}
{"level":"info","message":"Server time initialized (WAT): 2026-02-13T07:02:24.539Z","timestamp":"2026-02-12 22:02:24"}
{"error":"auditLogger.info(...).catch is not a function","level":"warn","message":"Could not log startup audit","timestamp":"2026-02-12 22:02:24"}
{"errors":["Role 28: Permission undefined not found in REPORT","Role 28: Permission undefined not found in REPORT","Role 38: Permission undefined not found in VAULT"],"level":"warn","message":"Permission validation errors","timestamp":"2026-02-12 22:02:24"}
{"date":"Thu Feb 12 2026 22:02:28 GMT-0800 (Pacific Standard Time)","error":{},"level":"error","message":"unhandledRejection: Cannot access 'app' before initialization\nReferenceError: Cannot access 'app' before initialization\n    at file:///F:/WORKON/CODE/PCO_BANKING/EVOLUTION%20BANKING%20BACKEND/src/app.js:26:1\n    at process.processTicksAndRejections (node:internal/process/task_queues:103:5)","os":{"loadavg":[0,0,0],"uptime":292830.968},"process":{"argv":["C:\\Program Files\\nodejs\\node.exe","C:\\Users\\Frederick.A_FNGA0289\\AppData\\Roaming\\npm\\node_modules\\pm2\\lib\\ProcessContainer.js"],"cwd":"F:\\WORKON\\CODE\\PCO_BANKING\\EVOLUTION BANKING BACKEND","execPath":"C:\\Program Files\\nodejs\\node.exe","gid":null,"memoryUsage":{"arrayBuffers":3849990,"external":7765699,"heapTotal":221233152,"heapUsed":102212528,"rss":273932288},"pid":25464,"uid":null,"version":"v24.13.0"},"rejection":true,"stack":"ReferenceError: Cannot access 'app' before initialization\n    at file:///F:/WORKON/CODE/PCO_BANKING/EVOLUTION%20BANKING%20BACKEND/src/app.js:26:1\n    at process.processTicksAndRejections (node:internal/process/task_queues:103:5)","timestamp":"2026-02-12 22:02:28","trace":[{"column":1,"file":"file:///F:/WORKON/CODE/PCO_BANKING/EVOLUTION%20BANKING%20BACKEND/src/app.js","function":null,"line":26,"method":null,"native":false},{"column":5,"file":"node:internal/process/task_queues","function":"process.processTicksAndRejections","line":103,"method":"processTicksAndRejections","native":false}]}
{"level":"info","message":"Server time initialized (WAT): 2026-02-13T07:02:24.424Z","timestamp":"2026-02-12 22:02:24"}
{"level":"info","message":"🔧 Auto-initializing models in development mode...","timestamp":"2026-02-12 22:02:28"}
{"error":"auditLogger.info(...).catch is not a function","level":"warn","message":"Could not log startup audit","timestamp":"2026-02-12 22:02:24"}
{"level":"info","message":"🚀 Initializing model loader...","timestamp":"2026-02-12 22:02:28"}
{"errors":["Role 28: Permission undefined not found in REPORT","Role 28: Permission undefined not found in REPORT","Role 38: Permission undefined not found in VAULT"],"level":"warn","message":"Permission validation errors","timestamp":"2026-02-12 22:02:24"}
{"level":"info","message":"✅ Models loaded via index.js","timestamp":"2026-02-12 22:02:28"}
{"date":"Thu Feb 12 2026 22:02:28 GMT-0800 (Pacific Standard Time)","error":{},"level":"error","message":"unhandledRejection: Cannot access 'app' before initialization\nReferenceError: Cannot access 'app' before initialization\n    at file:///F:/WORKON/CODE/PCO_BANKING/EVOLUTION%20BANKING%20BACKEND/src/app.js:26:1\n    at process.processTicksAndRejections (node:internal/process/task_queues:103:5)","os":{"loadavg":[0,0,0],"uptime":292830.921},"process":{"argv":["C:\\Program Files\\nodejs\\node.exe","C:\\Users\\Frederick.A_FNGA0289\\AppData\\Roaming\\npm\\node_modules\\pm2\\lib\\ProcessContainer.js"],"cwd":"F:\\WORKON\\CODE\\PCO_BANKING\\EVOLUTION BANKING BACKEND","execPath":"C:\\Program Files\\nodejs\\node.exe","gid":null,"memoryUsage":{"arrayBuffers":3850987,"external":7765699,"heapTotal":221495296,"heapUsed":103802256,"rss":264450048},"pid":23944,"uid":null,"version":"v24.13.0"},"rejection":true,"stack":"ReferenceError: Cannot access 'app' before initialization\n    at file:///F:/WORKON/CODE/PCO_BANKING/EVOLUTION%20BANKING%20BACKEND/src/app.js:26:1\n    at process.processTicksAndRejections (node:internal/process/task_queues:103:5)","timestamp":"2026-02-12 22:02:28","trace":[{"column":1,"file":"file:///F:/WORKON/CODE/PCO_BANKING/EVOLUTION%20BANKING%20BACKEND/src/app.js","function":null,"line":26,"method":null,"native":false},{"column":5,"file":"node:internal/process/task_queues","function":"process.processTicksAndRejections","line":103,"method":"processTicksAndRejections","native":false}]}
{"level":"info","message":"✅ Loaded critical model User on demand","timestamp":"2026-02-12 22:02:28"}
{"level":"info","message":"🔧 Auto-initializing models in development mode...","timestamp":"2026-02-12 22:02:28"}
{"level":"info","message":"✅ Loaded critical model Customer on demand","timestamp":"2026-02-12 22:02:28"}
{"level":"info","message":"🚀 Initializing model loader...","timestamp":"2026-02-12 22:02:28"}
{"level":"info","message":"✅ Loaded critical model CustomerAccount on demand","timestamp":"2026-02-12 22:02:28"}
{"level":"info","message":"✅ Models loaded via index.js","timestamp":"2026-02-12 22:02:28"}
{"level":"info","message":"✅ Loaded critical model LoanAccount on demand","timestamp":"2026-02-12 22:02:28"}
{"level":"info","message":"✅ Loaded critical model User on demand","timestamp":"2026-02-12 22:02:28"}
{"level":"info","message":"✅ Loaded critical model LoanRepayment on demand","timestamp":"2026-02-12 22:02:28"}
{"level":"info","message":"✅ Loaded critical model Customer on demand","timestamp":"2026-02-12 22:02:28"}
{"level":"info","message":"✅ Loaded critical model Deposit on demand","timestamp":"2026-02-12 22:02:28"}
{"level":"info","message":"✅ Loaded critical model CustomerAccount on demand","timestamp":"2026-02-12 22:02:28"}
{"level":"info","message":"✅ Loaded critical model Transaction on demand","timestamp":"2026-02-12 22:02:28"}
{"level":"info","message":"✅ Loaded critical model LoanAccount on demand","timestamp":"2026-02-12 22:02:28"}
{"level":"info","message":"✅ Loaded critical model GLAccount on demand","timestamp":"2026-02-12 22:02:28"}
{"level":"info","message":"✅ Loaded critical model LoanRepayment on demand","timestamp":"2026-02-12 22:02:28"}
{"level":"info","message":"✅ Loaded critical model AuditTrail on demand","timestamp":"2026-02-12 22:02:28"}
{"level":"info","message":"✅ Loaded critical model Deposit on demand","timestamp":"2026-02-12 22:02:28"}
{"level":"info","message":"✅ Model loader initialized successfully","timestamp":"2026-02-12 22:02:28"}
{"level":"info","message":"✅ Loaded critical model Transaction on demand","timestamp":"2026-02-12 22:02:28"}
{"level":"info","message":"📊 Loaded models: sequelize, Op, DataTypes, QueryTypes, User, Customer, CustomerAccount, LoanAccount, LoanRepayment, Deposit, Transaction, GLAccount, AuditTrail","timestamp":"2026-02-12 22:02:28"}
{"level":"info","message":"✅ Loaded critical model GLAccount on demand","timestamp":"2026-02-12 22:02:28"}
{"level":"info","message":"📊 Model Statistics:","timestamp":"2026-02-12 22:02:28"}
{"level":"info","message":"✅ Loaded critical model AuditTrail on demand","timestamp":"2026-02-12 22:02:28"}
{"level":"info","message":"   Total models loaded: 13","timestamp":"2026-02-12 22:02:28"}
{"level":"info","message":"✅ Model loader initialized successfully","timestamp":"2026-02-12 22:02:28"}
{"level":"info","message":"   CUSTOMER: 2 models","timestamp":"2026-02-12 22:02:28"}
{"level":"info","message":"📊 Loaded models: sequelize, Op, DataTypes, QueryTypes, User, Customer, CustomerAccount, LoanAccount, LoanRepayment, Deposit, Transaction, GLAccount, AuditTrail","timestamp":"2026-02-12 22:02:28"}
{"level":"info","message":"   LOAN: 2 models","timestamp":"2026-02-12 22:02:28"}
{"level":"info","message":"📊 Model Statistics:","timestamp":"2026-02-12 22:02:28"}
{"level":"info","message":"   DEPOSIT: 1 models","timestamp":"2026-02-12 22:02:28"}
{"level":"info","message":"   Total models loaded: 13","timestamp":"2026-02-12 22:02:28"}
{"level":"info","message":"   TRANSACTION: 1 models","timestamp":"2026-02-12 22:02:28"}
{"level":"info","message":"   CUSTOMER: 2 models","timestamp":"2026-02-12 22:02:28"}
{"level":"info","message":"   USER: 1 models","timestamp":"2026-02-12 22:02:28"}
{"level":"info","message":"   LOAN: 2 models","timestamp":"2026-02-12 22:02:28"}
{"level":"info","message":"   ACCOUNTING: 1 models","timestamp":"2026-02-12 22:02:28"}
{"level":"info","message":"   DEPOSIT: 1 models","timestamp":"2026-02-12 22:02:28"}
{"level":"info","message":"   AUDIT: 1 models","timestamp":"2026-02-12 22:02:28"}
{"level":"info","message":"   TRANSACTION: 1 models","timestamp":"2026-02-12 22:02:28"}
{"level":"info","message":"   USER: 1 models","timestamp":"2026-02-12 22:02:28"}
{"level":"info","message":"   ACCOUNTING: 1 models","timestamp":"2026-02-12 22:02:28"}
{"level":"info","message":"   AUDIT: 1 models","timestamp":"2026-02-12 22:02:28"}
{"level":"info","logDir":"logs","message":"🚀 Winston logger initialized","nodeVersion":"v24.13.0","platform":"win32","timestamp":"2026-02-12 22:02:05"}
{"errors":["Role 28: Permission undefined not found in REPORT","Role 28: Permission undefined not found in REPORT","Role 38: Permission undefined not found in VAULT"],"level":"warn","message":"Permission validation errors","timestamp":"2026-02-12 22:02:17"}
{"level":"info","message":"Server time initialized (WAT): 2026-02-13T07:02:24.439Z","timestamp":"2026-02-12 22:02:24"}
{"error":"auditLogger.info(...).catch is not a function","level":"warn","message":"Could not log startup audit","timestamp":"2026-02-12 22:02:24"}
{"errors":["Role 28: Permission undefined not found in REPORT","Role 28: Permission undefined not found in REPORT","Role 38: Permission undefined not found in VAULT"],"level":"warn","message":"Permission validation errors","timestamp":"2026-02-12 22:02:24"}
{"date":"Thu Feb 12 2026 22:02:28 GMT-0800 (Pacific Standard Time)","error":{},"level":"error","message":"unhandledRejection: Cannot access 'app' before initialization\nReferenceError: Cannot access 'app' before initialization\n    at file:///F:/WORKON/CODE/PCO_BANKING/EVOLUTION%20BANKING%20BACKEND/src/app.js:26:1\n    at process.processTicksAndRejections (node:internal/process/task_queues:103:5)","os":{"loadavg":[0,0,0],"uptime":292831.031},"process":{"argv":["C:\\Program Files\\nodejs\\node.exe","C:\\Users\\Frederick.A_FNGA0289\\AppData\\Roaming\\npm\\node_modules\\pm2\\lib\\ProcessContainer.js"],"cwd":"F:\\WORKON\\CODE\\PCO_BANKING\\EVOLUTION BANKING BACKEND","execPath":"C:\\Program Files\\nodejs\\node.exe","gid":null,"memoryUsage":{"arrayBuffers":3849990,"external":7765699,"heapTotal":216514560,"heapUsed":111481472,"rss":263434240},"pid":13700,"uid":null,"version":"v24.13.0"},"rejection":true,"stack":"ReferenceError: Cannot access 'app' before initialization\n    at file:///F:/WORKON/CODE/PCO_BANKING/EVOLUTION%20BANKING%20BACKEND/src/app.js:26:1\n    at process.processTicksAndRejections (node:internal/process/task_queues:103:5)","timestamp":"2026-02-12 22:02:28","trace":[{"column":1,"file":"file:///F:/WORKON/CODE/PCO_BANKING/EVOLUTION%20BANKING%20BACKEND/src/app.js","function":null,"line":26,"method":null,"native":false},{"column":5,"file":"node:internal/process/task_queues","function":"process.processTicksAndRejections","line":103,"method":"processTicksAndRejections","native":false}]}
{"level":"info","message":"🔧 Auto-initializing models in development mode...","timestamp":"2026-02-12 22:02:28"}
{"level":"info","message":"🚀 Initializing model loader...","timestamp":"2026-02-12 22:02:28"}
{"level":"info","message":"✅ Models loaded via index.js","timestamp":"2026-02-12 22:02:28"}
{"level":"info","message":"✅ Loaded critical model User on demand","timestamp":"2026-02-12 22:02:28"}
{"level":"info","message":"✅ Loaded critical model Customer on demand","timestamp":"2026-02-12 22:02:28"}
{"level":"info","message":"✅ Loaded critical model CustomerAccount on demand","timestamp":"2026-02-12 22:02:28"}
{"level":"info","message":"✅ Loaded critical model LoanAccount on demand","timestamp":"2026-02-12 22:02:28"}
{"level":"info","message":"✅ Loaded critical model LoanRepayment on demand","timestamp":"2026-02-12 22:02:28"}
{"level":"info","logDir":"logs","message":"🚀 Winston logger initialized","nodeVersion":"v24.13.0","platform":"win32","timestamp":"2026-02-12 22:02:05"}
{"errors":["Role 28: Permission undefined not found in REPORT","Role 28: Permission undefined not found in REPORT","Role 38: Permission undefined not found in VAULT"],"level":"warn","message":"Permission validation errors","timestamp":"2026-02-12 22:02:17"}
{"level":"info","message":"Server time initialized (WAT): 2026-02-13T07:02:24.522Z","timestamp":"2026-02-12 22:02:24"}
{"error":"auditLogger.info(...).catch is not a function","level":"warn","message":"Could not log startup audit","timestamp":"2026-02-12 22:02:24"}
{"errors":["Role 28: Permission undefined not found in REPORT","Role 28: Permission undefined not found in REPORT","Role 38: Permission undefined not found in VAULT"],"level":"warn","message":"Permission validation errors","timestamp":"2026-02-12 22:02:24"}
{"date":"Thu Feb 12 2026 22:02:28 GMT-0800 (Pacific Standard Time)","error":{},"level":"error","message":"unhandledRejection: Cannot access 'app' before initialization\nReferenceError: Cannot access 'app' before initialization\n    at file:///F:/WORKON/CODE/PCO_BANKING/EVOLUTION%20BANKING%20BACKEND/src/app.js:26:1\n    at process.processTicksAndRejections (node:internal/process/task_queues:103:5)","os":{"loadavg":[0,0,0],"uptime":292831.109},"process":{"argv":["C:\\Program Files\\nodejs\\node.exe","C:\\Users\\Frederick.A_FNGA0289\\AppData\\Roaming\\npm\\node_modules\\pm2\\lib\\ProcessContainer.js"],"cwd":"F:\\WORKON\\CODE\\PCO_BANKING\\EVOLUTION BANKING BACKEND","execPath":"C:\\Program Files\\nodejs\\node.exe","gid":null,"memoryUsage":{"arrayBuffers":3849990,"external":7765699,"heapTotal":221233152,"heapUsed":99452704,"rss":273125376},"pid":2380,"uid":null,"version":"v24.13.0"},"rejection":true,"stack":"ReferenceError: Cannot access 'app' before initialization\n    at file:///F:/WORKON/CODE/PCO_BANKING/EVOLUTION%20BANKING%20BACKEND/src/app.js:26:1\n    at process.processTicksAndRejections (node:internal/process/task_queues:103:5)","timestamp":"2026-02-12 22:02:28","trace":[{"column":1,"file":"file:///F:/WORKON/CODE/PCO_BANKING/EVOLUTION%20BANKING%20BACKEND/src/app.js","function":null,"line":26,"method":null,"native":false},{"column":5,"file":"node:internal/process/task_queues","function":"process.processTicksAndRejections","line":103,"method":"processTicksAndRejections","native":false}]}
{"level":"info","message":"🔧 Auto-initializing models in development mode...","timestamp":"2026-02-12 22:02:28"}
{"level":"info","message":"🚀 Initializing model loader...","timestamp":"2026-02-12 22:02:28"}
{"level":"info","message":"✅ Models loaded via index.js","timestamp":"2026-02-12 22:02:28"}
{"level":"info","message":"✅ Loaded critical model User on demand","timestamp":"2026-02-12 22:02:28"}
{"level":"info","message":"✅ Loaded critical model Customer on demand","timestamp":"2026-02-12 22:02:28"}
{"level":"info","message":"✅ Loaded critical model CustomerAccount on demand","timestamp":"2026-02-12 22:02:28"}
{"level":"info","message":"✅ Loaded critical model LoanAccount on demand","timestamp":"2026-02-12 22:02:28"}
{"level":"info","message":"✅ Loaded critical model LoanRepayment on demand","timestamp":"2026-02-12 22:02:28"}
{"level":"info","message":"✅ Loaded critical model Deposit on demand","timestamp":"2026-02-12 22:02:28"}
{"level":"info","message":"✅ Loaded critical model Transaction on demand","timestamp":"2026-02-12 22:02:28"}
{"level":"info","message":"✅ Loaded critical model GLAccount on demand","timestamp":"2026-02-12 22:02:28"}
{"level":"info","message":"✅ Loaded critical model AuditTrail on demand","timestamp":"2026-02-12 22:02:28"}
{"level":"info","message":"✅ Model loader initialized successfully","timestamp":"2026-02-12 22:02:28"}
{"level":"info","message":"📊 Loaded models: sequelize, Op, DataTypes, QueryTypes, User, Customer, CustomerAccount, LoanAccount, LoanRepayment, Deposit, Transaction, GLAccount, AuditTrail","timestamp":"2026-02-12 22:02:28"}
{"level":"info","message":"📊 Model Statistics:","timestamp":"2026-02-12 22:02:28"}
{"level":"info","message":"✅ Loaded critical model Deposit on demand","timestamp":"2026-02-12 22:02:28"}
{"level":"info","message":"   Total models loaded: 13","timestamp":"2026-02-12 22:02:28"}
{"level":"info","message":"✅ Loaded critical model Transaction on demand","timestamp":"2026-02-12 22:02:28"}
{"level":"info","message":"   CUSTOMER: 2 models","timestamp":"2026-02-12 22:02:28"}
{"level":"info","message":"✅ Loaded critical model GLAccount on demand","timestamp":"2026-02-12 22:02:28"}
{"level":"info","message":"   LOAN: 2 models","timestamp":"2026-02-12 22:02:28"}
{"level":"info","message":"✅ Loaded critical model AuditTrail on demand","timestamp":"2026-02-12 22:02:28"}
{"level":"info","message":"   DEPOSIT: 1 models","timestamp":"2026-02-12 22:02:28"}
{"level":"info","message":"✅ Model loader initialized successfully","timestamp":"2026-02-12 22:02:28"}
{"level":"info","message":"   TRANSACTION: 1 models","timestamp":"2026-02-12 22:02:28"}
{"level":"info","message":"📊 Loaded models: sequelize, Op, DataTypes, QueryTypes, User, Customer, CustomerAccount, LoanAccount, LoanRepayment, Deposit, Transaction, GLAccount, AuditTrail","timestamp":"2026-02-12 22:02:28"}
{"level":"info","message":"   USER: 1 models","timestamp":"2026-02-12 22:02:28"}
{"level":"info","message":"📊 Model Statistics:","timestamp":"2026-02-12 22:02:28"}
{"level":"info","message":"   ACCOUNTING: 1 models","timestamp":"2026-02-12 22:02:28"}
{"level":"info","message":"   Total models loaded: 13","timestamp":"2026-02-12 22:02:28"}
{"level":"info","message":"   AUDIT: 1 models","timestamp":"2026-02-12 22:02:28"}
{"level":"info","message":"   CUSTOMER: 2 models","timestamp":"2026-02-12 22:02:28"}
{"level":"info","message":"   LOAN: 2 models","timestamp":"2026-02-12 22:02:28"}
{"level":"info","message":"   DEPOSIT: 1 models","timestamp":"2026-02-12 22:02:28"}
{"level":"info","message":"   TRANSACTION: 1 models","timestamp":"2026-02-12 22:02:28"}
{"level":"info","message":"   USER: 1 models","timestamp":"2026-02-12 22:02:28"}
{"level":"info","message":"   ACCOUNTING: 1 models","timestamp":"2026-02-12 22:02:28"}
{"level":"info","message":"   AUDIT: 1 models","timestamp":"2026-02-12 22:02:28"}
