{"level":"info","message":"📅 Getting current business date...","timestamp":"2026-02-07 00:43:53"}
{"count":1,"level":"info","limit":10,"message":"Fetched organizations","page":1,"timestamp":"2026-02-07 00:43:54","totalCount":1}
{"count":1,"level":"info","limit":10,"message":"Fetched organizations","page":1,"timestamp":"2026-02-07 00:43:55","totalCount":1}
{"level":"info","message":"📅 Getting current business date...","timestamp":"2026-02-07 00:43:55"}
{"error":"CustomerAccount.find is not a function","level":"error","message":"Error fetching customer accounts","stack":"TypeError: CustomerAccount.find is not a function\n    at exportCustomerAccounts (file:///F:/WORKON/CODE/PCO_BANKING/EVOLUTION%20BANKING%20BACKEND/src/controllers/AccountStatementController.js:254:45)\n    at Layer.handle [as handle_request] (F:\\WORKON\\CODE\\PCO_BANKING\\EVOLUTION BANKING BACKEND\\node_modules\\express\\lib\\router\\layer.js:95:5)\n    at next (F:\\WORKON\\CODE\\PCO_BANKING\\EVOLUTION BANKING BACKEND\\node_modules\\express\\lib\\router\\route.js:149:13)\n    at Route.dispatch (F:\\WORKON\\CODE\\PCO_BANKING\\EVOLUTION BANKING BACKEND\\node_modules\\express\\lib\\router\\route.js:119:3)\n    at Layer.handle [as handle_request] (F:\\WORKON\\CODE\\PCO_BANKING\\EVOLUTION BANKING BACKEND\\node_modules\\express\\lib\\router\\layer.js:95:5)\n    at F:\\WORKON\\CODE\\PCO_BANKING\\EVOLUTION BANKING BACKEND\\node_modules\\express\\lib\\router\\index.js:284:15\n    at router.process_params (F:\\WORKON\\CODE\\PCO_BANKING\\EVOLUTION BANKING BACKEND\\node_modules\\express\\lib\\router\\index.js:346:12)\n    at next (F:\\WORKON\\CODE\\PCO_BANKING\\EVOLUTION BANKING BACKEND\\node_modules\\express\\lib\\router\\index.js:280:10)\n    at router.handle (F:\\WORKON\\CODE\\PCO_BANKING\\EVOLUTION BANKING BACKEND\\node_modules\\express\\lib\\router\\index.js:175:3)\n    at router (F:\\WORKON\\CODE\\PCO_BANKING\\EVOLUTION BANKING BACKEND\\node_modules\\express\\lib\\router\\index.js:47:12)","timestamp":"2026-02-07 01:11:14"}
{"error":"CustomerAccount.find is not a function","level":"error","message":"Error fetching customer accounts","stack":"TypeError: CustomerAccount.find is not a function\n    at exportCustomerAccounts (file:///F:/WORKON/CODE/PCO_BANKING/EVOLUTION%20BANKING%20BACKEND/src/controllers/AccountStatementController.js:254:45)\n    at Layer.handle [as handle_request] (F:\\WORKON\\CODE\\PCO_BANKING\\EVOLUTION BANKING BACKEND\\node_modules\\express\\lib\\router\\layer.js:95:5)\n    at next (F:\\WORKON\\CODE\\PCO_BANKING\\EVOLUTION BANKING BACKEND\\node_modules\\express\\lib\\router\\route.js:149:13)\n    at Route.dispatch (F:\\WORKON\\CODE\\PCO_BANKING\\EVOLUTION BANKING BACKEND\\node_modules\\express\\lib\\router\\route.js:119:3)\n    at Layer.handle [as handle_request] (F:\\WORKON\\CODE\\PCO_BANKING\\EVOLUTION BANKING BACKEND\\node_modules\\express\\lib\\router\\layer.js:95:5)\n    at F:\\WORKON\\CODE\\PCO_BANKING\\EVOLUTION BANKING BACKEND\\node_modules\\express\\lib\\router\\index.js:284:15\n    at router.process_params (F:\\WORKON\\CODE\\PCO_BANKING\\EVOLUTION BANKING BACKEND\\node_modules\\express\\lib\\router\\index.js:346:12)\n    at next (F:\\WORKON\\CODE\\PCO_BANKING\\EVOLUTION BANKING BACKEND\\node_modules\\express\\lib\\router\\index.js:280:10)\n    at router.handle (F:\\WORKON\\CODE\\PCO_BANKING\\EVOLUTION BANKING BACKEND\\node_modules\\express\\lib\\router\\index.js:175:3)\n    at router (F:\\WORKON\\CODE\\PCO_BANKING\\EVOLUTION BANKING BACKEND\\node_modules\\express\\lib\\router\\index.js:47:12)","timestamp":"2026-02-07 01:11:14"}
{"level":"info","logDir":"logs","message":"🚀 Winston logger initialized","nodeVersion":"v24.13.0","platform":"win32","timestamp":"2026-02-07 01:28:35"}
{"errors":["Role 28: Permission undefined not found in REPORT","Role 28: Permission undefined not found in REPORT","Role 38: Permission undefined not found in VAULT"],"level":"warn","message":"Permission validation errors","timestamp":"2026-02-07 01:28:43"}
{"level":"info","message":"Server time initialized (WAT): 2026-02-07T10:28:48.798Z","timestamp":"2026-02-07 01:28:48"}
{"error":"auditLogger.info(...).catch is not a function","level":"warn","message":"Could not log startup audit","timestamp":"2026-02-07 01:28:48"}
{"errors":["Role 28: Permission undefined not found in REPORT","Role 28: Permission undefined not found in REPORT","Role 38: Permission undefined not found in VAULT"],"level":"warn","message":"Permission validation errors","timestamp":"2026-02-07 01:28:48"}
{"level":"info","logDir":"logs","message":"🚀 Winston logger initialized","nodeVersion":"v24.13.0","platform":"win32","timestamp":"2026-02-07 01:32:07"}
{"errors":["Role 28: Permission undefined not found in REPORT","Role 28: Permission undefined not found in REPORT","Role 38: Permission undefined not found in VAULT"],"level":"warn","message":"Permission validation errors","timestamp":"2026-02-07 01:32:10"}
{"level":"info","message":"Server time initialized (WAT): 2026-02-07T10:32:11.305Z","timestamp":"2026-02-07 01:32:11"}
{"error":"auditLogger.info(...).catch is not a function","level":"warn","message":"Could not log startup audit","timestamp":"2026-02-07 01:32:11"}
{"errors":["Role 28: Permission undefined not found in REPORT","Role 28: Permission undefined not found in REPORT","Role 38: Permission undefined not found in VAULT"],"level":"warn","message":"Permission validation errors","timestamp":"2026-02-07 01:32:11"}
{"level":"info","logDir":"logs","message":"🚀 Winston logger initialized","nodeVersion":"v24.13.0","platform":"win32","timestamp":"2026-02-07 01:37:36"}
{"errors":["Role 28: Permission undefined not found in REPORT","Role 28: Permission undefined not found in REPORT","Role 38: Permission undefined not found in VAULT"],"level":"warn","message":"Permission validation errors","timestamp":"2026-02-07 01:37:38"}
{"level":"info","message":"Server time initialized (WAT): 2026-02-07T10:37:39.935Z","timestamp":"2026-02-07 01:37:39"}
{"error":"auditLogger.info(...).catch is not a function","level":"warn","message":"Could not log startup audit","timestamp":"2026-02-07 01:37:39"}
{"errors":["Role 28: Permission undefined not found in REPORT","Role 28: Permission undefined not found in REPORT","Role 38: Permission undefined not found in VAULT"],"level":"warn","message":"Permission validation errors","timestamp":"2026-02-07 01:37:39"}
{"level":"info","logDir":"logs","message":"🚀 Winston logger initialized","nodeVersion":"v24.13.0","platform":"win32","timestamp":"2026-02-07 01:51:09"}
{"errors":["Role 28: Permission undefined not found in REPORT","Role 28: Permission undefined not found in REPORT","Role 38: Permission undefined not found in VAULT"],"level":"warn","message":"Permission validation errors","timestamp":"2026-02-07 01:51:12"}
{"level":"info","message":"Server time initialized (WAT): 2026-02-07T10:51:14.889Z","timestamp":"2026-02-07 01:51:14"}
{"error":"auditLogger.info(...).catch is not a function","level":"warn","message":"Could not log startup audit","timestamp":"2026-02-07 01:51:14"}
{"errors":["Role 28: Permission undefined not found in REPORT","Role 28: Permission undefined not found in REPORT","Role 38: Permission undefined not found in VAULT"],"level":"warn","message":"Permission validation errors","timestamp":"2026-02-07 01:51:15"}
{"level":"info","logDir":"logs","message":"🚀 Winston logger initialized","nodeVersion":"v24.13.0","platform":"win32","timestamp":"2026-02-07 01:56:33"}
{"errors":["Role 28: Permission undefined not found in REPORT","Role 28: Permission undefined not found in REPORT","Role 38: Permission undefined not found in VAULT"],"level":"warn","message":"Permission validation errors","timestamp":"2026-02-07 01:56:37"}
{"level":"info","message":"Server time initialized (WAT): 2026-02-07T10:56:39.355Z","timestamp":"2026-02-07 01:56:39"}
{"error":"auditLogger.info(...).catch is not a function","level":"warn","message":"Could not log startup audit","timestamp":"2026-02-07 01:56:39"}
{"errors":["Role 28: Permission undefined not found in REPORT","Role 28: Permission undefined not found in REPORT","Role 38: Permission undefined not found in VAULT"],"level":"warn","message":"Permission validation errors","timestamp":"2026-02-07 01:56:39"}
{"level":"info","logDir":"logs","message":"🚀 Winston logger initialized","nodeVersion":"v24.13.0","platform":"win32","timestamp":"2026-02-07 02:14:02"}
{"errors":["Role 28: Permission undefined not found in REPORT","Role 28: Permission undefined not found in REPORT","Role 38: Permission undefined not found in VAULT"],"level":"warn","message":"Permission validation errors","timestamp":"2026-02-07 02:14:05"}
{"level":"info","message":"Server time initialized (WAT): 2026-02-07T11:14:07.276Z","timestamp":"2026-02-07 02:14:07"}
{"error":"auditLogger.info(...).catch is not a function","level":"warn","message":"Could not log startup audit","timestamp":"2026-02-07 02:14:07"}
{"errors":["Role 28: Permission undefined not found in REPORT","Role 28: Permission undefined not found in REPORT","Role 38: Permission undefined not found in VAULT"],"level":"warn","message":"Permission validation errors","timestamp":"2026-02-07 02:14:07"}
{"account_number":"2973130168","deactivatedBy":"system","deactivationReason":"Account inactive for over 1 year","deactivationType":"DORMANT","level":"info","message":"Account deactivated successfully","newStatus":"DORMANT","timestamp":"2026-02-07 02:15:36"}
{"level":"info","logDir":"logs","message":"🚀 Winston logger initialized","nodeVersion":"v24.13.0","platform":"win32","timestamp":"2026-02-07 02:22:06"}
{"errors":["Role 28: Permission undefined not found in REPORT","Role 28: Permission undefined not found in REPORT","Role 38: Permission undefined not found in VAULT"],"level":"warn","message":"Permission validation errors","timestamp":"2026-02-07 02:22:09"}
{"level":"info","message":"Server time initialized (WAT): 2026-02-07T11:22:11.663Z","timestamp":"2026-02-07 02:22:11"}
{"error":"auditLogger.info(...).catch is not a function","level":"warn","message":"Could not log startup audit","timestamp":"2026-02-07 02:22:11"}
{"errors":["Role 28: Permission undefined not found in REPORT","Role 28: Permission undefined not found in REPORT","Role 38: Permission undefined not found in VAULT"],"level":"warn","message":"Permission validation errors","timestamp":"2026-02-07 02:22:11"}
{"level":"info","logDir":"logs","message":"🚀 Winston logger initialized","nodeVersion":"v24.13.0","platform":"win32","timestamp":"2026-02-07 02:28:59"}
{"errors":["Role 28: Permission undefined not found in REPORT","Role 28: Permission undefined not found in REPORT","Role 38: Permission undefined not found in VAULT"],"level":"warn","message":"Permission validation errors","timestamp":"2026-02-07 02:29:05"}
{"level":"info","message":"Server time initialized (WAT): 2026-02-07T11:29:08.736Z","timestamp":"2026-02-07 02:29:08"}
{"error":"auditLogger.info(...).catch is not a function","level":"warn","message":"Could not log startup audit","timestamp":"2026-02-07 02:29:08"}
{"errors":["Role 28: Permission undefined not found in REPORT","Role 28: Permission undefined not found in REPORT","Role 38: Permission undefined not found in VAULT"],"level":"warn","message":"Permission validation errors","timestamp":"2026-02-07 02:29:08"}
{"level":"info","logDir":"logs","message":"🚀 Winston logger initialized","nodeVersion":"v24.13.0","platform":"win32","timestamp":"2026-02-07 02:31:28"}
{"errors":["Role 28: Permission undefined not found in REPORT","Role 28: Permission undefined not found in REPORT","Role 38: Permission undefined not found in VAULT"],"level":"warn","message":"Permission validation errors","timestamp":"2026-02-07 02:31:31"}
{"level":"info","message":"Server time initialized (WAT): 2026-02-07T11:31:33.298Z","timestamp":"2026-02-07 02:31:33"}
{"error":"auditLogger.info(...).catch is not a function","level":"warn","message":"Could not log startup audit","timestamp":"2026-02-07 02:31:33"}
{"errors":["Role 28: Permission undefined not found in REPORT","Role 28: Permission undefined not found in REPORT","Role 38: Permission undefined not found in VAULT"],"level":"warn","message":"Permission validation errors","timestamp":"2026-02-07 02:31:33"}
{"level":"info","logDir":"logs","message":"🚀 Winston logger initialized","nodeVersion":"v24.13.0","platform":"win32","timestamp":"2026-02-07 03:58:05"}
{"errors":["Role 28: Permission undefined not found in REPORT","Role 28: Permission undefined not found in REPORT","Role 38: Permission undefined not found in VAULT"],"level":"warn","message":"Permission validation errors","timestamp":"2026-02-07 03:58:14"}
{"level":"info","logDir":"logs","message":"🚀 Winston logger initialized","nodeVersion":"v24.13.0","platform":"win32","timestamp":"2026-02-07 04:13:17"}
{"errors":["Role 28: Permission undefined not found in REPORT","Role 28: Permission undefined not found in REPORT","Role 38: Permission undefined not found in VAULT"],"level":"warn","message":"Permission validation errors","timestamp":"2026-02-07 04:13:21"}
{"level":"info","logDir":"logs","message":"🚀 Winston logger initialized","nodeVersion":"v24.13.0","platform":"win32","timestamp":"2026-02-07 04:16:33"}
{"errors":["Role 28: Permission undefined not found in REPORT","Role 28: Permission undefined not found in REPORT","Role 38: Permission undefined not found in VAULT"],"level":"warn","message":"Permission validation errors","timestamp":"2026-02-07 04:16:36"}
{"level":"info","message":"Server time initialized (WAT): 2026-02-07T13:16:38.828Z","timestamp":"2026-02-07 04:16:38"}
{"error":"auditLogger.info(...).catch is not a function","level":"warn","message":"Could not log startup audit","timestamp":"2026-02-07 04:16:38"}
{"errors":["Role 28: Permission undefined not found in REPORT","Role 28: Permission undefined not found in REPORT","Role 38: Permission undefined not found in VAULT"],"level":"warn","message":"Permission validation errors","timestamp":"2026-02-07 04:16:38"}
{"level":"info","logDir":"logs","message":"🚀 Winston logger initialized","nodeVersion":"v24.13.0","platform":"win32","timestamp":"2026-02-07 04:19:37"}
{"errors":["Role 28: Permission undefined not found in REPORT","Role 28: Permission undefined not found in REPORT","Role 38: Permission undefined not found in VAULT"],"level":"warn","message":"Permission validation errors","timestamp":"2026-02-07 04:19:38"}
{"level":"info","message":"Server time initialized (WAT): 2026-02-07T13:19:38.670Z","timestamp":"2026-02-07 04:19:38"}
{"error":"auditLogger.info(...).catch is not a function","level":"warn","message":"Could not log startup audit","timestamp":"2026-02-07 04:19:38"}
{"errors":["Role 28: Permission undefined not found in REPORT","Role 28: Permission undefined not found in REPORT","Role 38: Permission undefined not found in VAULT"],"level":"warn","message":"Permission validation errors","timestamp":"2026-02-07 04:19:38"}
{"level":"info","logDir":"logs","message":"🚀 Winston logger initialized","nodeVersion":"v24.13.0","platform":"win32","timestamp":"2026-02-07 06:21:18"}
{"errors":["Role 28: Permission undefined not found in REPORT","Role 28: Permission undefined not found in REPORT","Role 38: Permission undefined not found in VAULT"],"level":"warn","message":"Permission validation errors","timestamp":"2026-02-07 06:21:23"}
{"level":"info","message":"Server time initialized (WAT): 2026-02-07T15:21:26.437Z","timestamp":"2026-02-07 06:21:26"}
{"error":"auditLogger.info(...).catch is not a function","level":"warn","message":"Could not log startup audit","timestamp":"2026-02-07 06:21:26"}
{"errors":["Role 28: Permission undefined not found in REPORT","Role 28: Permission undefined not found in REPORT","Role 38: Permission undefined not found in VAULT"],"level":"warn","message":"Permission validation errors","timestamp":"2026-02-07 06:21:26"}
{"level":"info","logDir":"logs","message":"🚀 Winston logger initialized","nodeVersion":"v24.13.0","platform":"win32","timestamp":"2026-02-07 06:29:58"}
{"errors":["Role 28: Permission undefined not found in REPORT","Role 28: Permission undefined not found in REPORT","Role 38: Permission undefined not found in VAULT"],"level":"warn","message":"Permission validation errors","timestamp":"2026-02-07 06:30:05"}
{"level":"info","message":"Server time initialized (WAT): 2026-02-07T15:30:09.195Z","timestamp":"2026-02-07 06:30:09"}
{"error":"auditLogger.info(...).catch is not a function","level":"warn","message":"Could not log startup audit","timestamp":"2026-02-07 06:30:09"}
{"errors":["Role 28: Permission undefined not found in REPORT","Role 28: Permission undefined not found in REPORT","Role 38: Permission undefined not found in VAULT"],"level":"warn","message":"Permission validation errors","timestamp":"2026-02-07 06:30:09"}
{"level":"info","logDir":"logs","message":"🚀 Winston logger initialized","nodeVersion":"v24.13.0","platform":"win32","timestamp":"2026-02-07 06:35:22"}
{"errors":["Role 28: Permission undefined not found in REPORT","Role 28: Permission undefined not found in REPORT","Role 38: Permission undefined not found in VAULT"],"level":"warn","message":"Permission validation errors","timestamp":"2026-02-07 06:35:24"}
{"level":"info","message":"Server time initialized (WAT): 2026-02-07T15:35:26.025Z","timestamp":"2026-02-07 06:35:26"}
{"error":"auditLogger.info(...).catch is not a function","level":"warn","message":"Could not log startup audit","timestamp":"2026-02-07 06:35:26"}
{"errors":["Role 28: Permission undefined not found in REPORT","Role 28: Permission undefined not found in REPORT","Role 38: Permission undefined not found in VAULT"],"level":"warn","message":"Permission validation errors","timestamp":"2026-02-07 06:35:26"}
{"level":"info","logDir":"logs","message":"🚀 Winston logger initialized","nodeVersion":"v24.13.0","platform":"win32","timestamp":"2026-02-07 06:39:01"}
{"errors":["Role 28: Permission undefined not found in REPORT","Role 28: Permission undefined not found in REPORT","Role 38: Permission undefined not found in VAULT"],"level":"warn","message":"Permission validation errors","timestamp":"2026-02-07 06:39:03"}
{"level":"info","message":"Server time initialized (WAT): 2026-02-07T15:39:05.301Z","timestamp":"2026-02-07 06:39:05"}
{"error":"auditLogger.info(...).catch is not a function","level":"warn","message":"Could not log startup audit","timestamp":"2026-02-07 06:39:05"}
{"errors":["Role 28: Permission undefined not found in REPORT","Role 28: Permission undefined not found in REPORT","Role 38: Permission undefined not found in VAULT"],"level":"warn","message":"Permission validation errors","timestamp":"2026-02-07 06:39:05"}
{"level":"info","logDir":"logs","message":"🚀 Winston logger initialized","nodeVersion":"v24.13.0","platform":"win32","timestamp":"2026-02-07 06:41:49"}
{"errors":["Role 28: Permission undefined not found in REPORT","Role 28: Permission undefined not found in REPORT","Role 38: Permission undefined not found in VAULT"],"level":"warn","message":"Permission validation errors","timestamp":"2026-02-07 06:41:50"}
{"level":"info","message":"Server time initialized (WAT): 2026-02-07T15:41:51.164Z","timestamp":"2026-02-07 06:41:51"}
{"error":"auditLogger.info(...).catch is not a function","level":"warn","message":"Could not log startup audit","timestamp":"2026-02-07 06:41:51"}
{"errors":["Role 28: Permission undefined not found in REPORT","Role 28: Permission undefined not found in REPORT","Role 38: Permission undefined not found in VAULT"],"level":"warn","message":"Permission validation errors","timestamp":"2026-02-07 06:41:51"}
{"level":"info","logDir":"logs","message":"🚀 Winston logger initialized","nodeVersion":"v24.13.0","platform":"win32","timestamp":"2026-02-07 06:45:43"}
{"errors":["Role 28: Permission undefined not found in REPORT","Role 28: Permission undefined not found in REPORT","Role 38: Permission undefined not found in VAULT"],"level":"warn","message":"Permission validation errors","timestamp":"2026-02-07 06:45:44"}
{"level":"info","message":"Server time initialized (WAT): 2026-02-07T15:45:44.561Z","timestamp":"2026-02-07 06:45:44"}
{"error":"auditLogger.info(...).catch is not a function","level":"warn","message":"Could not log startup audit","timestamp":"2026-02-07 06:45:44"}
{"errors":["Role 28: Permission undefined not found in REPORT","Role 28: Permission undefined not found in REPORT","Role 38: Permission undefined not found in VAULT"],"level":"warn","message":"Permission validation errors","timestamp":"2026-02-07 06:45:44"}
{"level":"info","logDir":"logs","message":"🚀 Winston logger initialized","nodeVersion":"v24.13.0","platform":"win32","timestamp":"2026-02-07 06:48:22"}
{"errors":["Role 28: Permission undefined not found in REPORT","Role 28: Permission undefined not found in REPORT","Role 38: Permission undefined not found in VAULT"],"level":"warn","message":"Permission validation errors","timestamp":"2026-02-07 06:48:23"}
{"level":"info","message":"Server time initialized (WAT): 2026-02-07T15:48:24.436Z","timestamp":"2026-02-07 06:48:24"}
{"error":"auditLogger.info(...).catch is not a function","level":"warn","message":"Could not log startup audit","timestamp":"2026-02-07 06:48:24"}
{"errors":["Role 28: Permission undefined not found in REPORT","Role 28: Permission undefined not found in REPORT","Role 38: Permission undefined not found in VAULT"],"level":"warn","message":"Permission validation errors","timestamp":"2026-02-07 06:48:24"}
{"level":"info","logDir":"logs","message":"🚀 Winston logger initialized","nodeVersion":"v24.13.0","platform":"win32","timestamp":"2026-02-07 07:08:49"}
{"errors":["Role 28: Permission undefined not found in REPORT","Role 28: Permission undefined not found in REPORT","Role 38: Permission undefined not found in VAULT"],"level":"warn","message":"Permission validation errors","timestamp":"2026-02-07 07:08:51"}
{"level":"info","message":"Server time initialized (WAT): 2026-02-07T16:08:52.882Z","timestamp":"2026-02-07 07:08:52"}
{"error":"auditLogger.info(...).catch is not a function","level":"warn","message":"Could not log startup audit","timestamp":"2026-02-07 07:08:52"}
{"errors":["Role 28: Permission undefined not found in REPORT","Role 28: Permission undefined not found in REPORT","Role 38: Permission undefined not found in VAULT"],"level":"warn","message":"Permission validation errors","timestamp":"2026-02-07 07:08:52"}
{"error":"Data truncated for column 'status' at row 1","input":{"ROLE_ID":"PCO06","WORK_ITEM_ID":2973130168,"message":"✅ Approved: Account Deactivation (DORMANT) for account 2973130168 approved at Second level","metadata":{"accountNumber":"2973130168","action":"Account Deactivation (DORMANT)","approvalLevel":"Second","approvedBy":"PCO06","notes":"Approving deactivation request","requestId":"DEACT-2973130168-1770475742031","status":"Approved","timestamp":"2026-02-07T15:14:23.311Z"},"notificationType":"approval_status","status":"Success"},"level":"error","message":"Notification processing error:","stack":"Error\n    at Query.run (F:\\WORKON\\CODE\\PCO_BANKING\\EVOLUTION BANKING BACKEND\\node_modules\\sequelize\\lib\\dialects\\mysql\\query.js:52:25)\n    at F:\\WORKON\\CODE\\PCO_BANKING\\EVOLUTION BANKING BACKEND\\node_modules\\sequelize\\lib\\sequelize.js:315:28\n    at process.processTicksAndRejections (node:internal/process/task_queues:103:5)\n    at async MySQLQueryInterface.insert (F:\\WORKON\\CODE\\PCO_BANKING\\EVOLUTION BANKING BACKEND\\node_modules\\sequelize\\lib\\dialects\\abstract\\query-interface.js:308:21)\n    at async Notification.save (F:\\WORKON\\CODE\\PCO_BANKING\\EVOLUTION BANKING BACKEND\\node_modules\\sequelize\\lib\\model.js:2490:35)\n    at async Notification.create (F:\\WORKON\\CODE\\PCO_BANKING\\EVOLUTION BANKING BACKEND\\node_modules\\sequelize\\lib\\model.js:1362:12)\n    at async NotificationService.send (file:///F:/WORKON/CODE/PCO_BANKING/EVOLUTION%20BANKING%20BACKEND/src/Services/NotificationService.js:35:28)\n    at async NotificationService.sendApprovalStatus (file:///F:/WORKON/CODE/PCO_BANKING/EVOLUTION%20BANKING%20BACKEND/src/Services/NotificationService.js:149:12)\n    at async sendApprovalNotification (file:///F:/WORKON/CODE/PCO_BANKING/EVOLUTION%20BANKING%20BACKEND/src/Services/NotificationService.js:565:14)\n    at async approveDeactivationRequest (file:///F:/WORKON/CODE/PCO_BANKING/EVOLUTION%20BANKING%20BACKEND/src/controllers/CustomerAccountController.js:3285:9)","timestamp":"2026-02-07 07:14:23"}
{"level":"info","message":"Email notifications are disabled","timestamp":"2026-02-07 07:14:23"}
{"ROLE_ID":"HEAD_OF_DEPARTMENT","level":"info","message":"Notification sent successfully","notificationType":"approval_request","timestamp":"2026-02-07 07:14:23"}
{"level":"info","logDir":"logs","message":"🚀 Winston logger initialized","nodeVersion":"v24.13.0","platform":"win32","timestamp":"2026-02-07 07:21:35"}
{"errors":["Role 28: Permission undefined not found in REPORT","Role 28: Permission undefined not found in REPORT","Role 38: Permission undefined not found in VAULT"],"level":"warn","message":"Permission validation errors","timestamp":"2026-02-07 07:21:43"}
{"level":"info","message":"Server time initialized (WAT): 2026-02-07T16:21:46.923Z","timestamp":"2026-02-07 07:21:46"}
{"error":"auditLogger.info(...).catch is not a function","level":"warn","message":"Could not log startup audit","timestamp":"2026-02-07 07:21:46"}
{"errors":["Role 28: Permission undefined not found in REPORT","Role 28: Permission undefined not found in REPORT","Role 38: Permission undefined not found in VAULT"],"level":"warn","message":"Permission validation errors","timestamp":"2026-02-07 07:21:46"}
{"level":"info","logDir":"logs","message":"🚀 Winston logger initialized","nodeVersion":"v24.13.0","platform":"win32","timestamp":"2026-02-07 07:25:05"}
{"errors":["Role 28: Permission undefined not found in REPORT","Role 28: Permission undefined not found in REPORT","Role 38: Permission undefined not found in VAULT"],"level":"warn","message":"Permission validation errors","timestamp":"2026-02-07 07:25:07"}
{"level":"info","message":"Server time initialized (WAT): 2026-02-07T16:25:09.101Z","timestamp":"2026-02-07 07:25:09"}
{"error":"auditLogger.info(...).catch is not a function","level":"warn","message":"Could not log startup audit","timestamp":"2026-02-07 07:25:09"}
{"errors":["Role 28: Permission undefined not found in REPORT","Role 28: Permission undefined not found in REPORT","Role 38: Permission undefined not found in VAULT"],"level":"warn","message":"Permission validation errors","timestamp":"2026-02-07 07:25:09"}
{"account_number":"2973130168","approval_request_id":"DEACT-2973130168-1770477951198","executed_by":"MANAGER001","level":"info","message":"Account deactivation executed successfully","new_status":"DORMANT","previous_status":"ACTIVE","timestamp":"2026-02-07 07:26:47"}
{"error":"Data truncated for column 'status' at row 1","input":{"ROLE_ID":"PCO06","WORK_ITEM_ID":2973130168,"message":"✅ Execution Complete: Account Deactivation (DORMANT) for account 2973130168 has been completed","metadata":{"accountNumber":"2973130168","action":"Account Deactivation (DORMANT)","executedBy":"John Manager","requestId":"DEACT-2973130168-1770477951198","timestamp":"2026-02-07T15:26:47.845Z"},"notificationType":"execution_complete","status":"Success"},"level":"error","message":"Notification processing error:","stack":"Error\n    at Query.run (F:\\WORKON\\CODE\\PCO_BANKING\\EVOLUTION BANKING BACKEND\\node_modules\\sequelize\\lib\\dialects\\mysql\\query.js:52:25)\n    at F:\\WORKON\\CODE\\PCO_BANKING\\EVOLUTION BANKING BACKEND\\node_modules\\sequelize\\lib\\sequelize.js:315:28\n    at process.processTicksAndRejections (node:internal/process/task_queues:103:5)\n    at async MySQLQueryInterface.insert (F:\\WORKON\\CODE\\PCO_BANKING\\EVOLUTION BANKING BACKEND\\node_modules\\sequelize\\lib\\dialects\\abstract\\query-interface.js:308:21)\n    at async Notification.save (F:\\WORKON\\CODE\\PCO_BANKING\\EVOLUTION BANKING BACKEND\\node_modules\\sequelize\\lib\\model.js:2490:35)\n    at async Notification.create (F:\\WORKON\\CODE\\PCO_BANKING\\EVOLUTION BANKING BACKEND\\node_modules\\sequelize\\lib\\model.js:1362:12)\n    at async NotificationService.send (file:///F:/WORKON/CODE/PCO_BANKING/EVOLUTION%20BANKING%20BACKEND/src/Services/NotificationService.js:35:28)\n    at async NotificationService.sendExecutionComplete (file:///F:/WORKON/CODE/PCO_BANKING/EVOLUTION%20BANKING%20BACKEND/src/Services/NotificationService.js:190:12)\n    at async sendApprovalNotification (file:///F:/WORKON/CODE/PCO_BANKING/EVOLUTION%20BANKING%20BACKEND/src/Services/NotificationService.js:578:14)\n    at async approveDeactivationRequest (file:///F:/WORKON/CODE/PCO_BANKING/EVOLUTION%20BANKING%20BACKEND/src/controllers/CustomerAccountController.js:3229:9)","timestamp":"2026-02-07 07:26:47"}
{"level":"info","logDir":"logs","message":"🚀 Winston logger initialized","nodeVersion":"v24.13.0","platform":"win32","timestamp":"2026-02-07 07:34:33"}
{"errors":["Role 28: Permission undefined not found in REPORT","Role 28: Permission undefined not found in REPORT","Role 38: Permission undefined not found in VAULT"],"level":"warn","message":"Permission validation errors","timestamp":"2026-02-07 07:34:36"}
{"level":"info","message":"Server time initialized (WAT): 2026-02-07T16:34:38.105Z","timestamp":"2026-02-07 07:34:38"}
{"error":"auditLogger.info(...).catch is not a function","level":"warn","message":"Could not log startup audit","timestamp":"2026-02-07 07:34:38"}
{"errors":["Role 28: Permission undefined not found in REPORT","Role 28: Permission undefined not found in REPORT","Role 38: Permission undefined not found in VAULT"],"level":"warn","message":"Permission validation errors","timestamp":"2026-02-07 07:34:38"}
{"account_number":"2973130168","approval_request_id":"DEACT-2973130168-1770478723751","executed_by":"MANAGER001","level":"info","message":"Account deactivation executed successfully","new_status":"DORMANT","previous_status":"ACTIVE","timestamp":"2026-02-07 07:39:10"}
{"error":"Data truncated for column 'status' at row 1","input":{"ROLE_ID":"PCO06","WORK_ITEM_ID":2973130168,"message":"✅ Execution Complete: Account Deactivation (DORMANT) for account 2973130168 has been completed","metadata":{"accountNumber":"2973130168","action":"Account Deactivation (DORMANT)","executedBy":"John Manager","requestId":"DEACT-2973130168-1770478723751","timestamp":"2026-02-07T15:39:10.062Z"},"notificationType":"execution_complete","status":"Success"},"level":"error","message":"Notification processing error:","stack":"Error\n    at Query.run (F:\\WORKON\\CODE\\PCO_BANKING\\EVOLUTION BANKING BACKEND\\node_modules\\sequelize\\lib\\dialects\\mysql\\query.js:52:25)\n    at F:\\WORKON\\CODE\\PCO_BANKING\\EVOLUTION BANKING BACKEND\\node_modules\\sequelize\\lib\\sequelize.js:315:28\n    at process.processTicksAndRejections (node:internal/process/task_queues:103:5)\n    at async MySQLQueryInterface.insert (F:\\WORKON\\CODE\\PCO_BANKING\\EVOLUTION BANKING BACKEND\\node_modules\\sequelize\\lib\\dialects\\abstract\\query-interface.js:308:21)\n    at async Notification.save (F:\\WORKON\\CODE\\PCO_BANKING\\EVOLUTION BANKING BACKEND\\node_modules\\sequelize\\lib\\model.js:2490:35)\n    at async Notification.create (F:\\WORKON\\CODE\\PCO_BANKING\\EVOLUTION BANKING BACKEND\\node_modules\\sequelize\\lib\\model.js:1362:12)\n    at async NotificationService.send (file:///F:/WORKON/CODE/PCO_BANKING/EVOLUTION%20BANKING%20BACKEND/src/Services/NotificationService.js:35:28)\n    at async NotificationService.sendExecutionComplete (file:///F:/WORKON/CODE/PCO_BANKING/EVOLUTION%20BANKING%20BACKEND/src/Services/NotificationService.js:190:12)\n    at async sendApprovalNotification (file:///F:/WORKON/CODE/PCO_BANKING/EVOLUTION%20BANKING%20BACKEND/src/Services/NotificationService.js:578:14)\n    at async approveDeactivationRequest (file:///F:/WORKON/CODE/PCO_BANKING/EVOLUTION%20BANKING%20BACKEND/src/controllers/CustomerAccountController.js:3177:9)","timestamp":"2026-02-07 07:39:10"}
{"level":"info","logDir":"logs","message":"🚀 Winston logger initialized","nodeVersion":"v24.13.0","platform":"win32","timestamp":"2026-02-07 07:39:57"}
{"errors":["Role 28: Permission undefined not found in REPORT","Role 28: Permission undefined not found in REPORT","Role 38: Permission undefined not found in VAULT"],"level":"warn","message":"Permission validation errors","timestamp":"2026-02-07 07:39:58"}
{"level":"info","message":"Server time initialized (WAT): 2026-02-07T16:39:59.225Z","timestamp":"2026-02-07 07:39:59"}
{"error":"auditLogger.info(...).catch is not a function","level":"warn","message":"Could not log startup audit","timestamp":"2026-02-07 07:39:59"}
{"errors":["Role 28: Permission undefined not found in REPORT","Role 28: Permission undefined not found in REPORT","Role 38: Permission undefined not found in VAULT"],"level":"warn","message":"Permission validation errors","timestamp":"2026-02-07 07:39:59"}
{"level":"info","logDir":"logs","message":"🚀 Winston logger initialized","nodeVersion":"v24.13.0","platform":"win32","timestamp":"2026-02-07 07:43:47"}
{"errors":["Role 28: Permission undefined not found in REPORT","Role 28: Permission undefined not found in REPORT","Role 38: Permission undefined not found in VAULT"],"level":"warn","message":"Permission validation errors","timestamp":"2026-02-07 07:43:48"}
{"level":"info","message":"Server time initialized (WAT): 2026-02-07T16:43:49.518Z","timestamp":"2026-02-07 07:43:49"}
{"error":"auditLogger.info(...).catch is not a function","level":"warn","message":"Could not log startup audit","timestamp":"2026-02-07 07:43:49"}
{"errors":["Role 28: Permission undefined not found in REPORT","Role 28: Permission undefined not found in REPORT","Role 38: Permission undefined not found in VAULT"],"level":"warn","message":"Permission validation errors","timestamp":"2026-02-07 07:43:49"}
{"level":"info","logDir":"logs","message":"🚀 Winston logger initialized","nodeVersion":"v24.13.0","platform":"win32","timestamp":"2026-02-07 07:49:06"}
{"errors":["Role 28: Permission undefined not found in REPORT","Role 28: Permission undefined not found in REPORT","Role 38: Permission undefined not found in VAULT"],"level":"warn","message":"Permission validation errors","timestamp":"2026-02-07 07:49:10"}
{"level":"info","message":"Server time initialized (WAT): 2026-02-07T16:49:11.950Z","timestamp":"2026-02-07 07:49:11"}
{"error":"auditLogger.info(...).catch is not a function","level":"warn","message":"Could not log startup audit","timestamp":"2026-02-07 07:49:11"}
{"errors":["Role 28: Permission undefined not found in REPORT","Role 28: Permission undefined not found in REPORT","Role 38: Permission undefined not found in VAULT"],"level":"warn","message":"Permission validation errors","timestamp":"2026-02-07 07:49:11"}
{"level":"info","logDir":"logs","message":"🚀 Winston logger initialized","nodeVersion":"v24.13.0","platform":"win32","timestamp":"2026-02-07 07:52:41"}
{"errors":["Role 28: Permission undefined not found in REPORT","Role 28: Permission undefined not found in REPORT","Role 38: Permission undefined not found in VAULT"],"level":"warn","message":"Permission validation errors","timestamp":"2026-02-07 07:52:42"}
{"level":"info","message":"Server time initialized (WAT): 2026-02-07T16:52:43.029Z","timestamp":"2026-02-07 07:52:43"}
{"error":"auditLogger.info(...).catch is not a function","level":"warn","message":"Could not log startup audit","timestamp":"2026-02-07 07:52:43"}
{"errors":["Role 28: Permission undefined not found in REPORT","Role 28: Permission undefined not found in REPORT","Role 38: Permission undefined not found in VAULT"],"level":"warn","message":"Permission validation errors","timestamp":"2026-02-07 07:52:43"}
{"account_number":"2973130168","approval_request_id":"DEACT-2973130168-1770479693848","executed_by":"MANAGER001","level":"info","message":"Account deactivation executed successfully","new_status":"DORMANT","previous_status":"ACTIVE","timestamp":"2026-02-07 07:55:07"}
{"error":"Data truncated for column 'status' at row 1","input":{"ROLE_ID":"PCO06","WORK_ITEM_ID":2973130168,"message":"✅ Execution Complete: Account Deactivation (DORMANT) for account 2973130168 has been completed","metadata":{"accountNumber":"2973130168","action":"Account Deactivation (DORMANT)","executedBy":"John Manager","requestId":"DEACT-2973130168-1770479693848","timestamp":"2026-02-07T15:55:07.089Z"},"notificationType":"execution_complete","status":"Success"},"level":"error","message":"Notification processing error:","stack":"Error\n    at Query.run (F:\\WORKON\\CODE\\PCO_BANKING\\EVOLUTION BANKING BACKEND\\node_modules\\sequelize\\lib\\dialects\\mysql\\query.js:52:25)\n    at F:\\WORKON\\CODE\\PCO_BANKING\\EVOLUTION BANKING BACKEND\\node_modules\\sequelize\\lib\\sequelize.js:315:28\n    at process.processTicksAndRejections (node:internal/process/task_queues:103:5)\n    at async MySQLQueryInterface.insert (F:\\WORKON\\CODE\\PCO_BANKING\\EVOLUTION BANKING BACKEND\\node_modules\\sequelize\\lib\\dialects\\abstract\\query-interface.js:308:21)\n    at async Notification.save (F:\\WORKON\\CODE\\PCO_BANKING\\EVOLUTION BANKING BACKEND\\node_modules\\sequelize\\lib\\model.js:2490:35)\n    at async Notification.create (F:\\WORKON\\CODE\\PCO_BANKING\\EVOLUTION BANKING BACKEND\\node_modules\\sequelize\\lib\\model.js:1362:12)\n    at async NotificationService.send (file:///F:/WORKON/CODE/PCO_BANKING/EVOLUTION%20BANKING%20BACKEND/src/Services/NotificationService.js:35:28)\n    at async NotificationService.sendExecutionComplete (file:///F:/WORKON/CODE/PCO_BANKING/EVOLUTION%20BANKING%20BACKEND/src/Services/NotificationService.js:190:12)\n    at async sendApprovalNotification (file:///F:/WORKON/CODE/PCO_BANKING/EVOLUTION%20BANKING%20BACKEND/src/Services/NotificationService.js:578:14)\n    at async approveDeactivationRequest (file:///F:/WORKON/CODE/PCO_BANKING/EVOLUTION%20BANKING%20BACKEND/src/controllers/CustomerAccountController.js:3211:9)","timestamp":"2026-02-07 07:55:07"}
{"level":"info","message":"📅 Getting current business date...","timestamp":"2026-02-07 08:18:46"}
{"count":1,"level":"info","limit":10,"message":"Fetched organizations","page":1,"timestamp":"2026-02-07 08:18:47","totalCount":1}
{"count":1,"level":"info","limit":10,"message":"Fetched organizations","page":1,"timestamp":"2026-02-07 08:18:47","totalCount":1}
{"level":"info","message":"📅 Getting current business date...","timestamp":"2026-02-07 08:18:47"}
{"count":1,"level":"info","limit":10,"message":"Fetched organizations","page":1,"timestamp":"2026-02-07 08:18:47","totalCount":1}
{"level":"info","message":"📅 Getting current business date...","timestamp":"2026-02-07 08:18:47"}
{"count":1,"level":"info","limit":10,"message":"Fetched organizations","page":1,"timestamp":"2026-02-07 08:18:47","totalCount":1}
{"level":"info","message":"📅 Getting current business date...","timestamp":"2026-02-07 08:18:47"}
{"level":"info","message":"📅 Getting current business date...","timestamp":"2026-02-07 08:18:48"}
{"count":1,"level":"info","limit":10,"message":"Fetched organizations","page":1,"timestamp":"2026-02-07 08:18:48","totalCount":1}
{"count":1,"level":"info","limit":10,"message":"Fetched organizations","page":1,"timestamp":"2026-02-07 08:18:48","totalCount":1}
{"level":"info","message":"📅 Getting current business date...","timestamp":"2026-02-07 08:18:48"}
{"count":1,"level":"info","limit":10,"message":"Fetched organizations","page":1,"timestamp":"2026-02-07 08:18:48","totalCount":1}
{"level":"info","message":"📅 Getting current business date...","timestamp":"2026-02-07 08:18:48"}
{"count":1,"level":"info","limit":10,"message":"Fetched organizations","page":1,"timestamp":"2026-02-07 08:18:48","totalCount":1}
{"level":"info","message":"📅 Getting current business date...","timestamp":"2026-02-07 08:18:48"}
{"level":"info","message":"📅 Getting current business date...","timestamp":"2026-02-07 08:18:49"}
{"count":1,"level":"info","limit":10,"message":"Fetched organizations","page":1,"timestamp":"2026-02-07 08:18:49","totalCount":1}
{"count":1,"level":"info","limit":10,"message":"Fetched organizations","page":1,"timestamp":"2026-02-07 08:18:49","totalCount":1}
{"level":"info","message":"📅 Getting current business date...","timestamp":"2026-02-07 08:18:49"}
{"level":"info","message":"📅 Getting current business date...","timestamp":"2026-02-07 08:18:52"}
{"count":1,"level":"info","limit":10,"message":"Fetched organizations","page":1,"timestamp":"2026-02-07 08:18:52","totalCount":1}
{"count":1,"level":"info","limit":10,"message":"Fetched organizations","page":1,"timestamp":"2026-02-07 08:18:52","totalCount":1}
{"level":"info","message":"📅 Getting current business date...","timestamp":"2026-02-07 08:18:52"}
{"level":"info","message":"📅 Getting current business date...","timestamp":"2026-02-07 08:32:34"}
{"count":1,"level":"info","limit":10,"message":"Fetched organizations","page":1,"timestamp":"2026-02-07 08:32:34","totalCount":1}
{"level":"info","message":"📅 Getting current business date...","timestamp":"2026-02-07 08:32:34"}
{"count":1,"level":"info","limit":10,"message":"Fetched organizations","page":1,"timestamp":"2026-02-07 08:32:34","totalCount":1}
{"level":"info","logDir":"logs","message":"🚀 Winston logger initialized","nodeVersion":"v24.13.0","platform":"win32","timestamp":"2026-02-07 08:53:47"}
{"errors":["Role 28: Permission undefined not found in REPORT","Role 28: Permission undefined not found in REPORT","Role 38: Permission undefined not found in VAULT"],"level":"warn","message":"Permission validation errors","timestamp":"2026-02-07 08:53:59"}
{"level":"info","message":"Server time initialized (WAT): 2026-02-07T17:54:04.523Z","timestamp":"2026-02-07 08:54:04"}
{"error":"auditLogger.info(...).catch is not a function","level":"warn","message":"Could not log startup audit","timestamp":"2026-02-07 08:54:04"}
{"errors":["Role 28: Permission undefined not found in REPORT","Role 28: Permission undefined not found in REPORT","Role 38: Permission undefined not found in VAULT"],"level":"warn","message":"Permission validation errors","timestamp":"2026-02-07 08:54:04"}
{"level":"info","message":"📅 Getting current business date...","timestamp":"2026-02-07 09:16:23"}
{"count":1,"level":"info","limit":10,"message":"Fetched organizations","page":1,"timestamp":"2026-02-07 09:16:24","totalCount":1}
{"count":1,"level":"info","limit":10,"message":"Fetched organizations","page":1,"timestamp":"2026-02-07 09:16:24","totalCount":1}
{"level":"info","message":"📅 Getting current business date...","timestamp":"2026-02-07 09:16:24"}
{"hasRefreshToken":false,"ipAddress":"127.0.0.1","level":"info","logoutTime":"2026-02-07T17:16:38.495Z","message":"Authenticated user logged out","timestamp":"2026-02-07 09:16:38","userAgent":"Mozilla/5.0 (Windows NT 10.0; Win64; x64) AppleWebKit/537.36 (KHTML, like Gecko) Chrome/144.0.0.0 Safari/537.36 Edg/144.0.0.0","userId":4,"username":"PCO04"}
{"hasRefreshToken":false,"ipAddress":"127.0.0.1","level":"info","logoutTime":"2026-02-07T17:16:38.519Z","message":"Authenticated user logged out","timestamp":"2026-02-07 09:16:38","userAgent":"Mozilla/5.0 (Windows NT 10.0; Win64; x64) AppleWebKit/537.36 (KHTML, like Gecko) Chrome/144.0.0.0 Safari/537.36 Edg/144.0.0.0","userId":4,"username":"PCO04"}
{"level":"info","message":"📅 Getting current business date...","timestamp":"2026-02-07 09:16:44"}
{"count":1,"level":"info","limit":10,"message":"Fetched organizations","page":1,"timestamp":"2026-02-07 09:16:44","totalCount":1}
{"count":1,"level":"info","limit":10,"message":"Fetched organizations","page":1,"timestamp":"2026-02-07 09:16:44","totalCount":1}
{"level":"info","message":"📅 Getting current business date...","timestamp":"2026-02-07 09:16:44"}
{"level":"info","message":"📅 Getting current business date...","timestamp":"2026-02-07 09:16:44"}
{"count":1,"level":"info","limit":10,"message":"Fetched organizations","page":1,"timestamp":"2026-02-07 09:16:44","totalCount":1}
{"count":1,"level":"info","limit":10,"message":"Fetched organizations","page":1,"timestamp":"2026-02-07 09:16:44","totalCount":1}
{"level":"info","message":"📅 Getting current business date...","timestamp":"2026-02-07 09:16:44"}
{"account_number":"2973130168","approval_request_id":"DEACT-2973130168-1770482607452","executed_by":"MANAGER001","level":"info","message":"Account deactivation executed successfully","new_status":"SUSPENDED","previous_status":"ACTIVE","timestamp":"2026-02-07 09:49:55"}
{"error":"Data truncated for column 'status' at row 1","input":{"ROLE_ID":"system","WORK_ITEM_ID":2973130168,"message":"✅ Execution Complete: Account Deactivation (SUSPENDED) for account 2973130168 has been completed","metadata":{"accountNumber":"2973130168","action":"Account Deactivation (SUSPENDED)","executedBy":"John Manager","requestId":"DEACT-2973130168-1770482607452","timestamp":"2026-02-07T17:49:55.160Z"},"notificationType":"execution_complete","status":"Success"},"level":"error","message":"Notification processing error:","stack":"Error\n    at Query.run (F:\\WORKON\\CODE\\PCO_BANKING\\EVOLUTION BANKING BACKEND\\node_modules\\sequelize\\lib\\dialects\\mysql\\query.js:52:25)\n    at F:\\WORKON\\CODE\\PCO_BANKING\\EVOLUTION BANKING BACKEND\\node_modules\\sequelize\\lib\\sequelize.js:315:28\n    at process.processTicksAndRejections (node:internal/process/task_queues:103:5)\n    at async MySQLQueryInterface.insert (F:\\WORKON\\CODE\\PCO_BANKING\\EVOLUTION BANKING BACKEND\\node_modules\\sequelize\\lib\\dialects\\abstract\\query-interface.js:308:21)\n    at async Notification.save (F:\\WORKON\\CODE\\PCO_BANKING\\EVOLUTION BANKING BACKEND\\node_modules\\sequelize\\lib\\model.js:2490:35)\n    at async Notification.create (F:\\WORKON\\CODE\\PCO_BANKING\\EVOLUTION BANKING BACKEND\\node_modules\\sequelize\\lib\\model.js:1362:12)\n    at async NotificationService.send (file:///F:/WORKON/CODE/PCO_BANKING/EVOLUTION%20BANKING%20BACKEND/src/Services/NotificationService.js:35:28)\n    at async NotificationService.sendExecutionComplete (file:///F:/WORKON/CODE/PCO_BANKING/EVOLUTION%20BANKING%20BACKEND/src/Services/NotificationService.js:190:12)\n    at async sendApprovalNotification (file:///F:/WORKON/CODE/PCO_BANKING/EVOLUTION%20BANKING%20BACKEND/src/Services/NotificationService.js:578:14)\n    at async approveDeactivationRequest (file:///F:/WORKON/CODE/PCO_BANKING/EVOLUTION%20BANKING%20BACKEND/src/controllers/CustomerAccountController.js:3211:9)","timestamp":"2026-02-07 09:49:55"}
{"level":"info","message":"📅 Getting current business date...","timestamp":"2026-02-07 12:30:38"}
{"count":1,"level":"info","limit":10,"message":"Fetched organizations","page":1,"timestamp":"2026-02-07 12:30:40","totalCount":1}
{"count":1,"level":"info","limit":10,"message":"Fetched organizations","page":1,"timestamp":"2026-02-07 12:30:40","totalCount":1}
{"level":"info","message":"📅 Getting current business date...","timestamp":"2026-02-07 12:30:40"}
{"level":"info","logDir":"logs","message":"🚀 Winston logger initialized","nodeVersion":"v24.13.0","platform":"win32","timestamp":"2026-02-07 13:34:05"}
{"errors":["Role 28: Permission undefined not found in REPORT","Role 28: Permission undefined not found in REPORT","Role 38: Permission undefined not found in VAULT"],"level":"warn","message":"Permission validation errors","timestamp":"2026-02-07 13:34:14"}
{"level":"info","message":"Server time initialized (WAT): 2026-02-07T22:34:19.191Z","timestamp":"2026-02-07 13:34:19"}
{"error":"auditLogger.info(...).catch is not a function","level":"warn","message":"Could not log startup audit","timestamp":"2026-02-07 13:34:19"}
{"errors":["Role 28: Permission undefined not found in REPORT","Role 28: Permission undefined not found in REPORT","Role 38: Permission undefined not found in VAULT"],"level":"warn","message":"Permission validation errors","timestamp":"2026-02-07 13:34:19"}
{"hasRefreshToken":false,"ipAddress":"127.0.0.1","level":"info","logoutTime":"2026-02-07T21:37:28.162Z","message":"Authenticated user logged out","timestamp":"2026-02-07 13:37:28","userAgent":"Mozilla/5.0 (Windows NT 10.0; Win64; x64) AppleWebKit/537.36 (KHTML, like Gecko) Chrome/144.0.0.0 Safari/537.36 Edg/144.0.0.0","userId":6,"username":"PCO03"}
{"hasRefreshToken":false,"ipAddress":"127.0.0.1","level":"info","logoutTime":"2026-02-07T21:37:28.215Z","message":"Authenticated user logged out","timestamp":"2026-02-07 13:37:28","userAgent":"Mozilla/5.0 (Windows NT 10.0; Win64; x64) AppleWebKit/537.36 (KHTML, like Gecko) Chrome/144.0.0.0 Safari/537.36 Edg/144.0.0.0","userId":6,"username":"PCO03"}
{"level":"info","message":"📅 Getting current business date...","timestamp":"2026-02-07 17:06:51"}
{"count":1,"level":"info","limit":10,"message":"Fetched organizations","page":1,"timestamp":"2026-02-07 17:06:51","totalCount":1}
{"count":1,"level":"info","limit":10,"message":"Fetched organizations","page":1,"timestamp":"2026-02-07 17:06:51","totalCount":1}
{"level":"info","message":"📅 Getting current business date...","timestamp":"2026-02-07 17:06:52"}
{"count":1,"level":"info","limit":10,"message":"Fetched organizations","page":1,"timestamp":"2026-02-07 17:06:52","totalCount":1}
{"count":1,"level":"info","limit":10,"message":"Fetched organizations","page":1,"timestamp":"2026-02-07 17:06:52","totalCount":1}
{"level":"info","message":"📅 Getting current business date...","timestamp":"2026-02-07 17:06:52"}
{"level":"info","message":"📅 Getting current business date...","timestamp":"2026-02-07 17:06:52"}
{"level":"info","message":"📅 Getting current business date...","timestamp":"2026-02-07 17:40:34"}
{"count":1,"level":"info","limit":10,"message":"Fetched organizations","page":1,"timestamp":"2026-02-07 17:40:34","totalCount":1}
{"count":1,"level":"info","limit":10,"message":"Fetched organizations","page":1,"timestamp":"2026-02-07 17:40:34","totalCount":1}
{"level":"info","message":"📅 Getting current business date...","timestamp":"2026-02-07 17:40:34"}
{"level":"info","message":"📅 Getting current business date...","timestamp":"2026-02-07 17:40:35"}
{"count":1,"level":"info","limit":10,"message":"Fetched organizations","page":1,"timestamp":"2026-02-07 17:40:35","totalCount":1}
{"count":1,"level":"info","limit":10,"message":"Fetched organizations","page":1,"timestamp":"2026-02-07 17:40:35","totalCount":1}
{"level":"info","message":"📅 Getting current business date...","timestamp":"2026-02-07 17:40:35"}
{"level":"info","logDir":"logs","message":"🚀 Winston logger initialized","nodeVersion":"v24.13.0","platform":"win32","timestamp":"2026-02-07 18:07:23"}
{"errors":["Role 28: Permission undefined not found in REPORT","Role 28: Permission undefined not found in REPORT","Role 38: Permission undefined not found in VAULT"],"level":"warn","message":"Permission validation errors","timestamp":"2026-02-07 18:07:36"}
{"level":"info","logDir":"logs","message":"🚀 Winston logger initialized","nodeVersion":"v24.13.0","platform":"win32","timestamp":"2026-02-07 18:15:05"}
{"errors":["Role 28: Permission undefined not found in REPORT","Role 28: Permission undefined not found in REPORT","Role 38: Permission undefined not found in VAULT"],"level":"warn","message":"Permission validation errors","timestamp":"2026-02-07 18:15:11"}
{"level":"info","message":"Server time initialized (WAT): 2026-02-08T03:15:15.275Z","timestamp":"2026-02-07 18:15:15"}
{"error":"auditLogger.info(...).catch is not a function","level":"warn","message":"Could not log startup audit","timestamp":"2026-02-07 18:15:15"}
{"errors":["Role 28: Permission undefined not found in REPORT","Role 28: Permission undefined not found in REPORT","Role 38: Permission undefined not found in VAULT"],"level":"warn","message":"Permission validation errors","timestamp":"2026-02-07 18:15:15"}
{"level":"info","logDir":"logs","message":"🚀 Winston logger initialized","nodeVersion":"v24.13.0","platform":"win32","timestamp":"2026-02-07 18:24:32"}
{"errors":["Role 28: Permission undefined not found in REPORT","Role 28: Permission undefined not found in REPORT","Role 38: Permission undefined not found in VAULT"],"level":"warn","message":"Permission validation errors","timestamp":"2026-02-07 18:24:41"}
{"level":"info","message":"Server time initialized (WAT): 2026-02-08T03:24:45.805Z","timestamp":"2026-02-07 18:24:45"}
{"error":"auditLogger.info(...).catch is not a function","level":"warn","message":"Could not log startup audit","timestamp":"2026-02-07 18:24:45"}
{"errors":["Role 28: Permission undefined not found in REPORT","Role 28: Permission undefined not found in REPORT","Role 38: Permission undefined not found in VAULT"],"level":"warn","message":"Permission validation errors","timestamp":"2026-02-07 18:24:45"}
{"level":"info","message":"📅 Getting current business date...","timestamp":"2026-02-07 18:27:16"}
{"count":1,"level":"info","limit":10,"message":"Fetched organizations","page":1,"timestamp":"2026-02-07 18:27:16","totalCount":1}
{"level":"info","message":"📅 Getting current business date...","timestamp":"2026-02-07 18:27:16"}
{"count":1,"level":"info","limit":10,"message":"Fetched organizations","page":1,"timestamp":"2026-02-07 18:27:16","totalCount":1}
{"hasRefreshToken":false,"ipAddress":"127.0.0.1","level":"info","logoutTime":"2026-02-08T02:30:12.476Z","message":"Authenticated user logged out","timestamp":"2026-02-07 18:30:12","userAgent":"Mozilla/5.0 (Windows NT 10.0; Win64; x64) AppleWebKit/537.36 (KHTML, like Gecko) Chrome/144.0.0.0 Safari/537.36 Edg/144.0.0.0","userId":4,"username":"PCO04"}
{"hasRefreshToken":false,"ipAddress":"127.0.0.1","level":"info","logoutTime":"2026-02-08T02:30:12.581Z","message":"Authenticated user logged out","timestamp":"2026-02-07 18:30:12","userAgent":"Mozilla/5.0 (Windows NT 10.0; Win64; x64) AppleWebKit/537.36 (KHTML, like Gecko) Chrome/144.0.0.0 Safari/537.36 Edg/144.0.0.0","userId":4,"username":"PCO04"}
{"level":"info","message":"📅 Getting current business date...","timestamp":"2026-02-07 18:30:19"}
{"count":1,"level":"info","limit":10,"message":"Fetched organizations","page":1,"timestamp":"2026-02-07 18:30:19","totalCount":1}
{"level":"info","message":"📅 Getting current business date...","timestamp":"2026-02-07 18:30:20"}
{"count":1,"level":"info","limit":10,"message":"Fetched organizations","page":1,"timestamp":"2026-02-07 18:30:20","totalCount":1}
{"count":1,"level":"info","limit":10,"message":"Fetched organizations","page":1,"timestamp":"2026-02-07 18:30:20","totalCount":1}
{"level":"info","message":"📅 Getting current business date...","timestamp":"2026-02-07 18:30:20"}
{"count":1,"level":"info","limit":10,"message":"Fetched organizations","page":1,"timestamp":"2026-02-07 18:30:20","totalCount":1}
{"level":"info","message":"📅 Getting current business date...","timestamp":"2026-02-07 18:30:20"}
{"level":"info","logDir":"logs","message":"🚀 Winston logger initialized","nodeVersion":"v24.13.0","platform":"win32","timestamp":"2026-02-07 18:37:12"}
{"errors":["Role 28: Permission undefined not found in REPORT","Role 28: Permission undefined not found in REPORT","Role 38: Permission undefined not found in VAULT"],"level":"warn","message":"Permission validation errors","timestamp":"2026-02-07 18:37:21"}
{"level":"info","message":"Server time initialized (WAT): 2026-02-08T03:37:26.350Z","timestamp":"2026-02-07 18:37:26"}
{"error":"auditLogger.info(...).catch is not a function","level":"warn","message":"Could not log startup audit","timestamp":"2026-02-07 18:37:26"}
{"errors":["Role 28: Permission undefined not found in REPORT","Role 28: Permission undefined not found in REPORT","Role 38: Permission undefined not found in VAULT"],"level":"warn","message":"Permission validation errors","timestamp":"2026-02-07 18:37:26"}
{"level":"info","message":"📅 Getting current business date...","timestamp":"2026-02-07 19:48:05"}
{"level":"info","message":"📅 Getting current business date...","timestamp":"2026-02-07 19:48:05"}
{"count":1,"level":"info","limit":10,"message":"Fetched organizations","page":1,"timestamp":"2026-02-07 19:48:05","totalCount":1}
{"count":1,"level":"info","limit":10,"message":"Fetched organizations","page":1,"timestamp":"2026-02-07 19:48:05","totalCount":1}
{"level":"info","message":"📅 Getting current business date...","timestamp":"2026-02-07 19:56:06"}
{"count":1,"level":"info","limit":10,"message":"Fetched organizations","page":1,"timestamp":"2026-02-07 19:56:06","totalCount":1}
{"level":"info","message":"📅 Getting current business date...","timestamp":"2026-02-07 19:56:06"}
{"count":1,"level":"info","limit":10,"message":"Fetched organizations","page":1,"timestamp":"2026-02-07 19:56:06","totalCount":1}
{"level":"info","logDir":"logs","message":"🚀 Winston logger initialized","nodeVersion":"v24.13.0","platform":"win32","timestamp":"2026-02-07 22:02:25"}
{"errors":["Role 28: Permission undefined not found in REPORT","Role 28: Permission undefined not found in REPORT","Role 38: Permission undefined not found in VAULT"],"level":"warn","message":"Permission validation errors","timestamp":"2026-02-07 22:02:42"}
{"level":"info","logDir":"logs","message":"🚀 Winston logger initialized","nodeVersion":"v24.13.0","platform":"win32","timestamp":"2026-02-07 22:11:13"}
{"errors":["Role 28: Permission undefined not found in REPORT","Role 28: Permission undefined not found in REPORT","Role 38: Permission undefined not found in VAULT"],"level":"warn","message":"Permission validation errors","timestamp":"2026-02-07 22:11:25"}
{"level":"info","message":"Server time initialized (WAT): 2026-02-08T07:11:30.717Z","timestamp":"2026-02-07 22:11:30"}
{"error":"auditLogger.info(...).catch is not a function","level":"warn","message":"Could not log startup audit","timestamp":"2026-02-07 22:11:30"}
{"errors":["Role 28: Permission undefined not found in REPORT","Role 28: Permission undefined not found in REPORT","Role 38: Permission undefined not found in VAULT"],"level":"warn","message":"Permission validation errors","timestamp":"2026-02-07 22:11:30"}
{"hasRefreshToken":false,"ipAddress":"127.0.0.1","level":"info","logoutTime":"2026-02-08T06:12:58.911Z","message":"Authenticated user logged out","timestamp":"2026-02-07 22:12:58","userAgent":"Mozilla/5.0 (Windows NT 10.0; Win64; x64) AppleWebKit/537.36 (KHTML, like Gecko) Chrome/144.0.0.0 Safari/537.36 Edg/144.0.0.0","userId":6,"username":"PCO03"}
{"hasRefreshToken":false,"ipAddress":"127.0.0.1","level":"info","logoutTime":"2026-02-08T06:12:59.005Z","message":"Authenticated user logged out","timestamp":"2026-02-07 22:12:59","userAgent":"Mozilla/5.0 (Windows NT 10.0; Win64; x64) AppleWebKit/537.36 (KHTML, like Gecko) Chrome/144.0.0.0 Safari/537.36 Edg/144.0.0.0","userId":6,"username":"PCO03"}
{"level":"info","message":"📅 Getting current business date...","timestamp":"2026-02-07 22:13:01"}
{"count":1,"level":"info","limit":10,"message":"Fetched organizations","page":1,"timestamp":"2026-02-07 22:13:02","totalCount":1}
{"count":1,"level":"info","limit":10,"message":"Fetched organizations","page":1,"timestamp":"2026-02-07 22:13:02","totalCount":1}
{"level":"info","message":"📅 Getting current business date...","timestamp":"2026-02-07 22:13:02"}
{"level":"info","message":"📅 Getting current business date...","timestamp":"2026-02-07 22:28:25"}
{"count":1,"level":"info","limit":10,"message":"Fetched organizations","page":1,"timestamp":"2026-02-07 22:28:25","totalCount":1}
{"count":1,"level":"info","limit":10,"message":"Fetched organizations","page":1,"timestamp":"2026-02-07 22:28:25","totalCount":1}
{"level":"info","message":"📅 Getting current business date...","timestamp":"2026-02-07 22:28:25"}
{"hasRefreshToken":false,"ipAddress":"127.0.0.1","level":"info","logoutTime":"2026-02-08T06:28:34.285Z","message":"Authenticated user logged out","timestamp":"2026-02-07 22:28:34","userAgent":"Mozilla/5.0 (Windows NT 10.0; Win64; x64) AppleWebKit/537.36 (KHTML, like Gecko) Chrome/144.0.0.0 Safari/537.36 Edg/144.0.0.0","userId":4,"username":"PCO04"}
{"hasRefreshToken":false,"ipAddress":"127.0.0.1","level":"info","logoutTime":"2026-02-08T06:28:34.388Z","message":"Authenticated user logged out","timestamp":"2026-02-07 22:28:34","userAgent":"Mozilla/5.0 (Windows NT 10.0; Win64; x64) AppleWebKit/537.36 (KHTML, like Gecko) Chrome/144.0.0.0 Safari/537.36 Edg/144.0.0.0","userId":4,"username":"PCO04"}
{"count":1,"level":"info","limit":10,"message":"Fetched organizations","page":1,"timestamp":"2026-02-07 22:28:43","totalCount":1}
{"count":1,"level":"info","limit":10,"message":"Fetched organizations","page":1,"timestamp":"2026-02-07 22:28:43","totalCount":1}
{"level":"info","message":"📅 Getting current business date...","timestamp":"2026-02-07 22:28:43"}
{"level":"info","message":"📅 Getting current business date...","timestamp":"2026-02-07 22:28:43"}
{"level":"info","message":"📅 Getting current business date...","timestamp":"2026-02-07 22:28:44"}
{"count":1,"level":"info","limit":10,"message":"Fetched organizations","page":1,"timestamp":"2026-02-07 22:28:44","totalCount":1}
{"count":1,"level":"info","limit":10,"message":"Fetched organizations","page":1,"timestamp":"2026-02-07 22:28:44","totalCount":1}
{"level":"info","message":"📅 Getting current business date...","timestamp":"2026-02-07 22:28:44"}
{"level":"info","logDir":"logs","message":"🚀 Winston logger initialized","nodeVersion":"v24.13.0","platform":"win32","timestamp":"2026-02-07 22:58:45"}
{"errors":["Role 28: Permission undefined not found in REPORT","Role 28: Permission undefined not found in REPORT","Role 38: Permission undefined not found in VAULT"],"level":"warn","message":"Permission validation errors","timestamp":"2026-02-07 22:59:05"}
{"level":"info","message":"Server time initialized (WAT): 2026-02-08T07:59:14.171Z","timestamp":"2026-02-07 22:59:14"}
{"error":"auditLogger.info(...).catch is not a function","level":"warn","message":"Could not log startup audit","timestamp":"2026-02-07 22:59:14"}
{"errors":["Role 28: Permission undefined not found in REPORT","Role 28: Permission undefined not found in REPORT","Role 38: Permission undefined not found in VAULT"],"level":"warn","message":"Permission validation errors","timestamp":"2026-02-07 22:59:14"}
{"hasRefreshToken":false,"ipAddress":"127.0.0.1","level":"info","logoutTime":"2026-02-08T07:17:00.395Z","message":"Authenticated user logged out","timestamp":"2026-02-07 23:17:00","userAgent":"Mozilla/5.0 (Windows NT 10.0; Win64; x64) AppleWebKit/537.36 (KHTML, like Gecko) Chrome/144.0.0.0 Safari/537.36 Edg/144.0.0.0","userId":6,"username":"PCO03"}
{"hasRefreshToken":false,"ipAddress":"127.0.0.1","level":"info","logoutTime":"2026-02-08T07:17:00.526Z","message":"Authenticated user logged out","timestamp":"2026-02-07 23:17:00","userAgent":"Mozilla/5.0 (Windows NT 10.0; Win64; x64) AppleWebKit/537.36 (KHTML, like Gecko) Chrome/144.0.0.0 Safari/537.36 Edg/144.0.0.0","userId":6,"username":"PCO03"}
{"level":"info","message":"📅 Getting current business date...","timestamp":"2026-02-07 23:17:04"}
{"count":1,"level":"info","limit":10,"message":"Fetched organizations","page":1,"timestamp":"2026-02-07 23:17:04","totalCount":1}
{"count":1,"level":"info","limit":10,"message":"Fetched organizations","page":1,"timestamp":"2026-02-07 23:17:04","totalCount":1}
{"level":"info","message":"📅 Getting current business date...","timestamp":"2026-02-07 23:17:04"}
{"level":"info","message":"📅 Getting current business date...","timestamp":"2026-02-07 23:17:04"}
{"count":1,"level":"info","limit":10,"message":"Fetched organizations","page":1,"timestamp":"2026-02-07 23:17:04","totalCount":1}
{"level":"info","message":"📅 Getting current business date...","timestamp":"2026-02-07 23:17:05"}
{"count":1,"level":"info","limit":10,"message":"Fetched organizations","page":1,"timestamp":"2026-02-07 23:17:05","totalCount":1}
{"level":"info","message":"📅 Getting current business date...","timestamp":"2026-02-07 23:19:02"}
{"count":1,"level":"info","limit":10,"message":"Fetched organizations","page":1,"timestamp":"2026-02-07 23:19:03","totalCount":1}
{"count":1,"level":"info","limit":10,"message":"Fetched organizations","page":1,"timestamp":"2026-02-07 23:19:03","totalCount":1}
{"level":"info","message":"📅 Getting current business date...","timestamp":"2026-02-07 23:19:03"}
{"hasRefreshToken":false,"ipAddress":"127.0.0.1","level":"info","logoutTime":"2026-02-08T07:19:09.898Z","message":"Authenticated user logged out","timestamp":"2026-02-07 23:19:09","userAgent":"Mozilla/5.0 (Windows NT 10.0; Win64; x64) AppleWebKit/537.36 (KHTML, like Gecko) Chrome/144.0.0.0 Safari/537.36 Edg/144.0.0.0","userId":4,"username":"PCO04"}
{"hasRefreshToken":false,"ipAddress":"127.0.0.1","level":"info","logoutTime":"2026-02-08T07:19:09.907Z","message":"Authenticated user logged out","timestamp":"2026-02-07 23:19:09","userAgent":"Mozilla/5.0 (Windows NT 10.0; Win64; x64) AppleWebKit/537.36 (KHTML, like Gecko) Chrome/144.0.0.0 Safari/537.36 Edg/144.0.0.0","userId":4,"username":"PCO04"}
{"level":"info","message":"📅 Getting current business date...","timestamp":"2026-02-07 23:19:15"}
{"count":1,"level":"info","limit":10,"message":"Fetched organizations","page":1,"timestamp":"2026-02-07 23:19:15","totalCount":1}
{"level":"info","message":"📅 Getting current business date...","timestamp":"2026-02-07 23:19:15"}
{"count":1,"level":"info","limit":10,"message":"Fetched organizations","page":1,"timestamp":"2026-02-07 23:19:15","totalCount":1}
{"level":"info","message":"📅 Getting current business date...","timestamp":"2026-02-07 23:19:15"}
{"count":1,"level":"info","limit":10,"message":"Fetched organizations","page":1,"timestamp":"2026-02-07 23:19:15","totalCount":1}
{"count":1,"level":"info","limit":10,"message":"Fetched organizations","page":1,"timestamp":"2026-02-07 23:19:15","totalCount":1}
{"level":"info","message":"📅 Getting current business date...","timestamp":"2026-02-07 23:19:15"}
{"level":"info","logDir":"logs","message":"🚀 Winston logger initialized","nodeVersion":"v24.13.0","platform":"win32","timestamp":"2026-02-07 23:49:40"}
{"errors":["Role 28: Permission undefined not found in REPORT","Role 28: Permission undefined not found in REPORT","Role 38: Permission undefined not found in VAULT"],"level":"warn","message":"Permission validation errors","timestamp":"2026-02-07 23:49:49"}
{"level":"info","message":"Server time initialized (WAT): 2026-02-08T08:49:54.544Z","timestamp":"2026-02-07 23:49:54"}
{"error":"auditLogger.info(...).catch is not a function","level":"warn","message":"Could not log startup audit","timestamp":"2026-02-07 23:49:54"}
{"errors":["Role 28: Permission undefined not found in REPORT","Role 28: Permission undefined not found in REPORT","Role 38: Permission undefined not found in VAULT"],"level":"warn","message":"Permission validation errors","timestamp":"2026-02-07 23:49:54"}
{"hasRefreshToken":false,"ipAddress":"127.0.0.1","level":"info","logoutTime":"2026-02-08T07:50:44.332Z","message":"Authenticated user logged out","timestamp":"2026-02-07 23:50:44","userAgent":"Mozilla/5.0 (Windows NT 10.0; Win64; x64) AppleWebKit/537.36 (KHTML, like Gecko) Chrome/144.0.0.0 Safari/537.36 Edg/144.0.0.0","userId":6,"username":"PCO03"}
{"hasRefreshToken":false,"ipAddress":"127.0.0.1","level":"info","logoutTime":"2026-02-08T07:50:44.369Z","message":"Authenticated user logged out","timestamp":"2026-02-07 23:50:44","userAgent":"Mozilla/5.0 (Windows NT 10.0; Win64; x64) AppleWebKit/537.36 (KHTML, like Gecko) Chrome/144.0.0.0 Safari/537.36 Edg/144.0.0.0","userId":6,"username":"PCO03"}
{"level":"info","message":"📅 Getting current business date...","timestamp":"2026-02-07 23:50:48"}
{"count":1,"level":"info","limit":10,"message":"Fetched organizations","page":1,"timestamp":"2026-02-07 23:50:48","totalCount":1}
{"level":"info","message":"📅 Getting current business date...","timestamp":"2026-02-07 23:50:48"}
{"count":1,"level":"info","limit":10,"message":"Fetched organizations","page":1,"timestamp":"2026-02-07 23:50:48","totalCount":1}
{"level":"info","message":"📅 Getting current business date...","timestamp":"2026-02-07 23:50:49"}
{"count":1,"level":"info","limit":10,"message":"Fetched organizations","page":1,"timestamp":"2026-02-07 23:50:49","totalCount":1}
{"count":1,"level":"info","limit":10,"message":"Fetched organizations","page":1,"timestamp":"2026-02-07 23:50:49","totalCount":1}
{"level":"info","message":"📅 Getting current business date...","timestamp":"2026-02-07 23:50:49"}
{"count":1,"level":"info","limit":10,"message":"Fetched organizations","page":1,"timestamp":"2026-02-07 23:52:33","totalCount":1}
{"level":"info","message":"📅 Getting current business date...","timestamp":"2026-02-07 23:52:33"}
{"count":1,"level":"info","limit":10,"message":"Fetched organizations","page":1,"timestamp":"2026-02-07 23:52:33","totalCount":1}
{"level":"info","message":"📅 Getting current business date...","timestamp":"2026-02-07 23:52:33"}
{"hasRefreshToken":false,"ipAddress":"127.0.0.1","level":"info","logoutTime":"2026-02-08T07:52:40.513Z","message":"Authenticated user logged out","timestamp":"2026-02-07 23:52:40","userAgent":"Mozilla/5.0 (Windows NT 10.0; Win64; x64) AppleWebKit/537.36 (KHTML, like Gecko) Chrome/144.0.0.0 Safari/537.36 Edg/144.0.0.0","userId":4,"username":"PCO04"}
{"hasRefreshToken":false,"ipAddress":"127.0.0.1","level":"info","logoutTime":"2026-02-08T07:52:40.520Z","message":"Authenticated user logged out","timestamp":"2026-02-07 23:52:40","userAgent":"Mozilla/5.0 (Windows NT 10.0; Win64; x64) AppleWebKit/537.36 (KHTML, like Gecko) Chrome/144.0.0.0 Safari/537.36 Edg/144.0.0.0","userId":4,"username":"PCO04"}
{"level":"info","message":"📅 Getting current business date...","timestamp":"2026-02-07 23:52:46"}
{"count":1,"level":"info","limit":10,"message":"Fetched organizations","page":1,"timestamp":"2026-02-07 23:52:46","totalCount":1}
{"level":"info","message":"📅 Getting current business date...","timestamp":"2026-02-07 23:52:46"}
{"count":1,"level":"info","limit":10,"message":"Fetched organizations","page":1,"timestamp":"2026-02-07 23:52:46","totalCount":1}
{"count":1,"level":"info","limit":10,"message":"Fetched organizations","page":1,"timestamp":"2026-02-07 23:52:46","totalCount":1}
{"level":"info","message":"📅 Getting current business date...","timestamp":"2026-02-07 23:52:46"}
{"count":1,"level":"info","limit":10,"message":"Fetched organizations","page":1,"timestamp":"2026-02-07 23:52:46","totalCount":1}
{"level":"info","message":"📅 Getting current business date...","timestamp":"2026-02-07 23:52:46"}
