{"count":0,"level":"info","limit":10,"message":"Fetched organizations","page":1,"timestamp":"2026-02-17 00:22:40","totalCount":0}
{"count":0,"level":"info","limit":10,"message":"Fetched organizations","page":1,"timestamp":"2026-02-17 00:22:45","totalCount":0}
{"count":0,"level":"info","limit":10,"message":"Fetched organizations","page":1,"timestamp":"2026-02-17 00:22:45","totalCount":0}
{"count":0,"level":"info","limit":10,"message":"Fetched organizations","page":1,"timestamp":"2026-02-17 00:23:14","totalCount":0}
{"count":0,"level":"info","limit":10,"message":"Fetched organizations","page":1,"timestamp":"2026-02-17 00:23:45","totalCount":0}
{"count":0,"level":"info","limit":10,"message":"Fetched organizations","page":1,"timestamp":"2026-02-17 00:27:55","totalCount":0}
{"count":0,"level":"info","limit":10,"message":"Fetched organizations","page":1,"timestamp":"2026-02-17 00:27:55","totalCount":0}
{"count":0,"level":"info","limit":10,"message":"Fetched organizations","page":1,"timestamp":"2026-02-17 00:28:25","totalCount":0}
{"count":0,"level":"info","limit":10,"message":"Fetched organizations","page":1,"timestamp":"2026-02-17 00:28:54","totalCount":0}
{"count":0,"level":"info","limit":10,"message":"Fetched organizations","page":1,"timestamp":"2026-02-17 00:29:25","totalCount":0}
{"count":0,"level":"info","limit":10,"message":"Fetched organizations","page":1,"timestamp":"2026-02-17 00:29:55","totalCount":0}
{"count":0,"level":"info","limit":10,"message":"Fetched organizations","page":1,"timestamp":"2026-02-17 00:30:25","totalCount":0}
{"count":0,"level":"info","limit":10,"message":"Fetched organizations","page":1,"timestamp":"2026-02-17 00:30:54","totalCount":0}
{"count":0,"level":"info","limit":10,"message":"Fetched organizations","page":1,"timestamp":"2026-02-17 00:32:00","totalCount":0}
{"count":0,"level":"info","limit":10,"message":"Fetched organizations","page":1,"timestamp":"2026-02-17 00:33:00","totalCount":0}
{"count":0,"level":"info","limit":10,"message":"Fetched organizations","page":1,"timestamp":"2026-02-17 00:34:00","totalCount":0}
{"count":0,"level":"info","limit":10,"message":"Fetched organizations","page":1,"timestamp":"2026-02-17 00:35:00","totalCount":0}
{"count":0,"level":"info","limit":10,"message":"Fetched organizations","page":1,"timestamp":"2026-02-17 00:36:00","totalCount":0}
{"count":0,"level":"info","limit":10,"message":"Fetched organizations","page":1,"timestamp":"2026-02-17 00:37:00","totalCount":0}
{"count":0,"level":"info","limit":10,"message":"Fetched organizations","page":1,"timestamp":"2026-02-17 00:38:00","totalCount":0}
{"count":0,"level":"info","limit":10,"message":"Fetched organizations","page":1,"timestamp":"2026-02-17 00:39:00","totalCount":0}
{"count":0,"level":"info","limit":10,"message":"Fetched organizations","page":1,"timestamp":"2026-02-17 00:54:11","totalCount":0}
{"count":0,"level":"info","limit":10,"message":"Fetched organizations","page":1,"timestamp":"2026-02-17 00:54:24","totalCount":0}
{"count":0,"level":"info","limit":10,"message":"Fetched organizations","page":1,"timestamp":"2026-02-17 00:54:54","totalCount":0}
{"count":0,"level":"info","limit":10,"message":"Fetched organizations","page":1,"timestamp":"2026-02-17 00:55:25","totalCount":0}
{"count":0,"level":"info","limit":10,"message":"Fetched organizations","page":1,"timestamp":"2026-02-17 00:55:54","totalCount":0}
{"count":0,"level":"info","limit":10,"message":"Fetched organizations","page":1,"timestamp":"2026-02-17 00:56:25","totalCount":0}
{"count":0,"level":"info","limit":10,"message":"Fetched organizations","page":1,"timestamp":"2026-02-17 00:57:00","totalCount":0}
{"count":0,"level":"info","limit":10,"message":"Fetched organizations","page":1,"timestamp":"2026-02-17 00:58:01","totalCount":0}
{"count":0,"level":"info","limit":10,"message":"Fetched organizations","page":1,"timestamp":"2026-02-17 00:59:00","totalCount":0}
{"count":0,"level":"info","limit":10,"message":"Fetched organizations","page":1,"timestamp":"2026-02-17 01:00:01","totalCount":0}
{"count":0,"level":"info","limit":10,"message":"Fetched organizations","page":1,"timestamp":"2026-02-17 01:01:00","totalCount":0}
{"count":0,"level":"info","limit":10,"message":"Fetched organizations","page":1,"timestamp":"2026-02-17 01:02:01","totalCount":0}
{"count":0,"level":"info","limit":10,"message":"Fetched organizations","page":1,"timestamp":"2026-02-17 01:03:00","totalCount":0}
{"count":0,"level":"info","limit":10,"message":"Fetched organizations","page":1,"timestamp":"2026-02-17 01:04:01","totalCount":0}
{"count":0,"level":"info","limit":10,"message":"Fetched organizations","page":1,"timestamp":"2026-02-17 01:05:00","totalCount":0}
{"count":0,"level":"info","limit":10,"message":"Fetched organizations","page":1,"timestamp":"2026-02-17 01:06:01","totalCount":0}
{"count":0,"level":"info","limit":10,"message":"Fetched organizations","page":1,"timestamp":"2026-02-17 01:07:00","totalCount":0}
{"count":0,"level":"info","limit":10,"message":"Fetched organizations","page":1,"timestamp":"2026-02-17 01:08:01","totalCount":0}
{"count":0,"level":"info","limit":10,"message":"Fetched organizations","page":1,"timestamp":"2026-02-17 01:09:00","totalCount":0}
{"count":0,"level":"info","limit":10,"message":"Fetched organizations","page":1,"timestamp":"2026-02-17 01:10:01","totalCount":0}
{"count":0,"level":"info","limit":10,"message":"Fetched organizations","page":1,"timestamp":"2026-02-17 01:11:00","totalCount":0}
{"count":0,"level":"info","limit":10,"message":"Fetched organizations","page":1,"timestamp":"2026-02-17 01:12:01","totalCount":0}
{"count":0,"level":"info","limit":10,"message":"Fetched organizations","page":1,"timestamp":"2026-02-17 01:13:00","totalCount":0}
{"count":0,"level":"info","limit":10,"message":"Fetched organizations","page":1,"timestamp":"2026-02-17 01:14:01","totalCount":0}
{"count":0,"level":"info","limit":10,"message":"Fetched organizations","page":1,"timestamp":"2026-02-17 01:15:00","totalCount":0}
{"count":0,"level":"info","limit":10,"message":"Fetched organizations","page":1,"timestamp":"2026-02-17 01:16:01","totalCount":0}
{"count":0,"level":"info","limit":10,"message":"Fetched organizations","page":1,"timestamp":"2026-02-17 01:17:00","totalCount":0}
{"count":0,"level":"info","limit":10,"message":"Fetched organizations","page":1,"timestamp":"2026-02-17 01:18:01","totalCount":0}
{"count":0,"level":"info","limit":10,"message":"Fetched organizations","page":1,"timestamp":"2026-02-17 01:19:00","totalCount":0}
{"count":0,"level":"info","limit":10,"message":"Fetched organizations","page":1,"timestamp":"2026-02-17 01:20:01","totalCount":0}
{"count":0,"level":"info","limit":10,"message":"Fetched organizations","page":1,"timestamp":"2026-02-17 01:21:00","totalCount":0}
{"count":0,"level":"info","limit":10,"message":"Fetched organizations","page":1,"timestamp":"2026-02-17 01:21:25","totalCount":0}
{"count":0,"level":"info","limit":10,"message":"Fetched organizations","page":1,"timestamp":"2026-02-17 01:21:54","totalCount":0}
{"count":0,"level":"info","limit":10,"message":"Fetched organizations","page":1,"timestamp":"2026-02-17 01:23:01","totalCount":0}
{"count":0,"level":"info","limit":10,"message":"Fetched organizations","page":1,"timestamp":"2026-02-17 01:24:00","totalCount":0}
{"count":0,"level":"info","limit":10,"message":"Fetched organizations","page":1,"timestamp":"2026-02-17 01:25:01","totalCount":0}
{"count":0,"level":"info","limit":10,"message":"Fetched organizations","page":1,"timestamp":"2026-02-17 01:26:00","totalCount":0}
{"count":0,"level":"info","limit":10,"message":"Fetched organizations","page":1,"timestamp":"2026-02-17 01:27:01","totalCount":0}
{"level":"info","logDir":"logs","message":"🚀 Winston logger initialized","nodeVersion":"v24.13.0","platform":"win32","timestamp":"2026-02-17 20:22:08"}
{"errors":["Role 28: Permission undefined not found in REPORT","Role 28: Permission undefined not found in REPORT","Role 38: Permission undefined not found in VAULT"],"level":"warn","message":"Permission validation errors","timestamp":"2026-02-17 20:22:20"}
{"errors":["Role 28: Permission undefined not found in REPORT","Role 28: Permission undefined not found in REPORT","Role 38: Permission undefined not found in VAULT"],"level":"warn","message":"Permission validation errors","timestamp":"2026-02-17 20:22:23"}
{"level":"info","message":"Server time initialized (WAT): 2026-02-18T05:22:28.983Z","timestamp":"2026-02-17 20:22:28"}
{"error":"auditLogger.info(...).catch is not a function","level":"warn","message":"Could not log startup audit","timestamp":"2026-02-17 20:22:28"}
{"level":"info","message":"🔧 Auto-initializing models in development mode...","timestamp":"2026-02-17 20:22:29"}
{"level":"info","message":"🚀 Initializing model loader...","timestamp":"2026-02-17 20:22:29"}
{"level":"info","message":"✅ Models loaded via index.js","timestamp":"2026-02-17 20:22:29"}
{"level":"info","message":"✅ Loaded critical model User on demand","timestamp":"2026-02-17 20:22:29"}
{"level":"info","message":"✅ Loaded critical model Customer on demand","timestamp":"2026-02-17 20:22:29"}
{"level":"info","message":"✅ Loaded critical model CustomerAccount on demand","timestamp":"2026-02-17 20:22:29"}
{"level":"info","message":"✅ Loaded critical model LoanAccount on demand","timestamp":"2026-02-17 20:22:29"}
{"level":"info","message":"✅ Loaded critical model LoanRepayment on demand","timestamp":"2026-02-17 20:22:29"}
{"level":"info","message":"✅ Loaded critical model Deposit on demand","timestamp":"2026-02-17 20:22:29"}
{"level":"info","message":"✅ Loaded critical model Transaction on demand","timestamp":"2026-02-17 20:22:29"}
{"level":"info","message":"✅ Loaded critical model GLAccount on demand","timestamp":"2026-02-17 20:22:29"}
{"level":"info","message":"✅ Loaded critical model AuditTrail on demand","timestamp":"2026-02-17 20:22:29"}
{"level":"info","message":"✅ Model loader initialized successfully","timestamp":"2026-02-17 20:22:29"}
{"level":"info","message":"📊 Loaded models: sequelize, Op, DataTypes, QueryTypes, User, Customer, CustomerAccount, LoanAccount, LoanRepayment, Deposit, Transaction, GLAccount, AuditTrail","timestamp":"2026-02-17 20:22:29"}
{"level":"info","message":"📊 Model Statistics:","timestamp":"2026-02-17 20:22:29"}
{"level":"info","message":"   Total models loaded: 13","timestamp":"2026-02-17 20:22:29"}
{"level":"info","message":"   CUSTOMER: 2 models","timestamp":"2026-02-17 20:22:29"}
{"level":"info","message":"   LOAN: 2 models","timestamp":"2026-02-17 20:22:29"}
{"level":"info","message":"   DEPOSIT: 1 models","timestamp":"2026-02-17 20:22:29"}
{"level":"info","message":"   TRANSACTION: 1 models","timestamp":"2026-02-17 20:22:29"}
{"level":"info","message":"   USER: 1 models","timestamp":"2026-02-17 20:22:29"}
{"level":"info","message":"   ACCOUNTING: 1 models","timestamp":"2026-02-17 20:22:29"}
{"level":"info","message":"   AUDIT: 1 models","timestamp":"2026-02-17 20:22:29"}
