{"level":"info","logDir":"logs","message":"🚀 Winston logger initialized","nodeVersion":"v24.13.0","platform":"win32","timestamp":"2026-03-06 16:42:23"}
{"level":"info","logDir":"logs","message":"🚀 Winston logger initialized","nodeVersion":"v24.13.0","platform":"win32","timestamp":"2026-03-06 16:42:23"}
{"level":"info","logDir":"logs","message":"🚀 Winston logger initialized","nodeVersion":"v24.13.0","platform":"win32","timestamp":"2026-03-06 16:42:23"}
{"level":"info","logDir":"logs","message":"🚀 Winston logger initialized","nodeVersion":"v24.13.0","platform":"win32","timestamp":"2026-03-06 16:42:23"}
{"errors":["Role 28: Permission undefined not found in REPORT","Role 28: Permission undefined not found in REPORT"],"level":"warn","message":"Permission validation errors","timestamp":"2026-03-06 17:00:55"}
{"level":"info","message":"📅 Getting current business date...","timestamp":"2026-03-06 17:01:04"}
{"count":0,"level":"info","limit":10,"message":"Fetched organizations","page":1,"timestamp":"2026-03-06 17:01:04","totalCount":0}
{"count":0,"level":"info","limit":10,"message":"Fetched organizations","page":1,"timestamp":"2026-03-06 17:01:04","totalCount":0}
{"level":"info","message":"📅 Getting current business date...","timestamp":"2026-03-06 17:01:04"}
{"errors":["Role 28: Permission undefined not found in REPORT","Role 28: Permission undefined not found in REPORT"],"level":"warn","message":"Permission validation errors","timestamp":"2026-03-06 17:11:54"}
{"level":"info","message":"📅 Getting current business date...","timestamp":"2026-03-06 17:21:19"}
{"count":0,"level":"info","limit":10,"message":"Fetched organizations","page":1,"timestamp":"2026-03-06 17:21:19","totalCount":0}
{"count":0,"level":"info","limit":10,"message":"Fetched organizations","page":1,"timestamp":"2026-03-06 17:21:19","totalCount":0}
{"level":"info","message":"📅 Getting current business date...","timestamp":"2026-03-06 17:21:19"}
{"errors":["Role 28: Permission undefined not found in REPORT","Role 28: Permission undefined not found in REPORT"],"level":"warn","message":"Permission validation errors","timestamp":"2026-03-06 17:42:04"}
{"level":"info","message":"📅 Getting current business date...","timestamp":"2026-03-06 17:52:59"}
{"count":0,"level":"info","limit":10,"message":"Fetched organizations","page":1,"timestamp":"2026-03-06 17:52:59","totalCount":0}
{"level":"info","message":"📅 Getting current business date...","timestamp":"2026-03-06 17:52:59"}
{"count":0,"level":"info","limit":10,"message":"Fetched organizations","page":1,"timestamp":"2026-03-06 17:52:59","totalCount":0}
{"count":0,"level":"info","limit":10,"message":"Fetched organizations","page":1,"timestamp":"2026-03-06 17:53:14","totalCount":0}
{"level":"info","message":"📅 Getting current business date...","timestamp":"2026-03-06 17:53:14"}
{"count":0,"level":"info","limit":10,"message":"Fetched organizations","page":1,"timestamp":"2026-03-06 17:53:14","totalCount":0}
{"level":"info","message":"📅 Getting current business date...","timestamp":"2026-03-06 17:53:14"}
{"count":0,"level":"info","limit":10,"message":"Fetched organizations","page":1,"timestamp":"2026-03-06 17:55:32","totalCount":0}
{"count":0,"level":"info","limit":10,"message":"Fetched organizations","page":1,"timestamp":"2026-03-06 17:55:32","totalCount":0}
{"level":"info","message":"📅 Getting current business date...","timestamp":"2026-03-06 17:55:32"}
{"level":"info","message":"📅 Getting current business date...","timestamp":"2026-03-06 17:55:32"}
{"level":"info","message":"📅 Getting current business date...","timestamp":"2026-03-06 17:57:58"}
{"count":0,"level":"info","limit":10,"message":"Fetched organizations","page":1,"timestamp":"2026-03-06 17:57:58","totalCount":0}
{"count":0,"level":"info","limit":10,"message":"Fetched organizations","page":1,"timestamp":"2026-03-06 17:57:58","totalCount":0}
{"level":"info","message":"📅 Getting current business date...","timestamp":"2026-03-06 17:57:58"}
{"level":"info","message":"📅 Getting current business date...","timestamp":"2026-03-06 18:10:52"}
{"level":"info","message":"📅 Getting current business date...","timestamp":"2026-03-06 18:10:52"}
{"count":0,"level":"info","limit":10,"message":"Fetched organizations","page":1,"timestamp":"2026-03-06 18:10:52","totalCount":0}
{"count":0,"level":"info","limit":10,"message":"Fetched organizations","page":1,"timestamp":"2026-03-06 18:10:52","totalCount":0}
{"level":"info","message":"📅 Getting current business date...","timestamp":"2026-03-06 18:22:21"}
{"count":0,"level":"info","limit":10,"message":"Fetched organizations","page":1,"timestamp":"2026-03-06 18:22:21","totalCount":0}
{"level":"info","message":"📅 Getting current business date...","timestamp":"2026-03-06 18:22:21"}
{"count":0,"level":"info","limit":10,"message":"Fetched organizations","page":1,"timestamp":"2026-03-06 18:22:21","totalCount":0}
{"hasRefreshToken":false,"ipAddress":"127.0.0.1","level":"info","logoutTime":"2026-03-07T02:25:52.999Z","message":"Authenticated user logged out","timestamp":"2026-03-06 18:25:53","userAgent":"Mozilla/5.0 (Windows NT 10.0; Win64; x64) AppleWebKit/537.36 (KHTML, like Gecko) Chrome/145.0.0.0 Safari/537.36 Edg/145.0.0.0","userId":4,"username":"PCO04"}
{"hasRefreshToken":false,"ipAddress":"127.0.0.1","level":"info","logoutTime":"2026-03-07T02:25:53.028Z","message":"Authenticated user logged out","timestamp":"2026-03-06 18:25:53","userAgent":"Mozilla/5.0 (Windows NT 10.0; Win64; x64) AppleWebKit/537.36 (KHTML, like Gecko) Chrome/145.0.0.0 Safari/537.36 Edg/145.0.0.0","userId":4,"username":"PCO04"}
{"count":0,"level":"info","limit":10,"message":"Fetched organizations","page":1,"timestamp":"2026-03-06 18:26:05","totalCount":0}
{"count":0,"level":"info","limit":10,"message":"Fetched organizations","page":1,"timestamp":"2026-03-06 18:26:05","totalCount":0}
{"level":"info","message":"📅 Getting current business date...","timestamp":"2026-03-06 18:26:05"}
{"level":"info","message":"📅 Getting current business date...","timestamp":"2026-03-06 18:26:05"}
{"level":"info","logDir":"logs","message":"🚀 Winston logger initialized","nodeVersion":"v24.13.0","platform":"win32","timestamp":"2026-03-06 18:50:21"}
{"errors":["Role 28: Permission undefined not found in REPORT","Role 28: Permission undefined not found in REPORT"],"level":"warn","message":"Permission validation errors","timestamp":"2026-03-06 18:51:08"}
{"level":"info","logDir":"logs","message":"🚀 Winston logger initialized","nodeVersion":"v24.13.0","platform":"win32","timestamp":"2026-03-06 18:56:28"}
{"errors":["Role 28: Permission undefined not found in REPORT","Role 28: Permission undefined not found in REPORT"],"level":"warn","message":"Permission validation errors","timestamp":"2026-03-06 18:56:43"}
{"level":"info","logDir":"logs","message":"🚀 Winston logger initialized","nodeVersion":"v24.13.0","platform":"win32","timestamp":"2026-03-06 18:59:33"}
{"errors":["Role 28: Permission undefined not found in REPORT","Role 28: Permission undefined not found in REPORT"],"level":"warn","message":"Permission validation errors","timestamp":"2026-03-06 18:59:44"}
