{"level":"info","logDir":"logs","message":"🚀 Winston logger initialized","nodeVersion":"v24.13.0","platform":"win32","timestamp":"2026-02-24 10:15:35"}
{"errors":["Role 19: Permission undefined not found in APPROVAL","Role 19: Permission undefined not found in DASHBOARD","Role 19: Permission undefined not found in REPORT","Role 19: Permission undefined not found in QUEUE","Role 19: Permission undefined not found in NOTIFICATION","Role 19: Permission undefined not found in AUDIT","Role 20: Permission undefined not found in APPROVAL","Role 20: Permission undefined not found in DASHBOARD","Role 20: Permission undefined not found in REPORT","Role 20: Permission undefined not found in QUEUE","Role 20: Permission undefined not found in NOTIFICATION","Role 28: Permission undefined not found in DASHBOARD","Role 28: Permission undefined not found in REPORT","Role 28: Permission undefined not found in REPORT","Role 28: Permission undefined not found in REPORT","Role 33: Permission undefined not found in ANALYTICS","Role 34: Permission undefined not found in RISK","Role 38: Permission undefined not found in VAULT"],"level":"warn","message":"Permission validation errors","timestamp":"2026-02-24 10:15:52"}
{"level":"info","message":"Server time initialized (WAT): 2026-02-24T19:16:01.332Z","timestamp":"2026-02-24 10:16:01"}
{"error":"auditLogger.info(...).catch is not a function","level":"warn","message":"Could not log startup audit","timestamp":"2026-02-24 10:16:01"}
{"errors":["Role 19: Permission undefined not found in APPROVAL","Role 19: Permission undefined not found in DASHBOARD","Role 19: Permission undefined not found in REPORT","Role 19: Permission undefined not found in QUEUE","Role 19: Permission undefined not found in NOTIFICATION","Role 19: Permission undefined not found in AUDIT","Role 20: Permission undefined not found in APPROVAL","Role 20: Permission undefined not found in DASHBOARD","Role 20: Permission undefined not found in REPORT","Role 20: Permission undefined not found in QUEUE","Role 20: Permission undefined not found in NOTIFICATION","Role 28: Permission undefined not found in DASHBOARD","Role 28: Permission undefined not found in REPORT","Role 28: Permission undefined not found in REPORT","Role 28: Permission undefined not found in REPORT","Role 33: Permission undefined not found in ANALYTICS","Role 34: Permission undefined not found in RISK","Role 38: Permission undefined not found in VAULT"],"level":"warn","message":"Permission validation errors","timestamp":"2026-02-24 10:16:01"}
{"level":"info","message":"🔧 Auto-initializing models in development mode...","timestamp":"2026-02-24 10:16:07"}
{"level":"info","message":"🚀 Initializing model loader...","timestamp":"2026-02-24 10:16:07"}
{"level":"info","message":"✅ Models loaded via index.js","timestamp":"2026-02-24 10:16:07"}
{"level":"info","message":"✅ Model loader initialized successfully","timestamp":"2026-02-24 10:16:07"}
{"level":"info","message":"📊 Loaded models: sequelize, Op, DataTypes, QueryTypes, AMLThreshold, AccountApplication, Drawer, DrawerCloseOut, DrawerUserRole, DrawerCurrencyDenomination, DrawerCurrency, AuditTrail, VaultAccessAttempt, VaultMaintenanceLog, User, Permissions, UserRole, BusinessRole, Role, BusinessUnit, Branch, Organization, Customer, CustomerType, NextOfKin, CreditOfficer, CustomerAccount, DepositAccount, LoanAccount, SavingsProduct, LoanProduct, TermDeposit, Thrift, Group, GroupSavings, LoanInterestRate, Transaction, Deposit, Withdrawal, CashWithdrawalTransaction, DepositTransaction, LoanRepayment, LoanRepaymentTransaction, DirectDebit, DirectDebitRequest, StandingOrder, GLAccount, ChartofAccount, GLCategory, GLTransaction, GLAccountTransaction, JournalEntry, ScheduledTask, EOYReport, Holiday, CreditApplication, LoanContractForm, Guarantor, Collection, OverdueLoan, LoanPortfolio, LoanFee, LoanPenalty, DepositAccountInterest, DepositAccountInterest_Tier, Charge, InterestCalculation, Bank, Vault, VaultAuthorizedPersonnel, VaultPendingApproval, Country, State, WorkflowProcess, WorkflowSubProcess, WorkflowItem, WorkflowQueue, WorkflowBusinessRoleQueue, WorkflowSubProcessPolicy, CustomerWorkflowRouting, Notification, SMS, Report, Dashboard, Analytics, AccountStatement, IncomeExpense, TriftReport, DisbursementReport, LoanAccountSummary, DepositAccountSummary, Counter, SystemDate, License, Configuration, TransactionPolicy, ProductTypeMapping, RateIndex, Identifier, Subfolder, Event, AutoReclassifyInformation, UploadFile, CleanupDB, TellerStat, DepositAccountApplication, IdentificationInformation, Portfolio, LoanCalculator, AML, GuarantorAudit, RelationshipOfficer, GLClosingPeriod","timestamp":"2026-02-24 10:16:07"}
{"level":"info","message":"📊 Model Statistics:","timestamp":"2026-02-24 10:16:07"}
{"level":"info","message":"   Total models loaded: 113","timestamp":"2026-02-24 10:16:07"}
{"level":"info","message":"   CUSTOMER: 5 models","timestamp":"2026-02-24 10:16:07"}
{"level":"info","message":"   LOAN: 4 models","timestamp":"2026-02-24 10:16:07"}
{"level":"info","message":"   DEPOSIT: 4 models","timestamp":"2026-02-24 10:16:07"}
{"level":"info","message":"   TRANSACTION: 3 models","timestamp":"2026-02-24 10:16:07"}
{"level":"info","message":"   USER: 2 models","timestamp":"2026-02-24 10:16:07"}
{"level":"info","message":"   SYSTEM: 4 models","timestamp":"2026-02-24 10:16:07"}
{"level":"info","message":"   ACCOUNTING: 2 models","timestamp":"2026-02-24 10:16:07"}
{"level":"info","message":"   AUDIT: 1 models","timestamp":"2026-02-24 10:16:07"}
{"level":"info","message":"   NOTIFICATION: 1 models","timestamp":"2026-02-24 10:16:07"}
{"level":"info","message":"   THRIFT: 3 models","timestamp":"2026-02-24 10:16:07"}
{"level":"info","message":"✅ Thrift model successfully loaded and available","timestamp":"2026-02-24 10:16:07"}
{"count":0,"level":"info","limit":10,"message":"Fetched organizations","page":1,"timestamp":"2026-02-24 11:30:15","totalCount":0}
{"level":"info","message":"📅 Getting current business date...","timestamp":"2026-02-24 11:30:15"}
{"count":0,"level":"info","limit":10,"message":"Fetched organizations","page":1,"timestamp":"2026-02-24 11:30:15","totalCount":0}
{"level":"info","message":"📅 Getting current business date...","timestamp":"2026-02-24 11:30:15"}
{"level":"info","message":"📅 Getting current business date...","timestamp":"2026-02-24 11:31:58"}
{"count":0,"level":"info","limit":10,"message":"Fetched organizations","page":1,"timestamp":"2026-02-24 11:31:58","totalCount":0}
{"count":0,"level":"info","limit":10,"message":"Fetched organizations","page":1,"timestamp":"2026-02-24 11:31:58","totalCount":0}
{"level":"info","message":"📅 Getting current business date...","timestamp":"2026-02-24 11:31:58"}
{"level":"info","message":"📅 Getting current business date...","timestamp":"2026-02-24 11:32:19"}
{"count":0,"level":"info","limit":10,"message":"Fetched organizations","page":1,"timestamp":"2026-02-24 11:32:19","totalCount":0}
{"count":0,"level":"info","limit":10,"message":"Fetched organizations","page":1,"timestamp":"2026-02-24 11:32:19","totalCount":0}
{"level":"info","message":"📅 Getting current business date...","timestamp":"2026-02-24 11:32:19"}
{"level":"info","logDir":"logs","message":"🚀 Winston logger initialized","nodeVersion":"v24.13.0","platform":"win32","timestamp":"2026-02-24 11:52:56"}
{"errors":["Role 19: Permission undefined not found in APPROVAL","Role 19: Permission undefined not found in DASHBOARD","Role 19: Permission undefined not found in REPORT","Role 19: Permission undefined not found in QUEUE","Role 19: Permission undefined not found in NOTIFICATION","Role 19: Permission undefined not found in AUDIT","Role 20: Permission undefined not found in APPROVAL","Role 20: Permission undefined not found in DASHBOARD","Role 20: Permission undefined not found in REPORT","Role 20: Permission undefined not found in QUEUE","Role 20: Permission undefined not found in NOTIFICATION","Role 28: Permission undefined not found in DASHBOARD","Role 28: Permission undefined not found in REPORT","Role 28: Permission undefined not found in REPORT","Role 28: Permission undefined not found in REPORT","Role 33: Permission undefined not found in ANALYTICS","Role 34: Permission undefined not found in RISK","Role 38: Permission undefined not found in VAULT"],"level":"warn","message":"Permission validation errors","timestamp":"2026-02-24 11:53:09"}
{"level":"info","message":"Server time initialized (WAT): 2026-02-24T20:53:14.899Z","timestamp":"2026-02-24 11:53:14"}
{"error":"auditLogger.info(...).catch is not a function","level":"warn","message":"Could not log startup audit","timestamp":"2026-02-24 11:53:14"}
{"errors":["Role 19: Permission undefined not found in APPROVAL","Role 19: Permission undefined not found in DASHBOARD","Role 19: Permission undefined not found in REPORT","Role 19: Permission undefined not found in QUEUE","Role 19: Permission undefined not found in NOTIFICATION","Role 19: Permission undefined not found in AUDIT","Role 20: Permission undefined not found in APPROVAL","Role 20: Permission undefined not found in DASHBOARD","Role 20: Permission undefined not found in REPORT","Role 20: Permission undefined not found in QUEUE","Role 20: Permission undefined not found in NOTIFICATION","Role 28: Permission undefined not found in DASHBOARD","Role 28: Permission undefined not found in REPORT","Role 28: Permission undefined not found in REPORT","Role 28: Permission undefined not found in REPORT","Role 33: Permission undefined not found in ANALYTICS","Role 34: Permission undefined not found in RISK","Role 38: Permission undefined not found in VAULT"],"level":"warn","message":"Permission validation errors","timestamp":"2026-02-24 11:53:14"}
{"level":"info","message":"🔧 Auto-initializing models in development mode...","timestamp":"2026-02-24 11:53:19"}
{"level":"info","message":"🚀 Initializing model loader...","timestamp":"2026-02-24 11:53:19"}
{"level":"info","message":"✅ Models loaded via index.js","timestamp":"2026-02-24 11:53:19"}
{"level":"info","message":"✅ Model loader initialized successfully","timestamp":"2026-02-24 11:53:19"}
{"level":"info","message":"📊 Loaded models: sequelize, Op, DataTypes, QueryTypes, AMLThreshold, AccountApplication, Drawer, DrawerCloseOut, DrawerUserRole, DrawerCurrencyDenomination, DrawerCurrency, AuditTrail, VaultAccessAttempt, VaultMaintenanceLog, User, Permissions, UserRole, BusinessRole, Role, BusinessUnit, Branch, Organization, Customer, CustomerType, NextOfKin, CreditOfficer, CustomerAccount, DepositAccount, LoanAccount, SavingsProduct, LoanProduct, TermDeposit, Thrift, Group, GroupSavings, LoanInterestRate, Transaction, Deposit, Withdrawal, CashWithdrawalTransaction, DepositTransaction, LoanRepayment, LoanRepaymentTransaction, DirectDebit, DirectDebitRequest, StandingOrder, GLAccount, ChartofAccount, GLCategory, GLTransaction, GLAccountTransaction, JournalEntry, ScheduledTask, EOYReport, Holiday, CreditApplication, LoanContractForm, Guarantor, Collection, OverdueLoan, LoanPortfolio, LoanFee, LoanPenalty, DepositAccountInterest, DepositAccountInterest_Tier, Charge, InterestCalculation, Bank, Vault, VaultAuthorizedPersonnel, VaultPendingApproval, Country, State, WorkflowProcess, WorkflowSubProcess, WorkflowItem, WorkflowQueue, WorkflowBusinessRoleQueue, WorkflowSubProcessPolicy, CustomerWorkflowRouting, Notification, SMS, Report, Dashboard, Analytics, AccountStatement, IncomeExpense, TriftReport, DisbursementReport, LoanAccountSummary, DepositAccountSummary, Counter, SystemDate, License, Configuration, TransactionPolicy, ProductTypeMapping, RateIndex, Identifier, Subfolder, Event, AutoReclassifyInformation, UploadFile, CleanupDB, TellerStat, DepositAccountApplication, IdentificationInformation, Portfolio, LoanCalculator, AML, GuarantorAudit, RelationshipOfficer, GLClosingPeriod","timestamp":"2026-02-24 11:53:19"}
{"level":"info","message":"📊 Model Statistics:","timestamp":"2026-02-24 11:53:19"}
{"level":"info","message":"   Total models loaded: 113","timestamp":"2026-02-24 11:53:19"}
{"level":"info","message":"   CUSTOMER: 5 models","timestamp":"2026-02-24 11:53:19"}
{"level":"info","message":"   LOAN: 4 models","timestamp":"2026-02-24 11:53:19"}
{"level":"info","message":"   DEPOSIT: 4 models","timestamp":"2026-02-24 11:53:19"}
{"level":"info","message":"   TRANSACTION: 3 models","timestamp":"2026-02-24 11:53:19"}
{"level":"info","message":"   USER: 2 models","timestamp":"2026-02-24 11:53:19"}
{"level":"info","message":"   SYSTEM: 4 models","timestamp":"2026-02-24 11:53:19"}
{"level":"info","message":"   ACCOUNTING: 2 models","timestamp":"2026-02-24 11:53:19"}
{"level":"info","message":"   AUDIT: 1 models","timestamp":"2026-02-24 11:53:19"}
{"level":"info","message":"   NOTIFICATION: 1 models","timestamp":"2026-02-24 11:53:19"}
{"level":"info","message":"   THRIFT: 3 models","timestamp":"2026-02-24 11:53:19"}
{"level":"info","message":"✅ Thrift model successfully loaded and available","timestamp":"2026-02-24 11:53:19"}
{"level":"info","logDir":"logs","message":"🚀 Winston logger initialized","nodeVersion":"v24.13.0","platform":"win32","timestamp":"2026-02-24 11:56:14"}
{"errors":["Role 19: Permission undefined not found in APPROVAL","Role 19: Permission undefined not found in DASHBOARD","Role 19: Permission undefined not found in REPORT","Role 19: Permission undefined not found in QUEUE","Role 19: Permission undefined not found in NOTIFICATION","Role 19: Permission undefined not found in AUDIT","Role 20: Permission undefined not found in APPROVAL","Role 20: Permission undefined not found in DASHBOARD","Role 20: Permission undefined not found in REPORT","Role 20: Permission undefined not found in QUEUE","Role 20: Permission undefined not found in NOTIFICATION","Role 28: Permission undefined not found in DASHBOARD","Role 28: Permission undefined not found in REPORT","Role 28: Permission undefined not found in REPORT","Role 28: Permission undefined not found in REPORT","Role 33: Permission undefined not found in ANALYTICS","Role 34: Permission undefined not found in RISK","Role 38: Permission undefined not found in VAULT"],"level":"warn","message":"Permission validation errors","timestamp":"2026-02-24 11:56:17"}
{"level":"info","message":"Server time initialized (WAT): 2026-02-24T20:56:18.838Z","timestamp":"2026-02-24 11:56:18"}
{"error":"auditLogger.info(...).catch is not a function","level":"warn","message":"Could not log startup audit","timestamp":"2026-02-24 11:56:18"}
{"errors":["Role 19: Permission undefined not found in APPROVAL","Role 19: Permission undefined not found in DASHBOARD","Role 19: Permission undefined not found in REPORT","Role 19: Permission undefined not found in QUEUE","Role 19: Permission undefined not found in NOTIFICATION","Role 19: Permission undefined not found in AUDIT","Role 20: Permission undefined not found in APPROVAL","Role 20: Permission undefined not found in DASHBOARD","Role 20: Permission undefined not found in REPORT","Role 20: Permission undefined not found in QUEUE","Role 20: Permission undefined not found in NOTIFICATION","Role 28: Permission undefined not found in DASHBOARD","Role 28: Permission undefined not found in REPORT","Role 28: Permission undefined not found in REPORT","Role 28: Permission undefined not found in REPORT","Role 33: Permission undefined not found in ANALYTICS","Role 34: Permission undefined not found in RISK","Role 38: Permission undefined not found in VAULT"],"level":"warn","message":"Permission validation errors","timestamp":"2026-02-24 11:56:18"}
{"level":"info","message":"🔧 Auto-initializing models in development mode...","timestamp":"2026-02-24 11:56:20"}
{"level":"info","message":"🚀 Initializing model loader...","timestamp":"2026-02-24 11:56:20"}
{"level":"info","message":"✅ Models loaded via index.js","timestamp":"2026-02-24 11:56:20"}
{"level":"info","message":"✅ Model loader initialized successfully","timestamp":"2026-02-24 11:56:20"}
{"level":"info","message":"📊 Loaded models: sequelize, Op, DataTypes, QueryTypes, AMLThreshold, AccountApplication, Drawer, DrawerCloseOut, DrawerUserRole, DrawerCurrencyDenomination, DrawerCurrency, AuditTrail, VaultAccessAttempt, VaultMaintenanceLog, User, Permissions, UserRole, BusinessRole, Role, BusinessUnit, Branch, Organization, Customer, CustomerType, NextOfKin, CreditOfficer, CustomerAccount, DepositAccount, LoanAccount, SavingsProduct, LoanProduct, TermDeposit, Thrift, Group, GroupSavings, LoanInterestRate, Transaction, Deposit, Withdrawal, CashWithdrawalTransaction, DepositTransaction, LoanRepayment, LoanRepaymentTransaction, DirectDebit, DirectDebitRequest, StandingOrder, GLAccount, ChartofAccount, GLCategory, GLTransaction, GLAccountTransaction, JournalEntry, ScheduledTask, EOYReport, Holiday, CreditApplication, LoanContractForm, Guarantor, Collection, OverdueLoan, LoanPortfolio, LoanFee, LoanPenalty, DepositAccountInterest, DepositAccountInterest_Tier, Charge, InterestCalculation, Bank, Vault, VaultAuthorizedPersonnel, VaultPendingApproval, Country, State, WorkflowProcess, WorkflowSubProcess, WorkflowItem, WorkflowQueue, WorkflowBusinessRoleQueue, WorkflowSubProcessPolicy, CustomerWorkflowRouting, Notification, SMS, Report, Dashboard, Analytics, AccountStatement, IncomeExpense, TriftReport, DisbursementReport, LoanAccountSummary, DepositAccountSummary, Counter, SystemDate, License, Configuration, TransactionPolicy, ProductTypeMapping, RateIndex, Identifier, Subfolder, Event, AutoReclassifyInformation, UploadFile, CleanupDB, TellerStat, DepositAccountApplication, IdentificationInformation, Portfolio, LoanCalculator, AML, GuarantorAudit, RelationshipOfficer, GLClosingPeriod","timestamp":"2026-02-24 11:56:20"}
{"level":"info","message":"📊 Model Statistics:","timestamp":"2026-02-24 11:56:20"}
{"level":"info","message":"   Total models loaded: 113","timestamp":"2026-02-24 11:56:20"}
{"level":"info","message":"   CUSTOMER: 5 models","timestamp":"2026-02-24 11:56:20"}
{"level":"info","message":"   LOAN: 4 models","timestamp":"2026-02-24 11:56:20"}
{"level":"info","message":"   DEPOSIT: 4 models","timestamp":"2026-02-24 11:56:20"}
{"level":"info","message":"   TRANSACTION: 3 models","timestamp":"2026-02-24 11:56:20"}
{"level":"info","message":"   USER: 2 models","timestamp":"2026-02-24 11:56:20"}
{"level":"info","message":"   SYSTEM: 4 models","timestamp":"2026-02-24 11:56:20"}
{"level":"info","message":"   ACCOUNTING: 2 models","timestamp":"2026-02-24 11:56:20"}
{"level":"info","message":"   AUDIT: 1 models","timestamp":"2026-02-24 11:56:20"}
{"level":"info","message":"   NOTIFICATION: 1 models","timestamp":"2026-02-24 11:56:20"}
{"level":"info","message":"   THRIFT: 3 models","timestamp":"2026-02-24 11:56:20"}
{"level":"info","message":"✅ Thrift model successfully loaded and available","timestamp":"2026-02-24 11:56:20"}
{"level":"info","logDir":"logs","message":"🚀 Winston logger initialized","nodeVersion":"v24.13.0","platform":"win32","timestamp":"2026-02-24 11:58:37"}
{"errors":["Role 19: Permission undefined not found in APPROVAL","Role 19: Permission undefined not found in DASHBOARD","Role 19: Permission undefined not found in REPORT","Role 19: Permission undefined not found in QUEUE","Role 19: Permission undefined not found in NOTIFICATION","Role 19: Permission undefined not found in AUDIT","Role 20: Permission undefined not found in APPROVAL","Role 20: Permission undefined not found in DASHBOARD","Role 20: Permission undefined not found in REPORT","Role 20: Permission undefined not found in QUEUE","Role 20: Permission undefined not found in NOTIFICATION","Role 28: Permission undefined not found in DASHBOARD","Role 28: Permission undefined not found in REPORT","Role 28: Permission undefined not found in REPORT","Role 28: Permission undefined not found in REPORT","Role 33: Permission undefined not found in ANALYTICS","Role 34: Permission undefined not found in RISK","Role 38: Permission undefined not found in VAULT"],"level":"warn","message":"Permission validation errors","timestamp":"2026-02-24 11:58:40"}
{"level":"info","message":"Server time initialized (WAT): 2026-02-24T20:58:42.015Z","timestamp":"2026-02-24 11:58:42"}
{"error":"auditLogger.info(...).catch is not a function","level":"warn","message":"Could not log startup audit","timestamp":"2026-02-24 11:58:42"}
{"errors":["Role 19: Permission undefined not found in APPROVAL","Role 19: Permission undefined not found in DASHBOARD","Role 19: Permission undefined not found in REPORT","Role 19: Permission undefined not found in QUEUE","Role 19: Permission undefined not found in NOTIFICATION","Role 19: Permission undefined not found in AUDIT","Role 20: Permission undefined not found in APPROVAL","Role 20: Permission undefined not found in DASHBOARD","Role 20: Permission undefined not found in REPORT","Role 20: Permission undefined not found in QUEUE","Role 20: Permission undefined not found in NOTIFICATION","Role 28: Permission undefined not found in DASHBOARD","Role 28: Permission undefined not found in REPORT","Role 28: Permission undefined not found in REPORT","Role 28: Permission undefined not found in REPORT","Role 33: Permission undefined not found in ANALYTICS","Role 34: Permission undefined not found in RISK","Role 38: Permission undefined not found in VAULT"],"level":"warn","message":"Permission validation errors","timestamp":"2026-02-24 11:58:42"}
{"level":"info","message":"🔧 Auto-initializing models in development mode...","timestamp":"2026-02-24 11:58:43"}
{"level":"info","message":"🚀 Initializing model loader...","timestamp":"2026-02-24 11:58:43"}
{"level":"info","message":"✅ Models loaded via index.js","timestamp":"2026-02-24 11:58:43"}
{"level":"info","message":"✅ Model loader initialized successfully","timestamp":"2026-02-24 11:58:43"}
{"level":"info","message":"📊 Loaded models: sequelize, Op, DataTypes, QueryTypes, AMLThreshold, AccountApplication, Drawer, DrawerCloseOut, DrawerUserRole, DrawerCurrencyDenomination, DrawerCurrency, AuditTrail, VaultAccessAttempt, VaultMaintenanceLog, User, Permissions, UserRole, BusinessRole, Role, BusinessUnit, Branch, Organization, Customer, CustomerType, NextOfKin, CreditOfficer, CustomerAccount, DepositAccount, LoanAccount, SavingsProduct, LoanProduct, TermDeposit, Thrift, Group, GroupSavings, LoanInterestRate, Transaction, Deposit, Withdrawal, CashWithdrawalTransaction, DepositTransaction, LoanRepayment, LoanRepaymentTransaction, DirectDebit, DirectDebitRequest, StandingOrder, GLAccount, ChartofAccount, GLCategory, GLTransaction, GLAccountTransaction, JournalEntry, ScheduledTask, EOYReport, Holiday, CreditApplication, LoanContractForm, Guarantor, Collection, OverdueLoan, LoanPortfolio, LoanFee, LoanPenalty, DepositAccountInterest, DepositAccountInterest_Tier, Charge, InterestCalculation, Bank, Vault, VaultAuthorizedPersonnel, VaultPendingApproval, Country, State, WorkflowProcess, WorkflowSubProcess, WorkflowItem, WorkflowQueue, WorkflowBusinessRoleQueue, WorkflowSubProcessPolicy, CustomerWorkflowRouting, Notification, SMS, Report, Dashboard, Analytics, AccountStatement, IncomeExpense, TriftReport, DisbursementReport, LoanAccountSummary, DepositAccountSummary, Counter, SystemDate, License, Configuration, TransactionPolicy, ProductTypeMapping, RateIndex, Identifier, Subfolder, Event, AutoReclassifyInformation, UploadFile, CleanupDB, TellerStat, DepositAccountApplication, IdentificationInformation, Portfolio, LoanCalculator, AML, GuarantorAudit, RelationshipOfficer, GLClosingPeriod","timestamp":"2026-02-24 11:58:43"}
{"level":"info","message":"📊 Model Statistics:","timestamp":"2026-02-24 11:58:43"}
{"level":"info","message":"   Total models loaded: 113","timestamp":"2026-02-24 11:58:43"}
{"level":"info","message":"   CUSTOMER: 5 models","timestamp":"2026-02-24 11:58:43"}
{"level":"info","message":"   LOAN: 4 models","timestamp":"2026-02-24 11:58:43"}
{"level":"info","message":"   DEPOSIT: 4 models","timestamp":"2026-02-24 11:58:43"}
{"level":"info","message":"   TRANSACTION: 3 models","timestamp":"2026-02-24 11:58:43"}
{"level":"info","message":"   USER: 2 models","timestamp":"2026-02-24 11:58:43"}
{"level":"info","message":"   SYSTEM: 4 models","timestamp":"2026-02-24 11:58:43"}
{"level":"info","message":"   ACCOUNTING: 2 models","timestamp":"2026-02-24 11:58:43"}
{"level":"info","message":"   AUDIT: 1 models","timestamp":"2026-02-24 11:58:43"}
{"level":"info","message":"   NOTIFICATION: 1 models","timestamp":"2026-02-24 11:58:43"}
{"level":"info","message":"   THRIFT: 3 models","timestamp":"2026-02-24 11:58:43"}
{"level":"info","message":"✅ Thrift model successfully loaded and available","timestamp":"2026-02-24 11:58:43"}
{"level":"info","logDir":"logs","message":"🚀 Winston logger initialized","nodeVersion":"v24.13.0","platform":"win32","timestamp":"2026-02-24 12:00:28"}
{"errors":["Role 19: Permission undefined not found in APPROVAL","Role 19: Permission undefined not found in DASHBOARD","Role 19: Permission undefined not found in REPORT","Role 19: Permission undefined not found in QUEUE","Role 19: Permission undefined not found in NOTIFICATION","Role 19: Permission undefined not found in AUDIT","Role 20: Permission undefined not found in APPROVAL","Role 20: Permission undefined not found in DASHBOARD","Role 20: Permission undefined not found in REPORT","Role 20: Permission undefined not found in QUEUE","Role 20: Permission undefined not found in NOTIFICATION","Role 28: Permission undefined not found in DASHBOARD","Role 28: Permission undefined not found in REPORT","Role 28: Permission undefined not found in REPORT","Role 28: Permission undefined not found in REPORT","Role 33: Permission undefined not found in ANALYTICS","Role 34: Permission undefined not found in RISK","Role 38: Permission undefined not found in VAULT"],"level":"warn","message":"Permission validation errors","timestamp":"2026-02-24 12:00:31"}
{"level":"info","message":"Server time initialized (WAT): 2026-02-24T21:00:33.025Z","timestamp":"2026-02-24 12:00:33"}
{"error":"auditLogger.info(...).catch is not a function","level":"warn","message":"Could not log startup audit","timestamp":"2026-02-24 12:00:33"}
{"errors":["Role 19: Permission undefined not found in APPROVAL","Role 19: Permission undefined not found in DASHBOARD","Role 19: Permission undefined not found in REPORT","Role 19: Permission undefined not found in QUEUE","Role 19: Permission undefined not found in NOTIFICATION","Role 19: Permission undefined not found in AUDIT","Role 20: Permission undefined not found in APPROVAL","Role 20: Permission undefined not found in DASHBOARD","Role 20: Permission undefined not found in REPORT","Role 20: Permission undefined not found in QUEUE","Role 20: Permission undefined not found in NOTIFICATION","Role 28: Permission undefined not found in DASHBOARD","Role 28: Permission undefined not found in REPORT","Role 28: Permission undefined not found in REPORT","Role 28: Permission undefined not found in REPORT","Role 33: Permission undefined not found in ANALYTICS","Role 34: Permission undefined not found in RISK","Role 38: Permission undefined not found in VAULT"],"level":"warn","message":"Permission validation errors","timestamp":"2026-02-24 12:00:33"}
{"level":"info","message":"🔧 Auto-initializing models in development mode...","timestamp":"2026-02-24 12:00:35"}
{"level":"info","message":"🚀 Initializing model loader...","timestamp":"2026-02-24 12:00:35"}
{"level":"info","message":"✅ Models loaded via index.js","timestamp":"2026-02-24 12:00:35"}
{"level":"info","message":"✅ Model loader initialized successfully","timestamp":"2026-02-24 12:00:35"}
{"level":"info","message":"📊 Loaded models: sequelize, Op, DataTypes, QueryTypes, AMLThreshold, AccountApplication, Drawer, DrawerCloseOut, DrawerUserRole, DrawerCurrencyDenomination, DrawerCurrency, AuditTrail, VaultAccessAttempt, VaultMaintenanceLog, User, Permissions, UserRole, BusinessRole, Role, BusinessUnit, Branch, Organization, Customer, CustomerType, NextOfKin, CreditOfficer, CustomerAccount, DepositAccount, LoanAccount, SavingsProduct, LoanProduct, TermDeposit, Thrift, Group, GroupSavings, LoanInterestRate, Transaction, Deposit, Withdrawal, CashWithdrawalTransaction, DepositTransaction, LoanRepayment, LoanRepaymentTransaction, DirectDebit, DirectDebitRequest, StandingOrder, GLAccount, ChartofAccount, GLCategory, GLTransaction, GLAccountTransaction, JournalEntry, ScheduledTask, EOYReport, Holiday, CreditApplication, LoanContractForm, Guarantor, Collection, OverdueLoan, LoanPortfolio, LoanFee, LoanPenalty, DepositAccountInterest, DepositAccountInterest_Tier, Charge, InterestCalculation, Bank, Vault, VaultAuthorizedPersonnel, VaultPendingApproval, Country, State, WorkflowProcess, WorkflowSubProcess, WorkflowItem, WorkflowQueue, WorkflowBusinessRoleQueue, WorkflowSubProcessPolicy, CustomerWorkflowRouting, Notification, SMS, Report, Dashboard, Analytics, AccountStatement, IncomeExpense, TriftReport, DisbursementReport, LoanAccountSummary, DepositAccountSummary, Counter, SystemDate, License, Configuration, TransactionPolicy, ProductTypeMapping, RateIndex, Identifier, Subfolder, Event, AutoReclassifyInformation, UploadFile, CleanupDB, TellerStat, DepositAccountApplication, IdentificationInformation, Portfolio, LoanCalculator, AML, GuarantorAudit, RelationshipOfficer, GLClosingPeriod","timestamp":"2026-02-24 12:00:35"}
{"level":"info","message":"📊 Model Statistics:","timestamp":"2026-02-24 12:00:35"}
{"level":"info","message":"   Total models loaded: 113","timestamp":"2026-02-24 12:00:35"}
{"level":"info","message":"   CUSTOMER: 5 models","timestamp":"2026-02-24 12:00:35"}
{"level":"info","message":"   LOAN: 4 models","timestamp":"2026-02-24 12:00:35"}
{"level":"info","message":"   DEPOSIT: 4 models","timestamp":"2026-02-24 12:00:35"}
{"level":"info","message":"   TRANSACTION: 3 models","timestamp":"2026-02-24 12:00:35"}
{"level":"info","message":"   USER: 2 models","timestamp":"2026-02-24 12:00:35"}
{"level":"info","message":"   SYSTEM: 4 models","timestamp":"2026-02-24 12:00:35"}
{"level":"info","message":"   ACCOUNTING: 2 models","timestamp":"2026-02-24 12:00:35"}
{"level":"info","message":"   AUDIT: 1 models","timestamp":"2026-02-24 12:00:35"}
{"level":"info","message":"   NOTIFICATION: 1 models","timestamp":"2026-02-24 12:00:35"}
{"level":"info","message":"   THRIFT: 3 models","timestamp":"2026-02-24 12:00:35"}
{"level":"info","message":"✅ Thrift model successfully loaded and available","timestamp":"2026-02-24 12:00:35"}
{"level":"info","logDir":"logs","message":"🚀 Winston logger initialized","nodeVersion":"v24.13.0","platform":"win32","timestamp":"2026-02-24 12:05:50"}
{"errors":["Role 19: Permission undefined not found in APPROVAL","Role 19: Permission undefined not found in DASHBOARD","Role 19: Permission undefined not found in REPORT","Role 19: Permission undefined not found in QUEUE","Role 19: Permission undefined not found in NOTIFICATION","Role 19: Permission undefined not found in AUDIT","Role 20: Permission undefined not found in APPROVAL","Role 20: Permission undefined not found in DASHBOARD","Role 20: Permission undefined not found in REPORT","Role 20: Permission undefined not found in QUEUE","Role 20: Permission undefined not found in NOTIFICATION","Role 28: Permission undefined not found in DASHBOARD","Role 28: Permission undefined not found in REPORT","Role 28: Permission undefined not found in REPORT","Role 28: Permission undefined not found in REPORT","Role 33: Permission undefined not found in ANALYTICS","Role 34: Permission undefined not found in RISK","Role 38: Permission undefined not found in VAULT"],"level":"warn","message":"Permission validation errors","timestamp":"2026-02-24 12:05:58"}
{"level":"info","message":"Server time initialized (WAT): 2026-02-24T21:06:03.409Z","timestamp":"2026-02-24 12:06:03"}
{"error":"auditLogger.info(...).catch is not a function","level":"warn","message":"Could not log startup audit","timestamp":"2026-02-24 12:06:03"}
{"errors":["Role 19: Permission undefined not found in APPROVAL","Role 19: Permission undefined not found in DASHBOARD","Role 19: Permission undefined not found in REPORT","Role 19: Permission undefined not found in QUEUE","Role 19: Permission undefined not found in NOTIFICATION","Role 19: Permission undefined not found in AUDIT","Role 20: Permission undefined not found in APPROVAL","Role 20: Permission undefined not found in DASHBOARD","Role 20: Permission undefined not found in REPORT","Role 20: Permission undefined not found in QUEUE","Role 20: Permission undefined not found in NOTIFICATION","Role 28: Permission undefined not found in DASHBOARD","Role 28: Permission undefined not found in REPORT","Role 28: Permission undefined not found in REPORT","Role 28: Permission undefined not found in REPORT","Role 33: Permission undefined not found in ANALYTICS","Role 34: Permission undefined not found in RISK","Role 38: Permission undefined not found in VAULT"],"level":"warn","message":"Permission validation errors","timestamp":"2026-02-24 12:06:03"}
{"level":"info","message":"🔧 Auto-initializing models in development mode...","timestamp":"2026-02-24 12:06:07"}
{"level":"info","message":"🚀 Initializing model loader...","timestamp":"2026-02-24 12:06:07"}
{"level":"info","message":"✅ Models loaded via index.js","timestamp":"2026-02-24 12:06:07"}
{"level":"info","message":"✅ Model loader initialized successfully","timestamp":"2026-02-24 12:06:07"}
{"level":"info","message":"📊 Loaded models: sequelize, Op, DataTypes, QueryTypes, AMLThreshold, AccountApplication, Drawer, DrawerCloseOut, DrawerUserRole, DrawerCurrencyDenomination, DrawerCurrency, AuditTrail, VaultAccessAttempt, VaultMaintenanceLog, User, Permissions, UserRole, BusinessRole, Role, BusinessUnit, Branch, Organization, Customer, CustomerType, NextOfKin, CreditOfficer, CustomerAccount, DepositAccount, LoanAccount, SavingsProduct, LoanProduct, TermDeposit, Thrift, Group, GroupSavings, LoanInterestRate, Transaction, Deposit, Withdrawal, CashWithdrawalTransaction, DepositTransaction, LoanRepayment, LoanRepaymentTransaction, DirectDebit, DirectDebitRequest, StandingOrder, GLAccount, ChartofAccount, GLCategory, GLTransaction, GLAccountTransaction, JournalEntry, ScheduledTask, EOYReport, Holiday, CreditApplication, LoanContractForm, Guarantor, Collection, OverdueLoan, LoanPortfolio, LoanFee, LoanPenalty, DepositAccountInterest, DepositAccountInterest_Tier, Charge, InterestCalculation, Bank, Vault, VaultAuthorizedPersonnel, VaultPendingApproval, Country, State, WorkflowProcess, WorkflowSubProcess, WorkflowItem, WorkflowQueue, WorkflowBusinessRoleQueue, WorkflowSubProcessPolicy, CustomerWorkflowRouting, Notification, SMS, Report, Dashboard, Analytics, AccountStatement, IncomeExpense, TriftReport, DisbursementReport, LoanAccountSummary, DepositAccountSummary, Counter, SystemDate, License, Configuration, TransactionPolicy, ProductTypeMapping, RateIndex, Identifier, Subfolder, Event, AutoReclassifyInformation, UploadFile, CleanupDB, TellerStat, DepositAccountApplication, IdentificationInformation, Portfolio, LoanCalculator, AML, GuarantorAudit, RelationshipOfficer, GLClosingPeriod","timestamp":"2026-02-24 12:06:07"}
{"level":"info","message":"📊 Model Statistics:","timestamp":"2026-02-24 12:06:07"}
{"level":"info","message":"   Total models loaded: 113","timestamp":"2026-02-24 12:06:07"}
{"level":"info","message":"   CUSTOMER: 5 models","timestamp":"2026-02-24 12:06:07"}
{"level":"info","message":"   LOAN: 4 models","timestamp":"2026-02-24 12:06:07"}
{"level":"info","message":"   DEPOSIT: 4 models","timestamp":"2026-02-24 12:06:07"}
{"level":"info","message":"   TRANSACTION: 3 models","timestamp":"2026-02-24 12:06:07"}
{"level":"info","message":"   USER: 2 models","timestamp":"2026-02-24 12:06:07"}
{"level":"info","message":"   SYSTEM: 4 models","timestamp":"2026-02-24 12:06:07"}
{"level":"info","message":"   ACCOUNTING: 2 models","timestamp":"2026-02-24 12:06:07"}
{"level":"info","message":"   AUDIT: 1 models","timestamp":"2026-02-24 12:06:07"}
{"level":"info","message":"   NOTIFICATION: 1 models","timestamp":"2026-02-24 12:06:07"}
{"level":"info","message":"   THRIFT: 3 models","timestamp":"2026-02-24 12:06:07"}
{"level":"info","message":"✅ Thrift model successfully loaded and available","timestamp":"2026-02-24 12:06:07"}
{"level":"info","logDir":"logs","message":"🚀 Winston logger initialized","nodeVersion":"v24.13.0","platform":"win32","timestamp":"2026-02-24 12:13:21"}
{"errors":["Role 19: Permission undefined not found in APPROVAL","Role 19: Permission undefined not found in DASHBOARD","Role 19: Permission undefined not found in REPORT","Role 19: Permission undefined not found in QUEUE","Role 19: Permission undefined not found in NOTIFICATION","Role 19: Permission undefined not found in AUDIT","Role 20: Permission undefined not found in APPROVAL","Role 20: Permission undefined not found in DASHBOARD","Role 20: Permission undefined not found in REPORT","Role 20: Permission undefined not found in QUEUE","Role 20: Permission undefined not found in NOTIFICATION","Role 28: Permission undefined not found in DASHBOARD","Role 28: Permission undefined not found in REPORT","Role 28: Permission undefined not found in REPORT","Role 28: Permission undefined not found in REPORT","Role 33: Permission undefined not found in ANALYTICS","Role 34: Permission undefined not found in RISK","Role 38: Permission undefined not found in VAULT"],"level":"warn","message":"Permission validation errors","timestamp":"2026-02-24 12:13:24"}
{"level":"info","message":"Server time initialized (WAT): 2026-02-24T21:13:26.230Z","timestamp":"2026-02-24 12:13:26"}
{"error":"auditLogger.info(...).catch is not a function","level":"warn","message":"Could not log startup audit","timestamp":"2026-02-24 12:13:26"}
{"errors":["Role 19: Permission undefined not found in APPROVAL","Role 19: Permission undefined not found in DASHBOARD","Role 19: Permission undefined not found in REPORT","Role 19: Permission undefined not found in QUEUE","Role 19: Permission undefined not found in NOTIFICATION","Role 19: Permission undefined not found in AUDIT","Role 20: Permission undefined not found in APPROVAL","Role 20: Permission undefined not found in DASHBOARD","Role 20: Permission undefined not found in REPORT","Role 20: Permission undefined not found in QUEUE","Role 20: Permission undefined not found in NOTIFICATION","Role 28: Permission undefined not found in DASHBOARD","Role 28: Permission undefined not found in REPORT","Role 28: Permission undefined not found in REPORT","Role 28: Permission undefined not found in REPORT","Role 33: Permission undefined not found in ANALYTICS","Role 34: Permission undefined not found in RISK","Role 38: Permission undefined not found in VAULT"],"level":"warn","message":"Permission validation errors","timestamp":"2026-02-24 12:13:26"}
{"level":"info","message":"🔧 Auto-initializing models in development mode...","timestamp":"2026-02-24 12:13:27"}
{"level":"info","message":"🚀 Initializing model loader...","timestamp":"2026-02-24 12:13:27"}
{"level":"info","message":"✅ Models loaded via index.js","timestamp":"2026-02-24 12:13:27"}
{"level":"info","message":"✅ Model loader initialized successfully","timestamp":"2026-02-24 12:13:27"}
{"level":"info","message":"📊 Loaded models: sequelize, Op, DataTypes, QueryTypes, AMLThreshold, AccountApplication, Drawer, DrawerCloseOut, DrawerUserRole, DrawerCurrencyDenomination, DrawerCurrency, AuditTrail, VaultAccessAttempt, VaultMaintenanceLog, User, Permissions, UserRole, BusinessRole, Role, BusinessUnit, Branch, Organization, Customer, CustomerType, NextOfKin, CreditOfficer, CustomerAccount, DepositAccount, LoanAccount, SavingsProduct, LoanProduct, TermDeposit, Thrift, Group, GroupSavings, LoanInterestRate, Transaction, Deposit, Withdrawal, CashWithdrawalTransaction, DepositTransaction, LoanRepayment, LoanRepaymentTransaction, DirectDebit, DirectDebitRequest, StandingOrder, GLAccount, ChartofAccount, GLCategory, GLTransaction, GLAccountTransaction, JournalEntry, ScheduledTask, EOYReport, Holiday, CreditApplication, LoanContractForm, Guarantor, Collection, OverdueLoan, LoanPortfolio, LoanFee, LoanPenalty, DepositAccountInterest, DepositAccountInterest_Tier, Charge, InterestCalculation, Bank, Vault, VaultAuthorizedPersonnel, VaultPendingApproval, Country, State, WorkflowProcess, WorkflowSubProcess, WorkflowItem, WorkflowQueue, WorkflowBusinessRoleQueue, WorkflowSubProcessPolicy, CustomerWorkflowRouting, Notification, SMS, Report, Dashboard, Analytics, AccountStatement, IncomeExpense, TriftReport, DisbursementReport, LoanAccountSummary, DepositAccountSummary, Counter, SystemDate, License, Configuration, TransactionPolicy, ProductTypeMapping, RateIndex, Identifier, Subfolder, Event, AutoReclassifyInformation, UploadFile, CleanupDB, TellerStat, DepositAccountApplication, IdentificationInformation, Portfolio, LoanCalculator, AML, GuarantorAudit, RelationshipOfficer, GLClosingPeriod","timestamp":"2026-02-24 12:13:27"}
{"level":"info","message":"📊 Model Statistics:","timestamp":"2026-02-24 12:13:27"}
{"level":"info","message":"   Total models loaded: 113","timestamp":"2026-02-24 12:13:27"}
{"level":"info","message":"   CUSTOMER: 5 models","timestamp":"2026-02-24 12:13:27"}
{"level":"info","message":"   LOAN: 4 models","timestamp":"2026-02-24 12:13:27"}
{"level":"info","message":"   DEPOSIT: 4 models","timestamp":"2026-02-24 12:13:27"}
{"level":"info","message":"   TRANSACTION: 3 models","timestamp":"2026-02-24 12:13:27"}
{"level":"info","message":"   USER: 2 models","timestamp":"2026-02-24 12:13:27"}
{"level":"info","message":"   SYSTEM: 4 models","timestamp":"2026-02-24 12:13:27"}
{"level":"info","message":"   ACCOUNTING: 2 models","timestamp":"2026-02-24 12:13:27"}
{"level":"info","message":"   AUDIT: 1 models","timestamp":"2026-02-24 12:13:27"}
{"level":"info","message":"   NOTIFICATION: 1 models","timestamp":"2026-02-24 12:13:27"}
{"level":"info","message":"   THRIFT: 3 models","timestamp":"2026-02-24 12:13:27"}
{"level":"info","message":"✅ Thrift model successfully loaded and available","timestamp":"2026-02-24 12:13:27"}
{"date":"Tue Feb 24 2026 14:18:11 GMT-0800 (Pacific Standard Time)","error":{},"level":"error","message":"unhandledRejection: clientIp is not defined\nReferenceError: clientIp is not defined\n    at validateLicenseFile (file:///F:/WORKON/CODE/PCO_BANKING/EVOLUTION%20BANKING%20BACKEND/src/controllers/LicenseController.js:1019:52)\n    at process.processTicksAndRejections (node:internal/process/task_queues:103:5)","os":{"loadavg":[0,0,0],"uptime":35861.687},"process":{"argv":["C:\\Program Files\\nodejs\\node.exe","F:\\WORKON\\CODE\\PCO_BANKING\\EVOLUTION BANKING BACKEND\\server"],"cwd":"F:\\WORKON\\CODE\\PCO_BANKING\\EVOLUTION BANKING BACKEND","execPath":"C:\\Program Files\\nodejs\\node.exe","gid":null,"memoryUsage":{"arrayBuffers":3474079,"external":7382047,"heapTotal":91295744,"heapUsed":82115144,"rss":95367168},"pid":25296,"uid":null,"version":"v24.13.0"},"rejection":true,"stack":"ReferenceError: clientIp is not defined\n    at validateLicenseFile (file:///F:/WORKON/CODE/PCO_BANKING/EVOLUTION%20BANKING%20BACKEND/src/controllers/LicenseController.js:1019:52)\n    at process.processTicksAndRejections (node:internal/process/task_queues:103:5)","timestamp":"2026-02-24 14:18:11","trace":[{"column":52,"file":"file:///F:/WORKON/CODE/PCO_BANKING/EVOLUTION%20BANKING%20BACKEND/src/controllers/LicenseController.js","function":"validateLicenseFile","line":1019,"method":null,"native":false},{"column":5,"file":"node:internal/process/task_queues","function":"process.processTicksAndRejections","line":103,"method":"processTicksAndRejections","native":false}]}
{"level":"info","message":"📅 Getting current business date...","timestamp":"2026-02-24 14:18:40"}
{"count":0,"level":"info","limit":10,"message":"Fetched organizations","page":1,"timestamp":"2026-02-24 14:18:40","totalCount":0}
{"count":0,"level":"info","limit":10,"message":"Fetched organizations","page":1,"timestamp":"2026-02-24 14:18:40","totalCount":0}
{"level":"info","message":"📅 Getting current business date...","timestamp":"2026-02-24 14:18:40"}
{"date":"Tue Feb 24 2026 15:08:02 GMT-0800 (Pacific Standard Time)","error":{},"level":"error","message":"unhandledRejection: clientIp is not defined\nReferenceError: clientIp is not defined\n    at validateLicenseFile (file:///F:/WORKON/CODE/PCO_BANKING/EVOLUTION%20BANKING%20BACKEND/src/controllers/LicenseController.js:1019:52)\n    at process.processTicksAndRejections (node:internal/process/task_queues:103:5)","os":{"loadavg":[0,0,0],"uptime":38852.64},"process":{"argv":["C:\\Program Files\\nodejs\\node.exe","F:\\WORKON\\CODE\\PCO_BANKING\\EVOLUTION BANKING BACKEND\\server"],"cwd":"F:\\WORKON\\CODE\\PCO_BANKING\\EVOLUTION BANKING BACKEND","execPath":"C:\\Program Files\\nodejs\\node.exe","gid":null,"memoryUsage":{"arrayBuffers":3482168,"external":7390176,"heapTotal":93917184,"heapUsed":78002136,"rss":35069952},"pid":25296,"uid":null,"version":"v24.13.0"},"rejection":true,"stack":"ReferenceError: clientIp is not defined\n    at validateLicenseFile (file:///F:/WORKON/CODE/PCO_BANKING/EVOLUTION%20BANKING%20BACKEND/src/controllers/LicenseController.js:1019:52)\n    at process.processTicksAndRejections (node:internal/process/task_queues:103:5)","timestamp":"2026-02-24 15:08:02","trace":[{"column":52,"file":"file:///F:/WORKON/CODE/PCO_BANKING/EVOLUTION%20BANKING%20BACKEND/src/controllers/LicenseController.js","function":"validateLicenseFile","line":1019,"method":null,"native":false},{"column":5,"file":"node:internal/process/task_queues","function":"process.processTicksAndRejections","line":103,"method":"processTicksAndRejections","native":false}]}
{"count":0,"level":"info","limit":10,"message":"Fetched organizations","page":1,"timestamp":"2026-02-24 15:08:27","totalCount":0}
{"level":"info","message":"📅 Getting current business date...","timestamp":"2026-02-24 15:08:27"}
{"count":0,"level":"info","limit":10,"message":"Fetched organizations","page":1,"timestamp":"2026-02-24 15:08:28","totalCount":0}
{"level":"info","message":"📅 Getting current business date...","timestamp":"2026-02-24 15:08:28"}
{"level":"info","message":"📅 Getting current business date...","timestamp":"2026-02-24 15:09:17"}
{"count":0,"level":"info","limit":10,"message":"Fetched organizations","page":1,"timestamp":"2026-02-24 15:09:17","totalCount":0}
{"level":"info","message":"📅 Getting current business date...","timestamp":"2026-02-24 15:09:17"}
{"count":0,"level":"info","limit":10,"message":"Fetched organizations","page":1,"timestamp":"2026-02-24 15:09:17","totalCount":0}
{"date":"Tue Feb 24 2026 15:29:13 GMT-0800 (Pacific Standard Time)","error":{},"level":"error","message":"unhandledRejection: clientIp is not defined\nReferenceError: clientIp is not defined\n    at validateLicenseFile (file:///F:/WORKON/CODE/PCO_BANKING/EVOLUTION%20BANKING%20BACKEND/src/controllers/LicenseController.js:1019:52)\n    at process.processTicksAndRejections (node:internal/process/task_queues:103:5)","os":{"loadavg":[0,0,0],"uptime":40124.109},"process":{"argv":["C:\\Program Files\\nodejs\\node.exe","F:\\WORKON\\CODE\\PCO_BANKING\\EVOLUTION BANKING BACKEND\\server"],"cwd":"F:\\WORKON\\CODE\\PCO_BANKING\\EVOLUTION BANKING BACKEND","execPath":"C:\\Program Files\\nodejs\\node.exe","gid":null,"memoryUsage":{"arrayBuffers":3532614,"external":7440622,"heapTotal":93655040,"heapUsed":82248736,"rss":38625280},"pid":25296,"uid":null,"version":"v24.13.0"},"rejection":true,"stack":"ReferenceError: clientIp is not defined\n    at validateLicenseFile (file:///F:/WORKON/CODE/PCO_BANKING/EVOLUTION%20BANKING%20BACKEND/src/controllers/LicenseController.js:1019:52)\n    at process.processTicksAndRejections (node:internal/process/task_queues:103:5)","timestamp":"2026-02-24 15:29:13","trace":[{"column":52,"file":"file:///F:/WORKON/CODE/PCO_BANKING/EVOLUTION%20BANKING%20BACKEND/src/controllers/LicenseController.js","function":"validateLicenseFile","line":1019,"method":null,"native":false},{"column":5,"file":"node:internal/process/task_queues","function":"process.processTicksAndRejections","line":103,"method":"processTicksAndRejections","native":false}]}
{"count":0,"level":"info","limit":10,"message":"Fetched organizations","page":1,"timestamp":"2026-02-24 15:29:39","totalCount":0}
{"level":"info","message":"📅 Getting current business date...","timestamp":"2026-02-24 15:29:39"}
{"count":0,"level":"info","limit":10,"message":"Fetched organizations","page":1,"timestamp":"2026-02-24 15:29:39","totalCount":0}
{"level":"info","message":"📅 Getting current business date...","timestamp":"2026-02-24 15:29:39"}
