{"level":"info","logDir":"logs","message":"🚀 Winston logger initialized","nodeVersion":"v24.13.0","platform":"win32","timestamp":"2026-02-14 00:15:58"}
{"errors":["Role 28: Permission undefined not found in REPORT","Role 28: Permission undefined not found in REPORT","Role 38: Permission undefined not found in VAULT"],"level":"warn","message":"Permission validation errors","timestamp":"2026-02-14 00:16:15"}
{"errors":["Role 28: Permission undefined not found in REPORT","Role 28: Permission undefined not found in REPORT","Role 38: Permission undefined not found in VAULT"],"level":"warn","message":"Permission validation errors","timestamp":"2026-02-14 00:16:16"}
{"level":"info","message":"Server time initialized (WAT): 2026-02-14T09:16:22.476Z","timestamp":"2026-02-14 00:16:22"}
{"error":"auditLogger.info(...).catch is not a function","level":"warn","message":"Could not log startup audit","timestamp":"2026-02-14 00:16:22"}
{"level":"info","message":"🔧 Auto-initializing models in development mode...","timestamp":"2026-02-14 00:16:23"}
{"level":"info","message":"🚀 Initializing model loader...","timestamp":"2026-02-14 00:16:23"}
{"level":"info","message":"✅ Models loaded via index.js","timestamp":"2026-02-14 00:16:23"}
{"level":"info","message":"✅ Loaded critical model User on demand","timestamp":"2026-02-14 00:16:23"}
{"level":"info","message":"✅ Loaded critical model Customer on demand","timestamp":"2026-02-14 00:16:23"}
{"level":"info","message":"✅ Loaded critical model CustomerAccount on demand","timestamp":"2026-02-14 00:16:23"}
{"level":"info","message":"✅ Loaded critical model LoanAccount on demand","timestamp":"2026-02-14 00:16:23"}
{"level":"info","message":"✅ Loaded critical model LoanRepayment on demand","timestamp":"2026-02-14 00:16:23"}
{"level":"info","message":"✅ Loaded critical model Deposit on demand","timestamp":"2026-02-14 00:16:23"}
{"level":"info","message":"✅ Loaded critical model Transaction on demand","timestamp":"2026-02-14 00:16:23"}
{"level":"info","message":"✅ Loaded critical model GLAccount on demand","timestamp":"2026-02-14 00:16:23"}
{"level":"info","message":"✅ Loaded critical model AuditTrail on demand","timestamp":"2026-02-14 00:16:23"}
{"level":"info","message":"✅ Model loader initialized successfully","timestamp":"2026-02-14 00:16:23"}
{"level":"info","message":"📊 Loaded models: sequelize, Op, DataTypes, QueryTypes, User, Customer, CustomerAccount, LoanAccount, LoanRepayment, Deposit, Transaction, GLAccount, AuditTrail","timestamp":"2026-02-14 00:16:23"}
{"level":"info","message":"📊 Model Statistics:","timestamp":"2026-02-14 00:16:23"}
{"level":"info","message":"   Total models loaded: 13","timestamp":"2026-02-14 00:16:23"}
{"level":"info","message":"   CUSTOMER: 2 models","timestamp":"2026-02-14 00:16:23"}
{"level":"info","message":"   LOAN: 2 models","timestamp":"2026-02-14 00:16:23"}
{"level":"info","message":"   DEPOSIT: 1 models","timestamp":"2026-02-14 00:16:23"}
{"level":"info","message":"   TRANSACTION: 1 models","timestamp":"2026-02-14 00:16:23"}
{"level":"info","message":"   USER: 1 models","timestamp":"2026-02-14 00:16:23"}
{"level":"info","message":"   ACCOUNTING: 1 models","timestamp":"2026-02-14 00:16:23"}
{"level":"info","message":"   AUDIT: 1 models","timestamp":"2026-02-14 00:16:23"}
{"level":"info","logDir":"logs","message":"🚀 Winston logger initialized","nodeVersion":"v24.13.0","platform":"win32","timestamp":"2026-02-14 00:15:58"}
{"errors":["Role 28: Permission undefined not found in REPORT","Role 28: Permission undefined not found in REPORT","Role 38: Permission undefined not found in VAULT"],"level":"warn","message":"Permission validation errors","timestamp":"2026-02-14 00:16:14"}
{"errors":["Role 28: Permission undefined not found in REPORT","Role 28: Permission undefined not found in REPORT","Role 38: Permission undefined not found in VAULT"],"level":"warn","message":"Permission validation errors","timestamp":"2026-02-14 00:16:16"}
{"level":"info","message":"Server time initialized (WAT): 2026-02-14T09:16:22.461Z","timestamp":"2026-02-14 00:16:22"}
{"error":"auditLogger.info(...).catch is not a function","level":"warn","message":"Could not log startup audit","timestamp":"2026-02-14 00:16:22"}
{"level":"info","message":"🔧 Auto-initializing models in development mode...","timestamp":"2026-02-14 00:16:23"}
{"level":"info","message":"🚀 Initializing model loader...","timestamp":"2026-02-14 00:16:23"}
{"level":"info","message":"✅ Models loaded via index.js","timestamp":"2026-02-14 00:16:23"}
{"level":"info","message":"✅ Loaded critical model User on demand","timestamp":"2026-02-14 00:16:23"}
{"level":"info","message":"✅ Loaded critical model Customer on demand","timestamp":"2026-02-14 00:16:23"}
{"level":"info","message":"✅ Loaded critical model CustomerAccount on demand","timestamp":"2026-02-14 00:16:23"}
{"level":"info","message":"✅ Loaded critical model LoanAccount on demand","timestamp":"2026-02-14 00:16:23"}
{"level":"info","message":"✅ Loaded critical model LoanRepayment on demand","timestamp":"2026-02-14 00:16:23"}
{"level":"info","message":"✅ Loaded critical model Deposit on demand","timestamp":"2026-02-14 00:16:23"}
{"level":"info","message":"✅ Loaded critical model Transaction on demand","timestamp":"2026-02-14 00:16:23"}
{"level":"info","message":"✅ Loaded critical model GLAccount on demand","timestamp":"2026-02-14 00:16:23"}
{"level":"info","message":"✅ Loaded critical model AuditTrail on demand","timestamp":"2026-02-14 00:16:23"}
{"level":"info","message":"✅ Model loader initialized successfully","timestamp":"2026-02-14 00:16:23"}
{"level":"info","message":"📊 Loaded models: sequelize, Op, DataTypes, QueryTypes, User, Customer, CustomerAccount, LoanAccount, LoanRepayment, Deposit, Transaction, GLAccount, AuditTrail","timestamp":"2026-02-14 00:16:23"}
{"level":"info","message":"📊 Model Statistics:","timestamp":"2026-02-14 00:16:23"}
{"level":"info","message":"   Total models loaded: 13","timestamp":"2026-02-14 00:16:23"}
{"level":"info","message":"   CUSTOMER: 2 models","timestamp":"2026-02-14 00:16:23"}
{"level":"info","message":"   LOAN: 2 models","timestamp":"2026-02-14 00:16:23"}
{"level":"info","message":"   DEPOSIT: 1 models","timestamp":"2026-02-14 00:16:23"}
{"level":"info","message":"   TRANSACTION: 1 models","timestamp":"2026-02-14 00:16:23"}
{"level":"info","message":"   USER: 1 models","timestamp":"2026-02-14 00:16:23"}
{"level":"info","message":"   ACCOUNTING: 1 models","timestamp":"2026-02-14 00:16:23"}
{"level":"info","message":"   AUDIT: 1 models","timestamp":"2026-02-14 00:16:23"}
{"level":"info","logDir":"logs","message":"🚀 Winston logger initialized","nodeVersion":"v24.13.0","platform":"win32","timestamp":"2026-02-14 00:15:58"}
{"errors":["Role 28: Permission undefined not found in REPORT","Role 28: Permission undefined not found in REPORT","Role 38: Permission undefined not found in VAULT"],"level":"warn","message":"Permission validation errors","timestamp":"2026-02-14 00:16:14"}
{"errors":["Role 28: Permission undefined not found in REPORT","Role 28: Permission undefined not found in REPORT","Role 38: Permission undefined not found in VAULT"],"level":"warn","message":"Permission validation errors","timestamp":"2026-02-14 00:16:16"}
{"level":"info","message":"Server time initialized (WAT): 2026-02-14T09:16:22.514Z","timestamp":"2026-02-14 00:16:22"}
{"error":"auditLogger.info(...).catch is not a function","level":"warn","message":"Could not log startup audit","timestamp":"2026-02-14 00:16:22"}
{"level":"info","message":"🔧 Auto-initializing models in development mode...","timestamp":"2026-02-14 00:16:23"}
{"level":"info","message":"🚀 Initializing model loader...","timestamp":"2026-02-14 00:16:23"}
{"level":"info","message":"✅ Models loaded via index.js","timestamp":"2026-02-14 00:16:23"}
{"level":"info","message":"✅ Loaded critical model User on demand","timestamp":"2026-02-14 00:16:23"}
{"level":"info","message":"✅ Loaded critical model Customer on demand","timestamp":"2026-02-14 00:16:23"}
{"level":"info","message":"✅ Loaded critical model CustomerAccount on demand","timestamp":"2026-02-14 00:16:23"}
{"level":"info","message":"✅ Loaded critical model LoanAccount on demand","timestamp":"2026-02-14 00:16:23"}
{"level":"info","message":"✅ Loaded critical model LoanRepayment on demand","timestamp":"2026-02-14 00:16:23"}
{"level":"info","message":"✅ Loaded critical model Deposit on demand","timestamp":"2026-02-14 00:16:23"}
{"level":"info","message":"✅ Loaded critical model Transaction on demand","timestamp":"2026-02-14 00:16:23"}
{"level":"info","message":"✅ Loaded critical model GLAccount on demand","timestamp":"2026-02-14 00:16:23"}
{"level":"info","message":"✅ Loaded critical model AuditTrail on demand","timestamp":"2026-02-14 00:16:23"}
{"level":"info","message":"✅ Model loader initialized successfully","timestamp":"2026-02-14 00:16:23"}
{"level":"info","message":"📊 Loaded models: sequelize, Op, DataTypes, QueryTypes, User, Customer, CustomerAccount, LoanAccount, LoanRepayment, Deposit, Transaction, GLAccount, AuditTrail","timestamp":"2026-02-14 00:16:23"}
{"level":"info","message":"📊 Model Statistics:","timestamp":"2026-02-14 00:16:23"}
{"level":"info","message":"   Total models loaded: 13","timestamp":"2026-02-14 00:16:23"}
{"level":"info","logDir":"logs","message":"🚀 Winston logger initialized","nodeVersion":"v24.13.0","platform":"win32","timestamp":"2026-02-14 00:15:58"}
{"level":"info","message":"   CUSTOMER: 2 models","timestamp":"2026-02-14 00:16:23"}
{"errors":["Role 28: Permission undefined not found in REPORT","Role 28: Permission undefined not found in REPORT","Role 38: Permission undefined not found in VAULT"],"level":"warn","message":"Permission validation errors","timestamp":"2026-02-14 00:16:15"}
{"level":"info","message":"   LOAN: 2 models","timestamp":"2026-02-14 00:16:23"}
{"errors":["Role 28: Permission undefined not found in REPORT","Role 28: Permission undefined not found in REPORT","Role 38: Permission undefined not found in VAULT"],"level":"warn","message":"Permission validation errors","timestamp":"2026-02-14 00:16:16"}
{"level":"info","message":"   DEPOSIT: 1 models","timestamp":"2026-02-14 00:16:23"}
{"level":"info","message":"Server time initialized (WAT): 2026-02-14T09:16:22.476Z","timestamp":"2026-02-14 00:16:22"}
{"level":"info","message":"   TRANSACTION: 1 models","timestamp":"2026-02-14 00:16:23"}
{"error":"auditLogger.info(...).catch is not a function","level":"warn","message":"Could not log startup audit","timestamp":"2026-02-14 00:16:22"}
{"level":"info","message":"   USER: 1 models","timestamp":"2026-02-14 00:16:23"}
{"level":"info","message":"🔧 Auto-initializing models in development mode...","timestamp":"2026-02-14 00:16:23"}
{"level":"info","message":"   ACCOUNTING: 1 models","timestamp":"2026-02-14 00:16:23"}
{"level":"info","message":"🚀 Initializing model loader...","timestamp":"2026-02-14 00:16:23"}
{"level":"info","message":"   AUDIT: 1 models","timestamp":"2026-02-14 00:16:23"}
{"level":"info","message":"✅ Models loaded via index.js","timestamp":"2026-02-14 00:16:23"}
{"level":"info","message":"✅ Loaded critical model User on demand","timestamp":"2026-02-14 00:16:23"}
{"level":"info","message":"✅ Loaded critical model Customer on demand","timestamp":"2026-02-14 00:16:23"}
{"level":"info","message":"✅ Loaded critical model CustomerAccount on demand","timestamp":"2026-02-14 00:16:23"}
{"level":"info","message":"✅ Loaded critical model LoanAccount on demand","timestamp":"2026-02-14 00:16:23"}
{"level":"info","message":"✅ Loaded critical model LoanRepayment on demand","timestamp":"2026-02-14 00:16:23"}
{"level":"info","message":"✅ Loaded critical model Deposit on demand","timestamp":"2026-02-14 00:16:23"}
{"level":"info","message":"✅ Loaded critical model Transaction on demand","timestamp":"2026-02-14 00:16:23"}
{"level":"info","message":"✅ Loaded critical model GLAccount on demand","timestamp":"2026-02-14 00:16:23"}
{"level":"info","message":"✅ Loaded critical model AuditTrail on demand","timestamp":"2026-02-14 00:16:23"}
{"level":"info","message":"✅ Model loader initialized successfully","timestamp":"2026-02-14 00:16:23"}
{"level":"info","message":"📊 Loaded models: sequelize, Op, DataTypes, QueryTypes, User, Customer, CustomerAccount, LoanAccount, LoanRepayment, Deposit, Transaction, GLAccount, AuditTrail","timestamp":"2026-02-14 00:16:23"}
{"level":"info","message":"📊 Model Statistics:","timestamp":"2026-02-14 00:16:23"}
{"level":"info","message":"   Total models loaded: 13","timestamp":"2026-02-14 00:16:23"}
{"level":"info","message":"   CUSTOMER: 2 models","timestamp":"2026-02-14 00:16:23"}
{"level":"info","message":"   LOAN: 2 models","timestamp":"2026-02-14 00:16:23"}
{"level":"info","message":"   DEPOSIT: 1 models","timestamp":"2026-02-14 00:16:23"}
{"level":"info","message":"   TRANSACTION: 1 models","timestamp":"2026-02-14 00:16:23"}
{"level":"info","message":"   USER: 1 models","timestamp":"2026-02-14 00:16:23"}
{"level":"info","message":"   ACCOUNTING: 1 models","timestamp":"2026-02-14 00:16:23"}
{"level":"info","message":"   AUDIT: 1 models","timestamp":"2026-02-14 00:16:23"}
{"level":"info","logDir":"logs","message":"🚀 Winston logger initialized","nodeVersion":"v24.13.0","platform":"win32","timestamp":"2026-02-14 00:17:00"}
{"errors":["Role 28: Permission undefined not found in REPORT","Role 28: Permission undefined not found in REPORT","Role 38: Permission undefined not found in VAULT"],"level":"warn","message":"Permission validation errors","timestamp":"2026-02-14 00:17:03"}
{"errors":["Role 28: Permission undefined not found in REPORT","Role 28: Permission undefined not found in REPORT","Role 38: Permission undefined not found in VAULT"],"level":"warn","message":"Permission validation errors","timestamp":"2026-02-14 00:17:04"}
{"level":"info","message":"Server time initialized (WAT): 2026-02-14T09:17:07.592Z","timestamp":"2026-02-14 00:17:07"}
{"error":"auditLogger.info(...).catch is not a function","level":"warn","message":"Could not log startup audit","timestamp":"2026-02-14 00:17:07"}
{"level":"info","message":"🔧 Auto-initializing models in development mode...","timestamp":"2026-02-14 00:17:08"}
{"level":"info","message":"🚀 Initializing model loader...","timestamp":"2026-02-14 00:17:08"}
{"level":"info","message":"✅ Models loaded via index.js","timestamp":"2026-02-14 00:17:08"}
{"level":"info","message":"✅ Loaded critical model User on demand","timestamp":"2026-02-14 00:17:08"}
{"level":"info","message":"✅ Loaded critical model Customer on demand","timestamp":"2026-02-14 00:17:08"}
{"level":"info","message":"✅ Loaded critical model CustomerAccount on demand","timestamp":"2026-02-14 00:17:08"}
{"level":"info","message":"✅ Loaded critical model LoanAccount on demand","timestamp":"2026-02-14 00:17:08"}
{"level":"info","message":"✅ Loaded critical model LoanRepayment on demand","timestamp":"2026-02-14 00:17:08"}
{"level":"info","message":"✅ Loaded critical model Deposit on demand","timestamp":"2026-02-14 00:17:08"}
{"level":"info","message":"✅ Loaded critical model Transaction on demand","timestamp":"2026-02-14 00:17:08"}
{"level":"info","message":"✅ Loaded critical model GLAccount on demand","timestamp":"2026-02-14 00:17:08"}
{"level":"info","message":"✅ Loaded critical model AuditTrail on demand","timestamp":"2026-02-14 00:17:08"}
{"level":"info","message":"✅ Model loader initialized successfully","timestamp":"2026-02-14 00:17:08"}
{"level":"info","message":"📊 Loaded models: sequelize, Op, DataTypes, QueryTypes, User, Customer, CustomerAccount, LoanAccount, LoanRepayment, Deposit, Transaction, GLAccount, AuditTrail","timestamp":"2026-02-14 00:17:08"}
{"level":"info","message":"📊 Model Statistics:","timestamp":"2026-02-14 00:17:08"}
{"level":"info","message":"   Total models loaded: 13","timestamp":"2026-02-14 00:17:08"}
{"level":"info","message":"   CUSTOMER: 2 models","timestamp":"2026-02-14 00:17:08"}
{"level":"info","message":"   LOAN: 2 models","timestamp":"2026-02-14 00:17:08"}
{"level":"info","message":"   DEPOSIT: 1 models","timestamp":"2026-02-14 00:17:08"}
{"level":"info","message":"   TRANSACTION: 1 models","timestamp":"2026-02-14 00:17:08"}
{"level":"info","message":"   USER: 1 models","timestamp":"2026-02-14 00:17:08"}
{"level":"info","message":"   ACCOUNTING: 1 models","timestamp":"2026-02-14 00:17:08"}
{"level":"info","message":"   AUDIT: 1 models","timestamp":"2026-02-14 00:17:08"}
{"level":"info","logDir":"logs","message":"🚀 Winston logger initialized","nodeVersion":"v24.13.0","platform":"win32","timestamp":"2026-02-14 00:17:00"}
{"errors":["Role 28: Permission undefined not found in REPORT","Role 28: Permission undefined not found in REPORT","Role 38: Permission undefined not found in VAULT"],"level":"warn","message":"Permission validation errors","timestamp":"2026-02-14 00:17:04"}
{"errors":["Role 28: Permission undefined not found in REPORT","Role 28: Permission undefined not found in REPORT","Role 38: Permission undefined not found in VAULT"],"level":"warn","message":"Permission validation errors","timestamp":"2026-02-14 00:17:04"}
{"level":"info","message":"Server time initialized (WAT): 2026-02-14T09:17:07.587Z","timestamp":"2026-02-14 00:17:07"}
{"error":"auditLogger.info(...).catch is not a function","level":"warn","message":"Could not log startup audit","timestamp":"2026-02-14 00:17:07"}
{"level":"info","message":"🔧 Auto-initializing models in development mode...","timestamp":"2026-02-14 00:17:08"}
{"level":"info","message":"🚀 Initializing model loader...","timestamp":"2026-02-14 00:17:08"}
{"level":"info","message":"✅ Models loaded via index.js","timestamp":"2026-02-14 00:17:08"}
{"level":"info","message":"✅ Loaded critical model User on demand","timestamp":"2026-02-14 00:17:08"}
{"level":"info","message":"✅ Loaded critical model Customer on demand","timestamp":"2026-02-14 00:17:08"}
{"level":"info","message":"✅ Loaded critical model CustomerAccount on demand","timestamp":"2026-02-14 00:17:08"}
{"level":"info","message":"✅ Loaded critical model LoanAccount on demand","timestamp":"2026-02-14 00:17:08"}
{"level":"info","message":"✅ Loaded critical model LoanRepayment on demand","timestamp":"2026-02-14 00:17:08"}
{"level":"info","message":"✅ Loaded critical model Deposit on demand","timestamp":"2026-02-14 00:17:08"}
{"level":"info","message":"✅ Loaded critical model Transaction on demand","timestamp":"2026-02-14 00:17:08"}
{"level":"info","message":"✅ Loaded critical model GLAccount on demand","timestamp":"2026-02-14 00:17:08"}
{"level":"info","message":"✅ Loaded critical model AuditTrail on demand","timestamp":"2026-02-14 00:17:08"}
{"level":"info","message":"✅ Model loader initialized successfully","timestamp":"2026-02-14 00:17:08"}
{"level":"info","message":"📊 Loaded models: sequelize, Op, DataTypes, QueryTypes, User, Customer, CustomerAccount, LoanAccount, LoanRepayment, Deposit, Transaction, GLAccount, AuditTrail","timestamp":"2026-02-14 00:17:08"}
{"level":"info","message":"📊 Model Statistics:","timestamp":"2026-02-14 00:17:08"}
{"level":"info","message":"   Total models loaded: 13","timestamp":"2026-02-14 00:17:08"}
{"level":"info","message":"   CUSTOMER: 2 models","timestamp":"2026-02-14 00:17:08"}
{"level":"info","message":"   LOAN: 2 models","timestamp":"2026-02-14 00:17:08"}
{"level":"info","message":"   DEPOSIT: 1 models","timestamp":"2026-02-14 00:17:08"}
{"level":"info","message":"   TRANSACTION: 1 models","timestamp":"2026-02-14 00:17:08"}
{"level":"info","message":"   USER: 1 models","timestamp":"2026-02-14 00:17:08"}
{"level":"info","message":"   ACCOUNTING: 1 models","timestamp":"2026-02-14 00:17:08"}
{"level":"info","message":"   AUDIT: 1 models","timestamp":"2026-02-14 00:17:08"}
{"level":"info","logDir":"logs","message":"🚀 Winston logger initialized","nodeVersion":"v24.13.0","platform":"win32","timestamp":"2026-02-14 00:17:00"}
{"errors":["Role 28: Permission undefined not found in REPORT","Role 28: Permission undefined not found in REPORT","Role 38: Permission undefined not found in VAULT"],"level":"warn","message":"Permission validation errors","timestamp":"2026-02-14 00:17:04"}
{"errors":["Role 28: Permission undefined not found in REPORT","Role 28: Permission undefined not found in REPORT","Role 38: Permission undefined not found in VAULT"],"level":"warn","message":"Permission validation errors","timestamp":"2026-02-14 00:17:04"}
{"level":"info","message":"Server time initialized (WAT): 2026-02-14T09:17:07.572Z","timestamp":"2026-02-14 00:17:07"}
{"error":"auditLogger.info(...).catch is not a function","level":"warn","message":"Could not log startup audit","timestamp":"2026-02-14 00:17:07"}
{"level":"info","message":"🔧 Auto-initializing models in development mode...","timestamp":"2026-02-14 00:17:08"}
{"level":"info","message":"🚀 Initializing model loader...","timestamp":"2026-02-14 00:17:08"}
{"level":"info","message":"✅ Models loaded via index.js","timestamp":"2026-02-14 00:17:08"}
{"level":"info","message":"✅ Loaded critical model User on demand","timestamp":"2026-02-14 00:17:08"}
{"level":"info","message":"✅ Loaded critical model Customer on demand","timestamp":"2026-02-14 00:17:08"}
{"level":"info","message":"✅ Loaded critical model CustomerAccount on demand","timestamp":"2026-02-14 00:17:08"}
{"level":"info","message":"✅ Loaded critical model LoanAccount on demand","timestamp":"2026-02-14 00:17:08"}
{"level":"info","message":"✅ Loaded critical model LoanRepayment on demand","timestamp":"2026-02-14 00:17:08"}
{"level":"info","message":"✅ Loaded critical model Deposit on demand","timestamp":"2026-02-14 00:17:08"}
{"level":"info","message":"✅ Loaded critical model Transaction on demand","timestamp":"2026-02-14 00:17:08"}
{"level":"info","message":"✅ Loaded critical model GLAccount on demand","timestamp":"2026-02-14 00:17:08"}
{"level":"info","message":"✅ Loaded critical model AuditTrail on demand","timestamp":"2026-02-14 00:17:08"}
{"level":"info","message":"✅ Model loader initialized successfully","timestamp":"2026-02-14 00:17:08"}
{"level":"info","message":"📊 Loaded models: sequelize, Op, DataTypes, QueryTypes, User, Customer, CustomerAccount, LoanAccount, LoanRepayment, Deposit, Transaction, GLAccount, AuditTrail","timestamp":"2026-02-14 00:17:08"}
{"level":"info","message":"📊 Model Statistics:","timestamp":"2026-02-14 00:17:08"}
{"level":"info","message":"   Total models loaded: 13","timestamp":"2026-02-14 00:17:08"}
{"level":"info","message":"   CUSTOMER: 2 models","timestamp":"2026-02-14 00:17:08"}
{"level":"info","message":"   LOAN: 2 models","timestamp":"2026-02-14 00:17:08"}
{"level":"info","message":"   DEPOSIT: 1 models","timestamp":"2026-02-14 00:17:08"}
{"level":"info","message":"   TRANSACTION: 1 models","timestamp":"2026-02-14 00:17:08"}
{"level":"info","message":"   USER: 1 models","timestamp":"2026-02-14 00:17:08"}
{"level":"info","message":"   ACCOUNTING: 1 models","timestamp":"2026-02-14 00:17:08"}
{"level":"info","message":"   AUDIT: 1 models","timestamp":"2026-02-14 00:17:08"}
{"level":"info","logDir":"logs","message":"🚀 Winston logger initialized","nodeVersion":"v24.13.0","platform":"win32","timestamp":"2026-02-14 00:17:00"}
{"errors":["Role 28: Permission undefined not found in REPORT","Role 28: Permission undefined not found in REPORT","Role 38: Permission undefined not found in VAULT"],"level":"warn","message":"Permission validation errors","timestamp":"2026-02-14 00:17:03"}
{"errors":["Role 28: Permission undefined not found in REPORT","Role 28: Permission undefined not found in REPORT","Role 38: Permission undefined not found in VAULT"],"level":"warn","message":"Permission validation errors","timestamp":"2026-02-14 00:17:04"}
{"level":"info","message":"Server time initialized (WAT): 2026-02-14T09:17:07.573Z","timestamp":"2026-02-14 00:17:07"}
{"error":"auditLogger.info(...).catch is not a function","level":"warn","message":"Could not log startup audit","timestamp":"2026-02-14 00:17:07"}
{"level":"info","message":"🔧 Auto-initializing models in development mode...","timestamp":"2026-02-14 00:17:08"}
{"level":"info","message":"🚀 Initializing model loader...","timestamp":"2026-02-14 00:17:08"}
{"level":"info","message":"✅ Models loaded via index.js","timestamp":"2026-02-14 00:17:08"}
{"level":"info","message":"✅ Loaded critical model User on demand","timestamp":"2026-02-14 00:17:08"}
{"level":"info","message":"✅ Loaded critical model Customer on demand","timestamp":"2026-02-14 00:17:08"}
{"level":"info","message":"✅ Loaded critical model CustomerAccount on demand","timestamp":"2026-02-14 00:17:08"}
{"level":"info","message":"✅ Loaded critical model LoanAccount on demand","timestamp":"2026-02-14 00:17:08"}
{"level":"info","message":"✅ Loaded critical model LoanRepayment on demand","timestamp":"2026-02-14 00:17:08"}
{"level":"info","message":"✅ Loaded critical model Deposit on demand","timestamp":"2026-02-14 00:17:08"}
{"level":"info","message":"✅ Loaded critical model Transaction on demand","timestamp":"2026-02-14 00:17:08"}
{"level":"info","message":"✅ Loaded critical model GLAccount on demand","timestamp":"2026-02-14 00:17:08"}
{"level":"info","message":"✅ Loaded critical model AuditTrail on demand","timestamp":"2026-02-14 00:17:08"}
{"level":"info","message":"✅ Model loader initialized successfully","timestamp":"2026-02-14 00:17:08"}
{"level":"info","message":"📊 Loaded models: sequelize, Op, DataTypes, QueryTypes, User, Customer, CustomerAccount, LoanAccount, LoanRepayment, Deposit, Transaction, GLAccount, AuditTrail","timestamp":"2026-02-14 00:17:08"}
{"level":"info","message":"📊 Model Statistics:","timestamp":"2026-02-14 00:17:08"}
{"level":"info","message":"   Total models loaded: 13","timestamp":"2026-02-14 00:17:08"}
{"level":"info","message":"   CUSTOMER: 2 models","timestamp":"2026-02-14 00:17:08"}
{"level":"info","message":"   LOAN: 2 models","timestamp":"2026-02-14 00:17:08"}
{"level":"info","message":"   DEPOSIT: 1 models","timestamp":"2026-02-14 00:17:08"}
{"level":"info","message":"   TRANSACTION: 1 models","timestamp":"2026-02-14 00:17:08"}
{"level":"info","message":"   USER: 1 models","timestamp":"2026-02-14 00:17:08"}
{"level":"info","message":"   ACCOUNTING: 1 models","timestamp":"2026-02-14 00:17:08"}
{"level":"info","message":"   AUDIT: 1 models","timestamp":"2026-02-14 00:17:08"}
{"level":"info","logDir":"logs","message":"🚀 Winston logger initialized","nodeVersion":"v24.13.0","platform":"win32","timestamp":"2026-02-14 00:17:44"}
{"errors":["Role 28: Permission undefined not found in REPORT","Role 28: Permission undefined not found in REPORT","Role 38: Permission undefined not found in VAULT"],"level":"warn","message":"Permission validation errors","timestamp":"2026-02-14 00:17:45"}
{"errors":["Role 28: Permission undefined not found in REPORT","Role 28: Permission undefined not found in REPORT","Role 38: Permission undefined not found in VAULT"],"level":"warn","message":"Permission validation errors","timestamp":"2026-02-14 00:17:46"}
{"level":"info","message":"Server time initialized (WAT): 2026-02-14T09:17:47.797Z","timestamp":"2026-02-14 00:17:47"}
{"error":"auditLogger.info(...).catch is not a function","level":"warn","message":"Could not log startup audit","timestamp":"2026-02-14 00:17:47"}
{"level":"info","message":"🔧 Auto-initializing models in development mode...","timestamp":"2026-02-14 00:17:48"}
{"level":"info","message":"🚀 Initializing model loader...","timestamp":"2026-02-14 00:17:48"}
{"level":"info","message":"✅ Models loaded via index.js","timestamp":"2026-02-14 00:17:48"}
{"level":"info","message":"✅ Loaded critical model User on demand","timestamp":"2026-02-14 00:17:48"}
{"level":"info","message":"✅ Loaded critical model Customer on demand","timestamp":"2026-02-14 00:17:48"}
{"level":"info","message":"✅ Loaded critical model CustomerAccount on demand","timestamp":"2026-02-14 00:17:48"}
{"level":"info","message":"✅ Loaded critical model LoanAccount on demand","timestamp":"2026-02-14 00:17:48"}
{"level":"info","message":"✅ Loaded critical model LoanRepayment on demand","timestamp":"2026-02-14 00:17:48"}
{"level":"info","message":"✅ Loaded critical model Deposit on demand","timestamp":"2026-02-14 00:17:48"}
{"level":"info","message":"✅ Loaded critical model Transaction on demand","timestamp":"2026-02-14 00:17:48"}
{"level":"info","message":"✅ Loaded critical model GLAccount on demand","timestamp":"2026-02-14 00:17:48"}
{"level":"info","message":"✅ Loaded critical model AuditTrail on demand","timestamp":"2026-02-14 00:17:48"}
{"level":"info","message":"✅ Model loader initialized successfully","timestamp":"2026-02-14 00:17:48"}
{"level":"info","message":"📊 Loaded models: sequelize, Op, DataTypes, QueryTypes, User, Customer, CustomerAccount, LoanAccount, LoanRepayment, Deposit, Transaction, GLAccount, AuditTrail","timestamp":"2026-02-14 00:17:48"}
{"level":"info","message":"📊 Model Statistics:","timestamp":"2026-02-14 00:17:48"}
{"level":"info","message":"   Total models loaded: 13","timestamp":"2026-02-14 00:17:48"}
{"level":"info","message":"   CUSTOMER: 2 models","timestamp":"2026-02-14 00:17:48"}
{"level":"info","message":"   LOAN: 2 models","timestamp":"2026-02-14 00:17:48"}
{"level":"info","message":"   DEPOSIT: 1 models","timestamp":"2026-02-14 00:17:48"}
{"level":"info","message":"   TRANSACTION: 1 models","timestamp":"2026-02-14 00:17:48"}
{"level":"info","message":"   USER: 1 models","timestamp":"2026-02-14 00:17:48"}
{"level":"info","message":"   ACCOUNTING: 1 models","timestamp":"2026-02-14 00:17:48"}
{"level":"info","message":"   AUDIT: 1 models","timestamp":"2026-02-14 00:17:48"}
{"level":"info","logDir":"logs","message":"🚀 Winston logger initialized","nodeVersion":"v24.13.0","platform":"win32","timestamp":"2026-02-14 00:17:44"}
{"errors":["Role 28: Permission undefined not found in REPORT","Role 28: Permission undefined not found in REPORT","Role 38: Permission undefined not found in VAULT"],"level":"warn","message":"Permission validation errors","timestamp":"2026-02-14 00:17:45"}
{"errors":["Role 28: Permission undefined not found in REPORT","Role 28: Permission undefined not found in REPORT","Role 38: Permission undefined not found in VAULT"],"level":"warn","message":"Permission validation errors","timestamp":"2026-02-14 00:17:46"}
{"level":"info","message":"Server time initialized (WAT): 2026-02-14T09:17:47.930Z","timestamp":"2026-02-14 00:17:47"}
{"error":"auditLogger.info(...).catch is not a function","level":"warn","message":"Could not log startup audit","timestamp":"2026-02-14 00:17:47"}
{"level":"info","message":"🔧 Auto-initializing models in development mode...","timestamp":"2026-02-14 00:17:48"}
{"level":"info","message":"🚀 Initializing model loader...","timestamp":"2026-02-14 00:17:48"}
{"level":"info","message":"✅ Models loaded via index.js","timestamp":"2026-02-14 00:17:48"}
{"level":"info","message":"✅ Loaded critical model User on demand","timestamp":"2026-02-14 00:17:48"}
{"level":"info","message":"✅ Loaded critical model Customer on demand","timestamp":"2026-02-14 00:17:48"}
{"level":"info","message":"✅ Loaded critical model CustomerAccount on demand","timestamp":"2026-02-14 00:17:48"}
{"level":"info","message":"✅ Loaded critical model LoanAccount on demand","timestamp":"2026-02-14 00:17:48"}
{"level":"info","message":"✅ Loaded critical model LoanRepayment on demand","timestamp":"2026-02-14 00:17:48"}
{"level":"info","message":"✅ Loaded critical model Deposit on demand","timestamp":"2026-02-14 00:17:48"}
{"level":"info","message":"✅ Loaded critical model Transaction on demand","timestamp":"2026-02-14 00:17:48"}
{"level":"info","message":"✅ Loaded critical model GLAccount on demand","timestamp":"2026-02-14 00:17:48"}
{"level":"info","message":"✅ Loaded critical model AuditTrail on demand","timestamp":"2026-02-14 00:17:48"}
{"level":"info","message":"✅ Model loader initialized successfully","timestamp":"2026-02-14 00:17:48"}
{"level":"info","message":"📊 Loaded models: sequelize, Op, DataTypes, QueryTypes, User, Customer, CustomerAccount, LoanAccount, LoanRepayment, Deposit, Transaction, GLAccount, AuditTrail","timestamp":"2026-02-14 00:17:48"}
{"level":"info","message":"📊 Model Statistics:","timestamp":"2026-02-14 00:17:48"}
{"level":"info","message":"   Total models loaded: 13","timestamp":"2026-02-14 00:17:48"}
{"level":"info","message":"   CUSTOMER: 2 models","timestamp":"2026-02-14 00:17:48"}
{"level":"info","message":"   LOAN: 2 models","timestamp":"2026-02-14 00:17:48"}
{"level":"info","message":"   DEPOSIT: 1 models","timestamp":"2026-02-14 00:17:48"}
{"level":"info","message":"   TRANSACTION: 1 models","timestamp":"2026-02-14 00:17:48"}
{"level":"info","message":"   USER: 1 models","timestamp":"2026-02-14 00:17:48"}
{"level":"info","message":"   ACCOUNTING: 1 models","timestamp":"2026-02-14 00:17:48"}
{"level":"info","message":"   AUDIT: 1 models","timestamp":"2026-02-14 00:17:48"}
{"level":"info","logDir":"logs","message":"🚀 Winston logger initialized","nodeVersion":"v24.13.0","platform":"win32","timestamp":"2026-02-14 00:17:44"}
{"errors":["Role 28: Permission undefined not found in REPORT","Role 28: Permission undefined not found in REPORT","Role 38: Permission undefined not found in VAULT"],"level":"warn","message":"Permission validation errors","timestamp":"2026-02-14 00:17:45"}
{"errors":["Role 28: Permission undefined not found in REPORT","Role 28: Permission undefined not found in REPORT","Role 38: Permission undefined not found in VAULT"],"level":"warn","message":"Permission validation errors","timestamp":"2026-02-14 00:17:46"}
{"level":"info","message":"Server time initialized (WAT): 2026-02-14T09:17:47.912Z","timestamp":"2026-02-14 00:17:47"}
{"error":"auditLogger.info(...).catch is not a function","level":"warn","message":"Could not log startup audit","timestamp":"2026-02-14 00:17:47"}
{"level":"info","message":"🔧 Auto-initializing models in development mode...","timestamp":"2026-02-14 00:17:48"}
{"level":"info","message":"🚀 Initializing model loader...","timestamp":"2026-02-14 00:17:48"}
{"level":"info","message":"✅ Models loaded via index.js","timestamp":"2026-02-14 00:17:48"}
{"level":"info","message":"✅ Loaded critical model User on demand","timestamp":"2026-02-14 00:17:48"}
{"level":"info","message":"✅ Loaded critical model Customer on demand","timestamp":"2026-02-14 00:17:48"}
{"level":"info","message":"✅ Loaded critical model CustomerAccount on demand","timestamp":"2026-02-14 00:17:48"}
{"level":"info","message":"✅ Loaded critical model LoanAccount on demand","timestamp":"2026-02-14 00:17:48"}
{"level":"info","message":"✅ Loaded critical model LoanRepayment on demand","timestamp":"2026-02-14 00:17:48"}
{"level":"info","message":"✅ Loaded critical model Deposit on demand","timestamp":"2026-02-14 00:17:48"}
{"level":"info","message":"✅ Loaded critical model Transaction on demand","timestamp":"2026-02-14 00:17:48"}
{"level":"info","message":"✅ Loaded critical model GLAccount on demand","timestamp":"2026-02-14 00:17:48"}
{"level":"info","message":"✅ Loaded critical model AuditTrail on demand","timestamp":"2026-02-14 00:17:48"}
{"level":"info","message":"✅ Model loader initialized successfully","timestamp":"2026-02-14 00:17:48"}
{"level":"info","message":"📊 Loaded models: sequelize, Op, DataTypes, QueryTypes, User, Customer, CustomerAccount, LoanAccount, LoanRepayment, Deposit, Transaction, GLAccount, AuditTrail","timestamp":"2026-02-14 00:17:48"}
{"level":"info","message":"📊 Model Statistics:","timestamp":"2026-02-14 00:17:48"}
{"level":"info","message":"   Total models loaded: 13","timestamp":"2026-02-14 00:17:48"}
{"level":"info","message":"   CUSTOMER: 2 models","timestamp":"2026-02-14 00:17:48"}
{"level":"info","message":"   LOAN: 2 models","timestamp":"2026-02-14 00:17:48"}
{"level":"info","message":"   DEPOSIT: 1 models","timestamp":"2026-02-14 00:17:48"}
{"level":"info","message":"   TRANSACTION: 1 models","timestamp":"2026-02-14 00:17:48"}
{"level":"info","message":"   USER: 1 models","timestamp":"2026-02-14 00:17:48"}
{"level":"info","message":"   ACCOUNTING: 1 models","timestamp":"2026-02-14 00:17:48"}
{"level":"info","message":"   AUDIT: 1 models","timestamp":"2026-02-14 00:17:48"}
{"level":"info","logDir":"logs","message":"🚀 Winston logger initialized","nodeVersion":"v24.13.0","platform":"win32","timestamp":"2026-02-14 00:17:44"}
{"errors":["Role 28: Permission undefined not found in REPORT","Role 28: Permission undefined not found in REPORT","Role 38: Permission undefined not found in VAULT"],"level":"warn","message":"Permission validation errors","timestamp":"2026-02-14 00:17:45"}
{"errors":["Role 28: Permission undefined not found in REPORT","Role 28: Permission undefined not found in REPORT","Role 38: Permission undefined not found in VAULT"],"level":"warn","message":"Permission validation errors","timestamp":"2026-02-14 00:17:46"}
{"level":"info","message":"Server time initialized (WAT): 2026-02-14T09:17:47.900Z","timestamp":"2026-02-14 00:17:47"}
{"error":"auditLogger.info(...).catch is not a function","level":"warn","message":"Could not log startup audit","timestamp":"2026-02-14 00:17:47"}
{"level":"info","message":"🔧 Auto-initializing models in development mode...","timestamp":"2026-02-14 00:17:48"}
{"level":"info","message":"🚀 Initializing model loader...","timestamp":"2026-02-14 00:17:48"}
{"level":"info","message":"✅ Models loaded via index.js","timestamp":"2026-02-14 00:17:48"}
{"level":"info","message":"✅ Loaded critical model User on demand","timestamp":"2026-02-14 00:17:48"}
{"level":"info","message":"✅ Loaded critical model Customer on demand","timestamp":"2026-02-14 00:17:48"}
{"level":"info","message":"✅ Loaded critical model CustomerAccount on demand","timestamp":"2026-02-14 00:17:48"}
{"level":"info","message":"✅ Loaded critical model LoanAccount on demand","timestamp":"2026-02-14 00:17:48"}
{"level":"info","message":"✅ Loaded critical model LoanRepayment on demand","timestamp":"2026-02-14 00:17:48"}
{"level":"info","message":"✅ Loaded critical model Deposit on demand","timestamp":"2026-02-14 00:17:48"}
{"level":"info","message":"✅ Loaded critical model Transaction on demand","timestamp":"2026-02-14 00:17:48"}
{"level":"info","message":"✅ Loaded critical model GLAccount on demand","timestamp":"2026-02-14 00:17:48"}
{"level":"info","message":"✅ Loaded critical model AuditTrail on demand","timestamp":"2026-02-14 00:17:48"}
{"level":"info","message":"✅ Model loader initialized successfully","timestamp":"2026-02-14 00:17:48"}
{"level":"info","message":"📊 Loaded models: sequelize, Op, DataTypes, QueryTypes, User, Customer, CustomerAccount, LoanAccount, LoanRepayment, Deposit, Transaction, GLAccount, AuditTrail","timestamp":"2026-02-14 00:17:48"}
{"level":"info","message":"📊 Model Statistics:","timestamp":"2026-02-14 00:17:48"}
{"level":"info","message":"   Total models loaded: 13","timestamp":"2026-02-14 00:17:48"}
{"level":"info","message":"   CUSTOMER: 2 models","timestamp":"2026-02-14 00:17:48"}
{"level":"info","message":"   LOAN: 2 models","timestamp":"2026-02-14 00:17:48"}
{"level":"info","message":"   DEPOSIT: 1 models","timestamp":"2026-02-14 00:17:48"}
{"level":"info","message":"   TRANSACTION: 1 models","timestamp":"2026-02-14 00:17:48"}
{"level":"info","message":"   USER: 1 models","timestamp":"2026-02-14 00:17:48"}
{"level":"info","message":"   ACCOUNTING: 1 models","timestamp":"2026-02-14 00:17:48"}
{"level":"info","message":"   AUDIT: 1 models","timestamp":"2026-02-14 00:17:48"}
{"level":"info","logDir":"logs","message":"🚀 Winston logger initialized","nodeVersion":"v24.13.0","platform":"win32","timestamp":"2026-02-14 00:18:26"}
{"errors":["Role 28: Permission undefined not found in REPORT","Role 28: Permission undefined not found in REPORT","Role 38: Permission undefined not found in VAULT"],"level":"warn","message":"Permission validation errors","timestamp":"2026-02-14 00:18:27"}
{"errors":["Role 28: Permission undefined not found in REPORT","Role 28: Permission undefined not found in REPORT","Role 38: Permission undefined not found in VAULT"],"level":"warn","message":"Permission validation errors","timestamp":"2026-02-14 00:18:28"}
{"level":"info","message":"Server time initialized (WAT): 2026-02-14T09:18:30.333Z","timestamp":"2026-02-14 00:18:30"}
{"error":"auditLogger.info(...).catch is not a function","level":"warn","message":"Could not log startup audit","timestamp":"2026-02-14 00:18:30"}
{"level":"info","message":"🔧 Auto-initializing models in development mode...","timestamp":"2026-02-14 00:18:30"}
{"level":"info","message":"🚀 Initializing model loader...","timestamp":"2026-02-14 00:18:30"}
{"level":"info","message":"✅ Models loaded via index.js","timestamp":"2026-02-14 00:18:30"}
{"level":"info","message":"✅ Loaded critical model User on demand","timestamp":"2026-02-14 00:18:30"}
{"level":"info","message":"✅ Loaded critical model Customer on demand","timestamp":"2026-02-14 00:18:30"}
{"level":"info","message":"✅ Loaded critical model CustomerAccount on demand","timestamp":"2026-02-14 00:18:30"}
{"level":"info","message":"✅ Loaded critical model LoanAccount on demand","timestamp":"2026-02-14 00:18:30"}
{"level":"info","message":"✅ Loaded critical model LoanRepayment on demand","timestamp":"2026-02-14 00:18:30"}
{"level":"info","message":"✅ Loaded critical model Deposit on demand","timestamp":"2026-02-14 00:18:30"}
{"level":"info","message":"✅ Loaded critical model Transaction on demand","timestamp":"2026-02-14 00:18:30"}
{"level":"info","message":"✅ Loaded critical model GLAccount on demand","timestamp":"2026-02-14 00:18:30"}
{"level":"info","message":"✅ Loaded critical model AuditTrail on demand","timestamp":"2026-02-14 00:18:30"}
{"level":"info","message":"✅ Model loader initialized successfully","timestamp":"2026-02-14 00:18:30"}
{"level":"info","message":"📊 Loaded models: sequelize, Op, DataTypes, QueryTypes, User, Customer, CustomerAccount, LoanAccount, LoanRepayment, Deposit, Transaction, GLAccount, AuditTrail","timestamp":"2026-02-14 00:18:30"}
{"level":"info","message":"📊 Model Statistics:","timestamp":"2026-02-14 00:18:30"}
{"level":"info","message":"   Total models loaded: 13","timestamp":"2026-02-14 00:18:30"}
{"level":"info","message":"   CUSTOMER: 2 models","timestamp":"2026-02-14 00:18:30"}
{"level":"info","message":"   LOAN: 2 models","timestamp":"2026-02-14 00:18:30"}
{"level":"info","message":"   DEPOSIT: 1 models","timestamp":"2026-02-14 00:18:30"}
{"level":"info","message":"   TRANSACTION: 1 models","timestamp":"2026-02-14 00:18:30"}
{"level":"info","message":"   USER: 1 models","timestamp":"2026-02-14 00:18:30"}
{"level":"info","message":"   ACCOUNTING: 1 models","timestamp":"2026-02-14 00:18:30"}
{"level":"info","message":"   AUDIT: 1 models","timestamp":"2026-02-14 00:18:30"}
{"level":"info","logDir":"logs","message":"🚀 Winston logger initialized","nodeVersion":"v24.13.0","platform":"win32","timestamp":"2026-02-14 00:18:26"}
{"errors":["Role 28: Permission undefined not found in REPORT","Role 28: Permission undefined not found in REPORT","Role 38: Permission undefined not found in VAULT"],"level":"warn","message":"Permission validation errors","timestamp":"2026-02-14 00:18:27"}
{"errors":["Role 28: Permission undefined not found in REPORT","Role 28: Permission undefined not found in REPORT","Role 38: Permission undefined not found in VAULT"],"level":"warn","message":"Permission validation errors","timestamp":"2026-02-14 00:18:28"}
{"level":"info","message":"Server time initialized (WAT): 2026-02-14T09:18:30.404Z","timestamp":"2026-02-14 00:18:30"}
{"error":"auditLogger.info(...).catch is not a function","level":"warn","message":"Could not log startup audit","timestamp":"2026-02-14 00:18:30"}
{"level":"info","message":"🔧 Auto-initializing models in development mode...","timestamp":"2026-02-14 00:18:30"}
{"level":"info","message":"🚀 Initializing model loader...","timestamp":"2026-02-14 00:18:30"}
{"level":"info","message":"✅ Models loaded via index.js","timestamp":"2026-02-14 00:18:30"}
{"level":"info","message":"✅ Loaded critical model User on demand","timestamp":"2026-02-14 00:18:30"}
{"level":"info","message":"✅ Loaded critical model Customer on demand","timestamp":"2026-02-14 00:18:30"}
{"level":"info","message":"✅ Loaded critical model CustomerAccount on demand","timestamp":"2026-02-14 00:18:30"}
{"level":"info","message":"✅ Loaded critical model LoanAccount on demand","timestamp":"2026-02-14 00:18:30"}
{"level":"info","message":"✅ Loaded critical model LoanRepayment on demand","timestamp":"2026-02-14 00:18:30"}
{"level":"info","message":"✅ Loaded critical model Deposit on demand","timestamp":"2026-02-14 00:18:30"}
{"level":"info","message":"✅ Loaded critical model Transaction on demand","timestamp":"2026-02-14 00:18:30"}
{"level":"info","message":"✅ Loaded critical model GLAccount on demand","timestamp":"2026-02-14 00:18:30"}
{"level":"info","message":"✅ Loaded critical model AuditTrail on demand","timestamp":"2026-02-14 00:18:30"}
{"level":"info","message":"✅ Model loader initialized successfully","timestamp":"2026-02-14 00:18:30"}
{"level":"info","message":"📊 Loaded models: sequelize, Op, DataTypes, QueryTypes, User, Customer, CustomerAccount, LoanAccount, LoanRepayment, Deposit, Transaction, GLAccount, AuditTrail","timestamp":"2026-02-14 00:18:30"}
{"level":"info","message":"📊 Model Statistics:","timestamp":"2026-02-14 00:18:30"}
{"level":"info","message":"   Total models loaded: 13","timestamp":"2026-02-14 00:18:30"}
{"level":"info","message":"   CUSTOMER: 2 models","timestamp":"2026-02-14 00:18:30"}
{"level":"info","message":"   LOAN: 2 models","timestamp":"2026-02-14 00:18:30"}
{"level":"info","message":"   DEPOSIT: 1 models","timestamp":"2026-02-14 00:18:30"}
{"level":"info","message":"   TRANSACTION: 1 models","timestamp":"2026-02-14 00:18:30"}
{"level":"info","message":"   USER: 1 models","timestamp":"2026-02-14 00:18:30"}
{"level":"info","message":"   ACCOUNTING: 1 models","timestamp":"2026-02-14 00:18:30"}
{"level":"info","message":"   AUDIT: 1 models","timestamp":"2026-02-14 00:18:30"}
{"level":"info","logDir":"logs","message":"🚀 Winston logger initialized","nodeVersion":"v24.13.0","platform":"win32","timestamp":"2026-02-14 00:18:26"}
{"errors":["Role 28: Permission undefined not found in REPORT","Role 28: Permission undefined not found in REPORT","Role 38: Permission undefined not found in VAULT"],"level":"warn","message":"Permission validation errors","timestamp":"2026-02-14 00:18:28"}
{"errors":["Role 28: Permission undefined not found in REPORT","Role 28: Permission undefined not found in REPORT","Role 38: Permission undefined not found in VAULT"],"level":"warn","message":"Permission validation errors","timestamp":"2026-02-14 00:18:28"}
{"level":"info","message":"Server time initialized (WAT): 2026-02-14T09:18:30.568Z","timestamp":"2026-02-14 00:18:30"}
{"error":"auditLogger.info(...).catch is not a function","level":"warn","message":"Could not log startup audit","timestamp":"2026-02-14 00:18:30"}
{"level":"info","message":"🔧 Auto-initializing models in development mode...","timestamp":"2026-02-14 00:18:31"}
{"level":"info","message":"🚀 Initializing model loader...","timestamp":"2026-02-14 00:18:31"}
{"level":"info","message":"✅ Models loaded via index.js","timestamp":"2026-02-14 00:18:31"}
{"level":"info","message":"✅ Loaded critical model User on demand","timestamp":"2026-02-14 00:18:31"}
{"level":"info","message":"✅ Loaded critical model Customer on demand","timestamp":"2026-02-14 00:18:31"}
{"level":"info","message":"✅ Loaded critical model CustomerAccount on demand","timestamp":"2026-02-14 00:18:31"}
{"level":"info","message":"✅ Loaded critical model LoanAccount on demand","timestamp":"2026-02-14 00:18:31"}
{"level":"info","message":"✅ Loaded critical model LoanRepayment on demand","timestamp":"2026-02-14 00:18:31"}
{"level":"info","message":"✅ Loaded critical model Deposit on demand","timestamp":"2026-02-14 00:18:31"}
{"level":"info","message":"✅ Loaded critical model Transaction on demand","timestamp":"2026-02-14 00:18:31"}
{"level":"info","message":"✅ Loaded critical model GLAccount on demand","timestamp":"2026-02-14 00:18:31"}
{"level":"info","message":"✅ Loaded critical model AuditTrail on demand","timestamp":"2026-02-14 00:18:31"}
{"level":"info","message":"✅ Model loader initialized successfully","timestamp":"2026-02-14 00:18:31"}
{"level":"info","message":"📊 Loaded models: sequelize, Op, DataTypes, QueryTypes, User, Customer, CustomerAccount, LoanAccount, LoanRepayment, Deposit, Transaction, GLAccount, AuditTrail","timestamp":"2026-02-14 00:18:31"}
{"level":"info","message":"📊 Model Statistics:","timestamp":"2026-02-14 00:18:31"}
{"level":"info","message":"   Total models loaded: 13","timestamp":"2026-02-14 00:18:31"}
{"level":"info","message":"   CUSTOMER: 2 models","timestamp":"2026-02-14 00:18:31"}
{"level":"info","message":"   LOAN: 2 models","timestamp":"2026-02-14 00:18:31"}
{"level":"info","message":"   DEPOSIT: 1 models","timestamp":"2026-02-14 00:18:31"}
{"level":"info","message":"   TRANSACTION: 1 models","timestamp":"2026-02-14 00:18:31"}
{"level":"info","message":"   USER: 1 models","timestamp":"2026-02-14 00:18:31"}
{"level":"info","message":"   ACCOUNTING: 1 models","timestamp":"2026-02-14 00:18:31"}
{"level":"info","message":"   AUDIT: 1 models","timestamp":"2026-02-14 00:18:31"}
{"level":"info","logDir":"logs","message":"🚀 Winston logger initialized","nodeVersion":"v24.13.0","platform":"win32","timestamp":"2026-02-14 00:18:26"}
{"errors":["Role 28: Permission undefined not found in REPORT","Role 28: Permission undefined not found in REPORT","Role 38: Permission undefined not found in VAULT"],"level":"warn","message":"Permission validation errors","timestamp":"2026-02-14 00:18:28"}
{"errors":["Role 28: Permission undefined not found in REPORT","Role 28: Permission undefined not found in REPORT","Role 38: Permission undefined not found in VAULT"],"level":"warn","message":"Permission validation errors","timestamp":"2026-02-14 00:18:28"}
{"level":"info","message":"Server time initialized (WAT): 2026-02-14T09:18:30.892Z","timestamp":"2026-02-14 00:18:30"}
{"error":"auditLogger.info(...).catch is not a function","level":"warn","message":"Could not log startup audit","timestamp":"2026-02-14 00:18:30"}
{"level":"info","message":"🔧 Auto-initializing models in development mode...","timestamp":"2026-02-14 00:18:31"}
{"level":"info","message":"🚀 Initializing model loader...","timestamp":"2026-02-14 00:18:32"}
{"level":"info","message":"✅ Models loaded via index.js","timestamp":"2026-02-14 00:18:32"}
{"level":"info","message":"✅ Loaded critical model User on demand","timestamp":"2026-02-14 00:18:32"}
{"level":"info","message":"✅ Loaded critical model Customer on demand","timestamp":"2026-02-14 00:18:32"}
{"level":"info","message":"✅ Loaded critical model CustomerAccount on demand","timestamp":"2026-02-14 00:18:32"}
{"level":"info","message":"✅ Loaded critical model LoanAccount on demand","timestamp":"2026-02-14 00:18:32"}
{"level":"info","message":"✅ Loaded critical model LoanRepayment on demand","timestamp":"2026-02-14 00:18:32"}
{"level":"info","message":"✅ Loaded critical model Deposit on demand","timestamp":"2026-02-14 00:18:32"}
{"level":"info","message":"✅ Loaded critical model Transaction on demand","timestamp":"2026-02-14 00:18:32"}
{"level":"info","message":"✅ Loaded critical model GLAccount on demand","timestamp":"2026-02-14 00:18:32"}
{"level":"info","message":"✅ Loaded critical model AuditTrail on demand","timestamp":"2026-02-14 00:18:32"}
{"level":"info","message":"✅ Model loader initialized successfully","timestamp":"2026-02-14 00:18:32"}
{"level":"info","message":"📊 Loaded models: sequelize, Op, DataTypes, QueryTypes, User, Customer, CustomerAccount, LoanAccount, LoanRepayment, Deposit, Transaction, GLAccount, AuditTrail","timestamp":"2026-02-14 00:18:32"}
{"level":"info","message":"📊 Model Statistics:","timestamp":"2026-02-14 00:18:32"}
{"level":"info","message":"   Total models loaded: 13","timestamp":"2026-02-14 00:18:32"}
{"level":"info","message":"   CUSTOMER: 2 models","timestamp":"2026-02-14 00:18:32"}
{"level":"info","message":"   LOAN: 2 models","timestamp":"2026-02-14 00:18:32"}
{"level":"info","message":"   DEPOSIT: 1 models","timestamp":"2026-02-14 00:18:32"}
{"level":"info","message":"   TRANSACTION: 1 models","timestamp":"2026-02-14 00:18:32"}
{"level":"info","message":"   USER: 1 models","timestamp":"2026-02-14 00:18:32"}
{"level":"info","message":"   ACCOUNTING: 1 models","timestamp":"2026-02-14 00:18:32"}
{"level":"info","message":"   AUDIT: 1 models","timestamp":"2026-02-14 00:18:32"}
{"level":"info","logDir":"logs","message":"🚀 Winston logger initialized","nodeVersion":"v24.13.0","platform":"win32","timestamp":"2026-02-14 00:23:15"}
{"errors":["Role 28: Permission undefined not found in REPORT","Role 28: Permission undefined not found in REPORT","Role 38: Permission undefined not found in VAULT"],"level":"warn","message":"Permission validation errors","timestamp":"2026-02-14 00:23:18"}
{"errors":["Role 28: Permission undefined not found in REPORT","Role 28: Permission undefined not found in REPORT","Role 38: Permission undefined not found in VAULT"],"level":"warn","message":"Permission validation errors","timestamp":"2026-02-14 00:23:18"}
{"level":"info","message":"Server time initialized (WAT): 2026-02-14T09:23:20.393Z","timestamp":"2026-02-14 00:23:20"}
{"error":"auditLogger.info(...).catch is not a function","level":"warn","message":"Could not log startup audit","timestamp":"2026-02-14 00:23:20"}
{"level":"info","message":"🔧 Auto-initializing models in development mode...","timestamp":"2026-02-14 00:23:20"}
{"level":"info","message":"🚀 Initializing model loader...","timestamp":"2026-02-14 00:23:20"}
{"level":"info","message":"✅ Models loaded via index.js","timestamp":"2026-02-14 00:23:20"}
{"level":"info","message":"✅ Loaded critical model User on demand","timestamp":"2026-02-14 00:23:20"}
{"level":"info","message":"✅ Loaded critical model Customer on demand","timestamp":"2026-02-14 00:23:20"}
{"level":"info","message":"✅ Loaded critical model CustomerAccount on demand","timestamp":"2026-02-14 00:23:20"}
{"level":"info","message":"✅ Loaded critical model LoanAccount on demand","timestamp":"2026-02-14 00:23:20"}
{"level":"info","message":"✅ Loaded critical model LoanRepayment on demand","timestamp":"2026-02-14 00:23:20"}
{"level":"info","message":"✅ Loaded critical model Deposit on demand","timestamp":"2026-02-14 00:23:20"}
{"level":"info","message":"✅ Loaded critical model Transaction on demand","timestamp":"2026-02-14 00:23:20"}
{"level":"info","message":"✅ Loaded critical model GLAccount on demand","timestamp":"2026-02-14 00:23:20"}
{"level":"info","message":"✅ Loaded critical model AuditTrail on demand","timestamp":"2026-02-14 00:23:20"}
{"level":"info","message":"✅ Model loader initialized successfully","timestamp":"2026-02-14 00:23:20"}
{"level":"info","message":"📊 Loaded models: sequelize, Op, DataTypes, QueryTypes, User, Customer, CustomerAccount, LoanAccount, LoanRepayment, Deposit, Transaction, GLAccount, AuditTrail","timestamp":"2026-02-14 00:23:20"}
{"level":"info","message":"📊 Model Statistics:","timestamp":"2026-02-14 00:23:20"}
{"level":"info","message":"   Total models loaded: 13","timestamp":"2026-02-14 00:23:20"}
{"level":"info","message":"   CUSTOMER: 2 models","timestamp":"2026-02-14 00:23:20"}
{"level":"info","message":"   LOAN: 2 models","timestamp":"2026-02-14 00:23:20"}
{"level":"info","message":"   DEPOSIT: 1 models","timestamp":"2026-02-14 00:23:20"}
{"level":"info","message":"   TRANSACTION: 1 models","timestamp":"2026-02-14 00:23:20"}
{"level":"info","message":"   USER: 1 models","timestamp":"2026-02-14 00:23:20"}
{"level":"info","message":"   ACCOUNTING: 1 models","timestamp":"2026-02-14 00:23:20"}
{"level":"info","message":"   AUDIT: 1 models","timestamp":"2026-02-14 00:23:20"}
{"level":"info","logDir":"logs","message":"🚀 Winston logger initialized","nodeVersion":"v24.13.0","platform":"win32","timestamp":"2026-02-14 00:24:53"}
{"errors":["Role 28: Permission undefined not found in REPORT","Role 28: Permission undefined not found in REPORT","Role 38: Permission undefined not found in VAULT"],"level":"warn","message":"Permission validation errors","timestamp":"2026-02-14 00:24:57"}
{"errors":["Role 28: Permission undefined not found in REPORT","Role 28: Permission undefined not found in REPORT","Role 38: Permission undefined not found in VAULT"],"level":"warn","message":"Permission validation errors","timestamp":"2026-02-14 00:24:57"}
{"level":"info","message":"Server time initialized (WAT): 2026-02-14T09:24:59.343Z","timestamp":"2026-02-14 00:24:59"}
{"error":"auditLogger.info(...).catch is not a function","level":"warn","message":"Could not log startup audit","timestamp":"2026-02-14 00:24:59"}
{"level":"info","message":"🔧 Auto-initializing models in development mode...","timestamp":"2026-02-14 00:24:59"}
{"level":"info","message":"🚀 Initializing model loader...","timestamp":"2026-02-14 00:24:59"}
{"level":"info","message":"✅ Models loaded via index.js","timestamp":"2026-02-14 00:24:59"}
{"level":"info","message":"✅ Loaded critical model User on demand","timestamp":"2026-02-14 00:24:59"}
{"level":"info","message":"✅ Loaded critical model Customer on demand","timestamp":"2026-02-14 00:24:59"}
{"level":"info","message":"✅ Loaded critical model CustomerAccount on demand","timestamp":"2026-02-14 00:24:59"}
{"level":"info","message":"✅ Loaded critical model LoanAccount on demand","timestamp":"2026-02-14 00:24:59"}
{"level":"info","message":"✅ Loaded critical model LoanRepayment on demand","timestamp":"2026-02-14 00:24:59"}
{"level":"info","message":"✅ Loaded critical model Deposit on demand","timestamp":"2026-02-14 00:24:59"}
{"level":"info","message":"✅ Loaded critical model Transaction on demand","timestamp":"2026-02-14 00:24:59"}
{"level":"info","message":"✅ Loaded critical model GLAccount on demand","timestamp":"2026-02-14 00:24:59"}
{"level":"info","message":"✅ Loaded critical model AuditTrail on demand","timestamp":"2026-02-14 00:24:59"}
{"level":"info","message":"✅ Model loader initialized successfully","timestamp":"2026-02-14 00:24:59"}
{"level":"info","message":"📊 Loaded models: sequelize, Op, DataTypes, QueryTypes, User, Customer, CustomerAccount, LoanAccount, LoanRepayment, Deposit, Transaction, GLAccount, AuditTrail","timestamp":"2026-02-14 00:24:59"}
{"level":"info","message":"📊 Model Statistics:","timestamp":"2026-02-14 00:24:59"}
{"level":"info","message":"   Total models loaded: 13","timestamp":"2026-02-14 00:24:59"}
{"level":"info","message":"   CUSTOMER: 2 models","timestamp":"2026-02-14 00:24:59"}
{"level":"info","message":"   LOAN: 2 models","timestamp":"2026-02-14 00:24:59"}
{"level":"info","message":"   DEPOSIT: 1 models","timestamp":"2026-02-14 00:24:59"}
{"level":"info","message":"   TRANSACTION: 1 models","timestamp":"2026-02-14 00:24:59"}
{"level":"info","message":"   USER: 1 models","timestamp":"2026-02-14 00:24:59"}
{"level":"info","message":"   ACCOUNTING: 1 models","timestamp":"2026-02-14 00:24:59"}
{"level":"info","message":"   AUDIT: 1 models","timestamp":"2026-02-14 00:24:59"}
{"level":"info","logDir":"logs","message":"🚀 Winston logger initialized","nodeVersion":"v24.13.0","platform":"win32","timestamp":"2026-02-14 00:30:01"}
{"errors":["Role 28: Permission undefined not found in REPORT","Role 28: Permission undefined not found in REPORT","Role 38: Permission undefined not found in VAULT"],"level":"warn","message":"Permission validation errors","timestamp":"2026-02-14 00:30:08"}
{"errors":["Role 28: Permission undefined not found in REPORT","Role 28: Permission undefined not found in REPORT","Role 38: Permission undefined not found in VAULT"],"level":"warn","message":"Permission validation errors","timestamp":"2026-02-14 00:30:10"}
{"level":"info","message":"Server time initialized (WAT): 2026-02-14T09:30:15.208Z","timestamp":"2026-02-14 00:30:15"}
{"error":"auditLogger.info(...).catch is not a function","level":"warn","message":"Could not log startup audit","timestamp":"2026-02-14 00:30:15"}
{"level":"info","message":"🔧 Auto-initializing models in development mode...","timestamp":"2026-02-14 00:30:15"}
{"level":"info","message":"🚀 Initializing model loader...","timestamp":"2026-02-14 00:30:15"}
{"level":"info","message":"✅ Models loaded via index.js","timestamp":"2026-02-14 00:30:15"}
{"level":"info","message":"✅ Loaded critical model User on demand","timestamp":"2026-02-14 00:30:15"}
{"level":"info","message":"✅ Loaded critical model Customer on demand","timestamp":"2026-02-14 00:30:15"}
{"level":"info","message":"✅ Loaded critical model CustomerAccount on demand","timestamp":"2026-02-14 00:30:15"}
{"level":"info","message":"✅ Loaded critical model LoanAccount on demand","timestamp":"2026-02-14 00:30:15"}
{"level":"info","message":"✅ Loaded critical model LoanRepayment on demand","timestamp":"2026-02-14 00:30:15"}
{"level":"info","message":"✅ Loaded critical model Deposit on demand","timestamp":"2026-02-14 00:30:15"}
{"level":"info","message":"✅ Loaded critical model Transaction on demand","timestamp":"2026-02-14 00:30:15"}
{"level":"info","message":"✅ Loaded critical model GLAccount on demand","timestamp":"2026-02-14 00:30:15"}
{"level":"info","message":"✅ Loaded critical model AuditTrail on demand","timestamp":"2026-02-14 00:30:15"}
{"level":"info","message":"✅ Model loader initialized successfully","timestamp":"2026-02-14 00:30:15"}
{"level":"info","message":"📊 Loaded models: sequelize, Op, DataTypes, QueryTypes, User, Customer, CustomerAccount, LoanAccount, LoanRepayment, Deposit, Transaction, GLAccount, AuditTrail","timestamp":"2026-02-14 00:30:15"}
{"level":"info","message":"📊 Model Statistics:","timestamp":"2026-02-14 00:30:15"}
{"level":"info","message":"   Total models loaded: 13","timestamp":"2026-02-14 00:30:15"}
{"level":"info","message":"   CUSTOMER: 2 models","timestamp":"2026-02-14 00:30:15"}
{"level":"info","message":"   LOAN: 2 models","timestamp":"2026-02-14 00:30:15"}
{"level":"info","message":"   DEPOSIT: 1 models","timestamp":"2026-02-14 00:30:15"}
{"level":"info","message":"   TRANSACTION: 1 models","timestamp":"2026-02-14 00:30:15"}
{"level":"info","message":"   USER: 1 models","timestamp":"2026-02-14 00:30:15"}
{"level":"info","message":"   ACCOUNTING: 1 models","timestamp":"2026-02-14 00:30:15"}
{"level":"info","message":"   AUDIT: 1 models","timestamp":"2026-02-14 00:30:15"}
{"branchCode":"101","branchName":"RELIEF","level":"info","message":"Creating new branch","organizationCode":1,"organizationName":"GOLEXICA RESOURCE FINANCIAL RESOURCE COMPANY LIMITED","timestamp":"2026-02-14 00:40:53","userId":"system"}
{"branchCode":"101","level":"warn","message":"Branch creation failed - duplicate branch code in organization","organizationCode":1,"timestamp":"2026-02-14 00:40:53"}
{"branchCode":"101","branchName":"RELIEF","level":"info","message":"Creating new branch","organizationCode":1,"organizationName":"GOLEXICA RESOURCE FINANCIAL RESOURCE COMPANY LIMITED","timestamp":"2026-02-14 00:41:04","userId":"system"}
{"branchCode":"101","level":"warn","message":"Branch creation failed - duplicate branch code in organization","organizationCode":1,"timestamp":"2026-02-14 00:41:04"}
{"branchCode":"102","branchName":"RELIEF","level":"info","message":"Creating new branch","organizationCode":1,"organizationName":"GOLEXICA RESOURCE FINANCIAL RESOURCE COMPANY LIMITED","timestamp":"2026-02-14 00:41:16","userId":"system"}
{"branchCode":"102","branchId":5,"businessUnitId":5,"level":"info","message":"Branch and Business Unit created successfully","organizationName":"GOLEXICA RESOURCE FINANCIAL RESOURCE COMPANY LIMITED","timestamp":"2026-02-14 00:41:16"}
