{"error":"Cannot read properties of undefined (reading 'findAll')","level":"error","message":"Error fetching business units","stack":"TypeError: Cannot read properties of undefined (reading 'findAll')\n    at populateBusinessUnitMapping (file:///F:/WORKON/CODE/PCO_BANKING/EVOLUTION%20BANKING%20BACKEND/src/constants/roleMapping.js:1096:46)\n    at file:///F:/WORKON/CODE/PCO_BANKING/EVOLUTION%20BANKING%20BACKEND/src/routes/businessRoleRoutes.js:18:11\n    at Layer.handle [as handle_request] (F:\\WORKON\\CODE\\PCO_BANKING\\EVOLUTION BANKING BACKEND\\node_modules\\express\\lib\\router\\layer.js:95:5)\n    at trim_prefix (F:\\WORKON\\CODE\\PCO_BANKING\\EVOLUTION BANKING BACKEND\\node_modules\\express\\lib\\router\\index.js:328:13)\n    at F:\\WORKON\\CODE\\PCO_BANKING\\EVOLUTION BANKING BACKEND\\node_modules\\express\\lib\\router\\index.js:286:9\n    at router.process_params (F:\\WORKON\\CODE\\PCO_BANKING\\EVOLUTION BANKING BACKEND\\node_modules\\express\\lib\\router\\index.js:346:12)\n    at next (F:\\WORKON\\CODE\\PCO_BANKING\\EVOLUTION BANKING BACKEND\\node_modules\\express\\lib\\router\\index.js:280:10)\n    at router.handle (F:\\WORKON\\CODE\\PCO_BANKING\\EVOLUTION BANKING BACKEND\\node_modules\\express\\lib\\router\\index.js:175:3)\n    at router (F:\\WORKON\\CODE\\PCO_BANKING\\EVOLUTION BANKING BACKEND\\node_modules\\express\\lib\\router\\index.js:47:12)\n    at Layer.handle [as handle_request] (F:\\WORKON\\CODE\\PCO_BANKING\\EVOLUTION BANKING BACKEND\\node_modules\\express\\lib\\router\\layer.js:95:5)","timestamp":"2026-02-10 03:04:32"}
{"error":"Cannot read properties of undefined (reading 'findAll')","level":"error","message":"Error fetching business units","stack":"TypeError: Cannot read properties of undefined (reading 'findAll')\n    at populateBusinessUnitMapping (file:///F:/WORKON/CODE/PCO_BANKING/EVOLUTION%20BANKING%20BACKEND/src/constants/roleMapping.js:1096:46)\n    at file:///F:/WORKON/CODE/PCO_BANKING/EVOLUTION%20BANKING%20BACKEND/src/routes/businessRoleRoutes.js:18:11\n    at Layer.handle [as handle_request] (F:\\WORKON\\CODE\\PCO_BANKING\\EVOLUTION BANKING BACKEND\\node_modules\\express\\lib\\router\\layer.js:95:5)\n    at trim_prefix (F:\\WORKON\\CODE\\PCO_BANKING\\EVOLUTION BANKING BACKEND\\node_modules\\express\\lib\\router\\index.js:328:13)\n    at F:\\WORKON\\CODE\\PCO_BANKING\\EVOLUTION BANKING BACKEND\\node_modules\\express\\lib\\router\\index.js:286:9\n    at router.process_params (F:\\WORKON\\CODE\\PCO_BANKING\\EVOLUTION BANKING BACKEND\\node_modules\\express\\lib\\router\\index.js:346:12)\n    at next (F:\\WORKON\\CODE\\PCO_BANKING\\EVOLUTION BANKING BACKEND\\node_modules\\express\\lib\\router\\index.js:280:10)\n    at router.handle (F:\\WORKON\\CODE\\PCO_BANKING\\EVOLUTION BANKING BACKEND\\node_modules\\express\\lib\\router\\index.js:175:3)\n    at router (F:\\WORKON\\CODE\\PCO_BANKING\\EVOLUTION BANKING BACKEND\\node_modules\\express\\lib\\router\\index.js:47:12)\n    at Layer.handle [as handle_request] (F:\\WORKON\\CODE\\PCO_BANKING\\EVOLUTION BANKING BACKEND\\node_modules\\express\\lib\\router\\layer.js:95:5)","timestamp":"2026-02-10 03:04:43"}
{"error":"Cannot read properties of undefined (reading 'findAll')","level":"error","message":"Error fetching business units","stack":"TypeError: Cannot read properties of undefined (reading 'findAll')\n    at populateBusinessUnitMapping (file:///F:/WORKON/CODE/PCO_BANKING/EVOLUTION%20BANKING%20BACKEND/src/constants/roleMapping.js:1096:46)\n    at file:///F:/WORKON/CODE/PCO_BANKING/EVOLUTION%20BANKING%20BACKEND/src/routes/businessRoleRoutes.js:18:11\n    at Layer.handle [as handle_request] (F:\\WORKON\\CODE\\PCO_BANKING\\EVOLUTION BANKING BACKEND\\node_modules\\express\\lib\\router\\layer.js:95:5)\n    at trim_prefix (F:\\WORKON\\CODE\\PCO_BANKING\\EVOLUTION BANKING BACKEND\\node_modules\\express\\lib\\router\\index.js:328:13)\n    at F:\\WORKON\\CODE\\PCO_BANKING\\EVOLUTION BANKING BACKEND\\node_modules\\express\\lib\\router\\index.js:286:9\n    at router.process_params (F:\\WORKON\\CODE\\PCO_BANKING\\EVOLUTION BANKING BACKEND\\node_modules\\express\\lib\\router\\index.js:346:12)\n    at next (F:\\WORKON\\CODE\\PCO_BANKING\\EVOLUTION BANKING BACKEND\\node_modules\\express\\lib\\router\\index.js:280:10)\n    at router.handle (F:\\WORKON\\CODE\\PCO_BANKING\\EVOLUTION BANKING BACKEND\\node_modules\\express\\lib\\router\\index.js:175:3)\n    at router (F:\\WORKON\\CODE\\PCO_BANKING\\EVOLUTION BANKING BACKEND\\node_modules\\express\\lib\\router\\index.js:47:12)\n    at Layer.handle [as handle_request] (F:\\WORKON\\CODE\\PCO_BANKING\\EVOLUTION BANKING BACKEND\\node_modules\\express\\lib\\router\\layer.js:95:5)","timestamp":"2026-02-10 03:04:54"}
{"error":"Cannot read properties of undefined (reading 'findAll')","level":"error","message":"Error fetching business units","stack":"TypeError: Cannot read properties of undefined (reading 'findAll')\n    at populateBusinessUnitMapping (file:///F:/WORKON/CODE/PCO_BANKING/EVOLUTION%20BANKING%20BACKEND/src/constants/roleMapping.js:1096:46)\n    at file:///F:/WORKON/CODE/PCO_BANKING/EVOLUTION%20BANKING%20BACKEND/src/routes/businessRoleRoutes.js:18:11\n    at Layer.handle [as handle_request] (F:\\WORKON\\CODE\\PCO_BANKING\\EVOLUTION BANKING BACKEND\\node_modules\\express\\lib\\router\\layer.js:95:5)\n    at trim_prefix (F:\\WORKON\\CODE\\PCO_BANKING\\EVOLUTION BANKING BACKEND\\node_modules\\express\\lib\\router\\index.js:328:13)\n    at F:\\WORKON\\CODE\\PCO_BANKING\\EVOLUTION BANKING BACKEND\\node_modules\\express\\lib\\router\\index.js:286:9\n    at router.process_params (F:\\WORKON\\CODE\\PCO_BANKING\\EVOLUTION BANKING BACKEND\\node_modules\\express\\lib\\router\\index.js:346:12)\n    at next (F:\\WORKON\\CODE\\PCO_BANKING\\EVOLUTION BANKING BACKEND\\node_modules\\express\\lib\\router\\index.js:280:10)\n    at router.handle (F:\\WORKON\\CODE\\PCO_BANKING\\EVOLUTION BANKING BACKEND\\node_modules\\express\\lib\\router\\index.js:175:3)\n    at router (F:\\WORKON\\CODE\\PCO_BANKING\\EVOLUTION BANKING BACKEND\\node_modules\\express\\lib\\router\\index.js:47:12)\n    at Layer.handle [as handle_request] (F:\\WORKON\\CODE\\PCO_BANKING\\EVOLUTION BANKING BACKEND\\node_modules\\express\\lib\\router\\layer.js:95:5)","timestamp":"2026-02-10 03:58:48"}
{"level":"info","logDir":"logs","message":"🚀 Winston logger initialized","nodeVersion":"v24.13.0","platform":"win32","timestamp":"2026-02-10 04:22:01"}
{"errors":["Role 28: Permission undefined not found in REPORT","Role 28: Permission undefined not found in REPORT","Role 38: Permission undefined not found in VAULT"],"level":"warn","message":"Permission validation errors","timestamp":"2026-02-10 04:22:09"}
{"level":"info","message":"Server time initialized (WAT): 2026-02-10T13:22:12.495Z","timestamp":"2026-02-10 04:22:12"}
{"error":"auditLogger.info(...).catch is not a function","level":"warn","message":"Could not log startup audit","timestamp":"2026-02-10 04:22:12"}
{"errors":["Role 28: Permission undefined not found in REPORT","Role 28: Permission undefined not found in REPORT","Role 38: Permission undefined not found in VAULT"],"level":"warn","message":"Permission validation errors","timestamp":"2026-02-10 04:22:12"}
{"level":"info","message":"🔧 Auto-initializing models in development mode...","timestamp":"2026-02-10 04:22:14"}
{"level":"info","message":"🚀 Initializing model loader...","timestamp":"2026-02-10 04:22:14"}
{"level":"info","message":"✅ Models loaded via index.js","timestamp":"2026-02-10 04:22:14"}
{"level":"info","message":"✅ Loaded critical model User on demand","timestamp":"2026-02-10 04:22:14"}
{"level":"info","message":"✅ Loaded critical model Customer on demand","timestamp":"2026-02-10 04:22:14"}
{"level":"info","message":"✅ Loaded critical model CustomerAccount on demand","timestamp":"2026-02-10 04:22:14"}
{"level":"info","message":"✅ Loaded critical model LoanAccount on demand","timestamp":"2026-02-10 04:22:14"}
{"level":"info","message":"✅ Loaded critical model LoanRepayment on demand","timestamp":"2026-02-10 04:22:14"}
{"level":"info","message":"✅ Loaded critical model Deposit on demand","timestamp":"2026-02-10 04:22:14"}
{"level":"info","message":"✅ Loaded critical model Transaction on demand","timestamp":"2026-02-10 04:22:14"}
{"level":"info","message":"✅ Loaded critical model GLAccount on demand","timestamp":"2026-02-10 04:22:14"}
{"level":"info","message":"✅ Loaded critical model AuditTrail on demand","timestamp":"2026-02-10 04:22:14"}
{"level":"info","message":"✅ Model loader initialized successfully","timestamp":"2026-02-10 04:22:14"}
{"level":"info","message":"📊 Loaded models: sequelize, Op, DataTypes, QueryTypes, User, Customer, CustomerAccount, LoanAccount, LoanRepayment, Deposit, Transaction, GLAccount, AuditTrail","timestamp":"2026-02-10 04:22:14"}
{"level":"info","message":"📊 Model Statistics:","timestamp":"2026-02-10 04:22:14"}
{"level":"info","message":"   Total models loaded: 13","timestamp":"2026-02-10 04:22:14"}
{"level":"info","message":"   CUSTOMER: 2 models","timestamp":"2026-02-10 04:22:14"}
{"level":"info","message":"   LOAN: 2 models","timestamp":"2026-02-10 04:22:14"}
{"level":"info","message":"   DEPOSIT: 1 models","timestamp":"2026-02-10 04:22:14"}
{"level":"info","message":"   TRANSACTION: 1 models","timestamp":"2026-02-10 04:22:14"}
{"level":"info","message":"   USER: 1 models","timestamp":"2026-02-10 04:22:14"}
{"level":"info","message":"   ACCOUNTING: 1 models","timestamp":"2026-02-10 04:22:14"}
{"level":"info","message":"   AUDIT: 1 models","timestamp":"2026-02-10 04:22:14"}
{"error":"Cannot read properties of undefined (reading 'findAll')","level":"error","message":"Error fetching business units","stack":"TypeError: Cannot read properties of undefined (reading 'findAll')\n    at populateBusinessUnitMapping (file:///F:/WORKON/CODE/PCO_BANKING/EVOLUTION%20BANKING%20BACKEND/src/constants/roleMapping.js:1096:46)\n    at file:///F:/WORKON/CODE/PCO_BANKING/EVOLUTION%20BANKING%20BACKEND/src/routes/businessRoleRoutes.js:18:11\n    at Layer.handle [as handle_request] (F:\\WORKON\\CODE\\PCO_BANKING\\EVOLUTION BANKING BACKEND\\node_modules\\express\\lib\\router\\layer.js:95:5)\n    at trim_prefix (F:\\WORKON\\CODE\\PCO_BANKING\\EVOLUTION BANKING BACKEND\\node_modules\\express\\lib\\router\\index.js:328:13)\n    at F:\\WORKON\\CODE\\PCO_BANKING\\EVOLUTION BANKING BACKEND\\node_modules\\express\\lib\\router\\index.js:286:9\n    at router.process_params (F:\\WORKON\\CODE\\PCO_BANKING\\EVOLUTION BANKING BACKEND\\node_modules\\express\\lib\\router\\index.js:346:12)\n    at next (F:\\WORKON\\CODE\\PCO_BANKING\\EVOLUTION BANKING BACKEND\\node_modules\\express\\lib\\router\\index.js:280:10)\n    at router.handle (F:\\WORKON\\CODE\\PCO_BANKING\\EVOLUTION BANKING BACKEND\\node_modules\\express\\lib\\router\\index.js:175:3)\n    at router (F:\\WORKON\\CODE\\PCO_BANKING\\EVOLUTION BANKING BACKEND\\node_modules\\express\\lib\\router\\index.js:47:12)\n    at Layer.handle [as handle_request] (F:\\WORKON\\CODE\\PCO_BANKING\\EVOLUTION BANKING BACKEND\\node_modules\\express\\lib\\router\\layer.js:95:5)","timestamp":"2026-02-10 04:31:23"}
{"level":"info","logDir":"logs","message":"🚀 Winston logger initialized","nodeVersion":"v24.13.0","platform":"win32","timestamp":"2026-02-10 04:42:37"}
{"errors":["Role 28: Permission undefined not found in REPORT","Role 28: Permission undefined not found in REPORT","Role 38: Permission undefined not found in VAULT"],"level":"warn","message":"Permission validation errors","timestamp":"2026-02-10 04:42:43"}
{"level":"info","message":"Server time initialized (WAT): 2026-02-10T13:42:46.032Z","timestamp":"2026-02-10 04:42:46"}
{"error":"auditLogger.info(...).catch is not a function","level":"warn","message":"Could not log startup audit","timestamp":"2026-02-10 04:42:46"}
{"errors":["Role 28: Permission undefined not found in REPORT","Role 28: Permission undefined not found in REPORT","Role 38: Permission undefined not found in VAULT"],"level":"warn","message":"Permission validation errors","timestamp":"2026-02-10 04:42:46"}
{"level":"info","message":"🔧 Auto-initializing models in development mode...","timestamp":"2026-02-10 04:42:47"}
{"level":"info","message":"🚀 Initializing model loader...","timestamp":"2026-02-10 04:42:47"}
{"level":"info","message":"✅ Models loaded via index.js","timestamp":"2026-02-10 04:42:47"}
{"level":"info","message":"✅ Loaded critical model User on demand","timestamp":"2026-02-10 04:42:47"}
{"level":"info","message":"✅ Loaded critical model Customer on demand","timestamp":"2026-02-10 04:42:47"}
{"level":"info","message":"✅ Loaded critical model CustomerAccount on demand","timestamp":"2026-02-10 04:42:47"}
{"level":"info","message":"✅ Loaded critical model LoanAccount on demand","timestamp":"2026-02-10 04:42:47"}
{"level":"info","message":"✅ Loaded critical model LoanRepayment on demand","timestamp":"2026-02-10 04:42:47"}
{"level":"info","message":"✅ Loaded critical model Deposit on demand","timestamp":"2026-02-10 04:42:47"}
{"level":"info","message":"✅ Loaded critical model Transaction on demand","timestamp":"2026-02-10 04:42:47"}
{"level":"info","message":"✅ Loaded critical model GLAccount on demand","timestamp":"2026-02-10 04:42:47"}
{"level":"info","message":"✅ Loaded critical model AuditTrail on demand","timestamp":"2026-02-10 04:42:47"}
{"level":"info","message":"✅ Model loader initialized successfully","timestamp":"2026-02-10 04:42:47"}
{"level":"info","message":"📊 Loaded models: sequelize, Op, DataTypes, QueryTypes, User, Customer, CustomerAccount, LoanAccount, LoanRepayment, Deposit, Transaction, GLAccount, AuditTrail","timestamp":"2026-02-10 04:42:47"}
{"level":"info","message":"📊 Model Statistics:","timestamp":"2026-02-10 04:42:47"}
{"level":"info","message":"   Total models loaded: 13","timestamp":"2026-02-10 04:42:47"}
{"level":"info","message":"   CUSTOMER: 2 models","timestamp":"2026-02-10 04:42:47"}
{"level":"info","message":"   LOAN: 2 models","timestamp":"2026-02-10 04:42:47"}
{"level":"info","message":"   DEPOSIT: 1 models","timestamp":"2026-02-10 04:42:47"}
{"level":"info","message":"   TRANSACTION: 1 models","timestamp":"2026-02-10 04:42:47"}
{"level":"info","message":"   USER: 1 models","timestamp":"2026-02-10 04:42:47"}
{"level":"info","message":"   ACCOUNTING: 1 models","timestamp":"2026-02-10 04:42:47"}
{"level":"info","message":"   AUDIT: 1 models","timestamp":"2026-02-10 04:42:47"}
{"level":"info","logDir":"logs","message":"🚀 Winston logger initialized","nodeVersion":"v24.13.0","platform":"win32","timestamp":"2026-02-10 05:25:24"}
{"errors":["Role 28: Permission undefined not found in REPORT","Role 28: Permission undefined not found in REPORT","Role 38: Permission undefined not found in VAULT"],"level":"warn","message":"Permission validation errors","timestamp":"2026-02-10 05:25:33"}
{"level":"info","message":"Server time initialized (WAT): 2026-02-10T14:25:38.875Z","timestamp":"2026-02-10 05:25:38"}
{"error":"auditLogger.info(...).catch is not a function","level":"warn","message":"Could not log startup audit","timestamp":"2026-02-10 05:25:38"}
{"errors":["Role 28: Permission undefined not found in REPORT","Role 28: Permission undefined not found in REPORT","Role 38: Permission undefined not found in VAULT"],"level":"warn","message":"Permission validation errors","timestamp":"2026-02-10 05:25:38"}
{"level":"info","message":"🔧 Auto-initializing models in development mode...","timestamp":"2026-02-10 05:25:41"}
{"level":"info","message":"🚀 Initializing model loader...","timestamp":"2026-02-10 05:25:41"}
{"level":"info","message":"✅ Models loaded via index.js","timestamp":"2026-02-10 05:25:41"}
{"level":"info","message":"✅ Loaded critical model User on demand","timestamp":"2026-02-10 05:25:41"}
{"level":"info","message":"✅ Loaded critical model Customer on demand","timestamp":"2026-02-10 05:25:41"}
{"level":"info","message":"✅ Loaded critical model CustomerAccount on demand","timestamp":"2026-02-10 05:25:41"}
{"level":"info","message":"✅ Loaded critical model LoanAccount on demand","timestamp":"2026-02-10 05:25:41"}
{"level":"info","message":"✅ Loaded critical model LoanRepayment on demand","timestamp":"2026-02-10 05:25:41"}
{"level":"info","message":"✅ Loaded critical model Deposit on demand","timestamp":"2026-02-10 05:25:41"}
{"level":"info","message":"✅ Loaded critical model Transaction on demand","timestamp":"2026-02-10 05:25:41"}
{"level":"info","message":"✅ Loaded critical model GLAccount on demand","timestamp":"2026-02-10 05:25:41"}
{"level":"info","message":"✅ Loaded critical model AuditTrail on demand","timestamp":"2026-02-10 05:25:41"}
{"level":"info","message":"✅ Model loader initialized successfully","timestamp":"2026-02-10 05:25:41"}
{"level":"info","message":"📊 Loaded models: sequelize, Op, DataTypes, QueryTypes, User, Customer, CustomerAccount, LoanAccount, LoanRepayment, Deposit, Transaction, GLAccount, AuditTrail","timestamp":"2026-02-10 05:25:41"}
{"level":"info","message":"📊 Model Statistics:","timestamp":"2026-02-10 05:25:41"}
{"level":"info","message":"   Total models loaded: 13","timestamp":"2026-02-10 05:25:41"}
{"level":"info","message":"   CUSTOMER: 2 models","timestamp":"2026-02-10 05:25:41"}
{"level":"info","message":"   LOAN: 2 models","timestamp":"2026-02-10 05:25:41"}
{"level":"info","message":"   DEPOSIT: 1 models","timestamp":"2026-02-10 05:25:41"}
{"level":"info","message":"   TRANSACTION: 1 models","timestamp":"2026-02-10 05:25:41"}
{"level":"info","message":"   USER: 1 models","timestamp":"2026-02-10 05:25:41"}
{"level":"info","message":"   ACCOUNTING: 1 models","timestamp":"2026-02-10 05:25:41"}
{"level":"info","message":"   AUDIT: 1 models","timestamp":"2026-02-10 05:25:41"}
{"isAdmin":false,"level":"info","message":"Authenticated user details fetched","permissionsCount":2,"role":"Customer Service Officer","timestamp":"2026-02-10 08:39:20","userId":4,"user_name":"PCO04"}
{"level":"info","logDir":"logs","message":"🚀 Winston logger initialized","nodeVersion":"v24.13.0","platform":"win32","timestamp":"2026-02-10 09:25:16"}
{"errors":["Role 28: Permission undefined not found in REPORT","Role 28: Permission undefined not found in REPORT","Role 38: Permission undefined not found in VAULT"],"level":"warn","message":"Permission validation errors","timestamp":"2026-02-10 09:25:46"}
{"level":"info","message":"Server time initialized (WAT): 2026-02-10T18:26:00.799Z","timestamp":"2026-02-10 09:26:00"}
{"error":"auditLogger.info(...).catch is not a function","level":"warn","message":"Could not log startup audit","timestamp":"2026-02-10 09:26:00"}
{"errors":["Role 28: Permission undefined not found in REPORT","Role 28: Permission undefined not found in REPORT","Role 38: Permission undefined not found in VAULT"],"level":"warn","message":"Permission validation errors","timestamp":"2026-02-10 09:26:00"}
{"level":"info","message":"🔧 Auto-initializing models in development mode...","timestamp":"2026-02-10 09:26:09"}
{"level":"info","message":"🚀 Initializing model loader...","timestamp":"2026-02-10 09:26:09"}
{"level":"info","message":"✅ Models loaded via index.js","timestamp":"2026-02-10 09:26:09"}
{"level":"info","message":"✅ Loaded critical model User on demand","timestamp":"2026-02-10 09:26:09"}
{"level":"info","message":"✅ Loaded critical model Customer on demand","timestamp":"2026-02-10 09:26:09"}
{"level":"info","message":"✅ Loaded critical model CustomerAccount on demand","timestamp":"2026-02-10 09:26:09"}
{"level":"info","message":"✅ Loaded critical model LoanAccount on demand","timestamp":"2026-02-10 09:26:09"}
{"level":"info","message":"✅ Loaded critical model LoanRepayment on demand","timestamp":"2026-02-10 09:26:09"}
{"level":"info","message":"✅ Loaded critical model Deposit on demand","timestamp":"2026-02-10 09:26:09"}
{"level":"info","message":"✅ Loaded critical model Transaction on demand","timestamp":"2026-02-10 09:26:09"}
{"level":"info","message":"✅ Loaded critical model GLAccount on demand","timestamp":"2026-02-10 09:26:09"}
{"level":"info","message":"✅ Loaded critical model AuditTrail on demand","timestamp":"2026-02-10 09:26:09"}
{"level":"info","message":"✅ Model loader initialized successfully","timestamp":"2026-02-10 09:26:09"}
{"level":"info","message":"📊 Loaded models: sequelize, Op, DataTypes, QueryTypes, User, Customer, CustomerAccount, LoanAccount, LoanRepayment, Deposit, Transaction, GLAccount, AuditTrail","timestamp":"2026-02-10 09:26:09"}
{"level":"info","message":"📊 Model Statistics:","timestamp":"2026-02-10 09:26:09"}
{"level":"info","message":"   Total models loaded: 13","timestamp":"2026-02-10 09:26:09"}
{"level":"info","message":"   CUSTOMER: 2 models","timestamp":"2026-02-10 09:26:09"}
{"level":"info","message":"   LOAN: 2 models","timestamp":"2026-02-10 09:26:09"}
{"level":"info","message":"   DEPOSIT: 1 models","timestamp":"2026-02-10 09:26:09"}
{"level":"info","message":"   TRANSACTION: 1 models","timestamp":"2026-02-10 09:26:09"}
{"level":"info","message":"   USER: 1 models","timestamp":"2026-02-10 09:26:09"}
{"level":"info","message":"   ACCOUNTING: 1 models","timestamp":"2026-02-10 09:26:09"}
{"level":"info","message":"   AUDIT: 1 models","timestamp":"2026-02-10 09:26:09"}
