{"level":"info","logDir":"logs","message":"🚀 Winston logger initialized","nodeVersion":"v24.13.0","platform":"win32","timestamp":"2026-02-25 09:15:21"}
{"errors":["Role 19: Permission undefined not found in APPROVAL","Role 19: Permission undefined not found in DASHBOARD","Role 19: Permission undefined not found in REPORT","Role 19: Permission undefined not found in QUEUE","Role 19: Permission undefined not found in NOTIFICATION","Role 19: Permission undefined not found in AUDIT","Role 20: Permission undefined not found in APPROVAL","Role 20: Permission undefined not found in DASHBOARD","Role 20: Permission undefined not found in REPORT","Role 20: Permission undefined not found in QUEUE","Role 20: Permission undefined not found in NOTIFICATION","Role 28: Permission undefined not found in DASHBOARD","Role 28: Permission undefined not found in REPORT","Role 28: Permission undefined not found in REPORT","Role 28: Permission undefined not found in REPORT","Role 33: Permission undefined not found in ANALYTICS","Role 34: Permission undefined not found in RISK","Role 38: Permission undefined not found in VAULT"],"level":"warn","message":"Permission validation errors","timestamp":"2026-02-25 09:15:39"}
{"level":"info","message":"Server time initialized (WAT): 2026-02-25T18:15:49.239Z","timestamp":"2026-02-25 09:15:49"}
{"error":"auditLogger.info(...).catch is not a function","level":"warn","message":"Could not log startup audit","timestamp":"2026-02-25 09:15:49"}
{"errors":["Role 19: Permission undefined not found in APPROVAL","Role 19: Permission undefined not found in DASHBOARD","Role 19: Permission undefined not found in REPORT","Role 19: Permission undefined not found in QUEUE","Role 19: Permission undefined not found in NOTIFICATION","Role 19: Permission undefined not found in AUDIT","Role 20: Permission undefined not found in APPROVAL","Role 20: Permission undefined not found in DASHBOARD","Role 20: Permission undefined not found in REPORT","Role 20: Permission undefined not found in QUEUE","Role 20: Permission undefined not found in NOTIFICATION","Role 28: Permission undefined not found in DASHBOARD","Role 28: Permission undefined not found in REPORT","Role 28: Permission undefined not found in REPORT","Role 28: Permission undefined not found in REPORT","Role 33: Permission undefined not found in ANALYTICS","Role 34: Permission undefined not found in RISK","Role 38: Permission undefined not found in VAULT"],"level":"warn","message":"Permission validation errors","timestamp":"2026-02-25 09:15:49"}
{"level":"info","message":"🔧 Auto-initializing models in development mode...","timestamp":"2026-02-25 09:15:56"}
{"level":"info","message":"🚀 Initializing model loader...","timestamp":"2026-02-25 09:15:56"}
{"level":"info","message":"✅ Models loaded via index.js","timestamp":"2026-02-25 09:15:56"}
{"level":"info","message":"✅ Model loader initialized successfully","timestamp":"2026-02-25 09:15:56"}
{"level":"info","message":"📊 Loaded models: sequelize, Op, DataTypes, QueryTypes, AMLThreshold, AccountApplication, Drawer, DrawerCloseOut, DrawerUserRole, DrawerCurrencyDenomination, DrawerCurrency, AuditTrail, VaultAccessAttempt, VaultMaintenanceLog, User, Permissions, UserRole, BusinessRole, Role, BusinessUnit, Branch, Organization, Customer, CustomerType, NextOfKin, CreditOfficer, CustomerAccount, DepositAccount, LoanAccount, SavingsProduct, LoanProduct, TermDeposit, Thrift, Group, GroupSavings, LoanInterestRate, Transaction, Deposit, Withdrawal, CashWithdrawalTransaction, DepositTransaction, LoanRepayment, LoanRepaymentTransaction, DirectDebit, DirectDebitRequest, StandingOrder, GLAccount, ChartofAccount, GLCategory, GLTransaction, GLAccountTransaction, JournalEntry, ScheduledTask, EOYReport, Holiday, CreditApplication, LoanContractForm, Guarantor, Collection, OverdueLoan, LoanPortfolio, LoanFee, LoanPenalty, DepositAccountInterest, DepositAccountInterest_Tier, Charge, InterestCalculation, Bank, Vault, VaultAuthorizedPersonnel, VaultPendingApproval, Country, State, WorkflowProcess, WorkflowSubProcess, WorkflowItem, WorkflowQueue, WorkflowBusinessRoleQueue, WorkflowSubProcessPolicy, CustomerWorkflowRouting, Notification, SMS, Report, Dashboard, Analytics, AccountStatement, IncomeExpense, TriftReport, DisbursementReport, LoanAccountSummary, DepositAccountSummary, Counter, SystemDate, License, Configuration, TransactionPolicy, ProductTypeMapping, RateIndex, Identifier, Subfolder, Event, AutoReclassifyInformation, UploadFile, CleanupDB, TellerStat, DepositAccountApplication, IdentificationInformation, Portfolio, LoanCalculator, AML, GuarantorAudit, RelationshipOfficer, GLClosingPeriod","timestamp":"2026-02-25 09:15:56"}
{"level":"info","message":"📊 Model Statistics:","timestamp":"2026-02-25 09:15:56"}
{"level":"info","message":"   Total models loaded: 113","timestamp":"2026-02-25 09:15:56"}
{"level":"info","message":"   CUSTOMER: 5 models","timestamp":"2026-02-25 09:15:56"}
{"level":"info","message":"   LOAN: 4 models","timestamp":"2026-02-25 09:15:56"}
{"level":"info","message":"   DEPOSIT: 4 models","timestamp":"2026-02-25 09:15:56"}
{"level":"info","message":"   TRANSACTION: 3 models","timestamp":"2026-02-25 09:15:56"}
{"level":"info","message":"   USER: 2 models","timestamp":"2026-02-25 09:15:56"}
{"level":"info","message":"   SYSTEM: 4 models","timestamp":"2026-02-25 09:15:56"}
{"level":"info","message":"   ACCOUNTING: 2 models","timestamp":"2026-02-25 09:15:56"}
{"level":"info","message":"   AUDIT: 1 models","timestamp":"2026-02-25 09:15:56"}
{"level":"info","message":"   NOTIFICATION: 1 models","timestamp":"2026-02-25 09:15:56"}
{"level":"info","message":"   THRIFT: 3 models","timestamp":"2026-02-25 09:15:56"}
{"level":"info","message":"✅ Thrift model successfully loaded and available","timestamp":"2026-02-25 09:15:56"}
{"date":"Wed Feb 25 2026 09:20:23 GMT-0800 (Pacific Standard Time)","error":{},"level":"error","message":"unhandledRejection: clientIp is not defined\nReferenceError: clientIp is not defined\n    at validateLicenseFile (file:///F:/WORKON/CODE/PCO_BANKING/EVOLUTION%20BANKING%20BACKEND/src/controllers/LicenseController.js:1019:52)\n    at process.processTicksAndRejections (node:internal/process/task_queues:103:5)","os":{"loadavg":[0,0,0],"uptime":104394.953},"process":{"argv":["C:\\Program Files\\nodejs\\node.exe","F:\\WORKON\\CODE\\PCO_BANKING\\EVOLUTION BANKING BACKEND\\server"],"cwd":"F:\\WORKON\\CODE\\PCO_BANKING\\EVOLUTION BANKING BACKEND","execPath":"C:\\Program Files\\nodejs\\node.exe","gid":null,"memoryUsage":{"arrayBuffers":3465724,"external":7379492,"heapTotal":87224320,"heapUsed":80414056,"rss":93392896},"pid":24676,"uid":null,"version":"v24.13.0"},"rejection":true,"stack":"ReferenceError: clientIp is not defined\n    at validateLicenseFile (file:///F:/WORKON/CODE/PCO_BANKING/EVOLUTION%20BANKING%20BACKEND/src/controllers/LicenseController.js:1019:52)\n    at process.processTicksAndRejections (node:internal/process/task_queues:103:5)","timestamp":"2026-02-25 09:20:23","trace":[{"column":52,"file":"file:///F:/WORKON/CODE/PCO_BANKING/EVOLUTION%20BANKING%20BACKEND/src/controllers/LicenseController.js","function":"validateLicenseFile","line":1019,"method":null,"native":false},{"column":5,"file":"node:internal/process/task_queues","function":"process.processTicksAndRejections","line":103,"method":"processTicksAndRejections","native":false}]}
{"count":0,"level":"info","limit":10,"message":"Fetched organizations","page":1,"timestamp":"2026-02-25 10:17:59","totalCount":0}
{"level":"info","message":"📅 Getting current business date...","timestamp":"2026-02-25 10:17:59"}
{"count":0,"level":"info","limit":10,"message":"Fetched organizations","page":1,"timestamp":"2026-02-25 10:17:59","totalCount":0}
{"level":"info","message":"📅 Getting current business date...","timestamp":"2026-02-25 10:17:59"}
{"level":"info","message":"📅 Getting current business date...","timestamp":"2026-02-25 10:18:16"}
{"count":0,"level":"info","limit":10,"message":"Fetched organizations","page":1,"timestamp":"2026-02-25 10:18:16","totalCount":0}
{"count":0,"level":"info","limit":10,"message":"Fetched organizations","page":1,"timestamp":"2026-02-25 10:18:16","totalCount":0}
{"level":"info","message":"📅 Getting current business date...","timestamp":"2026-02-25 10:18:16"}
{"level":"info","message":"📅 Getting current business date...","timestamp":"2026-02-25 10:42:43"}
{"count":0,"level":"info","limit":10,"message":"Fetched organizations","page":1,"timestamp":"2026-02-25 10:42:44","totalCount":0}
{"level":"info","message":"📅 Getting current business date...","timestamp":"2026-02-25 10:42:44"}
{"count":0,"level":"info","limit":10,"message":"Fetched organizations","page":1,"timestamp":"2026-02-25 10:42:44","totalCount":0}
{"count":0,"level":"info","limit":10,"message":"Fetched organizations","page":1,"timestamp":"2026-02-25 10:43:33","totalCount":0}
{"level":"info","message":"📅 Getting current business date...","timestamp":"2026-02-25 10:43:33"}
{"count":0,"level":"info","limit":10,"message":"Fetched organizations","page":1,"timestamp":"2026-02-25 10:43:33","totalCount":0}
{"level":"info","message":"📅 Getting current business date...","timestamp":"2026-02-25 10:43:33"}
{"level":"info","message":"📅 Getting current business date...","timestamp":"2026-02-25 10:44:18"}
{"count":0,"level":"info","limit":10,"message":"Fetched organizations","page":1,"timestamp":"2026-02-25 10:44:18","totalCount":0}
{"count":0,"level":"info","limit":10,"message":"Fetched organizations","page":1,"timestamp":"2026-02-25 10:44:18","totalCount":0}
{"level":"info","message":"📅 Getting current business date...","timestamp":"2026-02-25 10:44:18"}
{"error":"CustomerAccount.countDocuments is not a function","level":"error","message":"Failed to get system status","stack":"TypeError: CustomerAccount.countDocuments is not a function\n    at countDormantAccountsToUpdate (file:///F:/WORKON/CODE/PCO_BANKING/EVOLUTION%20BANKING%20BACKEND/src/Services/accountStatusUpdater.js:32:39)\n    at getStatusOS (file:///F:/WORKON/CODE/PCO_BANKING/EVOLUTION%20BANKING%20BACKEND/src/controllers/OsController.js:2066:32)\n    at Layer.handle [as handle_request] (F:\\WORKON\\CODE\\PCO_BANKING\\EVOLUTION BANKING BACKEND\\node_modules\\express\\lib\\router\\layer.js:95:5)\n    at next (F:\\WORKON\\CODE\\PCO_BANKING\\EVOLUTION BANKING BACKEND\\node_modules\\express\\lib\\router\\route.js:149:13)\n    at Route.dispatch (F:\\WORKON\\CODE\\PCO_BANKING\\EVOLUTION BANKING BACKEND\\node_modules\\express\\lib\\router\\route.js:119:3)\n    at Layer.handle [as handle_request] (F:\\WORKON\\CODE\\PCO_BANKING\\EVOLUTION BANKING BACKEND\\node_modules\\express\\lib\\router\\layer.js:95:5)\n    at F:\\WORKON\\CODE\\PCO_BANKING\\EVOLUTION BANKING BACKEND\\node_modules\\express\\lib\\router\\index.js:284:15\n    at router.process_params (F:\\WORKON\\CODE\\PCO_BANKING\\EVOLUTION BANKING BACKEND\\node_modules\\express\\lib\\router\\index.js:346:12)\n    at next (F:\\WORKON\\CODE\\PCO_BANKING\\EVOLUTION BANKING BACKEND\\node_modules\\express\\lib\\router\\index.js:280:10)\n    at router.handle (F:\\WORKON\\CODE\\PCO_BANKING\\EVOLUTION BANKING BACKEND\\node_modules\\express\\lib\\router\\index.js:175:3)","timestamp":"2026-02-25 11:26:09"}
{"error":"CustomerAccount.countDocuments is not a function","level":"error","message":"Failed to get system status","stack":"TypeError: CustomerAccount.countDocuments is not a function\n    at countDormantAccountsToUpdate (file:///F:/WORKON/CODE/PCO_BANKING/EVOLUTION%20BANKING%20BACKEND/src/Services/accountStatusUpdater.js:32:39)\n    at getStatusOS (file:///F:/WORKON/CODE/PCO_BANKING/EVOLUTION%20BANKING%20BACKEND/src/controllers/OsController.js:2066:32)\n    at Layer.handle [as handle_request] (F:\\WORKON\\CODE\\PCO_BANKING\\EVOLUTION BANKING BACKEND\\node_modules\\express\\lib\\router\\layer.js:95:5)\n    at next (F:\\WORKON\\CODE\\PCO_BANKING\\EVOLUTION BANKING BACKEND\\node_modules\\express\\lib\\router\\route.js:149:13)\n    at Route.dispatch (F:\\WORKON\\CODE\\PCO_BANKING\\EVOLUTION BANKING BACKEND\\node_modules\\express\\lib\\router\\route.js:119:3)\n    at Layer.handle [as handle_request] (F:\\WORKON\\CODE\\PCO_BANKING\\EVOLUTION BANKING BACKEND\\node_modules\\express\\lib\\router\\layer.js:95:5)\n    at F:\\WORKON\\CODE\\PCO_BANKING\\EVOLUTION BANKING BACKEND\\node_modules\\express\\lib\\router\\index.js:284:15\n    at router.process_params (F:\\WORKON\\CODE\\PCO_BANKING\\EVOLUTION BANKING BACKEND\\node_modules\\express\\lib\\router\\index.js:346:12)\n    at next (F:\\WORKON\\CODE\\PCO_BANKING\\EVOLUTION BANKING BACKEND\\node_modules\\express\\lib\\router\\index.js:280:10)\n    at router.handle (F:\\WORKON\\CODE\\PCO_BANKING\\EVOLUTION BANKING BACKEND\\node_modules\\express\\lib\\router\\index.js:175:3)","timestamp":"2026-02-25 11:26:09"}
{"count":0,"level":"info","limit":10,"message":"Fetched organizations","page":1,"timestamp":"2026-02-25 11:26:19","totalCount":0}
{"count":0,"level":"info","limit":10,"message":"Fetched organizations","page":1,"timestamp":"2026-02-25 11:26:19","totalCount":0}
