{"level":"info","logDir":"logs","message":"🚀 Winston logger initialized","nodeVersion":"v24.13.0","platform":"win32","timestamp":"2026-02-15 01:13:03"}
{"errors":["Role 28: Permission undefined not found in REPORT","Role 28: Permission undefined not found in REPORT","Role 38: Permission undefined not found in VAULT"],"level":"warn","message":"Permission validation errors","timestamp":"2026-02-15 01:13:12"}
{"errors":["Role 28: Permission undefined not found in REPORT","Role 28: Permission undefined not found in REPORT","Role 38: Permission undefined not found in VAULT"],"level":"warn","message":"Permission validation errors","timestamp":"2026-02-15 01:13:13"}
{"level":"info","message":"Server time initialized (WAT): 2026-02-15T10:13:19.508Z","timestamp":"2026-02-15 01:13:19"}
{"error":"auditLogger.info(...).catch is not a function","level":"warn","message":"Could not log startup audit","timestamp":"2026-02-15 01:13:19"}
{"level":"info","message":"🔧 Auto-initializing models in development mode...","timestamp":"2026-02-15 01:13:20"}
{"level":"info","message":"🚀 Initializing model loader...","timestamp":"2026-02-15 01:13:20"}
{"level":"info","message":"✅ Models loaded via index.js","timestamp":"2026-02-15 01:13:20"}
{"level":"info","message":"✅ Loaded critical model User on demand","timestamp":"2026-02-15 01:13:20"}
{"level":"info","message":"✅ Loaded critical model Customer on demand","timestamp":"2026-02-15 01:13:20"}
{"level":"info","message":"✅ Loaded critical model CustomerAccount on demand","timestamp":"2026-02-15 01:13:20"}
{"level":"info","message":"✅ Loaded critical model LoanAccount on demand","timestamp":"2026-02-15 01:13:20"}
{"level":"info","message":"✅ Loaded critical model LoanRepayment on demand","timestamp":"2026-02-15 01:13:20"}
{"level":"info","message":"✅ Loaded critical model Deposit on demand","timestamp":"2026-02-15 01:13:20"}
{"level":"info","message":"✅ Loaded critical model Transaction on demand","timestamp":"2026-02-15 01:13:20"}
{"level":"info","message":"✅ Loaded critical model GLAccount on demand","timestamp":"2026-02-15 01:13:20"}
{"level":"info","message":"✅ Loaded critical model AuditTrail on demand","timestamp":"2026-02-15 01:13:20"}
{"level":"info","message":"✅ Model loader initialized successfully","timestamp":"2026-02-15 01:13:20"}
{"level":"info","message":"📊 Loaded models: sequelize, Op, DataTypes, QueryTypes, User, Customer, CustomerAccount, LoanAccount, LoanRepayment, Deposit, Transaction, GLAccount, AuditTrail","timestamp":"2026-02-15 01:13:20"}
{"level":"info","message":"📊 Model Statistics:","timestamp":"2026-02-15 01:13:20"}
{"level":"info","message":"   Total models loaded: 13","timestamp":"2026-02-15 01:13:20"}
{"level":"info","message":"   CUSTOMER: 2 models","timestamp":"2026-02-15 01:13:20"}
{"level":"info","message":"   LOAN: 2 models","timestamp":"2026-02-15 01:13:20"}
{"level":"info","message":"   DEPOSIT: 1 models","timestamp":"2026-02-15 01:13:20"}
{"level":"info","message":"   TRANSACTION: 1 models","timestamp":"2026-02-15 01:13:20"}
{"level":"info","message":"   USER: 1 models","timestamp":"2026-02-15 01:13:20"}
{"level":"info","message":"   ACCOUNTING: 1 models","timestamp":"2026-02-15 01:13:20"}
{"level":"info","message":"   AUDIT: 1 models","timestamp":"2026-02-15 01:13:20"}
