2025-09-01T16:08:59.206Z [info] Connected to MongoDB for migration
2025-09-01T16:08:59.224Z [info] Starting transaction data migration...
2025-09-01T16:09:01.724Z [error] Migration failed:
2025-09-01T16:10:30.593Z [info] Connected to MongoDB for migration
2025-09-01T16:10:30.635Z [info] Starting transaction data migration...
2025-09-01T16:10:33.161Z [error] Migration failed:
2025-09-22T14:34:19.285Z [error] parentCode does not exist in database
2025-09-22T14:34:19.311Z [error] Parent not found for level validation
2025-09-22T14:34:19.450Z [error] parentCode does not exist in database
2025-09-22T14:34:19.583Z [error] Parent not found for level validation
2025-09-22T14:34:19.686Z [error] parentCode does not exist in database
2025-09-22T14:34:19.774Z [error] Parent not found for level validation
2025-09-22T14:34:19.865Z [error] parentCode does not exist in database
2025-09-22T14:34:19.989Z [error] Parent not found for level validation
2025-09-22T14:34:20.034Z [error] parentCode does not exist in database
2025-09-22T14:34:20.199Z [error] Parent not found for level validation
2025-09-22T14:34:20.255Z [error] parentCode does not exist in database
2025-09-22T14:34:20.388Z [error] parentCode does not exist in database
2025-09-22T14:34:20.390Z [error] Parent not found for level validation
2025-09-22T14:34:20.404Z [error] Parent not found for level validation
2025-09-22T14:34:20.433Z [error] parentCode does not exist in database
2025-09-22T14:34:20.585Z [error] Parent not found for level validation
2025-09-22T14:34:20.588Z [error] parentCode does not exist in database
2025-09-22T14:34:20.603Z [error] parentCode does not exist in database
2025-09-22T14:34:20.637Z [error] Parent not found for level validation
2025-09-22T14:34:20.769Z [error] Parent not found for level validation
2025-09-22T14:34:20.773Z [error] Parent not found for level validation
2025-09-22T14:34:20.779Z [error] parentCode does not exist in database
2025-09-22T14:34:20.819Z [error] parentCode does not exist in database
2025-09-22T14:34:20.945Z [error] Parent not found for level validation
2025-09-22T14:34:20.948Z [error] parentCode does not exist in database
2025-09-22T14:34:20.971Z [error] Parent not found for level validation
2025-09-22T14:34:21.074Z [error] parentCode does not exist in database
2025-09-22T14:34:21.120Z [error] Parent not found for level validation
2025-09-22T14:34:21.122Z [error] parentCode does not exist in database
2025-09-22T14:34:21.145Z [error] Parent not found for level validation
2025-09-22T14:34:21.264Z [error] parentCode does not exist in database
2025-09-22T14:34:21.306Z [error] Parent not found for level validation
2025-09-22T14:34:21.311Z [error] parentCode does not exist in database
2025-09-22T14:34:21.313Z [error] Parent not found for level validation
2025-09-22T14:34:21.403Z [error] parentCode does not exist in database
2025-09-22T14:34:21.405Z [error] Parent not found for level validation
2025-09-22T14:34:21.443Z [error] parentCode does not exist in database
2025-09-22T14:34:21.506Z [error] Parent not found for level validation
2025-09-22T14:34:21.508Z [error] parentCode does not exist in database
2025-09-22T14:34:21.509Z [error] Parent not found for level validation
2025-09-22T14:34:21.585Z [error] parentCode does not exist in database
2025-09-22T14:34:21.586Z [error] Parent not found for level validation
2025-09-22T14:34:21.631Z [error] parentCode does not exist in database
2025-09-22T14:34:21.689Z [error] Parent not found for level validation
2025-09-22T14:34:21.691Z [error] parentCode does not exist in database
2025-09-22T14:34:21.692Z [error] Parent not found for level validation
2025-09-22T14:34:21.762Z [error] parentCode does not exist in database
2025-09-22T14:34:21.764Z [error] Parent not found for level validation
2025-09-22T14:34:21.824Z [error] parentCode does not exist in database
2025-09-22T14:34:21.859Z [error] Parent not found for level validation
2025-09-22T14:34:21.860Z [error] parentCode does not exist in database
2025-09-22T14:34:21.862Z [error] Parent not found for level validation
2025-09-22T14:34:21.928Z [error] parentCode does not exist in database
2025-09-22T14:34:21.931Z [error] Parent not found for level validation
2025-09-22T14:34:22.025Z [error] parentCode does not exist in database
2025-09-22T14:34:22.041Z [error] Parent not found for level validation
2025-09-22T14:34:22.042Z [error] parentCode does not exist in database
2025-09-22T14:34:22.055Z [error] Parent not found for level validation
2025-09-22T14:34:22.095Z [error] parentCode does not exist in database
2025-09-22T14:34:22.096Z [error] Parent not found for level validation
2025-09-22T14:34:22.203Z [error] parentCode does not exist in database
2025-09-22T14:34:22.207Z [error] Parent not found for level validation
2025-09-22T14:34:22.208Z [error] parentCode does not exist in database
2025-09-22T14:34:22.242Z [error] Parent not found for level validation
2025-09-22T14:34:22.279Z [error] parentCode does not exist in database
2025-09-22T14:34:22.280Z [error] Parent not found for level validation
2025-09-22T14:34:22.387Z [error] parentCode does not exist in database
2025-09-22T14:34:22.389Z [error] Parent not found for level validation
2025-09-22T14:34:22.392Z [error] parentCode does not exist in database
2025-09-22T14:34:22.394Z [error] Parent not found for level validation
2025-09-22T14:34:22.442Z [error] parentCode does not exist in database
2025-09-22T14:34:22.468Z [error] Parent not found for level validation
2025-09-22T14:34:22.471Z [error] parentCode does not exist in database
2025-09-22T14:34:22.475Z [error] Parent not found for level validation
2025-09-22T14:34:22.634Z [error] parentCode does not exist in database
2025-09-22T14:34:22.636Z [error] Parent not found for level validation
2025-09-22T14:34:22.637Z [error] parentCode does not exist in database
2025-09-22T14:34:22.639Z [error] Parent not found for level validation
2025-09-22T14:34:22.651Z [error] parentCode does not exist in database
2025-09-22T14:34:22.654Z [error] parentCode does not exist in database
2025-09-22T14:34:22.655Z [error] Parent not found for level validation
2025-09-22T14:34:22.695Z [error] Parent not found for level validation
2025-09-22T14:34:22.799Z [error] parentCode does not exist in database
2025-09-22T14:34:22.800Z [error] Parent not found for level validation
2025-09-22T14:34:22.801Z [error] parentCode does not exist in database
2025-09-22T14:34:22.825Z [error] parentCode does not exist in database
2025-09-22T14:34:22.849Z [error] parentCode does not exist in database
2025-09-22T14:34:22.852Z [error] Parent not found for level validation
2025-09-22T14:34:22.857Z [error] Parent not found for level validation
2025-09-22T14:34:22.920Z [error] Parent not found for level validation
2025-09-22T14:34:22.976Z [error] parentCode does not exist in database
2025-09-22T14:34:22.978Z [error] Parent not found for level validation
2025-09-22T14:34:22.982Z [error] parentCode does not exist in database
2025-09-22T14:34:22.998Z [error] Parent not found for level validation
2025-09-22T14:34:23.017Z [error] parentCode does not exist in database
2025-09-22T14:34:23.018Z [error] Parent not found for level validation
2025-09-22T14:34:23.048Z [error] parentCode does not exist in database
2025-09-22T14:34:23.107Z [error] Parent not found for level validation
2025-09-22T14:34:23.202Z [error] parentCode does not exist in database
2025-09-22T14:34:23.203Z [error] Parent not found for level validation
2025-09-22T14:34:23.204Z [error] parentCode does not exist in database
2025-09-22T14:34:23.205Z [error] Parent not found for level validation
2025-09-22T14:34:23.217Z [error] parentCode does not exist in database
2025-09-22T14:34:23.218Z [error] Parent not found for level validation
2025-09-22T14:34:23.224Z [error] parentCode does not exist in database
2025-09-22T14:34:23.294Z [error] Parent not found for level validation
2025-09-22T14:34:23.369Z [error] parentCode does not exist in database
2025-09-22T14:34:23.374Z [error] Parent not found for level validation
2025-09-22T14:34:23.379Z [error] Parent not found for level validation
2025-09-22T14:34:23.383Z [error] parentCode does not exist in database
2025-09-22T14:34:23.401Z [error] parentCode does not exist in database
2025-09-22T14:34:23.403Z [error] Parent not found for level validation
2025-09-22T14:34:23.405Z [error] parentCode does not exist in database
2025-09-22T14:34:23.488Z [error] Parent not found for level validation
2025-09-22T14:34:23.547Z [error] parentCode does not exist in database
2025-09-22T14:34:23.549Z [error] Parent not found for level validation
2025-09-22T14:34:23.604Z [error] parentCode does not exist in database
2025-09-22T14:34:23.605Z [error] Parent not found for level validation
2025-09-22T14:34:23.607Z [error] parentCode does not exist in database
2025-09-22T14:34:23.608Z [error] Parent not found for level validation
2025-09-22T14:34:23.609Z [error] parentCode does not exist in database
2025-09-22T14:34:23.614Z [error] Parent not found for level validation
2025-09-22T14:34:23.616Z [error] parentCode does not exist in database
2025-09-22T14:34:23.674Z [error] Parent not found for level validation
2025-09-22T14:34:23.749Z [error] parentCode does not exist in database
2025-09-22T14:34:23.751Z [error] Parent not found for level validation
2025-09-22T14:34:23.787Z [error] parentCode does not exist in database
2025-09-22T14:34:23.788Z [error] parentCode does not exist in database
2025-09-22T14:34:23.789Z [error] Parent not found for level validation
2025-09-22T14:34:23.790Z [error] Parent not found for level validation
2025-09-22T14:34:23.791Z [error] Parent not found for level validation
2025-09-22T14:34:23.792Z [error] parentCode does not exist in database
2025-09-22T14:34:23.793Z [error] parentCode does not exist in database
2025-09-22T14:34:23.875Z [error] Parent not found for level validation
2025-09-22T14:34:23.920Z [error] parentCode does not exist in database
2025-09-22T14:34:23.921Z [error] Parent not found for level validation
2025-09-22T14:34:23.967Z [error] parentCode does not exist in database
2025-09-22T14:34:23.970Z [error] Parent not found for level validation
2025-09-22T14:34:23.973Z [error] parentCode does not exist in database
2025-09-22T14:34:23.980Z [error] Parent not found for level validation
2025-09-22T14:34:23.985Z [error] parentCode does not exist in database
2025-09-22T14:34:23.986Z [error] Parent not found for level validation
2025-09-22T14:34:23.988Z [error] parentCode does not exist in database
2025-09-22T14:34:24.063Z [error] Parent not found for level validation
2025-09-22T14:34:24.088Z [error] parentCode does not exist in database
2025-09-22T14:34:24.089Z [error] Parent not found for level validation
2025-09-22T14:34:24.143Z [error] parentCode does not exist in database
2025-09-22T14:34:24.145Z [error] Parent not found for level validation
2025-09-22T14:34:24.146Z [error] parentCode does not exist in database
2025-09-22T14:34:24.147Z [error] Parent not found for level validation
2025-09-22T14:34:24.153Z [error] parentCode does not exist in database
2025-09-22T14:34:24.158Z [error] Parent not found for level validation
2025-09-22T14:34:24.174Z [error] parentCode does not exist in database
2025-09-22T14:34:24.262Z [error] Parent not found for level validation
2025-09-22T14:34:24.294Z [error] parentCode does not exist in database
2025-09-22T14:34:24.295Z [error] Parent not found for level validation
2025-09-22T14:34:24.321Z [error] parentCode does not exist in database
2025-09-22T14:34:24.322Z [error] Parent not found for level validation
2025-09-22T14:34:24.323Z [error] parentCode does not exist in database
2025-09-22T14:34:24.324Z [error] Parent not found for level validation
2025-09-22T14:34:24.624Z [error] parentCode does not exist in database
2025-09-22T14:34:24.627Z [error] Parent not found for level validation
2025-09-22T14:40:01.981Z [info] Connected to MongoDB
2025-09-22T14:40:02.718Z [info] Department already exists
2025-09-22T14:40:04.416Z [info] Inserted 7 categories for level 1
2025-09-22T14:40:04.664Z [error] Parent not found for level validation
2025-09-22T14:40:04.672Z [error] parentCode does not exist in database
2025-09-22T14:40:04.689Z [error] Parent not found for level validation
2025-09-22T14:40:04.695Z [error] parentCode does not exist in database
2025-09-22T14:40:04.846Z [error] parentCode does not exist in database
2025-09-22T14:40:04.870Z [error] Parent not found for level validation
2025-09-22T14:40:04.901Z [error] Parent not found for level validation
2025-09-22T14:40:04.903Z [error] parentCode does not exist in database
2025-09-22T14:40:05.031Z [error] parentCode does not exist in database
2025-09-22T14:40:05.057Z [error] Parent not found for level validation
2025-09-22T14:40:05.128Z [error] parentCode does not exist in database
2025-09-22T14:40:05.131Z [error] Parent not found for level validation
2025-09-22T14:40:05.216Z [error] parentCode does not exist in database
2025-09-22T14:40:05.248Z [error] Parent not found for level validation
2025-09-22T14:40:05.312Z [error] parentCode does not exist in database
2025-09-22T14:40:05.315Z [error] Parent not found for level validation
2025-09-22T14:40:05.393Z [error] parentCode does not exist in database
2025-09-22T14:40:05.433Z [error] Parent not found for level validation
2025-09-22T14:40:05.514Z [error] parentCode does not exist in database
2025-09-22T14:40:05.518Z [error] Parent not found for level validation
2025-09-22T14:40:05.574Z [error] parentCode does not exist in database
2025-09-22T14:40:05.624Z [error] Parent not found for level validation
2025-09-22T14:40:05.670Z [error] parentCode does not exist in database
2025-09-22T14:40:05.685Z [error] Parent not found for level validation
2025-09-22T14:40:05.687Z [error] parentCode does not exist in database
2025-09-22T14:40:05.711Z [error] Parent not found for level validation
2025-09-22T14:40:05.760Z [error] parentCode does not exist in database
2025-09-22T14:40:05.791Z [error] Parent not found for level validation
2025-09-22T14:40:05.838Z [error] parentCode does not exist in database
2025-09-22T14:40:05.863Z [error] Parent not found for level validation
2025-09-22T14:40:05.865Z [error] parentCode does not exist in database
2025-09-22T14:40:05.901Z [error] Parent not found for level validation
2025-09-22T14:40:05.927Z [error] parentCode does not exist in database
2025-09-22T14:40:05.958Z [error] Parent not found for level validation
2025-09-22T14:40:06.014Z [error] parentCode does not exist in database
2025-09-22T14:40:06.047Z [error] parentCode does not exist in database
2025-09-22T14:40:06.049Z [error] Parent not found for level validation
2025-09-22T14:40:06.096Z [error] Parent not found for level validation
2025-09-22T14:40:06.111Z [error] parentCode does not exist in database
2025-09-22T14:40:06.159Z [error] Parent not found for level validation
2025-09-22T14:40:06.190Z [error] parentCode does not exist in database
2025-09-22T14:40:06.258Z [error] parentCode does not exist in database
2025-09-22T14:40:06.260Z [error] Parent not found for level validation
2025-09-22T14:40:06.280Z [error] Parent not found for level validation
2025-09-22T14:40:06.296Z [error] parentCode does not exist in database
2025-09-22T14:40:06.329Z [error] Parent not found for level validation
2025-09-22T14:40:06.375Z [error] parentCode does not exist in database
2025-09-22T14:40:06.441Z [error] Parent not found for level validation
2025-09-22T14:40:06.457Z [error] parentCode does not exist in database
2025-09-22T14:40:06.474Z [error] Parent not found for level validation
2025-09-22T14:40:06.495Z [error] parentCode does not exist in database
2025-09-22T14:40:06.514Z [error] Parent not found for level validation
2025-09-22T14:40:06.550Z [error] parentCode does not exist in database
2025-09-22T14:40:06.639Z [error] Parent not found for level validation
2025-09-22T14:40:06.641Z [error] parentCode does not exist in database
2025-09-22T14:40:06.653Z [error] parentCode does not exist in database
2025-09-22T14:40:06.655Z [error] parentCode does not exist in database
2025-09-22T14:40:06.665Z [error] Parent not found for level validation
2025-09-22T14:40:06.670Z [error] Parent not found for level validation
2025-09-22T14:40:06.696Z [error] Parent not found for level validation
2025-09-22T14:40:06.726Z [error] parentCode does not exist in database
2025-09-22T14:40:06.831Z [error] Parent not found for level validation
2025-09-22T14:40:06.834Z [error] parentCode does not exist in database
2025-09-22T14:40:06.835Z [error] parentCode does not exist in database
2025-09-22T14:40:06.854Z [error] Parent not found for level validation
2025-09-22T14:40:06.857Z [error] Parent not found for level validation
2025-09-22T14:40:06.858Z [error] parentCode does not exist in database
2025-09-22T14:40:06.881Z [error] Parent not found for level validation
2025-09-22T14:40:06.897Z [error] parentCode does not exist in database
2025-09-22T14:40:06.999Z [error] Parent not found for level validation
2025-09-22T14:40:07.017Z [error] parentCode does not exist in database
2025-09-22T14:40:07.018Z [error] Parent not found for level validation
2025-09-22T14:40:07.023Z [error] Parent not found for level validation
2025-09-22T14:40:07.037Z [error] parentCode does not exist in database
2025-09-22T14:40:07.042Z [error] parentCode does not exist in database
2025-09-22T14:40:07.057Z [error] Parent not found for level validation
2025-09-22T14:40:07.085Z [error] parentCode does not exist in database
2025-09-22T14:40:07.192Z [error] Parent not found for level validation
2025-09-22T14:40:07.193Z [error] parentCode does not exist in database
2025-09-22T14:40:07.195Z [error] parentCode does not exist in database
2025-09-22T14:40:07.197Z [error] Parent not found for level validation
2025-09-22T14:40:07.233Z [error] parentCode does not exist in database
2025-09-22T14:40:07.234Z [error] Parent not found for level validation
2025-09-22T14:40:07.257Z [error] Parent not found for level validation
2025-09-22T14:40:07.259Z [error] parentCode does not exist in database
2025-09-22T14:40:07.363Z [error] parentCode does not exist in database
2025-09-22T14:40:07.365Z [error] Parent not found for level validation
2025-09-22T14:40:07.375Z [error] Parent not found for level validation
2025-09-22T14:40:07.390Z [error] parentCode does not exist in database
2025-09-22T14:40:07.415Z [error] Parent not found for level validation
2025-09-22T14:40:07.417Z [error] parentCode does not exist in database
2025-09-22T14:40:07.472Z [error] Parent not found for level validation
2025-09-22T14:40:07.473Z [error] parentCode does not exist in database
2025-09-22T14:40:07.560Z [error] parentCode does not exist in database
2025-09-22T14:40:07.564Z [error] Parent not found for level validation
2025-09-22T14:40:07.566Z [error] Parent not found for level validation
2025-09-22T14:40:07.568Z [error] Parent not found for level validation
2025-09-22T14:40:07.592Z [error] Parent not found for level validation
2025-09-22T14:40:07.624Z [error] Parent not found for level validation
2025-09-22T14:40:07.625Z [error] parentCode does not exist in database
2025-09-22T14:40:07.671Z [error] parentCode does not exist in database
2025-09-22T14:40:07.673Z [error] Parent not found for level validation
2025-09-22T14:40:07.750Z [error] parentCode does not exist in database
2025-09-22T14:40:07.752Z [error] parentCode does not exist in database
2025-09-22T14:40:07.754Z [error] Parent not found for level validation
2025-09-22T14:40:07.755Z [error] parentCode does not exist in database
2025-09-22T14:40:07.801Z [error] parentCode does not exist in database
2025-09-22T14:40:07.804Z [error] Parent not found for level validation
2025-09-22T14:40:07.821Z [error] parentCode does not exist in database
2025-09-22T14:40:07.822Z [error] Parent not found for level validation
2025-09-22T14:40:07.885Z [error] parentCode does not exist in database
2025-09-22T14:40:07.887Z [error] Parent not found for level validation
2025-09-22T14:40:07.977Z [error] parentCode does not exist in database
2025-09-22T14:40:07.978Z [error] parentCode does not exist in database
2025-09-22T14:40:07.981Z [error] Parent not found for level validation
2025-09-22T14:40:07.982Z [error] Parent not found for level validation
2025-09-22T14:40:07.985Z [error] parentCode does not exist in database
2025-09-22T14:40:07.986Z [error] Parent not found for level validation
2025-09-22T14:40:08.001Z [error] parentCode does not exist in database
2025-09-22T14:40:08.003Z [error] Parent not found for level validation
2025-09-22T14:40:08.045Z [error] parentCode does not exist in database
2025-09-22T14:40:08.053Z [error] Parent not found for level validation
2025-09-22T14:40:08.156Z [error] Parent not found for level validation
2025-09-22T14:40:08.158Z [error] parentCode does not exist in database
2025-09-22T14:40:08.160Z [error] parentCode does not exist in database
2025-09-22T14:40:08.169Z [error] parentCode does not exist in database
2025-09-22T14:40:08.174Z [error] Parent not found for level validation
2025-09-22T14:40:08.176Z [error] Parent not found for level validation
2025-09-22T14:40:08.178Z [error] parentCode does not exist in database
2025-09-22T14:40:08.214Z [error] Parent not found for level validation
2025-09-22T14:40:08.218Z [error] parentCode does not exist in database
2025-09-22T14:40:08.219Z [error] Parent not found for level validation
2025-09-22T14:40:08.584Z [error] parentCode does not exist in database
2025-09-22T14:40:08.807Z [error] Parent not found for level validation
2025-09-22T14:40:08.808Z [info] Inserted 0 categories for level 2
2025-09-22T14:40:09.044Z [error] parentCode does not exist in database
2025-09-22T14:40:09.045Z [error] Parent not found for level validation
2025-09-22T14:40:09.047Z [error] parentCode does not exist in database
2025-09-22T14:40:09.049Z [error] Parent not found for level validation
2025-09-22T14:40:09.050Z [error] Parent not found for level validation
2025-09-22T14:40:09.051Z [error] Parent not found for level validation
2025-09-22T14:40:09.054Z [error] parentCode does not exist in database
2025-09-22T14:40:09.057Z [error] parentCode does not exist in database
2025-09-22T14:40:09.060Z [error] parentCode does not exist in database
2025-09-22T14:40:09.062Z [error] Parent not found for level validation
2025-09-22T14:40:09.064Z [error] Parent not found for level validation
2025-09-22T14:40:09.066Z [error] parentCode does not exist in database
2025-09-22T14:40:09.243Z [error] Parent not found for level validation
2025-09-22T14:40:09.244Z [error] parentCode does not exist in database
2025-09-22T14:40:09.245Z [error] Parent not found for level validation
2025-09-22T14:40:09.246Z [error] Parent not found for level validation
2025-09-22T14:40:09.246Z [error] parentCode does not exist in database
2025-09-22T14:40:09.248Z [error] parentCode does not exist in database
2025-09-22T14:40:09.249Z [error] Parent not found for level validation
2025-09-22T14:40:09.250Z [error] parentCode does not exist in database
2025-09-22T14:40:09.251Z [error] parentCode does not exist in database
2025-09-22T14:40:09.364Z [error] parentCode does not exist in database
2025-09-22T14:40:09.366Z [error] Parent not found for level validation
2025-09-22T14:40:09.385Z [error] Parent not found for level validation
2025-09-22T14:40:10.093Z [error] Parent not found for level validation
2025-09-22T14:40:10.149Z [error] parentCode does not exist in database
2025-09-22T14:40:10.149Z [info] Inserted 0 categories for level 3
2025-09-22T14:40:10.350Z [error] parentCode does not exist in database
2025-09-22T14:40:10.351Z [error] Parent not found for level validation
2025-09-22T14:40:10.352Z [info] Inserted 0 categories for level 4
2025-09-22T14:40:10.714Z [info] Created new GLAccountCategory
2025-09-22T14:40:10.937Z [error] categoryCode does not exist in GLAccountCategory collection
2025-09-22T14:40:10.943Z [error] Parent not found for level validation
2025-09-22T14:40:10.946Z [error] parentCode does not exist in GLAccountCategory collection
2025-09-22T14:40:10.949Z [error] categoryCode does not exist in GLAccountCategory collection
2025-09-22T14:40:11.151Z [error] Error initializing department and GL account
2025-09-22T14:40:11.185Z [info] Disconnected from MongoDB
2025-09-22T15:21:31.992Z [info] Connected to MongoDB
2025-09-22T15:21:33.538Z [info] Created organization
2025-09-22T15:21:33.717Z [info] Creating new department
2025-09-22T15:21:34.274Z [info] Audit trail entry created
2025-09-22T15:21:34.453Z [info] Inserted 7 categories for level 1
2025-09-22T15:21:34.700Z [error] parentCode does not exist in database
2025-09-22T15:21:34.703Z [error] Parent not found for level validation
2025-09-22T15:21:34.723Z [error] parentCode does not exist in database
2025-09-22T15:21:34.732Z [error] Parent not found for level validation
2025-09-22T15:21:34.736Z [error] parentCode does not exist in database
2025-09-22T15:21:34.935Z [error] Parent not found for level validation
2025-09-22T15:21:34.941Z [error] Parent not found for level validation
2025-09-22T15:21:34.943Z [error] Parent not found for level validation
2025-09-22T15:21:34.947Z [error] parentCode does not exist in database
2025-09-22T15:21:34.950Z [error] parentCode does not exist in database
2025-09-22T15:21:35.226Z [error] parentCode does not exist in database
2025-09-22T15:21:35.228Z [error] Parent not found for level validation
2025-09-22T15:21:35.230Z [error] parentCode does not exist in database
2025-09-22T15:21:35.232Z [error] Parent not found for level validation
2025-09-22T15:21:35.236Z [error] parentCode does not exist in database
2025-09-22T15:21:35.427Z [error] Parent not found for level validation
2025-09-22T15:21:35.428Z [error] Parent not found for level validation
2025-09-22T15:21:35.431Z [error] parentCode does not exist in database
2025-09-22T15:21:35.433Z [error] parentCode does not exist in database
2025-09-22T15:21:35.438Z [error] Parent not found for level validation
2025-09-22T15:21:35.621Z [error] parentCode does not exist in database
2025-09-22T15:21:35.625Z [error] parentCode does not exist in database
2025-09-22T15:21:35.628Z [error] Parent not found for level validation
2025-09-22T15:21:35.630Z [error] Parent not found for level validation
2025-09-22T15:21:35.634Z [error] parentCode does not exist in database
2025-09-22T15:21:35.794Z [error] Parent not found for level validation
2025-09-22T15:21:35.814Z [error] parentCode does not exist in database
2025-09-22T15:21:35.816Z [error] Parent not found for level validation
2025-09-22T15:21:35.818Z [error] Parent not found for level validation
2025-09-22T15:21:35.821Z [error] Parent not found for level validation
2025-09-22T15:21:35.822Z [error] parentCode does not exist in database
2025-09-22T15:21:35.824Z [error] Parent not found for level validation
2025-09-22T15:21:35.988Z [error] parentCode does not exist in database
2025-09-22T15:21:36.038Z [error] Parent not found for level validation
2025-09-22T15:21:36.039Z [error] Parent not found for level validation
2025-09-22T15:21:36.041Z [error] parentCode does not exist in database
2025-09-22T15:21:36.043Z [error] parentCode does not exist in database
2025-09-22T15:21:36.050Z [error] parentCode does not exist in database
2025-09-22T15:21:36.052Z [error] Parent not found for level validation
2025-09-22T15:21:36.173Z [error] Parent not found for level validation
2025-09-22T15:21:36.211Z [error] parentCode does not exist in database
2025-09-22T15:21:36.213Z [error] Parent not found for level validation
2025-09-22T15:21:36.214Z [error] parentCode does not exist in database
2025-09-22T15:21:36.234Z [error] parentCode does not exist in database
2025-09-22T15:21:36.238Z [error] Parent not found for level validation
2025-09-22T15:21:36.240Z [error] Parent not found for level validation
2025-09-22T15:21:36.344Z [error] parentCode does not exist in database
2025-09-22T15:21:36.403Z [error] parentCode does not exist in database
2025-09-22T15:21:36.404Z [error] Parent not found for level validation
2025-09-22T15:21:36.405Z [error] Parent not found for level validation
2025-09-22T15:21:36.440Z [error] parentCode does not exist in database
2025-09-22T15:21:36.442Z [error] Parent not found for level validation
2025-09-22T15:21:36.445Z [error] parentCode does not exist in database
2025-09-22T15:21:36.515Z [error] Parent not found for level validation
2025-09-22T15:21:36.599Z [error] parentCode does not exist in database
2025-09-22T15:21:36.600Z [error] parentCode does not exist in database
2025-09-22T15:21:36.602Z [error] Parent not found for level validation
2025-09-22T15:21:36.636Z [error] Parent not found for level validation
2025-09-22T15:21:36.637Z [error] parentCode does not exist in database
2025-09-22T15:21:36.653Z [error] Parent not found for level validation
2025-09-22T15:21:36.766Z [error] parentCode does not exist in database
2025-09-22T15:21:36.798Z [error] Parent not found for level validation
2025-09-22T15:21:36.799Z [error] Parent not found for level validation
2025-09-22T15:21:36.801Z [error] parentCode does not exist in database
2025-09-22T15:21:36.813Z [error] parentCode does not exist in database
2025-09-22T15:21:36.820Z [error] Parent not found for level validation
2025-09-22T15:21:36.835Z [error] parentCode does not exist in database
2025-09-22T15:21:36.935Z [error] parentCode does not exist in database
2025-09-22T15:21:36.941Z [error] Parent not found for level validation
2025-09-22T15:21:36.944Z [error] parentCode does not exist in database
2025-09-22T15:21:36.973Z [error] parentCode does not exist in database
2025-09-22T15:21:36.975Z [error] parentCode does not exist in database
2025-09-22T15:21:36.977Z [error] Parent not found for level validation
2025-09-22T15:21:36.980Z [error] Parent not found for level validation
2025-09-22T15:21:36.998Z [error] parentCode does not exist in database
2025-09-22T15:21:37.016Z [error] Parent not found for level validation
2025-09-22T15:21:37.116Z [error] parentCode does not exist in database
2025-09-22T15:21:37.118Z [error] Parent not found for level validation
2025-09-22T15:21:37.119Z [error] parentCode does not exist in database
2025-09-22T15:21:37.155Z [error] parentCode does not exist in database
2025-09-22T15:21:37.158Z [error] Parent not found for level validation
2025-09-22T15:21:37.167Z [error] Parent not found for level validation
2025-09-22T15:21:37.180Z [error] parentCode does not exist in database
2025-09-22T15:21:37.181Z [error] Parent not found for level validation
2025-09-22T15:21:37.198Z [error] parentCode does not exist in database
2025-09-22T15:21:37.283Z [error] parentCode does not exist in database
2025-09-22T15:21:37.284Z [error] Parent not found for level validation
2025-09-22T15:21:37.290Z [error] Parent not found for level validation
2025-09-22T15:21:37.332Z [error] parentCode does not exist in database
2025-09-22T15:21:37.334Z [error] Parent not found for level validation
2025-09-22T15:21:37.340Z [error] parentCode does not exist in database
2025-09-22T15:21:37.361Z [error] Parent not found for level validation
2025-09-22T15:21:37.368Z [error] parentCode does not exist in database
2025-09-22T15:21:37.372Z [error] Parent not found for level validation
2025-09-22T15:21:37.450Z [error] parentCode does not exist in database
2025-09-22T15:21:37.452Z [error] Parent not found for level validation
2025-09-22T15:21:37.478Z [error] parentCode does not exist in database
2025-09-22T15:21:37.515Z [error] Parent not found for level validation
2025-09-22T15:21:37.517Z [error] parentCode does not exist in database
2025-09-22T15:21:37.522Z [error] Parent not found for level validation
2025-09-22T15:21:37.546Z [error] Parent not found for level validation
2025-09-22T15:21:37.547Z [error] parentCode does not exist in database
2025-09-22T15:21:37.557Z [error] parentCode does not exist in database
2025-09-22T15:21:37.640Z [error] Parent not found for level validation
2025-09-22T15:21:37.665Z [error] parentCode does not exist in database
2025-09-22T15:21:37.707Z [error] Parent not found for level validation
2025-09-22T15:21:37.716Z [error] parentCode does not exist in database
2025-09-22T15:21:37.718Z [error] parentCode does not exist in database
2025-09-22T15:21:37.768Z [error] Parent not found for level validation
2025-09-22T15:21:37.775Z [error] Parent not found for level validation
2025-09-22T15:21:37.786Z [error] parentCode does not exist in database
2025-09-22T15:21:37.800Z [error] Parent not found for level validation
2025-09-22T15:21:37.847Z [error] parentCode does not exist in database
2025-09-22T15:21:37.917Z [error] Parent not found for level validation
2025-09-22T15:21:37.918Z [error] parentCode does not exist in database
2025-09-22T15:21:37.927Z [error] Parent not found for level validation
2025-09-22T15:21:37.929Z [error] parentCode does not exist in database
2025-09-22T15:21:37.957Z [error] Parent not found for level validation
2025-09-22T15:21:37.962Z [error] parentCode does not exist in database
2025-09-22T15:21:37.964Z [error] parentCode does not exist in database
2025-09-22T15:21:37.966Z [error] parentCode does not exist in database
2025-09-22T15:21:37.973Z [error] Parent not found for level validation
2025-09-22T15:21:38.035Z [error] Parent not found for level validation
2025-09-22T15:21:38.040Z [error] parentCode does not exist in database
2025-09-22T15:21:38.095Z [error] parentCode does not exist in database
2025-09-22T15:21:38.104Z [error] Parent not found for level validation
2025-09-22T15:21:38.106Z [error] parentCode does not exist in database
2025-09-22T15:21:38.112Z [error] Parent not found for level validation
2025-09-22T15:21:38.132Z [error] Parent not found for level validation
2025-09-22T15:21:38.133Z [error] parentCode does not exist in database
2025-09-22T15:21:38.134Z [error] parentCode does not exist in database
2025-09-22T15:21:38.154Z [error] Parent not found for level validation
2025-09-22T15:21:39.069Z [error] Parent not found for level validation
2025-09-22T15:21:39.080Z [error] Parent not found for level validation
2025-09-22T15:21:39.081Z [info] Inserted 0 categories for level 2
2025-09-22T15:21:39.276Z [error] Parent not found for level validation
2025-09-22T15:21:39.277Z [error] parentCode does not exist in database
2025-09-22T15:21:39.278Z [error] parentCode does not exist in database
2025-09-22T15:21:39.279Z [error] Parent not found for level validation
2025-09-22T15:21:39.281Z [error] Parent not found for level validation
2025-09-22T15:21:39.282Z [error] parentCode does not exist in database
2025-09-22T15:21:39.284Z [error] parentCode does not exist in database
2025-09-22T15:21:39.286Z [error] parentCode does not exist in database
2025-09-22T15:21:39.292Z [error] Parent not found for level validation
2025-09-22T15:21:39.294Z [error] Parent not found for level validation
2025-09-22T15:21:39.295Z [error] parentCode does not exist in database
2025-09-22T15:21:39.297Z [error] parentCode does not exist in database
2025-09-22T15:21:39.302Z [error] Parent not found for level validation
2025-09-22T15:21:39.451Z [error] Parent not found for level validation
2025-09-22T15:21:39.452Z [error] parentCode does not exist in database
2025-09-22T15:21:39.453Z [error] Parent not found for level validation
2025-09-22T15:21:39.454Z [error] Parent not found for level validation
2025-09-22T15:21:39.455Z [error] parentCode does not exist in database
2025-09-22T15:21:39.456Z [error] parentCode does not exist in database
2025-09-22T15:21:39.478Z [error] Parent not found for level validation
2025-09-22T15:21:39.480Z [error] parentCode does not exist in database
2025-09-22T15:21:39.501Z [error] Parent not found for level validation
2025-09-22T15:21:39.503Z [error] parentCode does not exist in database
2025-09-22T15:21:39.504Z [error] Parent not found for level validation
2025-09-22T15:21:40.252Z [error] Parent not found for level validation
2025-09-22T15:21:40.259Z [error] parentCode does not exist in database
2025-09-22T15:21:40.262Z [info] Inserted 0 categories for level 3
2025-09-22T15:21:40.452Z [error] parentCode does not exist in database
2025-09-22T15:21:40.453Z [error] Parent not found for level validation
2025-09-22T15:21:40.454Z [info] Inserted 0 categories for level 4
2025-09-22T15:21:40.454Z [info] Initialized GLAccountCategory entries
2025-09-22T15:21:40.642Z [info] Creating new department
2025-09-22T15:21:41.170Z [info] Audit trail entry created
2025-09-22T15:21:41.374Z [info] Inserted 7 categories for level 1
2025-09-22T15:21:41.611Z [error] Parent not found for level validation
2025-09-22T15:21:41.612Z [error] parentCode does not exist in database
2025-09-22T15:21:41.613Z [error] parentCode does not exist in database
2025-09-22T15:21:41.615Z [error] Parent not found for level validation
2025-09-22T15:21:41.618Z [error] parentCode does not exist in database
2025-09-22T15:21:41.622Z [error] Parent not found for level validation
2025-09-22T15:21:41.624Z [error] Parent not found for level validation
2025-09-22T15:21:41.634Z [error] parentCode does not exist in database
2025-09-22T15:21:41.636Z [error] Parent not found for level validation
2025-09-22T15:21:41.638Z [error] parentCode does not exist in database
2025-09-22T15:21:41.642Z [error] Parent not found for level validation
2025-09-22T15:21:41.644Z [error] parentCode does not exist in database
2025-09-22T15:21:41.647Z [error] Parent not found for level validation
2025-09-22T15:21:41.649Z [error] parentCode does not exist in database
2025-09-22T15:21:41.650Z [error] parentCode does not exist in database
2025-09-22T15:21:41.787Z [error] parentCode does not exist in database
2025-09-22T15:21:41.788Z [error] parentCode does not exist in database
2025-09-22T15:21:41.790Z [error] Parent not found for level validation
2025-09-22T15:21:41.791Z [error] Parent not found for level validation
2025-09-22T15:21:41.797Z [error] Parent not found for level validation
2025-09-22T15:21:41.802Z [error] Parent not found for level validation
2025-09-22T15:21:41.808Z [error] parentCode does not exist in database
2025-09-22T15:21:41.836Z [error] parentCode does not exist in database
2025-09-22T15:21:41.839Z [error] Parent not found for level validation
2025-09-22T15:21:41.841Z [error] parentCode does not exist in database
2025-09-22T15:21:41.843Z [error] parentCode does not exist in database
2025-09-22T15:21:41.844Z [error] Parent not found for level validation
2025-09-22T15:21:41.846Z [error] parentCode does not exist in database
2025-09-22T15:21:41.847Z [error] Parent not found for level validation
2025-09-22T15:21:41.849Z [error] Parent not found for level validation
2025-09-22T15:21:41.981Z [error] parentCode does not exist in database
2025-09-22T15:21:41.982Z [error] parentCode does not exist in database
2025-09-22T15:21:41.983Z [error] parentCode does not exist in database
2025-09-22T15:21:41.984Z [error] Parent not found for level validation
2025-09-22T15:21:41.985Z [error] Parent not found for level validation
2025-09-22T15:21:41.995Z [error] Parent not found for level validation
2025-09-22T15:21:41.997Z [error] parentCode does not exist in database
2025-09-22T15:21:42.019Z [error] parentCode does not exist in database
2025-09-22T15:21:42.021Z [error] Parent not found for level validation
2025-09-22T15:21:42.037Z [error] parentCode does not exist in database
2025-09-22T15:21:42.043Z [error] Parent not found for level validation
2025-09-22T15:21:42.046Z [error] Parent not found for level validation
2025-09-22T15:21:42.048Z [error] Parent not found for level validation
2025-09-22T15:21:42.050Z [error] parentCode does not exist in database
2025-09-22T15:21:42.051Z [error] parentCode does not exist in database
2025-09-22T15:21:42.170Z [error] parentCode does not exist in database
2025-09-22T15:21:42.171Z [error] Parent not found for level validation
2025-09-22T15:21:42.172Z [error] Parent not found for level validation
2025-09-22T15:21:42.173Z [error] Parent not found for level validation
2025-09-22T15:21:42.174Z [error] parentCode does not exist in database
2025-09-22T15:21:42.175Z [error] parentCode does not exist in database
2025-09-22T15:21:42.177Z [error] Parent not found for level validation
2025-09-22T15:21:42.199Z [error] Parent not found for level validation
2025-09-22T15:21:42.200Z [error] parentCode does not exist in database
2025-09-22T15:21:42.237Z [error] parentCode does not exist in database
2025-09-22T15:21:42.240Z [error] Parent not found for level validation
2025-09-22T15:21:42.250Z [error] parentCode does not exist in database
2025-09-22T15:21:42.251Z [error] Parent not found for level validation
2025-09-22T15:21:42.290Z [error] Parent not found for level validation
2025-09-22T15:21:42.292Z [error] parentCode does not exist in database
2025-09-22T15:21:42.346Z [error] Parent not found for level validation
2025-09-22T15:21:42.348Z [error] parentCode does not exist in database
2025-09-22T15:21:42.349Z [error] Parent not found for level validation
2025-09-22T15:21:42.350Z [error] parentCode does not exist in database
2025-09-22T15:21:42.351Z [error] Parent not found for level validation
2025-09-22T15:21:42.352Z [error] parentCode does not exist in database
2025-09-22T15:21:42.357Z [error] parentCode does not exist in database
2025-09-22T15:21:42.371Z [error] Parent not found for level validation
2025-09-22T15:21:42.372Z [error] parentCode does not exist in database
2025-09-22T15:21:42.486Z [error] parentCode does not exist in database
2025-09-22T15:21:42.488Z [error] Parent not found for level validation
2025-09-22T15:21:42.491Z [error] parentCode does not exist in database
2025-09-22T15:21:42.493Z [error] parentCode does not exist in database
2025-09-22T15:21:42.494Z [error] Parent not found for level validation
2025-09-22T15:21:42.497Z [error] Parent not found for level validation
2025-09-22T15:21:42.518Z [error] Parent not found for level validation
2025-09-22T15:21:42.520Z [error] parentCode does not exist in database
2025-09-22T15:21:42.523Z [error] parentCode does not exist in database
2025-09-22T15:21:42.525Z [error] parentCode does not exist in database
2025-09-22T15:21:42.527Z [error] Parent not found for level validation
2025-09-22T15:21:42.528Z [error] Parent not found for level validation
2025-09-22T15:21:42.531Z [error] Parent not found for level validation
2025-09-22T15:21:42.542Z [error] Parent not found for level validation
2025-09-22T15:21:42.544Z [error] parentCode does not exist in database
2025-09-22T15:21:42.679Z [error] parentCode does not exist in database
2025-09-22T15:21:42.681Z [error] Parent not found for level validation
2025-09-22T15:21:42.682Z [error] Parent not found for level validation
2025-09-22T15:21:42.685Z [error] parentCode does not exist in database
2025-09-22T15:21:42.695Z [error] Parent not found for level validation
2025-09-22T15:21:42.697Z [error] Parent not found for level validation
2025-09-22T15:21:42.698Z [error] parentCode does not exist in database
2025-09-22T15:21:42.700Z [error] parentCode does not exist in database
2025-09-22T15:21:42.701Z [error] parentCode does not exist in database
2025-09-22T15:21:42.708Z [error] parentCode does not exist in database
2025-09-22T15:21:42.713Z [error] Parent not found for level validation
2025-09-22T15:21:42.716Z [error] Parent not found for level validation
2025-09-22T15:21:42.718Z [error] Parent not found for level validation
2025-09-22T15:21:42.724Z [error] parentCode does not exist in database
2025-09-22T15:21:42.726Z [error] parentCode does not exist in database
2025-09-22T15:21:42.734Z [error] Parent not found for level validation
2025-09-22T15:21:42.737Z [error] parentCode does not exist in database
2025-09-22T15:21:42.875Z [error] parentCode does not exist in database
2025-09-22T15:21:42.876Z [error] Parent not found for level validation
2025-09-22T15:21:42.878Z [error] Parent not found for level validation
2025-09-22T15:21:42.879Z [error] Parent not found for level validation
2025-09-22T15:21:42.881Z [error] parentCode does not exist in database
2025-09-22T15:21:42.883Z [error] parentCode does not exist in database
2025-09-22T15:21:42.891Z [error] Parent not found for level validation
2025-09-22T15:21:42.894Z [error] parentCode does not exist in database
2025-09-22T15:21:42.898Z [error] Parent not found for level validation
2025-09-22T15:21:42.911Z [error] parentCode does not exist in database
2025-09-22T15:21:42.914Z [error] Parent not found for level validation
2025-09-22T15:21:42.917Z [error] Parent not found for level validation
2025-09-22T15:21:42.918Z [error] parentCode does not exist in database
2025-09-22T15:21:42.927Z [error] Parent not found for level validation
2025-09-22T15:21:42.931Z [error] parentCode does not exist in database
2025-09-22T15:21:42.934Z [error] parentCode does not exist in database
2025-09-22T15:21:42.939Z [error] Parent not found for level validation
2025-09-22T15:21:43.058Z [error] parentCode does not exist in database
2025-09-22T15:21:43.098Z [error] Parent not found for level validation
2025-09-22T15:21:43.100Z [error] Parent not found for level validation
2025-09-22T15:21:43.101Z [error] Parent not found for level validation
2025-09-22T15:21:43.104Z [error] Parent not found for level validation
2025-09-22T15:21:43.105Z [error] parentCode does not exist in database
2025-09-22T15:21:43.106Z [error] Parent not found for level validation
2025-09-22T15:21:43.107Z [error] parentCode does not exist in database
2025-09-22T15:21:43.108Z [error] parentCode does not exist in database
2025-09-22T15:21:43.109Z [error] parentCode does not exist in database
2025-09-22T15:21:43.110Z [error] Parent not found for level validation
2025-09-22T15:21:43.111Z [error] parentCode does not exist in database
2025-09-22T15:21:43.112Z [error] parentCode does not exist in database
2025-09-22T15:21:43.114Z [error] Parent not found for level validation
2025-09-22T15:21:43.759Z [error] parentCode does not exist in database
2025-09-22T15:21:44.170Z [error] Parent not found for level validation
2025-09-22T15:21:44.171Z [info] Inserted 0 categories for level 2
2025-09-22T15:21:44.354Z [error] Parent not found for level validation
2025-09-22T15:21:44.356Z [error] Parent not found for level validation
2025-09-22T15:21:44.357Z [error] parentCode does not exist in database
2025-09-22T15:21:44.365Z [error] Parent not found for level validation
2025-09-22T15:21:44.375Z [error] parentCode does not exist in database
2025-09-22T15:21:44.376Z [error] parentCode does not exist in database
2025-09-22T15:21:44.378Z [error] parentCode does not exist in database
2025-09-22T15:21:44.381Z [error] Parent not found for level validation
2025-09-22T15:21:44.382Z [error] parentCode does not exist in database
2025-09-22T15:21:44.383Z [error] parentCode does not exist in database
2025-09-22T15:21:44.383Z [error] parentCode does not exist in database
2025-09-22T15:21:44.384Z [error] Parent not found for level validation
2025-09-22T15:21:44.385Z [error] Parent not found for level validation
2025-09-22T15:21:44.387Z [error] parentCode does not exist in database
2025-09-22T15:21:44.389Z [error] Parent not found for level validation
2025-09-22T15:21:44.390Z [error] parentCode does not exist in database
2025-09-22T15:21:44.391Z [error] Parent not found for level validation
2025-09-22T15:21:44.394Z [error] parentCode does not exist in database
2025-09-22T15:21:44.396Z [error] Parent not found for level validation
2025-09-22T15:21:44.530Z [error] parentCode does not exist in database
2025-09-22T15:21:44.532Z [error] parentCode does not exist in database
2025-09-22T15:21:44.533Z [error] Parent not found for level validation
2025-09-22T15:21:44.557Z [error] Parent not found for level validation
2025-09-22T15:21:44.561Z [error] Parent not found for level validation
2025-09-22T15:21:45.330Z [error] Parent not found for level validation
2025-09-22T15:21:45.348Z [error] parentCode does not exist in database
2025-09-22T15:21:45.348Z [info] Inserted 0 categories for level 3
2025-09-22T15:21:45.532Z [error] Parent not found for level validation
2025-09-22T15:21:45.536Z [error] parentCode does not exist in database
2025-09-22T15:21:45.539Z [info] Inserted 0 categories for level 4
2025-09-22T15:21:45.543Z [info] Initialized GLAccountCategory entries
2025-09-22T15:21:45.737Z [info] Department already exists
2025-09-22T15:21:45.948Z [info] Inserted 7 categories for level 1
2025-09-22T15:21:46.199Z [error] Parent not found for level validation
2025-09-22T15:21:46.201Z [error] parentCode does not exist in database
2025-09-22T15:21:46.203Z [error] parentCode does not exist in database
2025-09-22T15:21:46.205Z [error] parentCode does not exist in database
2025-09-22T15:21:46.207Z [error] parentCode does not exist in database
2025-09-22T15:21:46.209Z [error] Parent not found for level validation
2025-09-22T15:21:46.211Z [error] parentCode does not exist in database
2025-09-22T15:21:46.214Z [error] Parent not found for level validation
2025-09-22T15:21:46.217Z [error] Parent not found for level validation
2025-09-22T15:21:46.220Z [error] parentCode does not exist in database
2025-09-22T15:21:46.221Z [error] Parent not found for level validation
2025-09-22T15:21:46.223Z [error] parentCode does not exist in database
2025-09-22T15:21:46.226Z [error] Parent not found for level validation
2025-09-22T15:21:46.228Z [error] parentCode does not exist in database
2025-09-22T15:21:46.230Z [error] parentCode does not exist in database
2025-09-22T15:21:46.232Z [error] Parent not found for level validation
2025-09-22T15:21:46.234Z [error] Parent not found for level validation
2025-09-22T15:21:46.237Z [error] parentCode does not exist in database
2025-09-22T15:21:46.239Z [error] Parent not found for level validation
2025-09-22T15:21:46.243Z [error] Parent not found for level validation
2025-09-22T15:21:46.248Z [error] parentCode does not exist in database
2025-09-22T15:21:46.372Z [error] Parent not found for level validation
2025-09-22T15:21:46.373Z [error] Parent not found for level validation
2025-09-22T15:21:46.375Z [error] Parent not found for level validation
2025-09-22T15:21:46.376Z [error] parentCode does not exist in database
2025-09-22T15:21:46.378Z [error] parentCode does not exist in database
2025-09-22T15:21:46.402Z [error] parentCode does not exist in database
2025-09-22T15:21:46.404Z [error] parentCode does not exist in database
2025-09-22T15:21:46.406Z [error] parentCode does not exist in database
2025-09-22T15:21:46.408Z [error] Parent not found for level validation
2025-09-22T15:21:46.409Z [error] Parent not found for level validation
2025-09-22T15:21:46.410Z [error] parentCode does not exist in database
2025-09-22T15:21:46.412Z [error] Parent not found for level validation
2025-09-22T15:21:46.413Z [error] Parent not found for level validation
2025-09-22T15:21:46.415Z [error] Parent not found for level validation
2025-09-22T15:21:46.416Z [error] Parent not found for level validation
2025-09-22T15:21:46.418Z [error] parentCode does not exist in database
2025-09-22T15:21:46.420Z [error] parentCode does not exist in database
2025-09-22T15:21:46.438Z [error] Parent not found for level validation
2025-09-22T15:21:46.451Z [error] parentCode does not exist in database
2025-09-22T15:21:46.491Z [error] Parent not found for level validation
2025-09-22T15:21:46.492Z [error] parentCode does not exist in database
2025-09-22T15:21:46.547Z [error] Parent not found for level validation
2025-09-22T15:21:46.549Z [error] Parent not found for level validation
2025-09-22T15:21:46.551Z [error] parentCode does not exist in database
2025-09-22T15:21:46.553Z [error] parentCode does not exist in database
2025-09-22T15:21:46.554Z [error] parentCode does not exist in database
2025-09-22T15:21:46.578Z [error] parentCode does not exist in database
2025-09-22T15:21:46.579Z [error] parentCode does not exist in database
2025-09-22T15:21:46.581Z [error] Parent not found for level validation
2025-09-22T15:21:46.582Z [error] parentCode does not exist in database
2025-09-22T15:21:46.584Z [error] Parent not found for level validation
2025-09-22T15:21:46.585Z [error] parentCode does not exist in database
2025-09-22T15:21:46.588Z [error] Parent not found for level validation
2025-09-22T15:21:46.589Z [error] parentCode does not exist in database
2025-09-22T15:21:46.591Z [error] Parent not found for level validation
2025-09-22T15:21:46.592Z [error] Parent not found for level validation
2025-09-22T15:21:46.622Z [error] Parent not found for level validation
2025-09-22T15:21:46.625Z [error] parentCode does not exist in database
2025-09-22T15:21:46.627Z [error] parentCode does not exist in database
2025-09-22T15:21:46.631Z [error] Parent not found for level validation
2025-09-22T15:21:46.707Z [error] Parent not found for level validation
2025-09-22T15:21:46.716Z [error] parentCode does not exist in database
2025-09-22T15:21:46.717Z [error] parentCode does not exist in database
2025-09-22T15:21:46.719Z [error] Parent not found for level validation
2025-09-22T15:21:46.721Z [error] Parent not found for level validation
2025-09-22T15:21:46.723Z [error] parentCode does not exist in database
2025-09-22T15:21:46.754Z [error] parentCode does not exist in database
2025-09-22T15:21:46.756Z [error] Parent not found for level validation
2025-09-22T15:21:46.758Z [error] Parent not found for level validation
2025-09-22T15:21:46.759Z [error] parentCode does not exist in database
2025-09-22T15:21:46.761Z [error] parentCode does not exist in database
2025-09-22T15:21:46.762Z [error] Parent not found for level validation
2025-09-22T15:21:46.778Z [error] Parent not found for level validation
2025-09-22T15:21:46.781Z [error] parentCode does not exist in database
2025-09-22T15:21:46.782Z [error] parentCode does not exist in database
2025-09-22T15:21:46.783Z [error] Parent not found for level validation
2025-09-22T15:21:46.784Z [error] Parent not found for level validation
2025-09-22T15:21:46.851Z [error] Parent not found for level validation
2025-09-22T15:21:46.852Z [error] parentCode does not exist in database
2025-09-22T15:21:46.858Z [error] Parent not found for level validation
2025-09-22T15:21:46.863Z [error] parentCode does not exist in database
2025-09-22T15:21:46.931Z [error] parentCode does not exist in database
2025-09-22T15:21:46.932Z [error] Parent not found for level validation
2025-09-22T15:21:46.934Z [error] Parent not found for level validation
2025-09-22T15:21:46.937Z [error] parentCode does not exist in database
2025-09-22T15:21:46.939Z [error] Parent not found for level validation
2025-09-22T15:21:46.942Z [error] parentCode does not exist in database
2025-09-22T15:21:46.944Z [error] parentCode does not exist in database
2025-09-22T15:21:46.946Z [error] Parent not found for level validation
2025-09-22T15:21:46.950Z [error] parentCode does not exist in database
2025-09-22T15:21:46.952Z [error] Parent not found for level validation
2025-09-22T15:21:46.956Z [error] parentCode does not exist in database
2025-09-22T15:21:46.963Z [error] Parent not found for level validation
2025-09-22T15:21:46.973Z [error] Parent not found for level validation
2025-09-22T15:21:46.975Z [error] parentCode does not exist in database
2025-09-22T15:21:46.976Z [error] Parent not found for level validation
2025-09-22T15:21:46.979Z [error] parentCode does not exist in database
2025-09-22T15:21:46.981Z [error] parentCode does not exist in database
2025-09-22T15:21:47.038Z [error] Parent not found for level validation
2025-09-22T15:21:47.042Z [error] parentCode does not exist in database
2025-09-22T15:21:47.046Z [error] parentCode does not exist in database
2025-09-22T15:21:47.052Z [error] Parent not found for level validation
2025-09-22T15:21:47.114Z [error] Parent not found for level validation
2025-09-22T15:21:47.116Z [error] Parent not found for level validation
2025-09-22T15:21:47.118Z [error] parentCode does not exist in database
2025-09-22T15:21:47.122Z [error] Parent not found for level validation
2025-09-22T15:21:47.124Z [error] parentCode does not exist in database
2025-09-22T15:21:47.126Z [error] parentCode does not exist in database
2025-09-22T15:21:47.128Z [error] Parent not found for level validation
2025-09-22T15:21:47.132Z [error] parentCode does not exist in database
2025-09-22T15:21:47.137Z [error] Parent not found for level validation
2025-09-22T15:21:47.155Z [error] parentCode does not exist in database
2025-09-22T15:21:47.157Z [error] Parent not found for level validation
2025-09-22T15:21:47.158Z [error] Parent not found for level validation
2025-09-22T15:21:47.429Z [error] Parent not found for level validation
2025-09-22T15:21:47.432Z [error] parentCode does not exist in database
2025-09-22T15:21:47.433Z [error] Parent not found for level validation
2025-09-22T15:21:47.438Z [error] parentCode does not exist in database
2025-09-22T15:21:47.440Z [error] parentCode does not exist in database
2025-09-22T15:21:47.442Z [error] Parent not found for level validation
2025-09-22T15:21:47.443Z [error] Parent not found for level validation
2025-09-22T15:21:47.444Z [error] Parent not found for level validation
2025-09-22T15:21:47.445Z [error] parentCode does not exist in database
2025-09-22T15:21:47.447Z [error] parentCode does not exist in database
2025-09-22T15:21:47.448Z [error] parentCode does not exist in database
2025-09-22T15:21:47.449Z [error] parentCode does not exist in database
2025-09-22T15:21:47.453Z [error] Parent not found for level validation
2025-09-22T15:21:47.456Z [error] Parent not found for level validation
2025-09-22T15:21:47.462Z [error] parentCode does not exist in database
2025-09-22T15:21:47.469Z [error] Parent not found for level validation
2025-09-22T15:21:47.470Z [error] parentCode does not exist in database
2025-09-22T15:21:48.235Z [error] Parent not found for level validation
2025-09-22T15:21:48.274Z [error] parentCode does not exist in database
2025-09-22T15:21:48.276Z [info] Inserted 0 categories for level 2
2025-09-22T15:21:48.466Z [error] parentCode does not exist in database
2025-09-22T15:21:48.468Z [error] Parent not found for level validation
2025-09-22T15:21:48.470Z [error] Parent not found for level validation
2025-09-22T15:21:48.472Z [error] parentCode does not exist in database
2025-09-22T15:21:48.474Z [error] Parent not found for level validation
2025-09-22T15:21:48.475Z [error] parentCode does not exist in database
2025-09-22T15:21:48.476Z [error] Parent not found for level validation
2025-09-22T15:21:48.477Z [error] Parent not found for level validation
2025-09-22T15:21:48.478Z [error] parentCode does not exist in database
2025-09-22T15:21:48.479Z [error] parentCode does not exist in database
2025-09-22T15:21:48.480Z [error] parentCode does not exist in database
2025-09-22T15:21:48.481Z [error] parentCode does not exist in database
2025-09-22T15:21:48.481Z [error] Parent not found for level validation
2025-09-22T15:21:48.482Z [error] parentCode does not exist in database
2025-09-22T15:21:48.485Z [error] Parent not found for level validation
2025-09-22T15:21:48.486Z [error] parentCode does not exist in database
2025-09-22T15:21:48.487Z [error] Parent not found for level validation
2025-09-22T15:21:48.488Z [error] parentCode does not exist in database
2025-09-22T15:21:48.490Z [error] parentCode does not exist in database
2025-09-22T15:21:48.491Z [error] Parent not found for level validation
2025-09-22T15:21:48.492Z [error] Parent not found for level validation
2025-09-22T15:21:48.497Z [error] Parent not found for level validation
2025-09-22T15:21:48.498Z [error] parentCode does not exist in database
2025-09-22T15:21:48.499Z [error] Parent not found for level validation
2025-09-22T15:21:48.504Z [error] parentCode does not exist in database
2025-09-22T15:21:49.453Z [error] Parent not found for level validation
2025-09-22T15:21:49.459Z [info] Inserted 0 categories for level 3
2025-09-22T15:21:49.660Z [error] parentCode does not exist in database
2025-09-22T15:21:49.662Z [error] Parent not found for level validation
2025-09-22T15:21:49.663Z [info] Inserted 0 categories for level 4
2025-09-22T15:21:49.663Z [info] Initialized GLAccountCategory entries
2025-09-22T15:21:50.041Z [info] Created new GLAccountCategory
2025-09-22T15:21:51.006Z [info] Created organization
2025-09-22T15:21:51.206Z [info] Creating new department
2025-09-22T15:21:51.780Z [info] Audit trail entry created
2025-09-22T15:21:51.974Z [info] Inserted 7 categories for level 1
2025-09-22T15:21:52.230Z [error] parentCode does not exist in database
2025-09-22T15:21:52.237Z [error] Parent not found for level validation
2025-09-22T15:21:52.242Z [error] Parent not found for level validation
2025-09-22T15:21:52.245Z [error] Parent not found for level validation
2025-09-22T15:21:52.246Z [error] Parent not found for level validation
2025-09-22T15:21:52.248Z [error] parentCode does not exist in database
2025-09-22T15:21:52.250Z [error] parentCode does not exist in database
2025-09-22T15:21:52.253Z [error] Parent not found for level validation
2025-09-22T15:21:52.257Z [error] parentCode does not exist in database
2025-09-22T15:21:52.260Z [error] parentCode does not exist in database
2025-09-22T15:21:52.261Z [error] Parent not found for level validation
2025-09-22T15:21:52.263Z [error] Parent not found for level validation
2025-09-22T15:21:52.264Z [error] Parent not found for level validation
2025-09-22T15:21:52.268Z [error] Parent not found for level validation
2025-09-22T15:21:52.269Z [error] parentCode does not exist in database
2025-09-22T15:21:52.273Z [error] Parent not found for level validation
2025-09-22T15:21:52.275Z [error] parentCode does not exist in database
2025-09-22T15:21:52.276Z [error] parentCode does not exist in database
2025-09-22T15:21:52.278Z [error] parentCode does not exist in database
2025-09-22T15:21:52.279Z [error] Parent not found for level validation
2025-09-22T15:21:52.281Z [error] parentCode does not exist in database
2025-09-22T15:21:52.283Z [error] Parent not found for level validation
2025-09-22T15:21:52.285Z [error] parentCode does not exist in database
2025-09-22T15:21:52.286Z [error] parentCode does not exist in database
2025-09-22T15:21:52.289Z [error] Parent not found for level validation
2025-09-22T15:21:52.295Z [error] parentCode does not exist in database
2025-09-22T15:21:52.414Z [error] parentCode does not exist in database
2025-09-22T15:21:52.416Z [error] parentCode does not exist in database
2025-09-22T15:21:52.419Z [error] Parent not found for level validation
2025-09-22T15:21:52.421Z [error] parentCode does not exist in database
2025-09-22T15:21:52.424Z [error] Parent not found for level validation
2025-09-22T15:21:52.477Z [error] Parent not found for level validation
2025-09-22T15:21:52.480Z [error] Parent not found for level validation
2025-09-22T15:21:52.483Z [error] parentCode does not exist in database
2025-09-22T15:21:52.487Z [error] Parent not found for level validation
2025-09-22T15:21:52.490Z [error] parentCode does not exist in database
2025-09-22T15:21:52.492Z [error] parentCode does not exist in database
2025-09-22T15:21:52.497Z [error] Parent not found for level validation
2025-09-22T15:21:52.501Z [error] Parent not found for level validation
2025-09-22T15:21:52.506Z [error] Parent not found for level validation
2025-09-22T15:21:52.512Z [error] Parent not found for level validation
2025-09-22T15:21:52.515Z [error] parentCode does not exist in database
2025-09-22T15:21:52.518Z [error] parentCode does not exist in database
2025-09-22T15:21:52.522Z [error] Parent not found for level validation
2025-09-22T15:21:52.523Z [error] parentCode does not exist in database
2025-09-22T15:21:52.525Z [error] Parent not found for level validation
2025-09-22T15:21:52.527Z [error] parentCode does not exist in database
2025-09-22T15:21:52.544Z [error] parentCode does not exist in database
2025-09-22T15:21:52.548Z [error] parentCode does not exist in database
2025-09-22T15:21:52.560Z [error] Parent not found for level validation
2025-09-22T15:21:52.563Z [error] parentCode does not exist in database
2025-09-22T15:21:52.575Z [error] Parent not found for level validation
2025-09-22T15:21:52.597Z [error] parentCode does not exist in database
2025-09-22T15:21:52.603Z [error] Parent not found for level validation
2025-09-22T15:21:52.605Z [error] parentCode does not exist in database
2025-09-22T15:21:52.607Z [error] parentCode does not exist in database
2025-09-22T15:21:52.609Z [error] Parent not found for level validation
2025-09-22T15:21:52.654Z [error] parentCode does not exist in database
2025-09-22T15:21:52.658Z [error] Parent not found for level validation
2025-09-22T15:21:52.664Z [error] Parent not found for level validation
2025-09-22T15:21:52.674Z [error] Parent not found for level validation
2025-09-22T15:21:52.688Z [error] parentCode does not exist in database
2025-09-22T15:21:52.692Z [error] Parent not found for level validation
2025-09-22T15:21:52.706Z [error] parentCode does not exist in database
2025-09-22T15:21:52.713Z [error] parentCode does not exist in database
2025-09-22T15:21:52.719Z [error] Parent not found for level validation
2025-09-22T15:21:52.725Z [error] parentCode does not exist in database
2025-09-22T15:21:52.729Z [error] parentCode does not exist in database
2025-09-22T15:21:52.746Z [error] Parent not found for level validation
2025-09-22T15:21:52.762Z [error] parentCode does not exist in database
2025-09-22T15:21:52.777Z [error] Parent not found for level validation
2025-09-22T15:21:52.785Z [error] parentCode does not exist in database
2025-09-22T15:21:52.794Z [error] Parent not found for level validation
2025-09-22T15:21:52.804Z [error] Parent not found for level validation
2025-09-22T15:21:52.811Z [error] Parent not found for level validation
2025-09-22T15:21:52.820Z [error] parentCode does not exist in database
2025-09-22T15:21:52.823Z [error] parentCode does not exist in database
2025-09-22T15:21:52.826Z [error] Parent not found for level validation
2025-09-22T15:21:52.835Z [error] parentCode does not exist in database
2025-09-22T15:21:52.840Z [error] Parent not found for level validation
2025-09-22T15:21:52.843Z [error] parentCode does not exist in database
2025-09-22T15:21:52.851Z [error] Parent not found for level validation
2025-09-22T15:21:52.862Z [error] parentCode does not exist in database
2025-09-22T15:21:52.875Z [error] Parent not found for level validation
2025-09-22T15:21:52.885Z [error] parentCode does not exist in database
2025-09-22T15:21:52.893Z [error] Parent not found for level validation
2025-09-22T15:21:52.908Z [error] parentCode does not exist in database
2025-09-22T15:21:52.915Z [error] Parent not found for level validation
2025-09-22T15:21:52.924Z [error] parentCode does not exist in database
2025-09-22T15:21:52.932Z [error] Parent not found for level validation
2025-09-22T15:21:52.941Z [error] parentCode does not exist in database
2025-09-22T15:21:52.945Z [error] parentCode does not exist in database
2025-09-22T15:21:52.955Z [error] Parent not found for level validation
2025-09-22T15:21:52.960Z [error] Parent not found for level validation
2025-09-22T15:21:52.976Z [error] parentCode does not exist in database
2025-09-22T15:21:52.991Z [error] Parent not found for level validation
2025-09-22T15:21:53.017Z [error] parentCode does not exist in database
2025-09-22T15:21:53.031Z [error] Parent not found for level validation
2025-09-22T15:21:53.044Z [error] Parent not found for level validation
2025-09-22T15:21:53.081Z [error] parentCode does not exist in database
2025-09-22T15:21:53.109Z [error] parentCode does not exist in database
2025-09-22T15:21:53.124Z [error] parentCode does not exist in database
2025-09-22T15:21:53.135Z [error] Parent not found for level validation
2025-09-22T15:21:53.146Z [error] Parent not found for level validation
2025-09-22T15:21:53.161Z [error] parentCode does not exist in database
2025-09-22T15:21:53.177Z [error] Parent not found for level validation
2025-09-22T15:21:53.208Z [error] parentCode does not exist in database
2025-09-22T15:21:53.242Z [error] Parent not found for level validation
2025-09-22T15:21:53.260Z [error] Parent not found for level validation
2025-09-22T15:21:53.269Z [error] parentCode does not exist in database
2025-09-22T15:21:53.284Z [error] Parent not found for level validation
2025-09-22T15:21:53.311Z [error] parentCode does not exist in database
2025-09-22T15:21:53.339Z [error] Parent not found for level validation
2025-09-22T15:21:53.390Z [error] parentCode does not exist in database
2025-09-22T15:21:53.414Z [error] Parent not found for level validation
2025-09-22T15:21:53.445Z [error] parentCode does not exist in database
2025-09-22T15:21:53.455Z [error] parentCode does not exist in database
2025-09-22T15:21:53.459Z [error] Parent not found for level validation
2025-09-22T15:21:53.474Z [error] Parent not found for level validation
2025-09-22T15:21:53.506Z [error] parentCode does not exist in database
2025-09-22T15:21:53.511Z [error] parentCode does not exist in database
2025-09-22T15:21:53.517Z [error] Parent not found for level validation
2025-09-22T15:21:53.533Z [error] Parent not found for level validation
2025-09-22T15:21:53.546Z [error] parentCode does not exist in database
2025-09-22T15:21:53.554Z [error] parentCode does not exist in database
2025-09-22T15:21:53.559Z [error] Parent not found for level validation
2025-09-22T15:21:53.566Z [error] Parent not found for level validation
2025-09-22T15:21:53.570Z [error] parentCode does not exist in database
2025-09-22T15:21:53.574Z [error] parentCode does not exist in database
2025-09-22T15:21:53.578Z [error] parentCode does not exist in database
2025-09-22T15:21:53.583Z [error] Parent not found for level validation
2025-09-22T15:21:53.587Z [error] Parent not found for level validation
2025-09-22T15:21:53.741Z [error] Parent not found for level validation
2025-09-22T15:21:53.764Z [error] parentCode does not exist in database
2025-09-22T15:21:53.767Z [info] Inserted 0 categories for level 2
2025-09-22T15:21:53.957Z [error] Parent not found for level validation
2025-09-22T15:21:53.965Z [error] Parent not found for level validation
2025-09-22T15:21:53.968Z [error] Parent not found for level validation
2025-09-22T15:21:53.972Z [error] Parent not found for level validation
2025-09-22T15:21:53.973Z [error] parentCode does not exist in database
2025-09-22T15:21:53.976Z [error] Parent not found for level validation
2025-09-22T15:21:53.980Z [error] parentCode does not exist in database
2025-09-22T15:21:53.984Z [error] Parent not found for level validation
2025-09-22T15:21:53.986Z [error] parentCode does not exist in database
2025-09-22T15:21:53.988Z [error] Parent not found for level validation
2025-09-22T15:21:53.990Z [error] parentCode does not exist in database
2025-09-22T15:21:53.993Z [error] Parent not found for level validation
2025-09-22T15:21:53.996Z [error] parentCode does not exist in database
2025-09-22T15:21:53.999Z [error] parentCode does not exist in database
2025-09-22T15:21:54.003Z [error] Parent not found for level validation
2025-09-22T15:21:54.008Z [error] parentCode does not exist in database
2025-09-22T15:21:54.011Z [error] parentCode does not exist in database
2025-09-22T15:21:54.014Z [error] Parent not found for level validation
2025-09-22T15:21:54.017Z [error] parentCode does not exist in database
2025-09-22T15:21:54.020Z [error] parentCode does not exist in database
2025-09-22T15:21:54.024Z [error] parentCode does not exist in database
2025-09-22T15:21:54.026Z [error] Parent not found for level validation
2025-09-22T15:21:54.027Z [error] Parent not found for level validation
2025-09-22T15:21:54.029Z [error] Parent not found for level validation
2025-09-22T15:21:54.030Z [error] parentCode does not exist in database
2025-09-22T15:21:54.032Z [error] parentCode does not exist in database
2025-09-22T15:21:54.037Z [info] Inserted 0 categories for level 3
2025-09-22T15:21:54.237Z [error] Parent not found for level validation
2025-09-22T15:21:54.239Z [error] parentCode does not exist in database
2025-09-22T15:21:54.240Z [info] Inserted 0 categories for level 4
2025-09-22T15:21:54.241Z [info] Initialized GLAccountCategory entries
2025-09-22T15:21:54.419Z [info] Creating new department
2025-09-22T15:21:55.037Z [info] Audit trail entry created
2025-09-22T15:21:55.236Z [info] Inserted 7 categories for level 1
2025-09-22T15:21:55.543Z [error] Parent not found for level validation
2025-09-22T15:21:55.545Z [error] Parent not found for level validation
2025-09-22T15:21:55.548Z [error] Parent not found for level validation
2025-09-22T15:21:55.550Z [error] parentCode does not exist in database
2025-09-22T15:21:55.552Z [error] parentCode does not exist in database
2025-09-22T15:21:55.553Z [error] Parent not found for level validation
2025-09-22T15:21:55.555Z [error] Parent not found for level validation
2025-09-22T15:21:55.557Z [error] parentCode does not exist in database
2025-09-22T15:21:55.561Z [error] Parent not found for level validation
2025-09-22T15:21:55.568Z [error] parentCode does not exist in database
2025-09-22T15:21:55.570Z [error] parentCode does not exist in database
2025-09-22T15:21:55.578Z [error] Parent not found for level validation
2025-09-22T15:21:55.579Z [error] Parent not found for level validation
2025-09-22T15:21:55.581Z [error] parentCode does not exist in database
2025-09-22T15:21:55.583Z [error] parentCode does not exist in database
2025-09-22T15:21:55.584Z [error] Parent not found for level validation
2025-09-22T15:21:55.589Z [error] parentCode does not exist in database
2025-09-22T15:21:55.594Z [error] parentCode does not exist in database
2025-09-22T15:21:55.597Z [error] Parent not found for level validation
2025-09-22T15:21:55.604Z [error] Parent not found for level validation
2025-09-22T15:21:55.609Z [error] parentCode does not exist in database
2025-09-22T15:21:55.611Z [error] Parent not found for level validation
2025-09-22T15:21:55.614Z [error] parentCode does not exist in database
2025-09-22T15:21:55.617Z [error] parentCode does not exist in database
2025-09-22T15:21:55.618Z [error] parentCode does not exist in database
2025-09-22T15:21:55.620Z [error] Parent not found for level validation
2025-09-22T15:21:55.621Z [error] parentCode does not exist in database
2025-09-22T15:21:55.623Z [error] Parent not found for level validation
2025-09-22T15:21:55.723Z [error] parentCode does not exist in database
2025-09-22T15:21:55.728Z [error] Parent not found for level validation
2025-09-22T15:21:55.731Z [error] parentCode does not exist in database
2025-09-22T15:21:55.734Z [error] Parent not found for level validation
2025-09-22T15:21:55.737Z [error] Parent not found for level validation
2025-09-22T15:21:55.739Z [error] parentCode does not exist in database
2025-09-22T15:21:55.741Z [error] parentCode does not exist in database
2025-09-22T15:21:55.743Z [error] Parent not found for level validation
2025-09-22T15:21:55.745Z [error] parentCode does not exist in database
2025-09-22T15:21:55.747Z [error] parentCode does not exist in database
2025-09-22T15:21:55.749Z [error] Parent not found for level validation
2025-09-22T15:21:55.753Z [error] Parent not found for level validation
2025-09-22T15:21:55.762Z [error] Parent not found for level validation
2025-09-22T15:21:55.765Z [error] parentCode does not exist in database
2025-09-22T15:21:55.766Z [error] parentCode does not exist in database
2025-09-22T15:21:55.768Z [error] Parent not found for level validation
2025-09-22T15:21:55.773Z [error] Parent not found for level validation
2025-09-22T15:21:55.779Z [error] parentCode does not exist in database
2025-09-22T15:21:55.781Z [error] parentCode does not exist in database
2025-09-22T15:21:55.784Z [error] parentCode does not exist in database
2025-09-22T15:21:55.796Z [error] Parent not found for level validation
2025-09-22T15:21:55.800Z [error] Parent not found for level validation
2025-09-22T15:21:55.802Z [error] parentCode does not exist in database
2025-09-22T15:21:55.803Z [error] parentCode does not exist in database
2025-09-22T15:21:55.813Z [error] Parent not found for level validation
2025-09-22T15:21:55.825Z [error] parentCode does not exist in database
2025-09-22T15:21:55.827Z [error] Parent not found for level validation
2025-09-22T15:21:55.845Z [error] Parent not found for level validation
2025-09-22T15:21:55.904Z [error] parentCode does not exist in database
2025-09-22T15:21:55.906Z [error] parentCode does not exist in database
2025-09-22T15:21:55.908Z [error] parentCode does not exist in database
2025-09-22T15:21:55.909Z [error] Parent not found for level validation
2025-09-22T15:21:55.911Z [error] Parent not found for level validation
2025-09-22T15:21:55.917Z [error] parentCode does not exist in database
2025-09-22T15:21:55.919Z [error] parentCode does not exist in database
2025-09-22T15:21:55.921Z [error] Parent not found for level validation
2025-09-22T15:21:55.923Z [error] Parent not found for level validation
2025-09-22T15:21:55.937Z [error] Parent not found for level validation
2025-09-22T15:21:55.946Z [error] parentCode does not exist in database
2025-09-22T15:21:55.952Z [error] Parent not found for level validation
2025-09-22T15:21:55.953Z [error] parentCode does not exist in database
2025-09-22T15:21:55.955Z [error] Parent not found for level validation
2025-09-22T15:21:55.957Z [error] parentCode does not exist in database
2025-09-22T15:21:55.959Z [error] Parent not found for level validation
2025-09-22T15:21:55.960Z [error] parentCode does not exist in database
2025-09-22T15:21:55.962Z [error] Parent not found for level validation
2025-09-22T15:21:55.964Z [error] parentCode does not exist in database
2025-09-22T15:21:55.966Z [error] Parent not found for level validation
2025-09-22T15:21:56.000Z [error] Parent not found for level validation
2025-09-22T15:21:56.006Z [error] parentCode does not exist in database
2025-09-22T15:21:56.008Z [error] parentCode does not exist in database
2025-09-22T15:21:56.010Z [error] Parent not found for level validation
2025-09-22T15:21:56.014Z [error] parentCode does not exist in database
2025-09-22T15:21:56.019Z [error] Parent not found for level validation
2025-09-22T15:21:56.022Z [error] parentCode does not exist in database
2025-09-22T15:21:56.054Z [error] Parent not found for level validation
2025-09-22T15:21:56.090Z [error] parentCode does not exist in database
2025-09-22T15:21:56.092Z [error] parentCode does not exist in database
2025-09-22T15:21:56.093Z [error] Parent not found for level validation
2025-09-22T15:21:56.095Z [error] Parent not found for level validation
2025-09-22T15:21:56.099Z [error] Parent not found for level validation
2025-09-22T15:21:56.101Z [error] parentCode does not exist in database
2025-09-22T15:21:56.102Z [error] parentCode does not exist in database
2025-09-22T15:21:56.111Z [error] Parent not found for level validation
2025-09-22T15:21:56.113Z [error] parentCode does not exist in database
2025-09-22T15:21:56.116Z [error] Parent not found for level validation
2025-09-22T15:21:56.134Z [error] parentCode does not exist in database
2025-09-22T15:21:56.136Z [error] Parent not found for level validation
2025-09-22T15:21:56.137Z [error] parentCode does not exist in database
2025-09-22T15:21:56.138Z [error] parentCode does not exist in database
2025-09-22T15:21:56.140Z [error] parentCode does not exist in database
2025-09-22T15:21:56.142Z [error] Parent not found for level validation
2025-09-22T15:21:56.147Z [error] Parent not found for level validation
2025-09-22T15:21:56.153Z [error] Parent not found for level validation
2025-09-22T15:21:56.156Z [error] parentCode does not exist in database
2025-09-22T15:21:56.158Z [error] Parent not found for level validation
2025-09-22T15:21:56.196Z [error] Parent not found for level validation
2025-09-22T15:21:56.197Z [error] parentCode does not exist in database
2025-09-22T15:21:56.198Z [error] parentCode does not exist in database
2025-09-22T15:21:56.199Z [error] Parent not found for level validation
2025-09-22T15:21:56.201Z [error] parentCode does not exist in database
2025-09-22T15:21:56.202Z [error] parentCode does not exist in database
2025-09-22T15:21:56.204Z [error] Parent not found for level validation
2025-09-22T15:21:56.235Z [error] Parent not found for level validation
2025-09-22T15:21:56.279Z [error] parentCode does not exist in database
2025-09-22T15:21:56.280Z [error] Parent not found for level validation
2025-09-22T15:21:56.283Z [error] Parent not found for level validation
2025-09-22T15:21:56.284Z [error] parentCode does not exist in database
2025-09-22T15:21:56.285Z [error] Parent not found for level validation
2025-09-22T15:21:56.286Z [error] parentCode does not exist in database
2025-09-22T15:21:56.287Z [error] parentCode does not exist in database
2025-09-22T15:21:56.290Z [error] parentCode does not exist in database
2025-09-22T15:21:56.291Z [error] Parent not found for level validation
2025-09-22T15:21:56.293Z [error] Parent not found for level validation
2025-09-22T15:21:56.298Z [error] parentCode does not exist in database
2025-09-22T15:21:56.302Z [error] Parent not found for level validation
2025-09-22T15:21:56.303Z [error] parentCode does not exist in database
2025-09-22T15:21:56.315Z [error] Parent not found for level validation
2025-09-22T15:21:56.319Z [error] Parent not found for level validation
2025-09-22T15:21:56.320Z [error] parentCode does not exist in database
2025-09-22T15:21:56.334Z [error] parentCode does not exist in database
2025-09-22T15:21:56.337Z [error] Parent not found for level validation
2025-09-22T15:21:56.338Z [error] Parent not found for level validation
2025-09-22T15:21:56.356Z [error] parentCode does not exist in database
2025-09-22T15:21:56.573Z [error] parentCode does not exist in database
2025-09-22T15:21:56.579Z [error] Parent not found for level validation
2025-09-22T15:21:56.584Z [info] Inserted 0 categories for level 2
2025-09-22T15:21:56.787Z [error] Parent not found for level validation
2025-09-22T15:21:56.797Z [error] Parent not found for level validation
2025-09-22T15:21:56.798Z [error] Parent not found for level validation
2025-09-22T15:21:56.802Z [error] Parent not found for level validation
2025-09-22T15:21:56.811Z [error] parentCode does not exist in database
2025-09-22T15:21:56.814Z [error] Parent not found for level validation
2025-09-22T15:21:56.815Z [error] parentCode does not exist in database
2025-09-22T15:21:56.838Z [error] Parent not found for level validation
2025-09-22T15:21:56.841Z [error] parentCode does not exist in database
2025-09-22T15:21:56.843Z [error] parentCode does not exist in database
2025-09-22T15:21:56.844Z [error] Parent not found for level validation
2025-09-22T15:21:56.847Z [error] Parent not found for level validation
2025-09-22T15:21:56.849Z [error] parentCode does not exist in database
2025-09-22T15:21:56.851Z [error] parentCode does not exist in database
2025-09-22T15:21:56.852Z [error] Parent not found for level validation
2025-09-22T15:21:56.853Z [error] parentCode does not exist in database
2025-09-22T15:21:56.854Z [error] parentCode does not exist in database
2025-09-22T15:21:56.855Z [error] parentCode does not exist in database
2025-09-22T15:21:56.856Z [error] Parent not found for level validation
2025-09-22T15:21:56.857Z [error] Parent not found for level validation
2025-09-22T15:21:56.859Z [error] parentCode does not exist in database
2025-09-22T15:21:56.860Z [error] parentCode does not exist in database
2025-09-22T15:21:56.860Z [error] parentCode does not exist in database
2025-09-22T15:21:56.863Z [error] Parent not found for level validation
2025-09-22T15:21:56.866Z [error] parentCode does not exist in database
2025-09-22T15:21:56.868Z [error] Parent not found for level validation
2025-09-22T15:21:56.868Z [info] Inserted 0 categories for level 3
2025-09-22T15:21:57.099Z [error] Parent not found for level validation
2025-09-22T15:21:57.100Z [error] parentCode does not exist in database
2025-09-22T15:21:57.100Z [info] Inserted 0 categories for level 4
2025-09-22T15:21:57.101Z [info] Initialized GLAccountCategory entries
2025-09-22T15:21:57.340Z [info] Department already exists
2025-09-22T15:21:57.534Z [info] Inserted 7 categories for level 1
2025-09-22T15:21:57.782Z [error] parentCode does not exist in database
2025-09-22T15:21:57.787Z [error] Parent not found for level validation
2025-09-22T15:21:57.791Z [error] parentCode does not exist in database
2025-09-22T15:21:57.793Z [error] parentCode does not exist in database
2025-09-22T15:21:57.796Z [error] Parent not found for level validation
2025-09-22T15:21:57.801Z [error] Parent not found for level validation
2025-09-22T15:21:57.805Z [error] parentCode does not exist in database
2025-09-22T15:21:57.807Z [error] Parent not found for level validation
2025-09-22T15:21:57.808Z [error] parentCode does not exist in database
2025-09-22T15:21:57.810Z [error] parentCode does not exist in database
2025-09-22T15:21:57.814Z [error] Parent not found for level validation
2025-09-22T15:21:57.816Z [error] parentCode does not exist in database
2025-09-22T15:21:57.820Z [error] parentCode does not exist in database
2025-09-22T15:21:57.822Z [error] parentCode does not exist in database
2025-09-22T15:21:57.824Z [error] Parent not found for level validation
2025-09-22T15:21:57.825Z [error] Parent not found for level validation
2025-09-22T15:21:57.827Z [error] parentCode does not exist in database
2025-09-22T15:21:57.828Z [error] Parent not found for level validation
2025-09-22T15:21:57.832Z [error] Parent not found for level validation
2025-09-22T15:21:57.833Z [error] Parent not found for level validation
2025-09-22T15:21:57.835Z [error] Parent not found for level validation
2025-09-22T15:21:57.838Z [error] parentCode does not exist in database
2025-09-22T15:21:57.840Z [error] Parent not found for level validation
2025-09-22T15:21:57.842Z [error] Parent not found for level validation
2025-09-22T15:21:57.846Z [error] parentCode does not exist in database
2025-09-22T15:21:57.849Z [error] parentCode does not exist in database
2025-09-22T15:21:57.851Z [error] Parent not found for level validation
2025-09-22T15:21:57.853Z [error] Parent not found for level validation
2025-09-22T15:21:57.856Z [error] parentCode does not exist in database
2025-09-22T15:21:57.922Z [error] parentCode does not exist in database
2025-09-22T15:21:57.989Z [error] parentCode does not exist in database
2025-09-22T15:21:58.041Z [error] Parent not found for level validation
2025-09-22T15:21:58.047Z [error] Parent not found for level validation
2025-09-22T15:21:58.049Z [error] parentCode does not exist in database
2025-09-22T15:21:58.051Z [error] parentCode does not exist in database
2025-09-22T15:21:58.054Z [error] Parent not found for level validation
2025-09-22T15:21:58.076Z [error] parentCode does not exist in database
2025-09-22T15:21:58.100Z [error] Parent not found for level validation
2025-09-22T15:21:58.105Z [error] parentCode does not exist in database
2025-09-22T15:21:58.113Z [error] parentCode does not exist in database
2025-09-22T15:21:58.121Z [error] Parent not found for level validation
2025-09-22T15:21:58.123Z [error] Parent not found for level validation
2025-09-22T15:21:58.130Z [error] Parent not found for level validation
2025-09-22T15:21:58.136Z [error] Parent not found for level validation
2025-09-22T15:21:58.139Z [error] Parent not found for level validation
2025-09-22T15:21:58.142Z [error] parentCode does not exist in database
2025-09-22T15:21:58.144Z [error] Parent not found for level validation
2025-09-22T15:21:58.150Z [error] parentCode does not exist in database
2025-09-22T15:21:58.152Z [error] parentCode does not exist in database
2025-09-22T15:21:58.154Z [error] Parent not found for level validation
2025-09-22T15:21:58.156Z [error] parentCode does not exist in database
2025-09-22T15:21:58.158Z [error] Parent not found for level validation
2025-09-22T15:21:58.159Z [error] parentCode does not exist in database
2025-09-22T15:21:58.161Z [error] parentCode does not exist in database
2025-09-22T15:21:58.167Z [error] Parent not found for level validation
2025-09-22T15:21:58.169Z [error] parentCode does not exist in database
2025-09-22T15:21:58.170Z [error] Parent not found for level validation
2025-09-22T15:21:58.172Z [error] parentCode does not exist in database
2025-09-22T15:21:58.191Z [error] parentCode does not exist in database
2025-09-22T15:21:58.200Z [error] Parent not found for level validation
2025-09-22T15:21:58.203Z [error] parentCode does not exist in database
2025-09-22T15:21:58.226Z [error] Parent not found for level validation
2025-09-22T15:21:58.232Z [error] Parent not found for level validation
2025-09-22T15:21:58.235Z [error] parentCode does not exist in database
2025-09-22T15:21:58.252Z [error] parentCode does not exist in database
2025-09-22T15:21:58.253Z [error] parentCode does not exist in database
2025-09-22T15:21:58.255Z [error] Parent not found for level validation
2025-09-22T15:21:58.274Z [error] parentCode does not exist in database
2025-09-22T15:21:58.276Z [error] Parent not found for level validation
2025-09-22T15:21:58.299Z [error] Parent not found for level validation
2025-09-22T15:21:58.301Z [error] parentCode does not exist in database
2025-09-22T15:21:58.305Z [error] parentCode does not exist in database
2025-09-22T15:21:58.309Z [error] Parent not found for level validation
2025-09-22T15:21:58.311Z [error] Parent not found for level validation
2025-09-22T15:21:58.326Z [error] parentCode does not exist in database
2025-09-22T15:21:58.330Z [error] Parent not found for level validation
2025-09-22T15:21:58.332Z [error] Parent not found for level validation
2025-09-22T15:21:58.342Z [error] parentCode does not exist in database
2025-09-22T15:21:58.345Z [error] parentCode does not exist in database
2025-09-22T15:21:58.351Z [error] Parent not found for level validation
2025-09-22T15:21:58.357Z [error] parentCode does not exist in database
2025-09-22T15:21:58.403Z [error] Parent not found for level validation
2025-09-22T15:21:58.405Z [error] Parent not found for level validation
2025-09-22T15:21:58.407Z [error] parentCode does not exist in database
2025-09-22T15:21:58.408Z [error] Parent not found for level validation
2025-09-22T15:21:58.410Z [error] parentCode does not exist in database
2025-09-22T15:21:58.412Z [error] Parent not found for level validation
2025-09-22T15:21:58.416Z [error] parentCode does not exist in database
2025-09-22T15:21:58.417Z [error] parentCode does not exist in database
2025-09-22T15:21:58.420Z [error] Parent not found for level validation
2025-09-22T15:21:58.425Z [error] Parent not found for level validation
2025-09-22T15:21:58.426Z [error] parentCode does not exist in database
2025-09-22T15:21:58.432Z [error] Parent not found for level validation
2025-09-22T15:21:58.434Z [error] parentCode does not exist in database
2025-09-22T15:21:58.435Z [error] parentCode does not exist in database
2025-09-22T15:21:58.436Z [error] Parent not found for level validation
2025-09-22T15:21:58.439Z [error] parentCode does not exist in database
2025-09-22T15:21:58.475Z [error] Parent not found for level validation
2025-09-22T15:21:58.481Z [error] parentCode does not exist in database
2025-09-22T15:21:58.485Z [error] Parent not found for level validation
2025-09-22T15:21:58.490Z [error] parentCode does not exist in database
2025-09-22T15:21:58.492Z [error] Parent not found for level validation
2025-09-22T15:21:58.493Z [error] parentCode does not exist in database
2025-09-22T15:21:58.498Z [error] parentCode does not exist in database
2025-09-22T15:21:58.500Z [error] Parent not found for level validation
2025-09-22T15:21:58.506Z [error] Parent not found for level validation
2025-09-22T15:21:58.507Z [error] parentCode does not exist in database
2025-09-22T15:21:58.509Z [error] Parent not found for level validation
2025-09-22T15:21:58.524Z [error] Parent not found for level validation
2025-09-22T15:21:58.538Z [error] parentCode does not exist in database
2025-09-22T15:21:58.547Z [error] parentCode does not exist in database
2025-09-22T15:21:58.572Z [error] parentCode does not exist in database
2025-09-22T15:21:58.573Z [error] Parent not found for level validation
2025-09-22T15:21:58.575Z [error] Parent not found for level validation
2025-09-22T15:21:58.577Z [error] parentCode does not exist in database
2025-09-22T15:21:58.596Z [error] Parent not found for level validation
2025-09-22T15:21:58.599Z [error] parentCode does not exist in database
2025-09-22T15:21:58.601Z [error] parentCode does not exist in database
2025-09-22T15:21:58.602Z [error] Parent not found for level validation
2025-09-22T15:21:58.602Z [error] Parent not found for level validation
2025-09-22T15:21:58.604Z [error] parentCode does not exist in database
2025-09-22T15:21:58.605Z [error] Parent not found for level validation
2025-09-22T15:21:58.612Z [error] parentCode does not exist in database
2025-09-22T15:21:58.614Z [error] parentCode does not exist in database
2025-09-22T15:21:58.615Z [error] Parent not found for level validation
2025-09-22T15:21:58.616Z [error] parentCode does not exist in database
2025-09-22T15:21:58.618Z [error] Parent not found for level validation
2025-09-22T15:21:58.643Z [error] Parent not found for level validation
2025-09-22T15:21:58.692Z [error] Parent not found for level validation
2025-09-22T15:21:58.693Z [error] parentCode does not exist in database
2025-09-22T15:21:58.697Z [error] Parent not found for level validation
2025-09-22T15:21:58.698Z [error] parentCode does not exist in database
2025-09-22T15:21:58.971Z [error] parentCode does not exist in database
2025-09-22T15:21:58.972Z [error] Parent not found for level validation
2025-09-22T15:21:58.973Z [info] Inserted 0 categories for level 2
2025-09-22T15:21:59.171Z [error] Parent not found for level validation
2025-09-22T15:21:59.173Z [error] parentCode does not exist in database
2025-09-22T15:21:59.174Z [error] Parent not found for level validation
2025-09-22T15:21:59.178Z [error] Parent not found for level validation
2025-09-22T15:21:59.195Z [error] Parent not found for level validation
2025-09-22T15:21:59.197Z [error] parentCode does not exist in database
2025-09-22T15:21:59.199Z [error] Parent not found for level validation
2025-09-22T15:21:59.201Z [error] parentCode does not exist in database
2025-09-22T15:21:59.204Z [error] parentCode does not exist in database
2025-09-22T15:21:59.205Z [error] parentCode does not exist in database
2025-09-22T15:21:59.206Z [error] Parent not found for level validation
2025-09-22T15:21:59.207Z [error] parentCode does not exist in database
2025-09-22T15:21:59.208Z [error] parentCode does not exist in database
2025-09-22T15:21:59.210Z [error] Parent not found for level validation
2025-09-22T15:21:59.211Z [error] Parent not found for level validation
2025-09-22T15:21:59.212Z [error] parentCode does not exist in database
2025-09-22T15:21:59.213Z [error] Parent not found for level validation
2025-09-22T15:21:59.214Z [error] Parent not found for level validation
2025-09-22T15:21:59.215Z [error] parentCode does not exist in database
2025-09-22T15:21:59.216Z [error] parentCode does not exist in database
2025-09-22T15:21:59.219Z [error] Parent not found for level validation
2025-09-22T15:21:59.220Z [error] parentCode does not exist in database
2025-09-22T15:21:59.222Z [error] parentCode does not exist in database
2025-09-22T15:21:59.223Z [error] Parent not found for level validation
2025-09-22T15:21:59.224Z [error] Parent not found for level validation
2025-09-22T15:21:59.225Z [error] parentCode does not exist in database
2025-09-22T15:21:59.226Z [info] Inserted 0 categories for level 3
2025-09-22T15:21:59.414Z [error] parentCode does not exist in database
2025-09-22T15:21:59.416Z [error] Parent not found for level validation
2025-09-22T15:21:59.417Z [info] Inserted 0 categories for level 4
2025-09-22T15:21:59.417Z [info] Initialized GLAccountCategory entries
2025-09-22T15:21:59.804Z [info] Created new GLAccountCategory
2025-09-22T15:22:00.213Z [info] Created GL Account
2025-09-22T15:22:00.613Z [info] Audit trail entry created
2025-09-22T15:22:00.851Z [info] Disconnected from MongoDB
